 HiiDatabase

 Timestamp is 65376f47 (Tue Oct 24 15:16:23 2023)

 Preferred load address is 00010000

 Start         Length     Name                   Class
 0001:00000000 00023321H .text$mn                CODE
 0002:00000000 00004094H .rdata                  DATA
 0002:00004094 00000148H .rdata$zzzdbg           DATA
 0003:00000000 000002e8H .data                   DATA
 0003:000002e8 0000003cH .bss                    DATA
 0004:00000000 00000053H .edata                  DATA

  Address         Publics by Value              Rva+Base       Lib:Object

 0000:00000000       ___guard_longjmp_table     00000000     <absolute>
 0000:00000000       ___guard_fids_count        00000000     <absolute>
 0000:00000000       ___guard_iat_table         00000000     <absolute>
 0000:00000000       ___guard_iat_count         00000000     <absolute>
 0000:00000000       ___guard_longjmp_count     00000000     <absolute>
 0000:00000000       ___guard_fids_table        00000000     <absolute>
 0000:00000000       ___guard_flags             00000000     <absolute>
 0000:00000000       ___dynamic_value_reloc_table 00000000     <absolute>
 0001:00000000       __DriverUnloadHandler      00011000 f   UefiDriverEntryPoint:DriverEntryPoint.obj
 0001:00000040       __ModuleEntryPoint         00011040 f   UefiDriverEntryPoint:DriverEntryPoint.obj
 0001:00000150       _ProcessLibraryConstructorList 00011150 f   HiiDatabase:AutoGen.obj
 0001:000002e0       _EfiEventEmptyFunction     000112e0 f   UefiLib:UefiLib.obj
 0001:000002e0       _ProcessLibraryDestructorList 000112e0 f   HiiDatabase:AutoGen.obj
 0001:000002e0       _KeyboardLayoutChangeNullEvent 000112e0 f   HiiDatabase:HiiDatabaseEntry.obj
 0001:000002f0       _ProcessModuleEntryPointList 000112f0 f   HiiDatabase:AutoGen.obj
 0001:00000310       _UefiLibConstructor        00011310 f   UefiLib:UefiLib.obj
 0001:00000310       _ProcessModuleUnloadList   00011310 f   HiiDatabase:AutoGen.obj
 0001:00000320       _OnReadyToBoot             00011320 f   HiiDatabase:HiiDatabaseEntry.obj
 0001:00000360       _InitializeHiiDatabase     00011360 f   HiiDatabase:HiiDatabaseEntry.obj
 0001:00000910       _CalculateConfigStringLen  00011910 f   HiiDatabase:ConfigRouting.obj
 0001:000009c0       _GetDevicePath             000119c0 f   HiiDatabase:ConfigRouting.obj
 0001:00000bc0       _HiiToLower                00011bc0 f   HiiDatabase:ConfigRouting.obj
 0001:00000c70       _GenerateSubStr            00011c70 f   HiiDatabase:ConfigRouting.obj
 0001:00000fc0       _OutputConfigBody          00011fc0 f   HiiDatabase:ConfigRouting.obj
 0001:000010b0       _AppendToMultiString       000120b0 f   HiiDatabase:ConfigRouting.obj
 0001:00001190       _GetValueOfNumber          00012190 f   HiiDatabase:ConfigRouting.obj
 0001:00001340       _FindSameBlockElement      00012340 f   HiiDatabase:ConfigRouting.obj
 0001:00001450       _CompareBlockElementDefault 00012450 f   HiiDatabase:ConfigRouting.obj
 0001:00001740       _CompareNameElementDefault 00012740 f   HiiDatabase:ConfigRouting.obj
 0001:00001aa0       _CompareAndMergeDefaultString 00012aa0 f   HiiDatabase:ConfigRouting.obj
 0001:00001d50       _MergeDefaultString        00012d50 f   HiiDatabase:ConfigRouting.obj
 0001:000020b0       _InsertDefaultValue        000130b0 f   HiiDatabase:ConfigRouting.obj
 0001:000021b0       _InsertBlockData           000131b0 f   HiiDatabase:ConfigRouting.obj
 0001:000022d0       _GetSupportedLanguages     000132d0 f   HiiDatabase:ConfigRouting.obj
 0001:00002390       _InternalGetString         00013390 f   HiiDatabase:ConfigRouting.obj
 0001:00002550       _BlockArrayCheck           00013550 f   HiiDatabase:ConfigRouting.obj
 0001:00002660       _GetFormPackageData        00013660 f   HiiDatabase:ConfigRouting.obj
 0001:00002750       _GetVarStoreType           00013750 f   HiiDatabase:ConfigRouting.obj
 0001:00002a70       _GetElementsFromRequest    00013a70 f   HiiDatabase:ConfigRouting.obj
 0001:00002af0       _IsThisVarstore            00013af0 f   HiiDatabase:ConfigRouting.obj
 0001:00002c60       _IsThisPackageList         00013c60 f   HiiDatabase:ConfigRouting.obj
 0001:00002f30       _IsThisOpcodeRequired      00013f30 f   HiiDatabase:ConfigRouting.obj
 0001:00003170       _ParseIfrData              00014170 f   HiiDatabase:ConfigRouting.obj
 0001:00004430       _GetBlockElement           00015430 f   HiiDatabase:ConfigRouting.obj
 0001:00004800       _GetNameElement            00015800 f   HiiDatabase:ConfigRouting.obj
 0001:000049b0       _GenerateConfigRequest     000159b0 f   HiiDatabase:ConfigRouting.obj
 0001:00004b60       _GenerateHdr               00015b60 f   HiiDatabase:ConfigRouting.obj
 0001:00004d30       _UpdateDefaultValue        00015d30 f   HiiDatabase:ConfigRouting.obj
 0001:00004df0       _MergeBlockDefaultValue    00015df0 f   HiiDatabase:ConfigRouting.obj
 0001:00004fe0       _UpdateBlockDataArray      00015fe0 f   HiiDatabase:ConfigRouting.obj
 0001:000050b0       _GenerateAltConfigResp     000160b0 f   HiiDatabase:ConfigRouting.obj
 0001:00005520       _GetFullStringFromHiiFormPackages 00016520 f   HiiDatabase:ConfigRouting.obj
 0001:00005aa0       _GetConfigRespFromEfiVarStore 00016aa0 f   HiiDatabase:ConfigRouting.obj
 0001:00005c00       _RouteConfigRespForEfiVarStore 00016c00 f   HiiDatabase:ConfigRouting.obj
 0001:00005de0       _OffsetWidthValidate       00016de0 f   HiiDatabase:ConfigRouting.obj
 0001:00005ee0       _NameValueValidate         00016ee0 f   HiiDatabase:ConfigRouting.obj
 0001:00005f40       _ConfigRequestValidate     00016f40 f   HiiDatabase:ConfigRouting.obj
 0001:000060c0       _HiiConfigRoutingExtractConfig 000170c0 f   HiiDatabase:ConfigRouting.obj
 0001:00006a00       _HiiConfigRoutingExportConfig 00017a00 f   HiiDatabase:ConfigRouting.obj
 0001:00006f70       _HiiConfigRoutingRouteConfig 00017f70 f   HiiDatabase:ConfigRouting.obj
 0001:000073a0       _HiiBlockToConfig          000183a0 f   HiiDatabase:ConfigRouting.obj
 0001:00007aa0       _HiiConfigToBlock          00018aa0 f   HiiDatabase:ConfigRouting.obj
 0001:00007f80       _HiiGetAltCfg              00018f80 f   HiiDatabase:ConfigRouting.obj
 0001:00008400       _ReferFontInfoLocally      00019400 f   HiiDatabase:String.obj
 0001:00008540       _ConvertToUnicodeText      00019540 f   HiiDatabase:String.obj
 0001:00008600       _GetUnicodeStringTextOrSize 00019600 f   HiiDatabase:String.obj
 0001:000086b0       _GetStringFontInfo         000196b0 f   HiiDatabase:String.obj
 0001:00008810       _FindStringBlock           00019810 f   HiiDatabase:String.obj
 0001:00009220       _GetStringWorker           0001a220 f   HiiDatabase:String.obj
 0001:000093d0       _InsertLackStringBlock     0001a3d0 f   HiiDatabase:String.obj
 0001:00009680       _SetStringWorker           0001a680 f   HiiDatabase:String.obj
 0001:00009d00       _HiiNewString              0001ad00 f   HiiDatabase:String.obj
 0001:0000a8b0       _HiiGetString              0001b8b0 f   HiiDatabase:String.obj
 0001:0000ab50       _HiiSetString              0001bb50 f   HiiDatabase:String.obj
 0001:0000adc0       _HiiGetLanguages           0001bdc0 f   HiiDatabase:String.obj
 0001:0000b000       _HiiGetSecondaryLanguages  0001c000 f   HiiDatabase:String.obj
 0001:0000b250       _AsciiHiiToLower           0001c250 f   HiiDatabase:String.obj
 0001:0000b2c0       _HiiCompareLanguage        0001c2c0 f   HiiDatabase:String.obj
 0001:0000b440       _NewCell                   0001c440 f   HiiDatabase:Font.obj
 0001:0000b4f0       _GetCell                   0001c4f0 f   HiiDatabase:Font.obj
 0001:0000b5c0       _GetGlyphBuffer            0001c5c0 f   HiiDatabase:Font.obj
 0001:0000b920       _NarrowGlyphToBlt          0001c920 f   HiiDatabase:Font.obj
 0001:0000ba50       _GlyphToBlt                0001ca50 f   HiiDatabase:Font.obj
 0001:0000bd50       _GlyphToImage              0001cd50 f   HiiDatabase:Font.obj
 0001:0000bed0       _WriteOutputParam          0001ced0 f   HiiDatabase:Font.obj
 0001:0000bf60       _FindGlyphBlock            0001cf60 f   HiiDatabase:Font.obj
 0001:0000c680       _SaveFontName              0001d680 f   HiiDatabase:Font.obj
 0001:0000c720       _GetSystemFont             0001d720 f   HiiDatabase:Font.obj
 0001:0000c850       _IsSystemFontInfo          0001d850 f   HiiDatabase:Font.obj
 0001:0000ca70       _IsFontInfoExisted         0001da70 f   HiiDatabase:Font.obj
 0001:0000d230       _IsLineBreak               0001e230 f   HiiDatabase:Font.obj
 0001:0000d410       _HiiStringToImage          0001e410 f   HiiDatabase:Font.obj
 0001:0000e630       _HiiStringIdToImage        0001f630 f   HiiDatabase:Font.obj
 0001:0000ea10       _HiiGetGlyph               0001fa10 f   HiiDatabase:Font.obj
 0001:0000edd0       _HiiGetFontInfo            0001fdd0 f   HiiDatabase:Font.obj
 0001:0000f1c0       _HiiNewImageEx             000201c0 f   HiiDatabase:ImageEx.obj
 0001:0000f230       _HiiGetImageEx             00020230 f   HiiDatabase:ImageEx.obj
 0001:0000f2a0       _HiiSetImageEx             000202a0 f   HiiDatabase:ImageEx.obj
 0001:0000f310       _HiiDrawImageEx            00020310 f   HiiDatabase:ImageEx.obj
 0001:0000f390       _HiiDrawImageIdEx          00020390 f   HiiDatabase:ImageEx.obj
 0001:0000f410       _LocateHiiImageDecoder     00020410 f   HiiDatabase:ImageEx.obj
 0001:0000f560       _HiiGetImageInfo           00020560 f   HiiDatabase:ImageEx.obj
 0001:0000f820       _GetImageIdOrAddress       00020820 f   HiiDatabase:Image.obj
 0001:0000fc30       _CopyGopToRgbPixel         00020c30 f   HiiDatabase:Image.obj
 0001:0000fcb0       _CopyRgbToGopPixel         00020cb0 f   HiiDatabase:Image.obj
 0001:0000fd30       _Output1bitPixel           00020d30 f   HiiDatabase:Image.obj
 0001:00010070       _Output4bitPixel           00021070 f   HiiDatabase:Image.obj
 0001:000102b0       _Output8bitPixel           000212b0 f   HiiDatabase:Image.obj
 0001:00010470       _Output24bitPixel          00021470 f   HiiDatabase:Image.obj
 0001:00010510       _ImageToBlt                00021510 f   HiiDatabase:Image.obj
 0001:00010640       _LocatePackageList         00021640 f   HiiDatabase:Image.obj
 0001:000106f0       _HiiNewImage               000216f0 f   HiiDatabase:Image.obj
 0001:00010ac0       _IGetImage                 00021ac0 f   HiiDatabase:Image.obj
 0001:00010f10       _HiiGetImage               00021f10 f   HiiDatabase:Image.obj
 0001:00010f80       _HiiSetImage               00021f80 f   HiiDatabase:Image.obj
 0001:000113e0       _HiiDrawImage              000223e0 f   HiiDatabase:Image.obj
 0001:000118c0       _HiiDrawImageId            000228c0 f   HiiDatabase:Image.obj
 0001:00011940       _ExtractDevicePath         00022940 f   HiiDatabase:ConfigKeywordHandler.obj
 0001:00011bc0       _ExtractNameSpace          00022bc0 f   HiiDatabase:ConfigKeywordHandler.obj
 0001:00011d20       _ExtractKeyword            00022d20 f   HiiDatabase:ConfigKeywordHandler.obj
 0001:00011e60       _ExtractValue              00022e60 f   HiiDatabase:ConfigKeywordHandler.obj
 0001:00011f80       _ExtractFilter             00022f80 f   HiiDatabase:ConfigKeywordHandler.obj
 0001:00012300       _ExtractReadOnlyFromOpCode 00023300 f   HiiDatabase:ConfigKeywordHandler.obj
 0001:00012360       _ValidateFilter            00023360 f   HiiDatabase:ConfigKeywordHandler.obj
 0001:00012660       _GetRecordFromDevicePath   00023660 f   HiiDatabase:ConfigKeywordHandler.obj
 0001:00012750       _GetUnicodeStringTextAndSize 00023750 f   HiiDatabase:ConfigKeywordHandler.obj
 0001:00012810       _GetStringIdFromString     00023810 f   HiiDatabase:ConfigKeywordHandler.obj
 0001:00012fc0       _GetNextStringId           00023fc0 f   HiiDatabase:ConfigKeywordHandler.obj
 0001:00013750       _GetStringIdFromRecord     00024750 f   HiiDatabase:ConfigKeywordHandler.obj
 0001:000138c0       _IsStatementOpCode         000248c0 f   HiiDatabase:ConfigKeywordHandler.obj
 0001:00013950       _IsStorageOpCode           00024950 f   HiiDatabase:ConfigKeywordHandler.obj
 0001:00013980       _FindQuestionFromStringId  00024980 f   HiiDatabase:ConfigKeywordHandler.obj
 0001:00013a40       _FindStorageFromVarId      00024a40 f   HiiDatabase:ConfigKeywordHandler.obj
 0001:00013b40       _GetWidth                  00024b40 f   HiiDatabase:ConfigKeywordHandler.obj
 0001:00013dc0       _InternalLowerConfigString 00024dc0 f   HiiDatabase:ConfigKeywordHandler.obj
 0001:00013e70       _ConstructConfigHdr        00024e70 f   HiiDatabase:ConfigKeywordHandler.obj
 0001:00014250       _ConstructRequestElement   00025250 f   HiiDatabase:ConfigKeywordHandler.obj
 0001:00014310       _GetNameFromId             00025310 f   HiiDatabase:ConfigKeywordHandler.obj
 0001:000144b0       _ExtractConfigRequest      000254b0 f   HiiDatabase:ConfigKeywordHandler.obj
 0001:000147d0       _ExtractConfigResp         000257d0 f   HiiDatabase:ConfigKeywordHandler.obj
 0001:00014b50       _ExtractValueFromDriver    00025b50 f   HiiDatabase:ConfigKeywordHandler.obj
 0001:00014c70       _GetStringIdFromDatabase   00025c70 f   HiiDatabase:ConfigKeywordHandler.obj
 0001:00014ee0       _GenerateKeywordResp       00025ee0 f   HiiDatabase:ConfigKeywordHandler.obj
 0001:00015100       _MergeToMultiKeywordResp   00026100 f   HiiDatabase:ConfigKeywordHandler.obj
 0001:000151d0       _EnumerateAllKeywords      000261d0 f   HiiDatabase:ConfigKeywordHandler.obj
 0001:00015570       _EfiConfigKeywordHandlerSetData 00026570 f   HiiDatabase:ConfigKeywordHandler.obj
 0001:00015a20       _EfiConfigKeywordHandlerGetData 00026a20 f   HiiDatabase:ConfigKeywordHandler.obj
 0001:00015e50       _GenerateHiiDatabaseRecord 00026e50 f   HiiDatabase:Database.obj
 0001:00015fe0       _IsHiiHandleValid          00026fe0 f   HiiDatabase:Database.obj
 0001:00016010       _InvokeRegisteredFunction  00027010 f   HiiDatabase:Database.obj
 0001:000164e0       _InsertGuidPackage         000274e0 f   HiiDatabase:Database.obj
 0001:000165d0       _ExportGuidPackages        000275d0 f   HiiDatabase:Database.obj
 0001:00016780       _RemoveGuidPackages        00027780 f   HiiDatabase:Database.obj
 0001:00016880       _IsEfiVarStoreQuestion     00027880 f   HiiDatabase:Database.obj
 0001:000168d0       _FindVariableData          000278d0 f   HiiDatabase:Database.obj
 0001:00016970       _FindQuestionDefaultSetting 00027970 f   HiiDatabase:Database.obj
 0001:00016dc0       _UpdateDefaultSettingInFormPackage 00027dc0 f   HiiDatabase:Database.obj
 0001:00017670       _InsertFormPackage         00028670 f   HiiDatabase:Database.obj
 0001:00017790       _ExportFormPackages        00028790 f   HiiDatabase:Database.obj
 0001:00017970       _RemoveFormPackages        00028970 f   HiiDatabase:Database.obj
 0001:00017a70       _InsertStringPackage       00028a70 f   HiiDatabase:Database.obj
 0001:00017d50       _AdjustStringPackage       00028d50 f   HiiDatabase:Database.obj
 0001:00017f70       _ExportStringPackages      00028f70 f   HiiDatabase:Database.obj
 0001:00018160       _RemoveStringPackages      00029160 f   HiiDatabase:Database.obj
 0001:000182e0       _InsertFontPackage         000292e0 f   HiiDatabase:Database.obj
 0001:000185c0       _ExportFontPackages        000295c0 f   HiiDatabase:Database.obj
 0001:000187b0       _RemoveFontPackages        000297b0 f   HiiDatabase:Database.obj
 0001:000189f0       _InsertImagePackage        000299f0 f   HiiDatabase:Database.obj
 0001:00018c00       _ExportImagePackages       00029c00 f   HiiDatabase:Database.obj
 0001:00018dd0       _RemoveImagePackages       00029dd0 f   HiiDatabase:Database.obj
 0001:00018e70       _InsertSimpleFontPackage   00029e70 f   HiiDatabase:Database.obj
 0001:00018f80       _ExportSimpleFontPackages  00029f80 f   HiiDatabase:Database.obj
 0001:00019130       _RemoveSimpleFontPackages  0002a130 f   HiiDatabase:Database.obj
 0001:00019220       _InsertDevicePathPackage   0002a220 f   HiiDatabase:Database.obj
 0001:00019300       _ExportDevicePathPackage   0002a300 f   HiiDatabase:Database.obj
 0001:00019440       _RemoveDevicePathPackage   0002a440 f   HiiDatabase:Database.obj
 0001:000194d0       _AddDevicePathPackage      0002a4d0 f   HiiDatabase:Database.obj
 0001:00019590       _InsertKeyboardLayoutPackage 0002a590 f   HiiDatabase:Database.obj
 0001:000196a0       _ExportKeyboardLayoutPackages 0002a6a0 f   HiiDatabase:Database.obj
 0001:00019850       _RemoveKeyboardLayoutPackages 0002a850 f   HiiDatabase:Database.obj
 0001:00019950       _AddPackages               0002a950 f   HiiDatabase:Database.obj
 0001:00019d90       _ExportPackageList         0002ad90 f   HiiDatabase:Database.obj
 0001:0001a0b0       _HiiGetConfigRespInfo      0002b0b0 f   HiiDatabase:Database.obj
 0001:0001a280       _HiiGetDatabaseInfo        0002b280 f   HiiDatabase:Database.obj
 0001:0001a480       _HiiNewPackageList         0002b480 f   HiiDatabase:Database.obj
 0001:0001a710       _HiiRemovePackageList      0002b710 f   HiiDatabase:Database.obj
 0001:0001aae0       _HiiUpdatePackageList      0002bae0 f   HiiDatabase:Database.obj
 0001:0001ae10       _HiiListPackageLists       0002be10 f   HiiDatabase:Database.obj
 0001:0001b130       _HiiExportPackageLists     0002c130 f   HiiDatabase:Database.obj
 0001:0001b3f0       _HiiRegisterPackageNotify  0002c3f0 f   HiiDatabase:Database.obj
 0001:0001b580       _HiiUnregisterPackageNotify 0002c580 f   HiiDatabase:Database.obj
 0001:0001b760       _HiiFindKeyboardLayouts    0002c760 f   HiiDatabase:Database.obj
 0001:0001b9a0       _HiiGetKeyboardLayout      0002c9a0 f   HiiDatabase:Database.obj
 0001:0001bc30       _HiiSetKeyboardLayout      0002cc30 f   HiiDatabase:Database.obj
 0001:0001be80       _HiiGetPackageListHandle   0002ce80 f   HiiDatabase:Database.obj
 0001:0001bf90       _UnicodeVSPrint            0002cf90 f   BasePrintLib:PrintLib.obj
 0001:0001c010       _UnicodeSPrint             0002d010 f   BasePrintLib:PrintLib.obj
 0001:0001c050       _UnicodeValueToStringS     0002d050 f   BasePrintLib:PrintLib.obj
 0001:0001c0b0       _BasePrintLibFillBuffer    0002d0b0 f   BasePrintLib:PrintLibInternal.obj
 0001:0001c110       _BasePrintLibValueToString 0002d110 f   BasePrintLib:PrintLibInternal.obj
 0001:0001c160       _BasePrintLibConvertValueToStringS 0002d160 f   BasePrintLib:PrintLibInternal.obj
 0001:0001c620       _BasePrintLibSPrintMarker  0002d620 f   BasePrintLib:PrintLibInternal.obj
 0001:0001d8b0       _BasePrintLibSPrint        0002e8b0 f   BasePrintLib:PrintLibInternal.obj
 0001:0001d8f0       _GetPiPcdProtocol          0002e8f0 f   DxePcdLib:DxePcdLib.obj
 0001:0001d9c0       _GetPiPcdInfoProtocolPointer 0002e9c0 f   DxePcdLib:DxePcdLib.obj
 0001:0001da90       _LibPcdGetExPtr            0002ea90 f   DxePcdLib:DxePcdLib.obj
 0001:0001dae0       _LibPcdGetExSize           0002eae0 f   DxePcdLib:DxePcdLib.obj
 0001:0001db30       _LibPcdGetSku              0002eb30 f   DxePcdLib:DxePcdLib.obj
 0001:0001db40       _DebugPrint                0002eb40 f   PeiDxeDebugLibReportStatusCode:DebugLib.obj
 0001:0001db70       _DebugPrintMarker          0002eb70 f   PeiDxeDebugLibReportStatusCode:DebugLib.obj
 0001:0001e050       _DebugVPrint               0002f050 f   PeiDxeDebugLibReportStatusCode:DebugLib.obj
 0001:0001e070       _DebugAssert               0002f070 f   PeiDxeDebugLibReportStatusCode:DebugLib.obj
 0001:0001e2d0       _DebugAssertEnabled        0002f2d0 f   PeiDxeDebugLibReportStatusCode:DebugLib.obj
 0001:0001e300       _DebugPrintEnabled         0002f300 f   PeiDxeDebugLibReportStatusCode:DebugLib.obj
 0001:0001e330       _DebugPrintLevelEnabled    0002f330 f   PeiDxeDebugLibReportStatusCode:DebugLib.obj
 0001:0001e350       _CopyGuid                  0002f350 f   BaseMemoryLib:MemLibGuid.obj
 0001:0001e3a0       _CompareGuid               0002f3a0 f   BaseMemoryLib:MemLibGuid.obj
 0001:0001e430       _CopyMem                   0002f430 f   BaseMemoryLib:CopyMemWrapper.obj
 0001:0001e4d0       _ZeroMem                   0002f4d0 f   BaseMemoryLib:ZeroMemWrapper.obj
 0001:0001e550       _CompareMem                0002f550 f   BaseMemoryLib:CompareMemWrapper.obj
 0001:0001e640       _SetMem32                  0002f640 f   BaseMemoryLib:SetMem32Wrapper.obj
 0001:0001e720       _InternalMemCopyMem        0002f720 f   BaseMemoryLib:CopyMem.obj
 0001:0001ea90       _InternalMemSetMem32       0002fa90 f   BaseMemoryLib:MemLibGeneric.obj
 0001:0001eac0       _InternalMemZeroMem        0002fac0 f   BaseMemoryLib:MemLibGeneric.obj
 0001:0001eae0       _InternalMemCompareMem     0002fae0 f   BaseMemoryLib:MemLibGeneric.obj
 0001:0001eb30       _InternalMemSetMem         0002fb30 f   BaseMemoryLib:SetMem.obj
 0001:0001ec50       _InternalBaseLibIsListValid 0002fc50 f   BaseLib:LinkedList.obj
 0001:0001ed40       _IsNodeInList              0002fd40 f   BaseLib:LinkedList.obj
 0001:0001ee10       _InitializeListHead        0002fe10 f   BaseLib:LinkedList.obj
 0001:0001ee60       _InsertTailList            0002fe60 f   BaseLib:LinkedList.obj
 0001:0001ef20       _GetFirstNode              0002ff20 f   BaseLib:LinkedList.obj
 0001:0001ef70       _GetNextNode               0002ff70 f   BaseLib:LinkedList.obj
 0001:0001f010       _IsListEmpty               00030010 f   BaseLib:LinkedList.obj
 0001:0001f070       _IsNull                    00030070 f   BaseLib:LinkedList.obj
 0001:0001f120       _RemoveEntryList           00030120 f   BaseLib:LinkedList.obj
 0001:0001f180       _InternalSafeStringIsOverlap 00030180 f   BaseLib:SafeString.obj
 0001:0001f1c0       _InternalSafeStringNoStrOverlap 000301c0 f   BaseLib:SafeString.obj
 0001:0001f200       _InternalSafeStringNoAsciiStrOverlap 00030200 f   BaseLib:SafeString.obj
 0001:0001f240       _StrnLenS                  00030240 f   BaseLib:SafeString.obj
 0001:0001f2c0       _StrCpyS                   000302c0 f   BaseLib:SafeString.obj
 0001:0001f600       _StrnCpyS                  00030600 f   BaseLib:SafeString.obj
 0001:0001f9f0       _StrCatS                   000309f0 f   BaseLib:SafeString.obj
 0001:0001fdd0       _StrnCatS                  00030dd0 f   BaseLib:SafeString.obj
 0001:00020250       _StrHexToUint64S           00031250 f   BaseLib:SafeString.obj
 0001:00020580       _AsciiStrnLenS             00031580 f   BaseLib:SafeString.obj
 0001:000205d0       _AsciiStrCpyS              000315d0 f   BaseLib:SafeString.obj
 0001:000208b0       _AsciiStrnCpyS             000318b0 f   BaseLib:SafeString.obj
 0001:00020c40       _UnicodeStrToAsciiStrS     00031c40 f   BaseLib:SafeString.obj
 0001:00021000       _AsciiStrToUnicodeStrS     00032000 f   BaseLib:SafeString.obj
 0001:00021390       _StrLen                    00032390 f   BaseLib:String.obj
 0001:00021450       _StrSize                   00032450 f   BaseLib:String.obj
 0001:00021470       _StrCmp                    00032470 f   BaseLib:String.obj
 0001:00021520       _StrnCmp                   00032520 f   BaseLib:String.obj
 0001:00021630       _StrStr                    00032630 f   BaseLib:String.obj
 0001:00021730       _InternalIsDecimalDigitCharacter 00032730 f   BaseLib:String.obj
 0001:00021760       _CharToUpper               00032760 f   BaseLib:String.obj
 0001:00021790       _InternalHexCharToUintn    00032790 f   BaseLib:String.obj
 0001:000217d0       _InternalIsHexaDecimalDigitCharacter 000327d0 f   BaseLib:String.obj
 0001:00021820       _StrHexToUint64            00032820 f   BaseLib:String.obj
 0001:00021850       _AsciiStrLen               00032850 f   BaseLib:String.obj
 0001:000218f0       _AsciiStrSize              000328f0 f   BaseLib:String.obj
 0001:00021910       _AsciiStrCmp               00032910 f   BaseLib:String.obj
 0001:000219c0       _AsciiStrnCmp              000329c0 f   BaseLib:String.obj
 0001:00021ad0       _AsciiStrStr               00032ad0 f   BaseLib:String.obj
 0001:00021bd0       _InternalBaseLibBitFieldReadUint 00032bd0 f   BaseLib:BitField.obj
 0001:00021bf0       _InternalBaseLibBitFieldOrUint 00032bf0 f   BaseLib:BitField.obj
 0001:00021c50       _InternalBaseLibBitFieldAndUint 00032c50 f   BaseLib:BitField.obj
 0001:00021cc0       _BitFieldRead32            00032cc0 f   BaseLib:BitField.obj
 0001:00021d40       _BitFieldWrite32           00032d40 f   BaseLib:BitField.obj
 0001:00021dc0       _BitFieldOr32              00032dc0 f   BaseLib:BitField.obj
 0001:00021e40       _BitFieldAnd32             00032e40 f   BaseLib:BitField.obj
 0001:00021ec0       _BitFieldAndThenOr32       00032ec0 f   BaseLib:BitField.obj
 0001:00021f50       _BitFieldRead64            00032f50 f   BaseLib:BitField.obj
 0001:00021ff0       _LShiftU64                 00032ff0 f   BaseLib:LShiftU64.obj
 0001:00022040       _ReadUnaligned16           00033040 f   BaseLib:Unaligned.obj
 0001:00022080       _WriteUnaligned16          00033080 f   BaseLib:Unaligned.obj
 0001:000220c0       _ReadUnaligned32           000330c0 f   BaseLib:Unaligned.obj
 0001:00022100       _ReadUnaligned64           00033100 f   BaseLib:Unaligned.obj
 0001:00022140       _WriteUnaligned64          00033140 f   BaseLib:Unaligned.obj
 0001:00022190       _DivU64x32Remainder        00033190 f   BaseLib:DivU64x32Remainder.obj
 0001:000221e0       _CpuBreakpoint             000331e0 f   BaseLib:CpuBreakpoint.obj
 0001:000221f0       _CpuDeadLoop               000331f0 f   BaseLib:CpuDeadLoop.obj
 0001:00022210       _RShiftU64                 00033210 f   BaseLib:RShiftU64.obj
 0001:00022260       _InternalMathLShiftU64     00033260 f   BaseLib:LShiftU64.obj
 0001:00022280       _InternalMathDivRemU64x32  00033280 f   BaseLib:DivU64x32Remainder.obj
 0001:000222a0       _CpuPause                  000332a0 f   BaseLib:CpuPause.obj
 0001:000222b0       _InternalMathRShiftU64     000332b0 f   BaseLib:RShiftU64.obj
 0001:000222d0       _IsDevicePathValid         000332d0 f   UefiDevicePathLib:DevicePathUtilities.obj
 0001:00022400       _DevicePathType            00033400 f   UefiDevicePathLib:DevicePathUtilities.obj
 0001:00022440       _DevicePathSubType         00033440 f   UefiDevicePathLib:DevicePathUtilities.obj
 0001:00022480       _DevicePathNodeLength      00033480 f   UefiDevicePathLib:DevicePathUtilities.obj
 0001:000224d0       _NextDevicePathNode        000334d0 f   UefiDevicePathLib:DevicePathUtilities.obj
 0001:00022520       _IsDevicePathEndType       00033520 f   UefiDevicePathLib:DevicePathUtilities.obj
 0001:00022580       _IsDevicePathEnd           00033580 f   UefiDevicePathLib:DevicePathUtilities.obj
 0001:000225f0       _UefiDevicePathLibGetDevicePathSize 000335f0 f   UefiDevicePathLib:DevicePathUtilities.obj
 0001:00022660       _DevicePathFromHandle      00033660 f   UefiDevicePathLib:DevicePathUtilitiesDxeSmm.obj
 0001:000226a0       _GetDevicePathSize         000336a0 f   UefiDevicePathLib:UefiDevicePathLib.obj
 0001:000226c0       _InternalAllocatePool      000336c0 f   UefiMemoryAllocationLib:MemoryAllocationLib.obj
 0001:00022700       _AllocatePool              00033700 f   UefiMemoryAllocationLib:MemoryAllocationLib.obj
 0001:00022720       _InternalAllocateZeroPool  00033720 f   UefiMemoryAllocationLib:MemoryAllocationLib.obj
 0001:00022760       _AllocateZeroPool          00033760 f   UefiMemoryAllocationLib:MemoryAllocationLib.obj
 0001:00022780       _AllocateRuntimeZeroPool   00033780 f   UefiMemoryAllocationLib:MemoryAllocationLib.obj
 0001:000227a0       _InternalAllocateCopyPool  000337a0 f   UefiMemoryAllocationLib:MemoryAllocationLib.obj
 0001:00022840       _AllocateCopyPool          00033840 f   UefiMemoryAllocationLib:MemoryAllocationLib.obj
 0001:00022860       _InternalReallocatePool    00033860 f   UefiMemoryAllocationLib:MemoryAllocationLib.obj
 0001:000228d0       _ReallocatePool            000338d0 f   UefiMemoryAllocationLib:MemoryAllocationLib.obj
 0001:000228f0       _FreePool                  000338f0 f   UefiMemoryAllocationLib:MemoryAllocationLib.obj
 0001:00022980       _UefiBootServicesTableLibConstructor 00033980 f   UefiBootServicesTableLib:UefiBootServicesTableLib.obj
 0001:00022a30       _UefiRuntimeServicesTableLibConstructor 00033a30 f   UefiRuntimeServicesTableLib:UefiRuntimeServicesTableLib.obj
 0001:00022a70       _EfiAcquireLock            00033a70 f   UefiLib:UefiLib.obj
 0001:00022b00       _EfiReleaseLock            00033b00 f   UefiLib:UefiLib.obj
 0001:00022b90       _GetVariable2              00033b90 f   UefiLib:UefiLib.obj
 0001:00022cd0       _GetEfiGlobalVariable2     00033cd0 f   UefiLib:UefiLib.obj
 0001:00022cf0       _GetBestLanguage           00033cf0 f   UefiLib:UefiLib.obj
 0001:00022ee0       _EfiCreateEventReadyToBootEx 00033ee0 f   UefiLib:UefiNotTiano.obj
 0001:00022fe0       _GetDebugPrintErrorLevel   00033fe0 f   BaseDebugPrintErrorLevelLib:BaseDebugPrintErrorLevelLib.obj
 0001:00022ff0       _InternalGetReportStatusCode 00033ff0 f   DxeReportStatusCodeLib:ReportStatusCodeLib.obj
 0001:00023050       _InternalReportStatusCode  00034050 f   DxeReportStatusCodeLib:ReportStatusCodeLib.obj
 0001:000230e0       _ReportStatusCodeEx        000340e0 f   DxeReportStatusCodeLib:ReportStatusCodeLib.obj
 0001:000232a0       _ReportProgressCodeEnabled 000342a0 f   DxeReportStatusCodeLib:ReportStatusCodeLib.obj
 0001:000232d0       _ReportErrorCodeEnabled    000342d0 f   DxeReportStatusCodeLib:ReportStatusCodeLib.obj
 0001:00023300       _ReportDebugCodeEnabled    00034300 f   DxeReportStatusCodeLib:ReportStatusCodeLib.obj
 0002:00000000       ??_C@_0CB@DMEJJJHA@?6ASSERT_EFI_ERROR?5?$CIStatus?5?$DN?5?$CFr?$CJ?6@ 00035000     UefiDriverEntryPoint:DriverEntryPoint.obj
 0002:00000024       ??_C@_0CH@BBNBJKHK@?$CB?$CI?$CI?$CIINTN?$CJ?$CIRETURN_STATUS?$CJ?$CIStatus?$CJ@ 00035024     UefiDriverEntryPoint:DriverEntryPoint.obj
 0002:00000050       ??_C@_0GP@GHNHPFLI@c?3?2users?2mliang2x?2workspace?2ming@ 00035050     UefiDriverEntryPoint:DriverEntryPoint.obj
 0002:000000c0       ??_C@_0M@NOMLFINA@HiiDatabase?$AA@ 000350c0     HiiDatabase:AutoGen.obj
 0002:000000d0       ??_C@_0KF@GHEKLGNG@c?3?2users?2mliang2x?2workspace?2ming@ 000350d0     HiiDatabase:AutoGen.obj
 0002:00000178       __gPcd_FixedAtBuild_PcdMaximumUnicodeStringLength 00035178     HiiDatabase:AutoGen.obj
 0002:00000178       __gPcd_FixedAtBuild_PcdMaximumAsciiStringLength 00035178     HiiDatabase:AutoGen.obj
 0002:00000178       __gPcd_FixedAtBuild_PcdMaximumLinkedListLength 00035178     HiiDatabase:AutoGen.obj
 0002:0000017c       __gPcd_FixedAtBuild_PcdReportStatusCodePropertyMask 0003517c     HiiDatabase:AutoGen.obj
 0002:00000180       __gPcd_FixedAtBuild_PcdUefiVariableDefaultPlatformLang 00035180     HiiDatabase:AutoGen.obj
 0002:00000186       __gPcd_FixedAtBuild_PcdSupportHiiImageProtocol 00035186     HiiDatabase:AutoGen.obj
 0002:00000186       __gPcd_FixedAtBuild_PcdHiiOsRuntimeSupport 00035186     HiiDatabase:AutoGen.obj
 0002:00000188       __gPcd_FixedAtBuild_PcdMaximumDevicePathNodeCount 00035188     HiiDatabase:AutoGen.obj
 0002:00000188       __gUefiDriverRevision      00035188     HiiDatabase:AutoGen.obj
 0002:0000018c       __gPcd_FixedAtBuild_PcdDebugPrintErrorLevel 0003518c     HiiDatabase:AutoGen.obj
 0002:00000190       __gPcd_FixedAtBuild_PcdFixedDebugPrintErrorLevel 00035190     HiiDatabase:AutoGen.obj
 0002:00000194       __gPcd_FixedAtBuild_PcdDebugPropertyMask 00035194     HiiDatabase:AutoGen.obj
 0002:00000195       __gDriverUnloadImageCount  00035195     HiiDatabase:AutoGen.obj
 0002:00000195       __gPcd_FixedAtBuild_PcdVerifyNodeInList 00035195     HiiDatabase:AutoGen.obj
 0002:00000198       ??_C@_0CN@IMIMGIOF@?$CGgEfiHiiDatabaseProtocolGuid?5?$CB?$DN?5@ 00035198     HiiDatabase:HiiDatabaseEntry.obj
 0002:000001c8       ??_C@_0HB@FLLFKAOP@c?3?2users?2mliang2x?2workspace?2ming@ 000351c8     HiiDatabase:HiiDatabaseEntry.obj
 0002:0000023c       ??_C@_0DL@LBEMLKGK@?$CGgEfiHiiDatabaseProtocolGuid?5alr@ 0003523c     HiiDatabase:HiiDatabaseEntry.obj
 0002:00000278       ??_C@_0DP@MJHJOJAP@?$CGgEfiHiiDatabaseProtocolGuid?5alr@ 00035278     HiiDatabase:HiiDatabaseEntry.obj
 0002:000002b8       ??_C@_0CJ@EEOJNBOH@?$CGgEfiHiiFontProtocolGuid?5?$CB?$DN?5?$CI?$CIvo@ 000352b8     HiiDatabase:HiiDatabaseEntry.obj
 0002:000002e4       ??_C@_0DH@NLDPGKDK@?$CGgEfiHiiFontProtocolGuid?5already@ 000352e4     HiiDatabase:HiiDatabaseEntry.obj
 0002:0000031c       ??_C@_0DL@CGIIHBOO@?$CGgEfiHiiFontProtocolGuid?5already@ 0003531c     HiiDatabase:HiiDatabaseEntry.obj
 0002:00000358       ??_C@_0CK@CBEHEFIN@?$CGgEfiHiiImageProtocolGuid?5?$CB?$DN?5?$CI?$CIv@ 00035358     HiiDatabase:HiiDatabaseEntry.obj
 0002:00000384       ??_C@_0DI@OBEFILKP@?$CGgEfiHiiImageProtocolGuid?5alread@ 00035384     HiiDatabase:HiiDatabaseEntry.obj
 0002:000003bc       ??_C@_0DM@BHOKJCCB@?$CGgEfiHiiImageProtocolGuid?5alread@ 000353bc     HiiDatabase:HiiDatabaseEntry.obj
 0002:000003f8       ??_C@_0CL@EMGPMLLE@?$CGgEfiHiiStringProtocolGuid?5?$CB?$DN?5?$CI?$CI@ 000353f8     HiiDatabase:HiiDatabaseEntry.obj
 0002:00000424       ??_C@_0DJ@DLDEGPMF@?$CGgEfiHiiStringProtocolGuid?5alrea@ 00035424     HiiDatabase:HiiDatabaseEntry.obj
 0002:00000460       ??_C@_0DN@LNLIIOEH@?$CGgEfiHiiStringProtocolGuid?5alrea@ 00035460     HiiDatabase:HiiDatabaseEntry.obj
 0002:000004a0       ??_C@_0DC@DDHDOHGG@?$CGgEfiHiiConfigRoutingProtocolGui@ 000354a0     HiiDatabase:HiiDatabaseEntry.obj
 0002:000004d8       ??_C@_0EA@DDCOHLFB@?$CGgEfiHiiConfigRoutingProtocolGui@ 000354d8     HiiDatabase:HiiDatabaseEntry.obj
 0002:00000518       ??_C@_0EE@CKEDIBPB@?$CGgEfiHiiConfigRoutingProtocolGui@ 00035518     HiiDatabase:HiiDatabaseEntry.obj
 0002:0000055c       ??_C@_0DG@PMHMCJLB@?$CGgEfiConfigKeywordHandlerProtoco@ 0003555c     HiiDatabase:HiiDatabaseEntry.obj
 0002:00000598       ??_C@_0EE@FFFPAKCF@?$CGgEfiConfigKeywordHandlerProtoco@ 00035598     HiiDatabase:HiiDatabaseEntry.obj
 0002:000005e0       ??_C@_0EI@JNIDIIH@?$CGgEfiConfigKeywordHandlerProtoco@ 000355e0     HiiDatabase:HiiDatabaseEntry.obj
 0002:00000628       ??_C@_0BH@MAAHKCPC@String?5?$CB?$DN?5?$CI?$CIvoid?5?$CK?$CJ?50?$CJ?$AA@ 00035628     HiiDatabase:ConfigRouting.obj
 0002:00000640       ??_C@_0GO@EGJIFEK@c?3?2users?2mliang2x?2workspace?2ming@ 00035640     HiiDatabase:ConfigRouting.obj
 0002:000006b0       ??_C@_1M@DPLGJLCD@?$AAG?$AAU?$AAI?$AAD?$AA?$DN?$AA?$AA@ 000356b0     HiiDatabase:ConfigRouting.obj
 0002:000006bc       ??_C@_0DD@LHLPKNIP@StrnCmp?5?$CIString?0?5L?$CCGUID?$DN?$CC?0?5StrLe@ 000356bc     HiiDatabase:ConfigRouting.obj
 0002:000006f0       ??_C@_1O@KAHOBHOF@?$AA?$CG?$AAG?$AAU?$AAI?$AAD?$AA?$DN?$AA?$AA@ 000356f0     HiiDatabase:ConfigRouting.obj
 0002:00000700       ??_C@_1M@PJAPFKED@?$AAP?$AAA?$AAT?$AAH?$AA?$DN?$AA?$AA@ 00035700     HiiDatabase:ConfigRouting.obj
 0002:0000070c       ??_C@_0BN@EHPNHAIF@ConfigString?5?$CB?$DN?5?$CI?$CIvoid?5?$CK?$CJ?50?$CJ?$AA@ 0003570c     HiiDatabase:ConfigRouting.obj
 0002:0000072c       ??_C@_0DB@CFICOEMJ@String?5?$CB?$DN?5?$CI?$CIvoid?5?$CK?$CJ?50?$CJ?5?$CG?$CG?5SubStr@ 0003572c     HiiDatabase:ConfigRouting.obj
 0002:00000760       ??_C@_0BI@LBGLHCOA@?$CKSubStr?5?$CB?$DN?5?$CI?$CIvoid?5?$CK?$CJ?50?$CJ?$AA@ 00035760     HiiDatabase:ConfigRouting.obj
 0002:00000778       ??_C@_0BE@LNIAOOBG@Str?5?$CB?$DN?5?$CI?$CIvoid?5?$CK?$CJ?50?$CJ?$AA@ 00035778     HiiDatabase:ConfigRouting.obj
 0002:0000078c       ??_C@_0DC@PCMLEOGG@?$CIBufferLen?5?$CK?52?5?$CL?51?$CJ?5?$DO?$DN?5?$CIStrLen?5?$CI@ 0003578c     HiiDatabase:ConfigRouting.obj
 0002:000007c0       ??_C@_13FLOCNAAB@?$AA?$CG?$AA?$AA@ 000357c0     HiiDatabase:ConfigRouting.obj
 0002:000007c4       ??_C@_1BC@JFJKDJKC@?$AA?$CG?$AAA?$AAL?$AAT?$AAC?$AAF?$AAG?$AA?$DN?$AA?$AA@ 000357c4     HiiDatabase:ConfigRouting.obj
 0002:000007d8       ??_C@_0BN@DILICBAI@?$CKMultiString?5?$CB?$DN?5?$CI?$CIvoid?5?$CK?$CJ?50?$CJ?$AA@ 000357d8     HiiDatabase:ConfigRouting.obj
 0002:000007f8       ??_C@_0BL@KFJHHHLD@TempBuffer?5?$CB?$DN?5?$CI?$CIvoid?5?$CK?$CJ?50?$CJ?$AA@ 000357f8     HiiDatabase:ConfigRouting.obj
 0002:00000814       ??_C@_0CA@JFAPBMEN@AltConfigHdrPtr?5?$CB?$DN?5?$CI?$CIvoid?5?$CK?$CJ?50?$CJ?$AA@ 00035814     HiiDatabase:ConfigRouting.obj
 0002:00000834       ??_C@_1BC@KLGPJAMP@?$AA?$CG?$AAO?$AAF?$AAF?$AAS?$AAE?$AAT?$AA?$DN?$AA?$AA@ 00035834     HiiDatabase:ConfigRouting.obj
 0002:00000848       ??_C@_0BK@OHHEMHCC@StringPtr?5?$CB?$DN?5?$CI?$CIvoid?5?$CK?$CJ?50?$CJ?$AA@ 00035848     HiiDatabase:ConfigRouting.obj
 0002:00000864       ??_C@_0BM@GNPJMFNE@NvConfigPtr?5?$CB?$DN?5?$CI?$CIvoid?5?$CK?$CJ?50?$CJ?$AA@ 00035864     HiiDatabase:ConfigRouting.obj
 0002:00000880       ??_C@_13NMPKAAJP@?$AA?$DN?$AA?$AA@ 00035880     HiiDatabase:ConfigRouting.obj
 0002:00000884       ??_C@_0CB@GHIBCAIE@NvConfigValuePtr?5?$CB?$DN?5?$CI?$CIvoid?5?$CK?$CJ?50?$CJ@ 00035884     HiiDatabase:ConfigRouting.obj
 0002:000008a8       ??_C@_1M@COKHDCDN@?$AA?$CG?$AAG?$AAU?$AAI?$AAD?$AA?$AA@ 000358a8     HiiDatabase:ConfigRouting.obj
 0002:000008b4       ??_C@_1O@FMIENBLJ@?$AA?$CG?$AAN?$AAA?$AAM?$AAE?$AA?$DN?$AA?$AA@ 000358b4     HiiDatabase:ConfigRouting.obj
 0002:000008c4       ??_C@_1O@GGMHNGIF@?$AA?$CG?$AAP?$AAA?$AAT?$AAH?$AA?$DN?$AA?$AA@ 000358c4     HiiDatabase:ConfigRouting.obj
 0002:000008d4       ??_C@_0CC@KFDCKDOA@DefaultValueArray?5?$CB?$DN?5?$CI?$CIvoid?5?$CK?$CJ?50@ 000358d4     HiiDatabase:ConfigRouting.obj
 0002:000008f8       ??_C@_0BK@KLJHMMPJ@HiiHandle?5?$CB?$DN?5?$CI?$CIvoid?5?$CK?$CJ?50?$CJ?$AA@ 000358f8     HiiDatabase:ConfigRouting.obj
 0002:00000914       ??_C@_0O@EMMLPDMJ@StringId?5?$CB?$DN?50?$AA@ 00035914     HiiDatabase:ConfigRouting.obj
 0002:00000922       ??_C@_00CNPNBAHC@?$AA@     00035922     HiiDatabase:ConfigRouting.obj
 0002:00000924       ??_C@_1BK@GGGENMOA@?$AAP?$AAl?$AAa?$AAt?$AAf?$AAo?$AAr?$AAm?$AAL?$AAa?$AAn?$AAg?$AA?$AA@ 00035924     HiiDatabase:ConfigRouting.obj
 0002:00000940       ??_C@_0BF@OGAHIMFI@Name?5?$CB?$DN?5?$CI?$CIvoid?5?$CK?$CJ?50?$CJ?$AA@ 00035940     HiiDatabase:ConfigRouting.obj
 0002:00000958       ??_C@_1M@MDEMFNHP@?$AAN?$AAA?$AAM?$AAE?$AA?$DN?$AA?$AA@ 00035958     HiiDatabase:ConfigRouting.obj
 0002:00000964       ??_C@_0BL@MKDFFADJ@TmpRequest?5?$CB?$DN?5?$CI?$CIvoid?5?$CK?$CJ?50?$CJ?$AA@ 00035964     HiiDatabase:ConfigRouting.obj
 0002:00000980       ??_C@_1O@DICEHLNO@?$AAN?$AAA?$AAM?$AAE?$AA?$DN?$AA?$CG?$AA?$AA@ 00035980     HiiDatabase:ConfigRouting.obj
 0002:00000990       ??_C@_0BK@IKGKLHMJ@BlockData?5?$CB?$DN?5?$CI?$CIvoid?5?$CK?$CJ?50?$CJ?$AA@ 00035990     HiiDatabase:ConfigRouting.obj
 0002:000009ac       ??_C@_1BA@BPJBLIJE@?$AA?$CG?$AAW?$AAI?$AAD?$AAT?$AAH?$AA?$DN?$AA?$AA@ 000359ac     HiiDatabase:ConfigRouting.obj
 0002:000009bc       ??_C@_1BA@OHHBHMKI@?$AA?$CG?$AAV?$AAA?$AAL?$AAU?$AAE?$AA?$DN?$AA?$AA@ 000359bc     HiiDatabase:ConfigRouting.obj
 0002:000009cc       ??_C@_17ILCPNALA@?$AA?$CG?$AA?$CF?$AAs?$AA?$AA@ 000359cc     HiiDatabase:ConfigRouting.obj
 0002:000009d4       ??_C@_1DA@JIFMPMJE@?$AA?$CG?$AAO?$AAF?$AAF?$AAS?$AAE?$AAT?$AA?$DN?$AA?$CF?$AA0?$AA4?$AAX?$AA?$CG?$AAW?$AAI?$AAD?$AAT?$AAH?$AA?$DN?$AA?$CF?$AA0?$AA4?$AAX?$AA?$AA@ 000359d4     HiiDatabase:ConfigRouting.obj
 0002:00000a04       ??_C@_1CA@GGACGAGD@?$AA?$CG?$AA?$CF?$AAs?$AA?$CG?$AAA?$AAL?$AAT?$AAC?$AAF?$AAG?$AA?$DN?$AA?$CF?$AA0?$AA4?$AAX?$AA?$AA@ 00035a04     HiiDatabase:ConfigRouting.obj
 0002:00000a24       ??_C@_19GAFHNHDP@?$AA?$CG?$AA?$CF?$AAs?$AA?$DN?$AA?$AA@ 00035a24     HiiDatabase:ConfigRouting.obj
 0002:00000a30       ??_C@_1DO@NCNJHDGD@?$AA?$CG?$AAO?$AAF?$AAF?$AAS?$AAE?$AAT?$AA?$DN?$AA?$CF?$AA0?$AA4?$AAX?$AA?$CG?$AAW?$AAI?$AAD?$AAT?$AAH?$AA?$DN?$AA?$CF?$AA0?$AA4?$AAX?$AA?$CG?$AAV?$AAA?$AAL?$AAU?$AAE?$AA?$DN?$AA?$AA@ 00035a30     HiiDatabase:ConfigRouting.obj
 0002:00000a70       ??_C@_0BK@EPANLNGJ@TmpBuffer?5?$CB?$DN?5?$CI?$CIvoid?5?$CK?$CJ?50?$CJ?$AA@ 00035a70     HiiDatabase:ConfigRouting.obj
 0002:00000a8c       ??_C@_0BJ@HKDHKLNC@VarStore?5?$CB?$DN?5?$CI?$CIvoid?5?$CK?$CJ?50?$CJ?$AA@ 00035a8c     HiiDatabase:ConfigRouting.obj
 0002:00000aa8       ??_C@_0BN@NEAOLGCP@The?5variable?5does?5not?5exist?$CB?$AA@ 00035aa8     HiiDatabase:ConfigRouting.obj
 0002:00000ac8       ??_C@_0BF@NDBIKIKC@CR?5has?5Bad?5Signature?$AA@ 00035ac8     HiiDatabase:ConfigRouting.obj
 0002:00000ae0       ??_C@_0BP@CHLHGMI@AccessProgress?5?$CB?$DN?5?$CI?$CIvoid?5?$CK?$CJ?50?$CJ?$AA@ 00035ae0     HiiDatabase:ConfigRouting.obj
 0002:00000b00       ??_C@_0BF@GFADBPJJ@?$CKAccessProgress?5?$DN?$DN?50?$AA@ 00035b00     HiiDatabase:ConfigRouting.obj
 0002:00000b18       ??_C@_0BI@GONLCNCH@Private?5?$CB?$DN?5?$CI?$CIvoid?5?$CK?$CJ?50?$CJ?$AA@ 00035b18     HiiDatabase:ConfigRouting.obj
 0002:00000b30       ??_C@_1BA@HDPFBAGC@?$AAO?$AAF?$AAF?$AAS?$AAE?$AAT?$AA?$DN?$AA?$AA@ 00035b30     HiiDatabase:ConfigRouting.obj
 0002:00000b40       ??_C@_1O@JONPFMKD@?$AAV?$AAA?$AAL?$AAU?$AAE?$AA?$DN?$AA?$AA@ 00035b40     HiiDatabase:ConfigRouting.obj
 0002:00000b50       ??_C@_1BA@ENAALJAP@?$AAA?$AAL?$AAT?$AAC?$AAF?$AAG?$AA?$DN?$AA?$AA@ 00035b50     HiiDatabase:ConfigRouting.obj
 0002:00000b60       ??_C@_0HM@JBFKAAEF@Private?5?$CB?$DN?5?$CI?$CIvoid?5?$CK?$CJ?50?$CJ?5?$CG?$CG?5Strin@ 00035b60     HiiDatabase:String.obj
 0002:00000be0       ??_C@_0GH@IFGJPEKH@c?3?2users?2mliang2x?2workspace?2ming@ 00035be0     HiiDatabase:String.obj
 0002:00000c48       ??_C@_0BK@LPAGOJEE@LocalFont?5?$CB?$DN?5?$CI?$CIvoid?5?$CK?$CJ?50?$CJ?$AA@ 00035c48     HiiDatabase:String.obj
 0002:00000c64       ??_C@_0DI@BFKAJOKH@StringSrc?5?$CB?$DN?5?$CI?$CIvoid?5?$CK?$CJ?50?$CJ?5?$CG?$CG?5Buf@ 00035c64     HiiDatabase:String.obj
 0002:00000ca0       ??_C@_0EA@MHHLLLEI@StringFontInfo?5?$CB?$DN?5?$CI?$CIvoid?5?$CK?$CJ?50?$CJ?5?$CG@ 00035ca0     HiiDatabase:String.obj
 0002:00000ce0       ??_C@_0BO@DGNLHLCI@StringPackage?5?$CB?$DN?5?$CI?$CIvoid?5?$CK?$CJ?50?$CJ?$AA@ 00035ce0     HiiDatabase:String.obj
 0002:00000d00       ??_C@_0FC@FJMCODKF@StringPackage?9?$DOSignature?5?$DN?$DN?5?$CI?$CI?$CI?8@ 00035d00     HiiDatabase:String.obj
 0002:00000d58       ??_C@_0GB@GDNHNHKN@BlockType?5?$CB?$DN?5?$CI?$CIvoid?5?$CK?$CJ?50?$CJ?5?$CG?$CG?5Str@ 00035d58     HiiDatabase:String.obj
 0002:00000dc0       ??_C@_0GH@GJCDMCGP@Private?5?$CB?$DN?5?$CI?$CIvoid?5?$CK?$CJ?50?$CJ?5?$CG?$CG?5Priva@ 00035dc0     HiiDatabase:String.obj
 0002:00000e28       ??_C@_0BM@KAGBBICE@StringId?5?$CB?$DN?5CurrentStringId?$AA@ 00035e28     HiiDatabase:String.obj
 0002:00000e44       ??_C@_0CJ@IFNGKCKJ@?$CKBlockType?5?$DN?$DN?50x22?5?$HM?$HM?5?$CKBlockType@ 00035e44     HiiDatabase:String.obj
 0002:00000e70       ??_C@_0FD@NPKBDFKJ@Private?5?$CB?$DN?5?$CI?$CIvoid?5?$CK?$CJ?50?$CJ?5?$CG?$CG?5Strin@ 00035e70     HiiDatabase:String.obj
 0002:00000ec8       ??_C@_0EM@GDEIOGJC@Private?9?$DOSignature?5?$DN?$DN?5?$CI?$CI?$CI?8H?8?$CJ?5?$HM?5@ 00035ec8     HiiDatabase:String.obj
 0002:00000f14       ??_C@_0BC@FEDIJHFF@?$CI?$CIBOOLEAN?$CJ?$CI0?$DN?$DN1?$CJ?$CJ?$AA@ 00035f14     HiiDatabase:String.obj
 0002:00000f28       ??_C@_01ICJEACDI@?$DL?$AA@ 00035f28     HiiDatabase:String.obj
 0002:00000f2c       ??_C@_0BF@DOBDPAPC@Lan1?5?$CB?$DN?5?$CI?$CIvoid?5?$CK?$CJ?50?$CJ?$AA@ 00035f2c     HiiDatabase:String.obj
 0002:00000f44       ??_C@_0BF@NEJFCNJA@Lan2?5?$CB?$DN?5?$CI?$CIvoid?5?$CK?$CJ?50?$CJ?$AA@ 00035f44     HiiDatabase:String.obj
 0002:00000f5c       ??_C@_0DG@IHDLCIDM@Cell?5?$CB?$DN?5?$CI?$CIvoid?5?$CK?$CJ?50?$CJ?5?$CG?$CG?5GlyphInf@ 00035f5c     HiiDatabase:Font.obj
 0002:00000f98       ??_C@_0GF@OBNAJLFD@c?3?2users?2mliang2x?2workspace?2ming@ 00035f98     HiiDatabase:Font.obj
 0002:00001000       ??_C@_0FB@NKDAFHPL@GlyphBuffer?5?$CB?$DN?5?$CI?$CIvoid?5?$CK?$CJ?50?$CJ?5?$CG?$CG?5O@ 00036000     HiiDatabase:Font.obj
 0002:00001058       ??_C@_0EK@IJHDKPAG@Origin?5?$CB?$DN?5?$CI?$CIvoid?5?$CK?$CJ?50?$CJ?5?$CG?$CG?5?$CKOrigi@ 00036058     HiiDatabase:Font.obj
 0002:000010a4       ??_C@_0BM@BBEAFKJB@FontPackage?5?$CB?$DN?5?$CI?$CIvoid?5?$CK?$CJ?50?$CJ?$AA@ 000360a4     HiiDatabase:Font.obj
 0002:000010c0       ??_C@_0FA@GBHOFNKI@FontPackage?9?$DOSignature?5?$DN?$DN?5?$CI?$CI?$CI?8h?8@ 000360c0     HiiDatabase:Font.obj
 0002:00001110       ??_C@_0DF@LOENGHAO@FontName?5?$CB?$DN?5?$CI?$CIvoid?5?$CK?$CJ?50?$CJ?5?$CG?$CG?5Font@ 00036110     HiiDatabase:Font.obj
 0002:00001148       ??_C@_1BG@PCIHAGAA@?$AAs?$AAy?$AAs?$AAd?$AAe?$AAf?$AAa?$AAu?$AAl?$AAt?$AA?$AA@ 00036148     HiiDatabase:Font.obj
 0002:00001160       ??_C@_0BO@KOIHLCNC@?$CIPrivate?9?$DOAttribute?5?$DO?$DO?54?$CJ?5?$DM?58?$AA@ 00036160     HiiDatabase:Font.obj
 0002:00001180       ??_C@_0DF@FEDHOBLL@?$CISystemDefault?5?$CB?$DN?5?$CI?$CIvoid?5?$CK?$CJ?50?$CJ?$CJ?5@ 00036180     HiiDatabase:Font.obj
 0002:000011b8       ??_C@_0BJ@FFPEFLGO@FontInfo?5?$CB?$DN?5?$CI?$CIvoid?5?$CK?$CJ?50?$CJ?$AA@ 000361b8     HiiDatabase:Font.obj
 0002:000011d4       ??_C@_0BJ@KMEIBEC@GlyphBuf?5?$CB?$DN?5?$CI?$CIvoid?5?$CK?$CJ?50?$CJ?$AA@ 000361d4     HiiDatabase:Font.obj
 0002:000011f0       ??_C@_0BF@CPNKHBOH@Cell?5?$CB?$DN?5?$CI?$CIvoid?5?$CK?$CJ?50?$CJ?$AA@ 000361f0     HiiDatabase:Font.obj
 0002:00001208       ??_C@_0BL@PMPKEABA@Attributes?5?$CB?$DN?5?$CI?$CIvoid?5?$CK?$CJ?50?$CJ?$AA@ 00036208     HiiDatabase:Font.obj
 0002:00001224       ??_C@_0BO@HMFAAOIE@SystemDefault?5?$CB?$DN?5?$CI?$CIvoid?5?$CK?$CJ?50?$CJ?$AA@ 00036224     HiiDatabase:Font.obj
 0002:00001244       ??_C@_0BL@BBPNKGPN@StringInfo?5?$CB?$DN?5?$CI?$CIvoid?5?$CK?$CJ?50?$CJ?$AA@ 00036244     HiiDatabase:Font.obj
 0002:00001260       ??_C@_0BO@JAOLLJBB@StringInfoOut?5?$CB?$DN?5?$CI?$CIvoid?5?$CK?$CJ?50?$CJ?$AA@ 00036260     HiiDatabase:Font.obj
 0002:00001280       ??_C@_0BN@PACIKCEF@StringInfoIn?5?$CB?$DN?5?$CI?$CIvoid?5?$CK?$CJ?50?$CJ?$AA@ 00036280     HiiDatabase:Font.obj
 0002:000012a0       ??_C@_0GI@NDOBANAP@c?3?2users?2mliang2x?2workspace?2ming@ 000362a0     HiiDatabase:ImageEx.obj
 0002:00001308       ??_C@_0GG@PJLGEFDC@?$CI?$CIUINTN?$CJ?5?$CG?$CI?$CI?$CIEFI_HII_IIBT_JPEG_B@ 00036308     HiiDatabase:ImageEx.obj
 0002:00001370       ??_C@_0HO@ELDLAIMJ@sizeof?5?$CI?$CI?$CIEFI_HII_IIBT_JPEG_BLOC@ 00036370     HiiDatabase:ImageEx.obj
 0002:000013f0       ??_C@_0GG@LLHJFEJF@?$CI?$CIUINTN?$CJ?5?$CG?$CI?$CI?$CIEFI_HII_IIBT_JPEG_B@ 000363f0     HiiDatabase:ImageEx.obj
 0002:00001458       ??_C@_0HO@BNMBGIPK@sizeof?5?$CI?$CI?$CIEFI_HII_IIBT_JPEG_BLOC@ 00036458     HiiDatabase:ImageEx.obj
 0002:000014d8       ??_C@_0DH@NFJDOGLB@ImageBlocks?5?$CB?$DN?5?$CI?$CIvoid?5?$CK?$CJ?50?$CJ?5?$CG?$CG?5I@ 000364d8     HiiDatabase:Image.obj
 0002:00001510       ??_C@_0GG@BAKNHFBM@c?3?2users?2mliang2x?2workspace?2ming@ 00036510     HiiDatabase:Image.obj
 0002:00001578       ??_C@_0BL@HMPOLNFB@?$CKImageId?5?$CB?$DN?5ImageIdCurrent?$AA@ 00036578     HiiDatabase:Image.obj
 0002:00001594       ??_C@_0O@FOALKCBJ@?$CKImageId?5?$CB?$DN?50?$AA@ 00036594     HiiDatabase:Image.obj
 0002:000015a4       ??_C@_0DG@CMCHKEMN@BitMapOut?5?$CB?$DN?5?$CI?$CIvoid?5?$CK?$CJ?50?$CJ?5?$CG?$CG?5Bit@ 000365a4     HiiDatabase:Image.obj
 0002:000015e0       ??_C@_0EN@ELLNHLCC@Image?5?$CB?$DN?5?$CI?$CIvoid?5?$CK?$CJ?50?$CJ?5?$CG?$CG?5Data?5?$CB?$DN@ 000365e0     HiiDatabase:Image.obj
 0002:00001630       ??_C@_0BI@KJHDIOKD@Palette?5?$CB?$DN?5?$CI?$CIvoid?5?$CK?$CJ?50?$CJ?$AA@ 00036630     HiiDatabase:Image.obj
 0002:00001648       ??_C@_0CO@MJKHFAPP@Image?5?$CB?$DN?5?$CI?$CIvoid?5?$CK?$CJ?50?$CJ?5?$CG?$CG?5Data?5?$CB?$DN@ 00036648     HiiDatabase:Image.obj
 0002:00001678       ??_C@_0CG@IBCJOBGA@PaletteIndex?5?$DN?$DN?5Iibt1bit?4Palette@ 00036678     HiiDatabase:Image.obj
 0002:000016a0       ??_C@_0DN@PNNBIPEP@NextString?5?$CB?$DN?5?$CI?$CIvoid?5?$CK?$CJ?50?$CJ?5?$CG?$CG?5De@ 000366a0     HiiDatabase:ConfigKeywordHandler.obj
 0002:000016e0       ??_C@_0HF@OFNFJFGO@c?3?2users?2mliang2x?2workspace?2ming@ 000366e0     HiiDatabase:ConfigKeywordHandler.obj
 0002:00001758       ??_C@_1BC@KEBNFPJO@?$AAK?$AAE?$AAY?$AAW?$AAO?$AAR?$AAD?$AA?$DN?$AA?$AA@ 00036758     HiiDatabase:ConfigKeywordHandler.obj
 0002:0000176c       ??_C@_0BK@LHDBFBNG@NameSpace?5?$CB?$DN?5?$CI?$CIvoid?5?$CK?$CJ?50?$CJ?$AA@ 0003676c     HiiDatabase:ConfigKeywordHandler.obj
 0002:00001788       ??_C@_1BG@PHBLLIBG@?$AAN?$AAA?$AAM?$AAE?$AAS?$AAP?$AAA?$AAC?$AAE?$AA?$DN?$AA?$AA@ 00036788     HiiDatabase:ConfigKeywordHandler.obj
 0002:000017a0       ??_C@_0DK@OHOIFGHP@?$CIKeyword?5?$CB?$DN?5?$CI?$CIvoid?5?$CK?$CJ?50?$CJ?$CJ?5?$CG?$CG?5?$CINe@ 000367a0     HiiDatabase:ConfigKeywordHandler.obj
 0002:000017e0       ??_C@_0FE@GBOKANMP@?$CIValue?5?$CB?$DN?5?$CI?$CIvoid?5?$CK?$CJ?50?$CJ?$CJ?5?$CG?$CG?5?$CINext@ 000367e0     HiiDatabase:ConfigKeywordHandler.obj
 0002:00001834       ??_C@_0DO@PFGBFFJL@?$CIFilterFlags?5?$CB?$DN?5?$CI?$CIvoid?5?$CK?$CJ?50?$CJ?$CJ?5?$CG?$CG@ 00036834     HiiDatabase:ConfigKeywordHandler.obj
 0002:00001874       ??_C@_1BC@LDFBNAGD@?$AAR?$AAe?$AAa?$AAd?$AAO?$AAn?$AAl?$AAy?$AA?$AA@ 00036874     HiiDatabase:ConfigKeywordHandler.obj
 0002:00001888       ??_C@_1BE@HADLJAO@?$AAR?$AAe?$AAa?$AAd?$AAW?$AAr?$AAi?$AAt?$AAe?$AA?$AA@ 00036888     HiiDatabase:ConfigKeywordHandler.obj
 0002:0000189c       ??_C@_1O@GBAIGIHF@?$AAB?$AAu?$AAf?$AAf?$AAe?$AAr?$AA?$AA@ 0003689c     HiiDatabase:ConfigKeywordHandler.obj
 0002:000018ac       ??_C@_1BA@BKFKFLJD@?$AAN?$AAu?$AAm?$AAe?$AAr?$AAi?$AAc?$AA?$AA@ 000368ac     HiiDatabase:ConfigKeywordHandler.obj
 0002:000018bc       ??_C@_1M@OGLKDJIA@?$AA?$CG?$AAP?$AAA?$AAT?$AAH?$AA?$AA@ 000368bc     HiiDatabase:ConfigKeywordHandler.obj
 0002:000018c8       ??_C@_1BC@CFPGDLKH@?$AA?$CG?$AAK?$AAE?$AAY?$AAW?$AAO?$AAR?$AAD?$AA?$AA@ 000368c8     HiiDatabase:ConfigKeywordHandler.obj
 0002:000018dc       ??_C@_0BL@FCLLAFBK@OpCodeData?5?$CB?$DN?5?$CI?$CIvoid?5?$CK?$CJ?50?$CJ?$AA@ 000368dc     HiiDatabase:ConfigKeywordHandler.obj
 0002:000018f8       ??_C@_0BL@JFODOCGB@DevicePath?5?$CB?$DN?5?$CI?$CIvoid?5?$CK?$CJ?50?$CJ?$AA@ 000368f8     HiiDatabase:ConfigKeywordHandler.obj
 0002:00001918       ??_C@_0FG@CNJOIDE@StringSrc?5?$CB?$DN?5?$CI?$CIvoid?5?$CK?$CJ?50?$CJ?5?$CG?$CG?5Buf@ 00036918     HiiDatabase:ConfigKeywordHandler.obj
 0002:00001970       ??_C@_0FK@IABCBAEM@StringPackage?5?$CB?$DN?5?$CI?$CIvoid?5?$CK?$CJ?50?$CJ?5?$CG?$CG@ 00036970     HiiDatabase:ConfigKeywordHandler.obj
 0002:000019d0       ??_C@_0FM@MOEDEKOL@DatabaseRecord?5?$CB?$DN?5?$CI?$CIvoid?5?$CK?$CJ?50?$CJ?5?$CG@ 000369d0     HiiDatabase:ConfigKeywordHandler.obj
 0002:00001a2c       ??_C@_06PLDEFKP@x?9UEFI?$AA@ 00036a2c     HiiDatabase:ConfigKeywordHandler.obj
 0002:00001a34       ??_C@_0BM@BFDIJOFM@FormPackage?5?$CB?$DN?5?$CI?$CIvoid?5?$CK?$CJ?50?$CJ?$AA@ 00036a34     HiiDatabase:ConfigKeywordHandler.obj
 0002:00001a50       ??_C@_0DG@NNKHLNIL@?$CI?$CIEFI_IFR_OP_HEADER?5?$CK?$CJNextOpCode@ 00036a50     HiiDatabase:ConfigKeywordHandler.obj
 0002:00001a88       ??_C@_15GANGMFKL@?$AA?$CF?$AAs?$AA?$AA@ 00036a88     HiiDatabase:ConfigKeywordHandler.obj
 0002:00001a90       ??_C@_1CO@DPPGKPKG@?$AAO?$AAF?$AAF?$AAS?$AAE?$AAT?$AA?$DN?$AA?$CF?$AA0?$AA4?$AAX?$AA?$CG?$AAW?$AAI?$AAD?$AAT?$AAH?$AA?$DN?$AA?$CF?$AA0?$AA4?$AAX?$AA?$AA@ 00036a90     HiiDatabase:ConfigKeywordHandler.obj
 0002:00001ac0       ??_C@_05JJLPJMLG@en?9US?$AA@ 00036ac0     HiiDatabase:ConfigKeywordHandler.obj
 0002:00001ac8       ??_C@_0BN@HPBNKDMG@BestLanguage?5?$CB?$DN?5?$CI?$CIvoid?5?$CK?$CJ?50?$CJ?$AA@ 00036ac8     HiiDatabase:ConfigKeywordHandler.obj
 0002:00001ae8       ??_C@_0FO@OMKBEEGB@DatabaseRecord?5?$CB?$DN?5?$CI?$CIvoid?5?$CK?$CJ?50?$CJ?5?$CG@ 00036ae8     HiiDatabase:ConfigKeywordHandler.obj
 0002:00001b48       ??_C@_0BI@EGABAPFI@Header?9?$DOVarStoreId?5?$CB?$DN?50?$AA@ 00036b48     HiiDatabase:ConfigKeywordHandler.obj
 0002:00001b60       ??_C@_0BD@FANLLMHJ@Varstore?5Id?3?50x?$CFx?6?$AA@ 00036b60     HiiDatabase:ConfigKeywordHandler.obj
 0002:00001b74       ??_C@_0BI@LBDBFON@Storage?5?$CB?$DN?5?$CI?$CIvoid?5?$CK?$CJ?50?$CJ?$AA@ 00036b74     HiiDatabase:ConfigKeywordHandler.obj
 0002:00001b8c       ??_C@_0BK@LFDBOAFJ@ConfigHdr?5?$CB?$DN?5?$CI?$CIvoid?5?$CK?$CJ?50?$CJ?$AA@ 00036b8c     HiiDatabase:ConfigKeywordHandler.obj
 0002:00001ba8       ??_C@_0ID@IKKDDEDB@?$CIDatabaseRecord?5?$CB?$DN?5?$CI?$CIvoid?5?$CK?$CJ?50?$CJ?$CJ@ 00036ba8     HiiDatabase:ConfigKeywordHandler.obj
 0002:00001c30       ??_C@_0EC@IMNKLNNG@?$CIConfigRequest?5?$CB?$DN?5?$CI?$CIvoid?5?$CK?$CJ?50?$CJ?$CJ?5@ 00036c30     HiiDatabase:ConfigKeywordHandler.obj
 0002:00001c78       ??_C@_0KH@OPAIADAK@?$CINameSpace?5?$CB?$DN?5?$CI?$CIvoid?5?$CK?$CJ?50?$CJ?$CJ?5?$CG?$CG?5?$CI@ 00036c78     HiiDatabase:ConfigKeywordHandler.obj
 0002:00001d20       ??_C@_0BL@EPOEPBPG@?$CKProgressErr?5?$DN?$DN?50x00000004?$AA@ 00036d20     HiiDatabase:ConfigKeywordHandler.obj
 0002:00001d40       ??_C@_0JM@BHIIIHDI@?$CINameSpace?5?$CB?$DN?5?$CI?$CIvoid?5?$CK?$CJ?50?$CJ?$CJ?5?$CG?$CG?5?$CI@ 00036d40     HiiDatabase:ConfigKeywordHandler.obj
 0002:00001ddc       ??_C@_1BE@NJMCFJHO@?$AA?$CG?$AAR?$AAE?$AAA?$AAD?$AAO?$AAN?$AAL?$AAY?$AA?$AA@ 00036ddc     HiiDatabase:ConfigKeywordHandler.obj
 0002:00001df0       ??_C@_0BL@GNJCLPEO@TempString?5?$CB?$DN?5?$CI?$CIvoid?5?$CK?$CJ?50?$CJ?$AA@ 00036df0     HiiDatabase:ConfigKeywordHandler.obj
 0002:00001e0c       ??_C@_0BH@IACGKAP@Buffer?5?$CB?$DN?5?$CI?$CIvoid?5?$CK?$CJ?50?$CJ?$AA@ 00036e0c     HiiDatabase:Database.obj
 0002:00001e28       ??_C@_0GJ@DFDBOONI@c?3?2users?2mliang2x?2workspace?2ming@ 00036e28     HiiDatabase:Database.obj
 0002:00001e94       ??_C@_0CA@PCMGHPMF@VariableStorage?5?$CB?$DN?5?$CI?$CIvoid?5?$CK?$CJ?50?$CJ?$AA@ 00036e94     HiiDatabase:Database.obj
 0002:00001eb8       ??_C@_0HO@ICAHMDKK@Package?9?$DOImagePkgHdr?4Header?4Leng@ 00036eb8     HiiDatabase:Database.obj
 0002:00001f38       ??_C@_0BP@FEPODHBK@DatabaseRecord?5?$CB?$DN?5?$CI?$CIvoid?5?$CK?$CJ?50?$CJ?$AA@ 00036f38     HiiDatabase:Database.obj
 0002:00001f58       ??_C@_0FD@KKBJAAKD@Private?5?$CB?$DN?5?$CI?$CIvoid?5?$CK?$CJ?50?$CJ?5?$CG?$CG?5Packa@ 00036f58     HiiDatabase:Database.obj
 0002:00001fac       ??_C@_0BK@BBKIEBOB@IsHiiHandleValid?5?$CIHandle?$CJ?$AA@ 00036fac     HiiDatabase:Database.obj
 0002:00001fc8       ??_C@_0HI@CJGCGGJK@?$FLHiiDatabase?$FN?3?5Memory?5allocation@ 00036fc8     HiiDatabase:Database.obj
 0002:00002040       ??_C@_0EK@CIOIMHBH@?$FLHiiDatabase?$FN?3?5No?5enough?5memory?5@ 00037040     HiiDatabase:Database.obj
 0002:0000208c       ??_C@_0CO@IEPJJMDF@Status?5?$DN?$DN?5?$CI?$CIRETURN_STATUS?$CJ?$CI0x800@ 0003708c     HiiDatabase:Database.obj
 0002:000020c0       ??_C@_0EJ@JBAODEFD@?$FLHiiDatabase?$FN?3?5No?5enough?5memory?5@ 000370c0     HiiDatabase:Database.obj
 0002:0000210c       ??_C@_0BM@JEBIDOHP@PackageList?5?$CB?$DN?5?$CI?$CIvoid?5?$CK?$CJ?50?$CJ?$AA@ 0003710c     HiiDatabase:Database.obj
 0002:00002128       ??_C@_0BN@GGKEKANL@Private?9?$DOHiiHandleCount?5?$DO?$DN?50?$AA@ 00037128     HiiDatabase:Database.obj
 0002:00002148       ??_C@_0BP@NFJAKEPG@KeyboardLayout?5?$CB?$DN?5?$CI?$CIvoid?5?$CK?$CJ?50?$CJ?$AA@ 00037148     HiiDatabase:Database.obj
 0002:00002168       ??_C@_0CI@BGLNHBLM@?$CI?$CI?$CIUINTN?$CJ?5?$CIStartOfBuffer?$CJ?$CJ?5?$CG?50x0@ 00037168     BasePrintLib:PrintLib.obj
 0002:00002190       ??_C@_0FP@HCMIGMKH@c?3?2users?2mliang2x?2workspace?2ming@ 00037190     BasePrintLib:PrintLib.obj
 0002:000021f0       ??_C@_0CH@KJLBGOBB@?$CI?$CI?$CIUINTN?$CJ?5?$CIFormatString?$CJ?$CJ?5?$CG?50x01@ 000371f0     BasePrintLib:PrintLib.obj
 0002:00002218       ??_C@_0CB@LDBAOPMG@?$CI?$CI?$CIUINTN?$CJ?5?$CIBuffer?$CJ?$CJ?5?$CG?50x01?$CJ?5?$DN?$DN?50@ 00037218     BasePrintLib:PrintLib.obj
 0002:00002240       ??_C@_0GH@MLMKDJJP@c?3?2users?2mliang2x?2workspace?2ming@ 00037240     BasePrintLib:PrintLibInternal.obj
 0002:000022a8       ??_C@_0BJ@CNKJJNE@?$CIBuffer?5?$CB?$DN?5?$CI?$CIvoid?5?$CK?$CJ?50?$CJ?$CJ?$AA@ 000372a8     BasePrintLib:PrintLibInternal.obj
 0002:000022c8       ??_C@_0EB@HDGIDCIO@?$CIBufferSize?5?$DM?$DN?5?$CI_gPcd_FixedAtBui@ 000372c8     BasePrintLib:PrintLibInternal.obj
 0002:00002310       ??_C@_0FJ@HAEMOBLP@?$CIBufferSize?5?$DM?$DN?5?$CI_gPcd_FixedAtBui@ 00037310     BasePrintLib:PrintLibInternal.obj
 0002:0000236c       ??_C@_0CO@OJNGHNJG@?$CI?$CIFlags?5?$CG?5?$HO?$CI0x01?5?$HM?50x08?5?$HM?50x20?5?$HM@ 0003736c     BasePrintLib:PrintLibInternal.obj
 0002:0000239c       ??_C@_0DB@HIDPIAGP@?$CI?$CI?$CIFlags?5?$CG?50x08?$CJ?5?$DN?$DN?50?$CJ?5?$HM?$HM?5?$CI?$CIFlag@ 0003739c     BasePrintLib:PrintLibInternal.obj
 0002:000023d0       ??_C@_0N@PNKFBKME@?$CIWidth?5?$DM?538?$CJ?$AA@ 000373d0     BasePrintLib:PrintLibInternal.obj
 0002:000023e0       ??_C@_0CI@HPJOGFNE@?$CIBufferSize?5?$DO?$DN?5?$CIWidth?5?$CL?51?$CJ?5?$CK?5Inc@ 000373e0     BasePrintLib:PrintLibInternal.obj
 0002:00002408       ??_C@_0BJ@PPAKKDJG@?$CIFormat?5?$CB?$DN?5?$CI?$CIvoid?5?$CK?$CJ?50?$CJ?$CJ?$AA@ 00037408     BasePrintLib:PrintLibInternal.obj
 0002:00002428       ??_C@_0ED@LPDDCECB@?$CIBufferSize?5?$DM?$DN?5?$CI_gPcd_FixedAtBui@ 00037428     BasePrintLib:PrintLibInternal.obj
 0002:00002470       ??_C@_0IM@BFJJFLGB@?$CIStrnLenS?5?$CI?$CICHAR16?5?$CK?$CJFormat?0?5?$CI_g@ 00037470     BasePrintLib:PrintLibInternal.obj
 0002:00002500       ??_C@_0ID@PLGJGION@?$CIAsciiStrnLenS?5?$CIFormat?0?5?$CI_gPcd_F@ 00037500     BasePrintLib:PrintLibInternal.obj
 0002:00002584       ??_C@_0O@MLOLIMFM@?$DMnull?5string?$DO?$AA@ 00037584     BasePrintLib:PrintLibInternal.obj
 0002:00002594       ??_C@_0M@BJJDNPHK@?$DMnull?5guid?$DO?$AA@ 00037594     BasePrintLib:PrintLibInternal.obj
 0002:000025a0       ??_C@_0DB@PMLHLBMO@?$CF08x?9?$CF04x?9?$CF04x?9?$CF02x?$CF02x?9?$CF02x?$CF02x@ 000375a0     BasePrintLib:PrintLibInternal.obj
 0002:000025d4       ??_C@_0M@LHGBCIKM@?$DMnull?5time?$DO?$AA@ 000375d4     BasePrintLib:PrintLibInternal.obj
 0002:000025e0       ??_C@_0BK@FCPKCIDD@?$CF02d?1?$CF02d?1?$CF04d?5?5?$CF02d?3?$CF02d?$AA@ 000375e0     BasePrintLib:PrintLibInternal.obj
 0002:000025fc       ??_C@_04JIMNDDED@?$CF08X?$AA@ 000375fc     BasePrintLib:PrintLibInternal.obj
 0002:00002604       ??_C@_02PCIJFNDE@?$AN?6?$AA@ 00037604     BasePrintLib:PrintLibInternal.obj
 0002:00002608       ??_C@_01LIIJDEN@?$AN?$AA@  00037608     BasePrintLib:PrintLibInternal.obj
 0002:00002610       _mWarningString            00037610     BasePrintLib:PrintLibInternal.obj
 0002:000026d8       _mErrorString              000376d8     BasePrintLib:PrintLibInternal.obj
 0002:000029b8       _mHexStr                   000379b8     BasePrintLib:PrintLibInternal.obj
 0002:000029c8       ??_C@_0FN@FDDDDNN@c?3?2users?2mliang2x?2workspace?2ming@ 000379c8     DxePcdLib:DxePcdLib.obj
 0002:00002a28       ??_C@_0BH@DAPONKEH@mPiPcd?5?$CB?$DN?5?$CI?$CIvoid?5?$CK?$CJ?50?$CJ?$AA@ 00037a28     DxePcdLib:DxePcdLib.obj
 0002:00002a40       ??_C@_0BL@BJHAIJFF@mPiPcdInfo?5?$CB?$DN?5?$CI?$CIvoid?5?$CK?$CJ?50?$CJ?$AA@ 00037a40     DxePcdLib:DxePcdLib.obj
 0002:00002a5c       ??_C@_0BF@PEDOPNMP@Guid?5?$CB?$DN?5?$CI?$CIvoid?5?$CK?$CJ?50?$CJ?$AA@ 00037a5c     DxePcdLib:DxePcdLib.obj
 0002:00002a74       ??_C@_0BH@LKMBFCBF@Format?5?$CB?$DN?5?$CI?$CIvoid?5?$CK?$CJ?50?$CJ?$AA@ 00037a74     PeiDxeDebugLibReportStatusCode:DebugLib.obj
 0002:00002a90       ??_C@_0HH@BLJPNBBN@c?3?2users?2mliang2x?2workspace?2ming@ 00037a90     PeiDxeDebugLibReportStatusCode:DebugLib.obj
 0002:00002b08       ??_C@_0CP@EFCGCEBK@?$CICHAR8?5?$CK?$CJBaseListMarkerPointer?5?$DM@ 00037b08     PeiDxeDebugLibReportStatusCode:DebugLib.obj
 0002:00002b38       ??_C@_01OHGJGJJP@?$FL?$AA@ 00037b38     PeiDxeDebugLibReportStatusCode:DebugLib.obj
 0002:00002b3c       ??_C@_02PBFOLPKM@?$FN?5?$AA@ 00037b3c     PeiDxeDebugLibReportStatusCode:DebugLib.obj
 0002:00002b40       ??_C@_0CL@OBMFBPED@Length?5?$DM?$DN?5?$CI0xFFFFFFFF?5?9?5?$CIUINTN?$CJB@ 00037b40     BaseMemoryLib:MemLibGuid.obj
 0002:00002b6c       ??_C@_0DI@PHOMHDKH@?$CILength?5?9?51?$CJ?5?$DM?$DN?5?$CI0xFFFFFFFF?5?9?5?$CIU@ 00037b6c     BaseMemoryLib:CopyMemWrapper.obj
 0002:00002ba8       ??_C@_0GG@HCOKHFCC@c?3?2users?2mliang2x?2workspace?2ming@ 00037ba8     BaseMemoryLib:CopyMemWrapper.obj
 0002:00002c10       ??_C@_0DD@DCDOHCDJ@?$CILength?5?9?51?$CJ?5?$DM?$DN?5?$CI0xFFFFFFFF?5?9?5?$CIU@ 00037c10     BaseMemoryLib:CopyMemWrapper.obj
 0002:00002c48       ??_C@_0GG@MGEIBEOF@c?3?2users?2mliang2x?2workspace?2ming@ 00037c48     BaseMemoryLib:ZeroMemWrapper.obj
 0002:00002cb0       ??_C@_0CC@JOEHDGKB@DestinationBuffer?5?$CB?$DN?5?$CI?$CIvoid?5?$CK?$CJ?50@ 00037cb0     BaseMemoryLib:CompareMemWrapper.obj
 0002:00002cd8       ??_C@_0GJ@KBFGPLNL@c?3?2users?2mliang2x?2workspace?2ming@ 00037cd8     BaseMemoryLib:CompareMemWrapper.obj
 0002:00002d44       ??_C@_0BN@MDMCNBCC@SourceBuffer?5?$CB?$DN?5?$CI?$CIvoid?5?$CK?$CJ?50?$CJ?$AA@ 00037d44     BaseMemoryLib:CompareMemWrapper.obj
 0002:00002d68       ??_C@_0GH@LBDKGPMM@c?3?2users?2mliang2x?2workspace?2ming@ 00037d68     BaseMemoryLib:SetMem32Wrapper.obj
 0002:00002dd0       ??_C@_0CN@BPIPMCPJ@?$CILength?5?9?51?$CJ?5?$DM?$DN?5?$CI0xFFFFFFFF?5?9?5?$CIU@ 00037dd0     BaseMemoryLib:SetMem32Wrapper.obj
 0002:00002e00       ??_C@_0CO@LECKNDNC@?$CI?$CI?$CIUINTN?$CJBuffer?$CJ?5?$CG?5?$CIsizeof?5?$CIValu@ 00037e00     BaseMemoryLib:SetMem32Wrapper.obj
 0002:00002e30       ??_C@_0CF@LEICOABD@?$CILength?5?$CG?5?$CIsizeof?5?$CIValue?$CJ?5?9?51?$CJ?$CJ?5@ 00037e30     BaseMemoryLib:SetMem32Wrapper.obj
 0002:00002e58       ??_C@_0BF@NJNGJMPC@List?5?$CB?$DN?5?$CI?$CIvoid?5?$CK?$CJ?50?$CJ?$AA@ 00037e58     BaseLib:LinkedList.obj
 0002:00002e70       ??_C@_0FM@OPLAEOJM@c?3?2users?2mliang2x?2workspace?2ming@ 00037e70     BaseLib:LinkedList.obj
 0002:00002ecc       ??_C@_0CC@KDLPLAED@List?9?$DOForwardLink?5?$CB?$DN?5?$CI?$CIvoid?5?$CK?$CJ?50@ 00037ecc     BaseLib:LinkedList.obj
 0002:00002ef0       ??_C@_0BP@IJJCCMAK@List?9?$DOBackLink?5?$CB?$DN?5?$CI?$CIvoid?5?$CK?$CJ?50?$CJ?$AA@ 00037ef0     BaseLib:LinkedList.obj
 0002:00002f10       ??_C@_0CI@BMHOPIIO@InternalBaseLibIsListValid?5?$CIFirs@ 00037f10     BaseLib:LinkedList.obj
 0002:00002f38       ??_C@_0BM@BAIHHOEP@SecondEntry?5?$CB?$DN?5?$CI?$CIvoid?5?$CK?$CJ?50?$CJ?$AA@ 00037f38     BaseLib:LinkedList.obj
 0002:00002f54       ??_C@_0BJ@NJABNCDK@ListHead?5?$CB?$DN?5?$CI?$CIvoid?5?$CK?$CJ?50?$CJ?$AA@ 00037f54     BaseLib:LinkedList.obj
 0002:00002f70       ??_C@_0DI@HOMAKAJD@?$CI?$CIBOOLEAN?$CJ?$CI0?$DN?$DN1?$CJ?$CJ?5?$DN?$DN?5IsNodeInLis@ 00037f70     BaseLib:LinkedList.obj
 0002:00002fa8       ??_C@_0CG@LGIALJFK@InternalBaseLibIsListValid?5?$CIList@ 00037fa8     BaseLib:LinkedList.obj
 0002:00002fd0       ??_C@_0CC@JLDICICM@InternalBaseLibIsListValid?5?$CIList@ 00037fd0     BaseLib:LinkedList.obj
 0002:00002ff4       ??_C@_0DD@OAAIDOJD@?$CI?$CIBOOLEAN?$CJ?$CI1?$DN?$DN1?$CJ?$CJ?5?$DN?$DN?5IsNodeInLis@ 00037ff4     BaseLib:LinkedList.obj
 0002:00003028       ??_C@_0BF@NMBJJECB@?$CBIsListEmpty?5?$CIEntry?$CJ?$AA@ 00038028     BaseLib:LinkedList.obj
 0002:00003040       ??_C@_0CC@GFNLNIOC@?$CI?$CIUINTN?$CJString?5?$CG?50x00000001?$CJ?5?$DN?$DN?5@ 00038040     BaseLib:SafeString.obj
 0002:00003068       ??_C@_0FM@NNNBGHEF@c?3?2users?2mliang2x?2workspace?2ming@ 00038068     BaseLib:SafeString.obj
 0002:000030c4       ??_C@_0CH@LALFPBMC@?$CI?$CIUINTN?$CJDestination?5?$CG?50x00000001@ 000380c4     BaseLib:SafeString.obj
 0002:000030ec       ??_C@_0CC@HEBCMBPF@?$CI?$CIUINTN?$CJSource?5?$CG?50x00000001?$CJ?5?$DN?$DN?5@ 000380ec     BaseLib:SafeString.obj
 0002:00003110       ??_C@_0BO@ECNIOIHG@?$CIDestination?5?$CB?$DN?5?$CI?$CIvoid?5?$CK?$CJ?50?$CJ?$CJ?$AA@ 00038110     BaseLib:SafeString.obj
 0002:00003130       ??_C@_07KBGDFDAM@StrCpyS?$AA@ 00038130     BaseLib:SafeString.obj
 0002:00003138       ??_C@_0EA@PDPDJJNN@?$CFa?$CI?$CFd?$CJ?5?$CFa?3?5SAFE_STRING_CONSTRAIN@ 00038138     BaseLib:SafeString.obj
 0002:00003178       ??_C@_0BJ@EAEEJIP@?$CISource?5?$CB?$DN?5?$CI?$CIvoid?5?$CK?$CJ?50?$CJ?$CJ?$AA@ 00038178     BaseLib:SafeString.obj
 0002:00003198       ??_C@_0EA@BBALOHPI@?$CIDestMax?5?$DM?$DN?5?$CI_gPcd_FixedAtBuild_@ 00038198     BaseLib:SafeString.obj
 0002:000031d8       ??_C@_0P@PMIMLIHM@?$CIDestMax?5?$CB?$DN?50?$CJ?$AA@ 000381d8     BaseLib:SafeString.obj
 0002:000031e8       ??_C@_0BG@EEGIIOKH@?$CIDestMax?5?$DO?5SourceLen?$CJ?$AA@ 000381e8     BaseLib:SafeString.obj
 0002:00003200       ??_C@_0FH@PPBLBDBJ@InternalSafeStringNoStrOverlap?5?$CI@ 00038200     BaseLib:SafeString.obj
 0002:00003258       ??_C@_08INOAHJON@StrnCpyS?$AA@ 00038258     BaseLib:SafeString.obj
 0002:00003264       ??_C@_0DP@PBOJGJC@?$CILength?5?$DM?$DN?5?$CI_gPcd_FixedAtBuild_P@ 00038264     BaseLib:SafeString.obj
 0002:000032a4       ??_C@_07EBBOPAKF@StrCatS?$AA@ 000382a4     BaseLib:SafeString.obj
 0002:000032ac       ??_C@_0P@BHOOOJPD@?$CICopyLen?5?$CB?$DN?50?$CJ?$AA@ 000382ac     BaseLib:SafeString.obj
 0002:000032bc       ??_C@_0BG@BPGICNPK@?$CICopyLen?5?$DO?5SourceLen?$CJ?$AA@ 000382bc     BaseLib:SafeString.obj
 0002:000032d4       ??_C@_08GNJNNKEE@StrnCatS?$AA@ 000382d4     BaseLib:SafeString.obj
 0002:000032e0       ??_C@_0BJ@MBBOBCLN@?$CIString?5?$CB?$DN?5?$CI?$CIvoid?5?$CK?$CJ?50?$CJ?$CJ?$AA@ 000382e0     BaseLib:SafeString.obj
 0002:000032fc       ??_C@_0BH@JPMEDPAI@?$CIData?5?$CB?$DN?5?$CI?$CIvoid?5?$CK?$CJ?50?$CJ?$CJ?$AA@ 000382fc     BaseLib:SafeString.obj
 0002:00003318       ??_C@_0IC@CFBPEAPC@?$CIStrnLenS?5?$CIString?0?5?$CI_gPcd_FixedA@ 00038318     BaseLib:SafeString.obj
 0002:0000339c       ??_C@_0BA@PLPLKCD@StrHexToUint64S?$AA@ 0003839c     BaseLib:SafeString.obj
 0002:000033ac       ??_C@_0N@OMPODJLB@AsciiStrCpyS?$AA@ 000383ac     BaseLib:SafeString.obj
 0002:000033bc       ??_C@_0DO@LJFOOPII@?$CIDestMax?5?$DM?$DN?5?$CI_gPcd_FixedAtBuild_@ 000383bc     BaseLib:SafeString.obj
 0002:00003400       ??_C@_0FL@CDANCHFO@InternalSafeStringNoAsciiStrOver@ 00038400     BaseLib:SafeString.obj
 0002:0000345c       ??_C@_0O@DIHNCLLG@AsciiStrnCpyS?$AA@ 0003845c     BaseLib:SafeString.obj
 0002:0000346c       ??_C@_0DN@DLAADCJE@?$CILength?5?$DM?$DN?5?$CI_gPcd_FixedAtBuild_P@ 0003846c     BaseLib:SafeString.obj
 0002:000034ac       ??_C@_0BG@ECBHNCII@UnicodeStrToAsciiStrS?$AA@ 000384ac     BaseLib:SafeString.obj
 0002:000034c8       ??_C@_0GH@OGMKEJDK@?$CBInternalSafeStringIsOverlap?5?$CIDe@ 000384c8     BaseLib:SafeString.obj
 0002:00003530       ??_C@_0BA@MFHLDCJH@?$CKSource?5?$DM?50x100?$AA@ 00038530     BaseLib:SafeString.obj
 0002:00003540       ??_C@_0BG@MFINJFHO@AsciiStrToUnicodeStrS?$AA@ 00038540     BaseLib:SafeString.obj
 0002:00003558       ??_C@_0GF@GCLJAOAI@?$CBInternalSafeStringIsOverlap?5?$CIDe@ 00038558     BaseLib:SafeString.obj
 0002:000035c0       ??_C@_0FI@OLEMEIPM@c?3?2users?2mliang2x?2workspace?2ming@ 000385c0     BaseLib:String.obj
 0002:00003618       ??_C@_0DK@EOJCOAME@Length?5?$DM?5_gPcd_FixedAtBuild_PcdM@ 00038618     BaseLib:String.obj
 0002:00003654       ??_C@_0BL@JAAMOCAJ@StrSize?5?$CIFirstString?$CJ?5?$CB?$DN?50?$AA@ 00038654     BaseLib:String.obj
 0002:00003670       ??_C@_0BM@DALBOILC@StrSize?5?$CISecondString?$CJ?5?$CB?$DN?50?$AA@ 00038670     BaseLib:String.obj
 0002:0000368c       ??_C@_0DL@LFIMEMJP@Length?5?$DM?$DN?5_gPcd_FixedAtBuild_Pcd@ 0003868c     BaseLib:String.obj
 0002:000036c8       ??_C@_0BG@KBNOLIGE@StrSize?5?$CIString?$CJ?5?$CB?$DN?50?$AA@ 000386c8     BaseLib:String.obj
 0002:000036e0       ??_C@_0BM@NNBLOHJD@StrSize?5?$CISearchString?$CJ?5?$CB?$DN?50?$AA@ 000386e0     BaseLib:String.obj
 0002:000036fc       ??_C@_0DI@MDIKFADO@Length?5?$DM?5_gPcd_FixedAtBuild_PcdM@ 000386fc     BaseLib:String.obj
 0002:00003734       ??_C@_0BL@IKFBNFIL@AsciiStrSize?5?$CIFirstString?$CJ?$AA@ 00038734     BaseLib:String.obj
 0002:00003750       ??_C@_0BM@EDNOKLLE@AsciiStrSize?5?$CISecondString?$CJ?$AA@ 00038750     BaseLib:String.obj
 0002:0000376c       ??_C@_0DJ@JJHGIFMP@Length?5?$DM?$DN?5_gPcd_FixedAtBuild_Pcd@ 0003876c     BaseLib:String.obj
 0002:000037a8       ??_C@_0BL@OFIBAIAL@AsciiStrSize?5?$CIString?$CJ?5?$CB?$DN?50?$AA@ 000387a8     BaseLib:String.obj
 0002:000037c4       ??_C@_0CB@NAIDGIOA@AsciiStrSize?5?$CISearchString?$CJ?5?$CB?$DN?50@ 000387c4     BaseLib:String.obj
 0002:000037e8       ??_C@_0EJ@KBPJPBK@?$CIOrData?5?$DO?$DO?5?$CIEndBit?5?9?5StartBit?$CJ?$CJ?5@ 000387e8     BaseLib:BitField.obj
 0002:00003838       ??_C@_0FK@GFOCGLOH@c?3?2users?2mliang2x?2workspace?2ming@ 00038838     BaseLib:BitField.obj
 0002:00003898       ??_C@_0EL@FAHAFDHP@?$CIAndData?5?$DO?$DO?5?$CIEndBit?5?9?5StartBit?$CJ?$CJ@ 00038898     BaseLib:BitField.obj
 0002:000038e4       ??_C@_0BD@JDBPFJOM@StartBit?5?$DM?$DN?5EndBit?$AA@ 000388e4     BaseLib:BitField.obj
 0002:000038f8       ??_C@_0M@NJLBHEFK@EndBit?5?$DM?532?$AA@ 000388f8     BaseLib:BitField.obj
 0002:00003904       ??_C@_0M@IJCABBDH@EndBit?5?$DM?564?$AA@ 00038904     BaseLib:BitField.obj
 0002:00003910       ??_C@_0L@MEMPDLHB@Count?5?$DM?564?$AA@ 00038910     BaseLib:LShiftU64.obj
 0002:00003920       ??_C@_0FL@NDMKHDG@c?3?2users?2mliang2x?2workspace?2ming@ 00038920     BaseLib:LShiftU64.obj
 0002:00003980       ??_C@_0FL@JMOEMBON@c?3?2users?2mliang2x?2workspace?2ming@ 00038980     BaseLib:Unaligned.obj
 0002:000039dc       ??_C@_0N@KGHEHMDL@Divisor?5?$CB?$DN?50?$AA@ 000389dc     BaseLib:DivU64x32Remainder.obj
 0002:000039f0       ??_C@_0GE@LHLPIAGN@c?3?2users?2mliang2x?2workspace?2ming@ 000389f0     BaseLib:DivU64x32Remainder.obj
 0002:00003a58       ??_C@_0FL@OIBFJJNE@c?3?2users?2mliang2x?2workspace?2ming@ 00038a58     BaseLib:RShiftU64.obj
 0002:00003ab4       ??_C@_0BF@CBLMFKOC@Node?5?$CB?$DN?5?$CI?$CIvoid?5?$CK?$CJ?50?$CJ?$AA@ 00038ab4     UefiDevicePathLib:DevicePathUtilities.obj
 0002:00003ad0       ??_C@_0GP@HHJAOHCF@c?3?2users?2mliang2x?2workspace?2ming@ 00038ad0     UefiDevicePathLib:DevicePathUtilities.obj
 0002:00003b40       ??_C@_0HF@CMOOABOD@c?3?2users?2mliang2x?2workspace?2ming@ 00038b40     UefiMemoryAllocationLib:MemoryAllocationLib.obj
 0002:00003bb8       ??_C@_0DD@HIGIPKGN@AllocationSize?5?$DM?$DN?5?$CI0xFFFFFFFF?5?9?5@ 00038bb8     UefiMemoryAllocationLib:MemoryAllocationLib.obj
 0002:00003bec       ??_C@_0BN@COECPDCC@gImageHandle?5?$CB?$DN?5?$CI?$CIvoid?5?$CK?$CJ?50?$CJ?$AA@ 00038bec     UefiBootServicesTableLib:UefiBootServicesTableLib.obj
 0002:00003c10       ??_C@_0HL@PJCLKHFF@c?3?2users?2mliang2x?2workspace?2ming@ 00038c10     UefiBootServicesTableLib:UefiBootServicesTableLib.obj
 0002:00003c8c       ??_C@_0BE@DGNHAHIL@gST?5?$CB?$DN?5?$CI?$CIvoid?5?$CK?$CJ?50?$CJ?$AA@ 00038c8c     UefiBootServicesTableLib:UefiBootServicesTableLib.obj
 0002:00003ca0       ??_C@_0BE@BDFJLGLN@gBS?5?$CB?$DN?5?$CI?$CIvoid?5?$CK?$CJ?50?$CJ?$AA@ 00038ca0     UefiBootServicesTableLib:UefiBootServicesTableLib.obj
 0002:00003cb4       ??_C@_0BE@OBDFIHND@gRT?5?$CB?$DN?5?$CI?$CIvoid?5?$CK?$CJ?50?$CJ?$AA@ 00038cb4     UefiRuntimeServicesTableLib:UefiRuntimeServicesTableLib.obj
 0002:00003cc8       ??_C@_0IB@BKMJEAIL@c?3?2users?2mliang2x?2workspace?2ming@ 00038cc8     UefiRuntimeServicesTableLib:UefiRuntimeServicesTableLib.obj
 0002:00003d50       ??_C@_0FJ@INLOALCK@c?3?2users?2mliang2x?2workspace?2ming@ 00038d50     UefiLib:UefiLib.obj
 0002:00003dac       ??_C@_0BF@JGGLMCFN@Lock?5?$CB?$DN?5?$CI?$CIvoid?5?$CK?$CJ?50?$CJ?$AA@ 00038dac     UefiLib:UefiLib.obj
 0002:00003dc4       ??_C@_0BO@IJOPPPFL@Lock?9?$DOLock?5?$DN?$DN?5EfiLockReleased?$AA@ 00038dc4     UefiLib:UefiLib.obj
 0002:00003de4       ??_C@_0BO@FHNOFLFJ@Lock?9?$DOLock?5?$DN?$DN?5EfiLockAcquired?$AA@ 00038de4     UefiLib:UefiLib.obj
 0002:00003e08       ??_C@_0EG@GOBFPEEP@Name?5?$CB?$DN?5?$CI?$CIvoid?5?$CK?$CJ?50?$CJ?5?$CG?$CG?5Guid?5?$CB?$DN?5@ 00038e08     UefiLib:UefiLib.obj
 0002:00003e50       ??_C@_0BH@FMEOEIBC@?$CKValue?5?$CB?$DN?5?$CI?$CIvoid?5?$CK?$CJ?50?$CJ?$AA@ 00038e50     UefiLib:UefiLib.obj
 0002:00003e68       ??_C@_0CD@OLFKAJF@SupportedLanguages?5?$CB?$DN?5?$CI?$CIvoid?5?$CK?$CJ?5@ 00038e68     UefiLib:UefiLib.obj
 0002:00003e90       ??_C@_0FO@PEDJAENL@c?3?2users?2mliang2x?2workspace?2ming@ 00038e90     UefiLib:UefiNotTiano.obj
 0002:00003ef0       ??_C@_0CB@LNNMJOKK@ReadyToBootEvent?5?$CB?$DN?5?$CI?$CIvoid?5?$CK?$CJ?50?$CJ@ 00038ef0     UefiLib:UefiNotTiano.obj
 0002:00003f14       ??_C@_0CH@LOBIJKLE@EFI1?41?5can?8t?5support?5ReadyToBoot@ 00038f14     UefiLib:UefiNotTiano.obj
 0002:00003f40       ??_C@_0HK@HMGLMJLF@c?3?2users?2mliang2x?2workspace?2ming@ 00038f40     DxeReportStatusCodeLib:ReportStatusCodeLib.obj
 0002:00003fbc       ??_C@_0DN@HHIHPHHB@?$CB?$CI?$CIExtendedData?5?$DN?$DN?5?$CI?$CIvoid?5?$CK?$CJ?50?$CJ?$CJ@ 00038fbc     DxeReportStatusCodeLib:ReportStatusCodeLib.obj
 0002:00003ffc       ??_C@_0DN@BBBIFINB@?$CB?$CI?$CIExtendedData?5?$CB?$DN?5?$CI?$CIvoid?5?$CK?$CJ?50?$CJ?$CJ@ 00038ffc     DxeReportStatusCodeLib:ReportStatusCodeLib.obj
 0003:00000000       _gEfiLoadedImageProtocolGuid 0003a000     HiiDatabase:AutoGen.obj
 0003:00000010       _gEfiStatusCodeSpecificDataGuid 0003a010     HiiDatabase:AutoGen.obj
 0003:00000020       _gEfiGlobalVariableGuid    0003a020     HiiDatabase:AutoGen.obj
 0003:00000030       _gEfiStatusCodeRuntimeProtocolGuid 0003a030     HiiDatabase:AutoGen.obj
 0003:00000040       _gEfiEventReadyToBootGuid  0003a040     HiiDatabase:AutoGen.obj
 0003:00000050       _gEfiHiiImageDecoderNamePngGuid 0003a050     HiiDatabase:AutoGen.obj
 0003:00000060       _gEfiConfigKeywordHandlerProtocolGuid 0003a060     HiiDatabase:AutoGen.obj
 0003:00000070       _gEfiHiiImageExProtocolGuid 0003a070     HiiDatabase:AutoGen.obj
 0003:00000080       _gEfiGetPcdInfoProtocolGuid 0003a080     HiiDatabase:AutoGen.obj
 0003:00000090       _gEfiDevicePathProtocolGuid 0003a090     HiiDatabase:AutoGen.obj
 0003:000000a0       _gEfiCallerBaseName        0003a0a0     HiiDatabase:AutoGen.obj
 0003:000000a4       _gEfiHiiConfigRoutingProtocolGuid 0003a0a4     HiiDatabase:AutoGen.obj
 0003:000000b4       _gEfiPcdProtocolGuid       0003a0b4     HiiDatabase:AutoGen.obj
 0003:000000c4       _gEfiStatusCodeDataTypeDebugGuid 0003a0c4     HiiDatabase:AutoGen.obj
 0003:000000d4       _gEfiHiiImageProtocolGuid  0003a0d4     HiiDatabase:AutoGen.obj
 0003:000000e4       _gEfiHiiDatabaseProtocolGuid 0003a0e4     HiiDatabase:AutoGen.obj
 0003:000000f4       _gEfiHiiStringProtocolGuid 0003a0f4     HiiDatabase:AutoGen.obj
 0003:00000104       _gEfiHiiKeyBoardLayoutGuid 0003a104     HiiDatabase:AutoGen.obj
 0003:00000114       _gEfiMdeModulePkgTokenSpaceGuid 0003a114     HiiDatabase:AutoGen.obj
 0003:00000124       _gEfiHiiConfigAccessProtocolGuid 0003a124     HiiDatabase:AutoGen.obj
 0003:00000134       _gEfiHiiImageDecoderProtocolGuid 0003a134     HiiDatabase:AutoGen.obj
 0003:00000144       _gEfiHiiImageDecoderNameJpegGuid 0003a144     HiiDatabase:AutoGen.obj
 0003:00000154       _gEdkiiIfrBitVarstoreGuid  0003a154     HiiDatabase:AutoGen.obj
 0003:00000164       _gEfiCallerIdGuid          0003a164     HiiDatabase:AutoGen.obj
 0003:00000174       _gEfiHiiFontProtocolGuid   0003a174     HiiDatabase:AutoGen.obj
 0003:00000188       _mPrivate                  0003a188     HiiDatabase:HiiDatabaseEntry.obj
 0003:00000264       _mLanguageWindow           0003a264     HiiDatabase:String.obj
 0003:00000288       _mHiiEfiColors             0003a288     HiiDatabase:Font.obj
 0003:000002c8       _mHiiDatabaseLock          0003a2c8     HiiDatabase:Database.obj
 0003:000002d8       _gSkuId                    0003a2d8     HiiDatabase:Database.obj
 0003:000002e0       _gVarStorageList           0003a2e0     HiiDatabase:Database.obj
 0003:000002e8       _gExportAfterReadyToBoot   0003a2e8     HiiDatabase:HiiDatabaseEntry.obj
 0003:000002ec       _gRTDatabaseInfoBuffer     0003a2ec     HiiDatabase:Database.obj
 0003:000002f0       _gDatabaseInfoSize         0003a2f0     HiiDatabase:Database.obj
 0003:000002f4       _gNvDefaultStoreSize       0003a2f4     HiiDatabase:Database.obj
 0003:000002f8       _gConfigRespSize           0003a2f8     HiiDatabase:Database.obj
 0003:000002fc       _gExportConfigResp         0003a2fc     HiiDatabase:Database.obj
 0003:00000300       _gRTConfigRespBuffer       0003a300     HiiDatabase:Database.obj
 0003:00000304       _mPiPcdInfo                0003a304     DxePcdLib:DxePcdLib.obj
 0003:00000308       _mPiPcd                    0003a308     DxePcdLib:DxePcdLib.obj
 0003:0000030c       _gST                       0003a30c     UefiBootServicesTableLib:UefiBootServicesTableLib.obj
 0003:00000310       _gBS                       0003a310     UefiBootServicesTableLib:UefiBootServicesTableLib.obj
 0003:00000314       _gImageHandle              0003a314     UefiBootServicesTableLib:UefiBootServicesTableLib.obj
 0003:00000318       _gRT                       0003a318     UefiRuntimeServicesTableLib:UefiRuntimeServicesTableLib.obj
 0003:0000031c       _mReportStatusCodeLibStatusCodeProtocol 0003a31c     DxeReportStatusCodeLib:ReportStatusCodeLib.obj
 0003:00000320       _gHiiKeyboardLayoutChanged 0003a320     <common>

 entry point at        0001:00000040

 Static symbols

 0000:fffd2000       .debug$S                   00010000     HiiDatabase.exp
 0001:00002eb4       $LN24                      00013eb4     HiiDatabase:ConfigRouting.obj
 0001:00002ec8       $LN23                      00013ec8     HiiDatabase:ConfigRouting.obj
 0001:00004370       $LN192                     00015370     HiiDatabase:ConfigRouting.obj
 0001:000043b8       $LN191                     000153b8     HiiDatabase:ConfigRouting.obj
 0001:00004418       $LN193                     00015418     HiiDatabase:ConfigRouting.obj
 0001:000091b8       $LN113                     0001a1b8     HiiDatabase:String.obj
 0001:000091f4       $LN112                     0001a1f4     HiiDatabase:String.obj
 0001:000093b0       $LN30                      0001a3b0     HiiDatabase:String.obj
 0001:000093b8       $LN28                      0001a3b8     HiiDatabase:String.obj
 0001:000093c0       $LN31                      0001a3c0     HiiDatabase:String.obj
 0001:000093c8       $LN29                      0001a3c8     HiiDatabase:String.obj
 0001:00009cd4       $LN43                      0001acd4     HiiDatabase:String.obj
 0001:00009cdc       $LN41                      0001acdc     HiiDatabase:String.obj
 0001:00009ce4       $LN44                      0001ace4     HiiDatabase:String.obj
 0001:00009cec       $LN42                      0001acec     HiiDatabase:String.obj
 0001:0000c62c       $LN69                      0001d62c     HiiDatabase:Font.obj
 0001:0000c65c       $LN68                      0001d65c     HiiDatabase:Font.obj
 0001:0000d2f8       $LN15                      0001e2f8     HiiDatabase:Font.obj
 0001:0000d308       $LN13                      0001e308     HiiDatabase:Font.obj
 0001:0000d3a0       $LN16                      0001e3a0     HiiDatabase:Font.obj
 0001:0000d3b8       $LN14                      0001e3b8     HiiDatabase:Font.obj
 0001:0000f800       $LN39                      00020800     HiiDatabase:ImageEx.obj
 0001:0000f80c       $LN38                      0002080c     HiiDatabase:ImageEx.obj
 0001:0000fbd0       $LN48                      00020bd0     HiiDatabase:Image.obj
 0001:0000fc04       $LN47                      00020c04     HiiDatabase:Image.obj
 0001:00010ee4       $LN57                      00021ee4     HiiDatabase:Image.obj
 0001:000113b8       $LN25                      000223b8     HiiDatabase:Image.obj
 0001:000122e0       $LN49                      000232e0     HiiDatabase:ConfigKeywordHandler.obj
 0001:000125d8       $LN46                      000235d8     HiiDatabase:ConfigKeywordHandler.obj
 0001:000125f0       $LN45                      000235f0     HiiDatabase:ConfigKeywordHandler.obj
 0001:00012650       $LN47                      00023650     HiiDatabase:ConfigKeywordHandler.obj
 0001:00012f54       $LN82                      00023f54     HiiDatabase:ConfigKeywordHandler.obj
 0001:00012f90       $LN81                      00023f90     HiiDatabase:ConfigKeywordHandler.obj
 0001:000136e4       $LN74                      000246e4     HiiDatabase:ConfigKeywordHandler.obj
 0001:00013720       $LN73                      00024720     HiiDatabase:ConfigKeywordHandler.obj
 0001:00013d54       $LN54                      00024d54     HiiDatabase:ConfigKeywordHandler.obj
 0001:00013d78       $LN53                      00024d78     HiiDatabase:ConfigKeywordHandler.obj
 0001:00013d98       $LN55                      00024d98     HiiDatabase:ConfigKeywordHandler.obj
 0001:00013da8       $LN56                      00024da8     HiiDatabase:ConfigKeywordHandler.obj
 0001:000164b8       $LN53                      000274b8     HiiDatabase:Database.obj
 0001:000175e0       $LN88                      000285e0     HiiDatabase:Database.obj
 0001:00017610       $LN87                      00028610     HiiDatabase:Database.obj
 0001:00019d60       $LN32                      0002ad60     HiiDatabase:Database.obj
 0001:0001ade8       $LN29                      0002bde8     HiiDatabase:Database.obj
 0001:0001b0fc       $LN45                      0002c0fc     HiiDatabase:Database.obj
 0001:0001d768       $LN237                     0002e768     BasePrintLib:PrintLibInternal.obj
 0001:0001d794       $LN233                     0002e794     BasePrintLib:PrintLibInternal.obj
 0001:0001d804       $LN238                     0002e804     BasePrintLib:PrintLibInternal.obj
 0001:0001d83c       $LN234                     0002e83c     BasePrintLib:PrintLibInternal.obj
 0004:00000000       .edata                     0003b000     HiiDatabase.exp
 0004:00000028       rgpv                       0003b028     HiiDatabase.exp
 0004:0000002c       rgszName                   0003b02c     HiiDatabase.exp
 0004:00000030       rgwOrd                     0003b030     HiiDatabase.exp
 0004:00000032       szName                     0003b032     HiiDatabase.exp
 0004:00000042       $N00001                    0003b042     HiiDatabase.exp
