 ScsiBus

 Timestamp is 65376f81 (Tue Oct 24 15:17:21 2023)

 Preferred load address is 00010000

 Start         Length     Name                   Class
 0001:00000000 00004bbcH .text$mn                CODE
 0002:00000000 00000f14H .rdata                  DATA
 0002:00000f14 0000013cH .rdata$zzzdbg           DATA
 0003:00000000 00000104H .data                   DATA
 0003:00000104 00000018H .bss                    DATA
 0004:00000000 0000004fH .edata                  DATA

  Address         Publics by Value              Rva+Base       Lib:Object

 0000:00000000       ___guard_fids_count        00000000     <absolute>
 0000:00000000       ___guard_longjmp_count     00000000     <absolute>
 0000:00000000       ___guard_fids_table        00000000     <absolute>
 0000:00000000       ___guard_flags             00000000     <absolute>
 0000:00000000       ___guard_longjmp_table     00000000     <absolute>
 0000:00000000       ___dynamic_value_reloc_table 00000000     <absolute>
 0000:00000000       ___guard_iat_table         00000000     <absolute>
 0000:00000000       ___guard_iat_count         00000000     <absolute>
 0001:00000000       __DriverUnloadHandler      00011000 f   UefiDriverEntryPoint:DriverEntryPoint.obj
 0001:00000040       __ModuleEntryPoint         00011040 f   UefiDriverEntryPoint:DriverEntryPoint.obj
 0001:00000150       _ProcessLibraryConstructorList 00011150 f   ScsiBus:AutoGen.obj
 0001:000002e0       _ProcessLibraryDestructorList 000112e0 f   ScsiBus:AutoGen.obj
 0001:000002f0       _ProcessModuleEntryPointList 000112f0 f   ScsiBus:AutoGen.obj
 0001:00000310       _ProcessModuleUnloadList   00011310 f   ScsiBus:AutoGen.obj
 0001:00000310       _UefiLibConstructor        00011310 f   UefiLib:UefiLib.obj
 0001:00000320       _AllocateAlignedBuffer     00011320 f   ScsiBus:ScsiBus.obj
 0001:00000360       _FreeAlignedBuffer         00011360 f   ScsiBus:ScsiBus.obj
 0001:000003a0       _InitializeScsiBus         000113a0 f   ScsiBus:ScsiBus.obj
 0001:00000440       _SCSIBusDriverBindingSupported 00011440 f   ScsiBus:ScsiBus.obj
 0001:00000600       _SCSIBusDriverBindingStart 00011600 f   ScsiBus:ScsiBus.obj
 0001:00000bc0       _SCSIBusDriverBindingStop  00011bc0 f   ScsiBus:ScsiBus.obj
 0001:00000f10       _ScsiGetDeviceType         00011f10 f   ScsiBus:ScsiBus.obj
 0001:00000f80       _ScsiGetDeviceLocation     00011f80 f   ScsiBus:ScsiBus.obj
 0001:00001010       _ScsiResetBus              00012010 f   ScsiBus:ScsiBus.obj
 0001:00001140       _ScsiResetDevice           00012140 f   ScsiBus:ScsiBus.obj
 0001:000012b0       _ScsiExecuteSCSICommand    000122b0 f   ScsiBus:ScsiBus.obj
 0001:00001590       _ScsiScanCreateDevice      00012590 f   ScsiBus:ScsiBus.obj
 0001:00001930       _DiscoverScsiDevice        00012930 f   ScsiBus:ScsiBus.obj
 0001:00001b50       _ScsiioToPassThruPacket    00012b50 f   ScsiBus:ScsiBus.obj
 0001:00001c30       _PassThruToScsiioPacket    00012c30 f   ScsiBus:ScsiBus.obj
 0001:00001cf0       _NotifyFunction            00012cf0 f   ScsiBus:ScsiBus.obj
 0001:00001d60       _ScsiBusComponentNameGetDriverName 00012d60 f   ScsiBus:ComponentName.obj
 0001:00001da0       _ScsiBusComponentNameGetControllerName 00012da0 f   ScsiBus:ComponentName.obj
 0001:00001db0       _MultU64x32                00012db0 f   BaseLib:MultU64x32.obj
 0001:00001de0       _InternalMathMultU64x32    00012de0 f   BaseLib:MultU64x32.obj
 0001:00001e00       _InternalGetReportStatusCode 00012e00 f   DxeReportStatusCodeLib:ReportStatusCodeLib.obj
 0001:00001e60       _InternalReportStatusCode  00012e60 f   DxeReportStatusCodeLib:ReportStatusCodeLib.obj
 0001:00001ef0       _ReportStatusCodeWithDevicePath 00012ef0 f   DxeReportStatusCodeLib:ReportStatusCodeLib.obj
 0001:00001f50       _ReportStatusCodeWithExtendedData 00012f50 f   DxeReportStatusCodeLib:ReportStatusCodeLib.obj
 0001:00001fd0       _ReportStatusCodeEx        00012fd0 f   DxeReportStatusCodeLib:ReportStatusCodeLib.obj
 0001:00002190       _ReportProgressCodeEnabled 00013190 f   DxeReportStatusCodeLib:ReportStatusCodeLib.obj
 0001:000021c0       _ReportErrorCodeEnabled    000131c0 f   DxeReportStatusCodeLib:ReportStatusCodeLib.obj
 0001:000021f0       _ReportDebugCodeEnabled    000131f0 f   DxeReportStatusCodeLib:ReportStatusCodeLib.obj
 0001:00002220       _InternalAllocateAlignedPages 00013220 f   UefiMemoryAllocationLib:MemoryAllocationLib.obj
 0001:000024b0       _AllocateAlignedPages      000134b0 f   UefiMemoryAllocationLib:MemoryAllocationLib.obj
 0001:000024d0       _FreeAlignedPages          000134d0 f   UefiMemoryAllocationLib:MemoryAllocationLib.obj
 0001:00002590       _InternalAllocatePool      00013590 f   UefiMemoryAllocationLib:MemoryAllocationLib.obj
 0001:000025d0       _AllocatePool              000135d0 f   UefiMemoryAllocationLib:MemoryAllocationLib.obj
 0001:000025f0       _InternalAllocateZeroPool  000135f0 f   UefiMemoryAllocationLib:MemoryAllocationLib.obj
 0001:00002630       _AllocateZeroPool          00013630 f   UefiMemoryAllocationLib:MemoryAllocationLib.obj
 0001:00002650       _InternalAllocateCopyPool  00013650 f   UefiMemoryAllocationLib:MemoryAllocationLib.obj
 0001:000026f0       _AllocateCopyPool          000136f0 f   UefiMemoryAllocationLib:MemoryAllocationLib.obj
 0001:00002710       _FreePool                  00013710 f   UefiMemoryAllocationLib:MemoryAllocationLib.obj
 0001:000027a0       _DebugPrint                000137a0 f   PeiDxeDebugLibReportStatusCode:DebugLib.obj
 0001:000027d0       _DebugPrintMarker          000137d0 f   PeiDxeDebugLibReportStatusCode:DebugLib.obj
 0001:00002cb0       _DebugVPrint               00013cb0 f   PeiDxeDebugLibReportStatusCode:DebugLib.obj
 0001:00002cd0       _DebugAssert               00013cd0 f   PeiDxeDebugLibReportStatusCode:DebugLib.obj
 0001:00002f30       _DebugAssertEnabled        00013f30 f   PeiDxeDebugLibReportStatusCode:DebugLib.obj
 0001:00002f60       _DebugPrintEnabled         00013f60 f   PeiDxeDebugLibReportStatusCode:DebugLib.obj
 0001:00002f90       _DebugPrintLevelEnabled    00013f90 f   PeiDxeDebugLibReportStatusCode:DebugLib.obj
 0001:00002fb0       _CopyMem                   00013fb0 f   BaseMemoryLib:CopyMemWrapper.obj
 0001:00003050       _ZeroMem                   00014050 f   BaseMemoryLib:ZeroMemWrapper.obj
 0001:000030d0       _SetMem                    000140d0 f   BaseMemoryLib:SetMemWrapper.obj
 0001:00003130       _CopyGuid                  00014130 f   BaseMemoryLib:MemLibGuid.obj
 0001:00003180       _InternalMemCopyMem        00014180 f   BaseMemoryLib:CopyMem.obj
 0001:000034f0       _InternalMemZeroMem        000144f0 f   BaseMemoryLib:MemLibGeneric.obj
 0001:00003510       _InternalMemSetMem         00014510 f   BaseMemoryLib:SetMem.obj
 0001:00003630       _IsDevicePathValid         00014630 f   UefiDevicePathLib:DevicePathUtilities.obj
 0001:00003760       _DevicePathType            00014760 f   UefiDevicePathLib:DevicePathUtilities.obj
 0001:000037a0       _DevicePathSubType         000147a0 f   UefiDevicePathLib:DevicePathUtilities.obj
 0001:000037e0       _DevicePathNodeLength      000147e0 f   UefiDevicePathLib:DevicePathUtilities.obj
 0001:00003830       _NextDevicePathNode        00014830 f   UefiDevicePathLib:DevicePathUtilities.obj
 0001:00003880       _IsDevicePathEndType       00014880 f   UefiDevicePathLib:DevicePathUtilities.obj
 0001:000038e0       _IsDevicePathEnd           000148e0 f   UefiDevicePathLib:DevicePathUtilities.obj
 0001:00003950       _SetDevicePathEndNode      00014950 f   UefiDevicePathLib:DevicePathUtilities.obj
 0001:000039a0       _UefiDevicePathLibGetDevicePathSize 000149a0 f   UefiDevicePathLib:DevicePathUtilities.obj
 0001:00003a10       _UefiDevicePathLibDuplicateDevicePath 00014a10 f   UefiDevicePathLib:DevicePathUtilities.obj
 0001:00003a50       _UefiDevicePathLibAppendDevicePath 00014a50 f   UefiDevicePathLib:DevicePathUtilities.obj
 0001:00003b50       _UefiDevicePathLibAppendDevicePathNode 00014b50 f   UefiDevicePathLib:DevicePathUtilities.obj
 0001:00003c10       _GetDevicePathSize         00014c10 f   UefiDevicePathLib:UefiDevicePathLib.obj
 0001:00003c30       _DuplicateDevicePath       00014c30 f   UefiDevicePathLib:UefiDevicePathLib.obj
 0001:00003c50       _AppendDevicePath          00014c50 f   UefiDevicePathLib:UefiDevicePathLib.obj
 0001:00003c70       _AppendDevicePathNode      00014c70 f   UefiDevicePathLib:UefiDevicePathLib.obj
 0001:00003c90       _UefiBootServicesTableLibConstructor 00014c90 f   UefiBootServicesTableLib:UefiBootServicesTableLib.obj
 0001:00003d40       _UefiRuntimeServicesTableLibConstructor 00014d40 f   UefiRuntimeServicesTableLib:UefiRuntimeServicesTableLib.obj
 0001:00003d80       _ScsiInquiryCommandEx      00014d80 f   UefiScsiLib:UefiScsiLib.obj
 0001:00003f60       _ScsiInquiryCommand        00014f60 f   UefiScsiLib:UefiScsiLib.obj
 0001:00003fa0       _CompareIso639LanguageCode 00014fa0 f   UefiLib:UefiLib.obj
 0001:00003fe0       _IsLanguageSupported       00014fe0 f   UefiLib:UefiLib.obj
 0001:00004090       _LookupUnicodeString2      00015090 f   UefiLib:UefiLib.obj
 0001:00004210       _EfiLibInstallDriverBindingComponentName2 00015210 f   UefiLib:UefiDriverModel.obj
 0001:000043c0       _GetDebugPrintErrorLevel   000153c0 f   BaseDebugPrintErrorLevelLib:BaseDebugPrintErrorLevelLib.obj
 0001:000043d0       _AsciiStrLen               000153d0 f   BaseLib:String.obj
 0001:00004470       _AsciiStrSize              00015470 f   BaseLib:String.obj
 0001:00004490       _AsciiStrnCmp              00015490 f   BaseLib:String.obj
 0001:000045a0       _InternalSafeStringIsOverlap 000155a0 f   BaseLib:SafeString.obj
 0001:000045e0       _InternalSafeStringNoAsciiStrOverlap 000155e0 f   BaseLib:SafeString.obj
 0001:00004620       _AsciiStrnLenS             00015620 f   BaseLib:SafeString.obj
 0001:00004670       _AsciiStrnCpyS             00015670 f   BaseLib:SafeString.obj
 0001:00004a00       _CpuBreakpoint             00015a00 f   BaseLib:CpuBreakpoint.obj
 0001:00004a10       _CpuDeadLoop               00015a10 f   BaseLib:CpuDeadLoop.obj
 0001:00004a30       _ReadUnaligned16           00015a30 f   BaseLib:Unaligned.obj
 0001:00004a70       _ReadUnaligned24           00015a70 f   BaseLib:Unaligned.obj
 0001:00004ab0       _ReadUnaligned64           00015ab0 f   BaseLib:Unaligned.obj
 0001:00004af0       _WriteUnaligned64          00015af0 f   BaseLib:Unaligned.obj
 0001:00004b40       _LShiftU64                 00015b40 f   BaseLib:LShiftU64.obj
 0001:00004b90       _CpuPause                  00015b90 f   BaseLib:CpuPause.obj
 0001:00004ba0       _InternalMathLShiftU64     00015ba0 f   BaseLib:LShiftU64.obj
 0002:00000000       ??_C@_0CB@DMEJJJHA@?6ASSERT_EFI_ERROR?5?$CIStatus?5?$DN?5?$CFr?$CJ?6@ 00016000     UefiDriverEntryPoint:DriverEntryPoint.obj
 0002:00000024       ??_C@_0CH@BBNBJKHK@?$CB?$CI?$CI?$CIINTN?$CJ?$CIRETURN_STATUS?$CJ?$CIStatus?$CJ@ 00016024     UefiDriverEntryPoint:DriverEntryPoint.obj
 0002:00000050       ??_C@_0GP@GHNHPFLI@c?3?2users?2mliang2x?2workspace?2ming@ 00016050     UefiDriverEntryPoint:DriverEntryPoint.obj
 0002:000000c0       ??_C@_07IFILPIKA@ScsiBus?$AA@ 000160c0     ScsiBus:AutoGen.obj
 0002:000000c8       ??_C@_0JM@IJIPCIC@c?3?2users?2mliang2x?2workspace?2ming@ 000160c8     ScsiBus:AutoGen.obj
 0002:00000164       __gPcd_FixedAtBuild_PcdReportStatusCodePropertyMask 00016164     ScsiBus:AutoGen.obj
 0002:00000168       __gUefiDriverRevision      00016168     ScsiBus:AutoGen.obj
 0002:00000168       __gPcd_FixedAtBuild_PcdMaximumDevicePathNodeCount 00016168     ScsiBus:AutoGen.obj
 0002:0000016c       __gPcd_FixedAtBuild_PcdDebugPrintErrorLevel 0001616c     ScsiBus:AutoGen.obj
 0002:00000170       __gPcd_FixedAtBuild_PcdFixedDebugPrintErrorLevel 00016170     ScsiBus:AutoGen.obj
 0002:00000174       __gPcd_FixedAtBuild_PcdComponentName2Disable 00016174     ScsiBus:AutoGen.obj
 0002:00000174       __gDriverUnloadImageCount  00016174     ScsiBus:AutoGen.obj
 0002:00000174       __gPcd_FixedAtBuild_PcdComponentNameDisable 00016174     ScsiBus:AutoGen.obj
 0002:00000178       __gPcd_FixedAtBuild_PcdMaximumAsciiStringLength 00016178     ScsiBus:AutoGen.obj
 0002:0000017c       __gPcd_FixedAtBuild_PcdDebugPropertyMask 0001617c     ScsiBus:AutoGen.obj
 0002:00000180       ??_C@_0GD@CAADEJFI@c?3?2users?2mliang2x?2workspace?2ming@ 00016180     ScsiBus:ScsiBus.obj
 0002:000001e4       ??_C@_0BF@NDBIKIKC@CR?5has?5Bad?5Signature?$AA@ 000161e4     ScsiBus:ScsiBus.obj
 0002:000001fc       ??_C@_03LKLGDMJI@eng?$AA@  000161fc     ScsiBus:ComponentName.obj
 0002:00000200       ??_C@_02LFNMGJAP@en?$AA@   00016200     ScsiBus:ComponentName.obj
 0002:00000204       ??_C@_06DALJLGPG@eng?$DLen?$AA@ 00016204     ScsiBus:ComponentName.obj
 0002:0000020c       ??_C@_1CA@JNFBFCNB@?$AAS?$AAC?$AAS?$AAI?$AA?5?$AAB?$AAu?$AAs?$AA?5?$AAD?$AAr?$AAi?$AAv?$AAe?$AAr?$AA?$AA@ 0001620c     ScsiBus:ComponentName.obj
 0002:00000230       ??_C@_0HK@HMGLMJLF@c?3?2users?2mliang2x?2workspace?2ming@ 00016230     DxeReportStatusCodeLib:ReportStatusCodeLib.obj
 0002:000002ac       ??_C@_0BH@LKMBFCBF@Format?5?$CB?$DN?5?$CI?$CIvoid?5?$CK?$CJ?50?$CJ?$AA@ 000162ac     DxeReportStatusCodeLib:ReportStatusCodeLib.obj
 0002:000002c4       ??_C@_0BL@JFODOCGB@DevicePath?5?$CB?$DN?5?$CI?$CIvoid?5?$CK?$CJ?50?$CJ?$AA@ 000162c4     DxeReportStatusCodeLib:ReportStatusCodeLib.obj
 0002:000002e0       ??_C@_0BN@HMHGLLOO@ExtendedData?5?$CB?$DN?5?$CI?$CIvoid?5?$CK?$CJ?50?$CJ?$AA@ 000162e0     DxeReportStatusCodeLib:ReportStatusCodeLib.obj
 0002:00000300       ??_C@_0BG@BPIKKLEE@ExtendedDataSize?5?$CB?$DN?50?$AA@ 00016300     DxeReportStatusCodeLib:ReportStatusCodeLib.obj
 0002:00000318       ??_C@_0DN@HHIHPHHB@?$CB?$CI?$CIExtendedData?5?$DN?$DN?5?$CI?$CIvoid?5?$CK?$CJ?50?$CJ?$CJ@ 00016318     DxeReportStatusCodeLib:ReportStatusCodeLib.obj
 0002:00000358       ??_C@_0DN@BBBIFINB@?$CB?$CI?$CIExtendedData?5?$CB?$DN?5?$CI?$CIvoid?5?$CK?$CJ?50?$CJ?$CJ@ 00016358     DxeReportStatusCodeLib:ReportStatusCodeLib.obj
 0002:00000398       ??_C@_0L@LBCNCHJA@Pages?5?$CB?$DN?50?$AA@ 00016398     UefiMemoryAllocationLib:MemoryAllocationLib.obj
 0002:000003a8       ??_C@_0HF@CMOOABOD@c?3?2users?2mliang2x?2workspace?2ming@ 000163a8     UefiMemoryAllocationLib:MemoryAllocationLib.obj
 0002:00000420       ??_C@_0CD@GECBLADO@?$CIAlignment?5?$CG?5?$CIAlignment?5?9?51?$CJ?$CJ?5?$DN?$DN@ 00016420     UefiMemoryAllocationLib:MemoryAllocationLib.obj
 0002:00000444       ??_C@_0BC@BDMGDFME@RealPages?5?$DO?5Pages?$AA@ 00016444     UefiMemoryAllocationLib:MemoryAllocationLib.obj
 0002:00000458       ??_C@_0BH@IACGKAP@Buffer?5?$CB?$DN?5?$CI?$CIvoid?5?$CK?$CJ?50?$CJ?$AA@ 00016458     UefiMemoryAllocationLib:MemoryAllocationLib.obj
 0002:00000470       ??_C@_0DD@HIGIPKGN@AllocationSize?5?$DM?$DN?5?$CI0xFFFFFFFF?5?9?5@ 00016470     UefiMemoryAllocationLib:MemoryAllocationLib.obj
 0002:000004a8       ??_C@_0HH@BLJPNBBN@c?3?2users?2mliang2x?2workspace?2ming@ 000164a8     PeiDxeDebugLibReportStatusCode:DebugLib.obj
 0002:00000520       ??_C@_0CP@EFCGCEBK@?$CICHAR8?5?$CK?$CJBaseListMarkerPointer?5?$DM@ 00016520     PeiDxeDebugLibReportStatusCode:DebugLib.obj
 0002:00000550       ??_C@_01OHGJGJJP@?$FL?$AA@ 00016550     PeiDxeDebugLibReportStatusCode:DebugLib.obj
 0002:00000554       ??_C@_02PBFOLPKM@?$FN?5?$AA@ 00016554     PeiDxeDebugLibReportStatusCode:DebugLib.obj
 0002:00000558       ??_C@_0DI@PHOMHDKH@?$CILength?5?9?51?$CJ?5?$DM?$DN?5?$CI0xFFFFFFFF?5?9?5?$CIU@ 00016558     BaseMemoryLib:CopyMemWrapper.obj
 0002:00000590       ??_C@_0GG@HCOKHFCC@c?3?2users?2mliang2x?2workspace?2ming@ 00016590     BaseMemoryLib:CopyMemWrapper.obj
 0002:000005f8       ??_C@_0DD@DCDOHCDJ@?$CILength?5?9?51?$CJ?5?$DM?$DN?5?$CI0xFFFFFFFF?5?9?5?$CIU@ 000165f8     BaseMemoryLib:CopyMemWrapper.obj
 0002:00000630       ??_C@_0GG@MGEIBEOF@c?3?2users?2mliang2x?2workspace?2ming@ 00016630     BaseMemoryLib:ZeroMemWrapper.obj
 0002:00000698       ??_C@_0CL@OBMFBPED@Length?5?$DM?$DN?5?$CI0xFFFFFFFF?5?9?5?$CIUINTN?$CJB@ 00016698     BaseMemoryLib:ZeroMemWrapper.obj
 0002:000006c4       ??_C@_0CN@BPIPMCPJ@?$CILength?5?9?51?$CJ?5?$DM?$DN?5?$CI0xFFFFFFFF?5?9?5?$CIU@ 000166c4     BaseMemoryLib:SetMemWrapper.obj
 0002:000006f8       ??_C@_0GF@DIGHFKK@c?3?2users?2mliang2x?2workspace?2ming@ 000166f8     BaseMemoryLib:SetMemWrapper.obj
 0002:00000760       ??_C@_0BF@CBLMFKOC@Node?5?$CB?$DN?5?$CI?$CIvoid?5?$CK?$CJ?50?$CJ?$AA@ 00016760     UefiDevicePathLib:DevicePathUtilities.obj
 0002:00000778       ??_C@_0GP@HHJAOHCF@c?3?2users?2mliang2x?2workspace?2ming@ 00016778     UefiDevicePathLib:DevicePathUtilities.obj
 0002:000007e8       _mUefiDevicePathLibEndDevicePath 000167e8     UefiDevicePathLib:DevicePathUtilities.obj
 0002:000007ec       ??_C@_0BN@COECPDCC@gImageHandle?5?$CB?$DN?5?$CI?$CIvoid?5?$CK?$CJ?50?$CJ?$AA@ 000167ec     UefiBootServicesTableLib:UefiBootServicesTableLib.obj
 0002:00000810       ??_C@_0HL@PJCLKHFF@c?3?2users?2mliang2x?2workspace?2ming@ 00016810     UefiBootServicesTableLib:UefiBootServicesTableLib.obj
 0002:0000088c       ??_C@_0BE@DGNHAHIL@gST?5?$CB?$DN?5?$CI?$CIvoid?5?$CK?$CJ?50?$CJ?$AA@ 0001688c     UefiBootServicesTableLib:UefiBootServicesTableLib.obj
 0002:000008a0       ??_C@_0BE@BDFJLGLN@gBS?5?$CB?$DN?5?$CI?$CIvoid?5?$CK?$CJ?50?$CJ?$AA@ 000168a0     UefiBootServicesTableLib:UefiBootServicesTableLib.obj
 0002:000008b4       ??_C@_0BE@OBDFIHND@gRT?5?$CB?$DN?5?$CI?$CIvoid?5?$CK?$CJ?50?$CJ?$AA@ 000168b4     UefiRuntimeServicesTableLib:UefiRuntimeServicesTableLib.obj
 0002:000008c8       ??_C@_0IB@BKMJEAIL@c?3?2users?2mliang2x?2workspace?2ming@ 000168c8     UefiRuntimeServicesTableLib:UefiRuntimeServicesTableLib.obj
 0002:0000094c       ??_C@_0CA@KJIFJMH@SenseDataLength?5?$CB?$DN?5?$CI?$CIvoid?5?$CK?$CJ?50?$CJ?$AA@ 0001694c     UefiScsiLib:UefiScsiLib.obj
 0002:00000970       ??_C@_0GB@MPELAHAD@c?3?2users?2mliang2x?2workspace?2ming@ 00016970     UefiScsiLib:UefiScsiLib.obj
 0002:000009d4       ??_C@_0CC@FKDINHOE@HostAdapterStatus?5?$CB?$DN?5?$CI?$CIvoid?5?$CK?$CJ?50@ 000169d4     UefiScsiLib:UefiScsiLib.obj
 0002:000009f8       ??_C@_0BN@CLPKLLHA@TargetStatus?5?$CB?$DN?5?$CI?$CIvoid?5?$CK?$CJ?50?$CJ?$AA@ 000169f8     UefiScsiLib:UefiScsiLib.obj
 0002:00000a18       ??_C@_0BH@OIBIAGDO@ScsiIo?5?$CB?$DN?5?$CI?$CIvoid?5?$CK?$CJ?50?$CJ?$AA@ 00016a18     UefiScsiLib:UefiScsiLib.obj
 0002:00000a30       ??_C@_0CC@FGDCNIBA@InquiryDataLength?5?$CB?$DN?5?$CI?$CIvoid?5?$CK?$CJ?50@ 00016a30     UefiScsiLib:UefiScsiLib.obj
 0002:00000a54       ??_C@_0BO@MHFMIIAE@DriverBinding?5?$CB?$DN?5?$CI?$CIvoid?5?$CK?$CJ?50?$CJ?$AA@ 00016a54     UefiLib:UefiDriverModel.obj
 0002:00000a78       ??_C@_0GB@DBGGNAC@c?3?2users?2mliang2x?2workspace?2ming@ 00016a78     UefiLib:UefiDriverModel.obj
 0002:00000adc       ??_C@_0BH@MAAHKCPC@String?5?$CB?$DN?5?$CI?$CIvoid?5?$CK?$CJ?50?$CJ?$AA@ 00016adc     BaseLib:String.obj
 0002:00000af8       ??_C@_0FI@OLEMEIPM@c?3?2users?2mliang2x?2workspace?2ming@ 00016af8     BaseLib:String.obj
 0002:00000b50       ??_C@_0DI@MDIKFADO@Length?5?$DM?5_gPcd_FixedAtBuild_PcdM@ 00016b50     BaseLib:String.obj
 0002:00000b88       ??_C@_0BL@IKFBNFIL@AsciiStrSize?5?$CIFirstString?$CJ?$AA@ 00016b88     BaseLib:String.obj
 0002:00000ba4       ??_C@_0BM@EDNOKLLE@AsciiStrSize?5?$CISecondString?$CJ?$AA@ 00016ba4     BaseLib:String.obj
 0002:00000bc0       ??_C@_0DJ@JJHGIFMP@Length?5?$DM?$DN?5_gPcd_FixedAtBuild_Pcd@ 00016bc0     BaseLib:String.obj
 0002:00000c00       ??_C@_0FM@NNNBGHEF@c?3?2users?2mliang2x?2workspace?2ming@ 00016c00     BaseLib:SafeString.obj
 0002:00000c5c       ??_C@_0BO@ECNIOIHG@?$CIDestination?5?$CB?$DN?5?$CI?$CIvoid?5?$CK?$CJ?50?$CJ?$CJ?$AA@ 00016c5c     BaseLib:SafeString.obj
 0002:00000c80       ??_C@_0EA@PDPDJJNN@?$CFa?$CI?$CFd?$CJ?5?$CFa?3?5SAFE_STRING_CONSTRAIN@ 00016c80     BaseLib:SafeString.obj
 0002:00000cc0       ??_C@_0BJ@EAEEJIP@?$CISource?5?$CB?$DN?5?$CI?$CIvoid?5?$CK?$CJ?50?$CJ?$CJ?$AA@ 00016cc0     BaseLib:SafeString.obj
 0002:00000cdc       ??_C@_0P@PMIMLIHM@?$CIDestMax?5?$CB?$DN?50?$CJ?$AA@ 00016cdc     BaseLib:SafeString.obj
 0002:00000cec       ??_C@_0BG@EEGIIOKH@?$CIDestMax?5?$DO?5SourceLen?$CJ?$AA@ 00016cec     BaseLib:SafeString.obj
 0002:00000d04       ??_C@_0DO@LJFOOPII@?$CIDestMax?5?$DM?$DN?5?$CI_gPcd_FixedAtBuild_@ 00016d04     BaseLib:SafeString.obj
 0002:00000d48       ??_C@_0FL@CDANCHFO@InternalSafeStringNoAsciiStrOver@ 00016d48     BaseLib:SafeString.obj
 0002:00000da4       ??_C@_0O@DIHNCLLG@AsciiStrnCpyS?$AA@ 00016da4     BaseLib:SafeString.obj
 0002:00000db4       ??_C@_0DN@DLAADCJE@?$CILength?5?$DM?$DN?5?$CI_gPcd_FixedAtBuild_P@ 00016db4     BaseLib:SafeString.obj
 0002:00000df8       ??_C@_0FL@JMOEMBON@c?3?2users?2mliang2x?2workspace?2ming@ 00016df8     BaseLib:Unaligned.obj
 0002:00000e54       ??_C@_0L@MEMPDLHB@Count?5?$DM?564?$AA@ 00016e54     BaseLib:LShiftU64.obj
 0002:00000e60       ??_C@_0FL@NDMKHDG@c?3?2users?2mliang2x?2workspace?2ming@ 00016e60     BaseLib:LShiftU64.obj
 0003:00000000       _gEfiLoadedImageProtocolGuid 00018000     ScsiBus:AutoGen.obj
 0003:00000010       _gEfiStatusCodeSpecificDataGuid 00018010     ScsiBus:AutoGen.obj
 0003:00000020       _gEfiStatusCodeRuntimeProtocolGuid 00018020     ScsiBus:AutoGen.obj
 0003:00000030       _gEfiExtScsiPassThruProtocolGuid 00018030     ScsiBus:AutoGen.obj
 0003:00000040       _gEfiComponentName2ProtocolGuid 00018040     ScsiBus:AutoGen.obj
 0003:00000050       _gEfiDevicePathProtocolGuid 00018050     ScsiBus:AutoGen.obj
 0003:00000060       _gEfiCallerBaseName        00018060     ScsiBus:AutoGen.obj
 0003:00000064       _gEfiStatusCodeDataTypeDebugGuid 00018064     ScsiBus:AutoGen.obj
 0003:00000074       _gEfiScsiPassThruProtocolGuid 00018074     ScsiBus:AutoGen.obj
 0003:00000084       _gEfiDriverBindingProtocolGuid 00018084     ScsiBus:AutoGen.obj
 0003:00000094       _gEfiComponentNameProtocolGuid 00018094     ScsiBus:AutoGen.obj
 0003:000000a4       _gEfiScsiIoProtocolGuid    000180a4     ScsiBus:AutoGen.obj
 0003:000000b4       _gEfiCallerIdGuid          000180b4     ScsiBus:AutoGen.obj
 0003:000000c4       _gSCSIBusDriverBinding     000180c4     ScsiBus:ScsiBus.obj
 0003:000000dc       _gScsiBusComponentName     000180dc     ScsiBus:ComponentName.obj
 0003:000000e8       _gScsiBusComponentName2    000180e8     ScsiBus:ComponentName.obj
 0003:000000f4       _mScsiBusDriverNameTable   000180f4     ScsiBus:ComponentName.obj
 0003:00000104       _mReportStatusCodeLibStatusCodeProtocol 00018104     DxeReportStatusCodeLib:ReportStatusCodeLib.obj
 0003:00000108       _gST                       00018108     UefiBootServicesTableLib:UefiBootServicesTableLib.obj
 0003:0000010c       _gBS                       0001810c     UefiBootServicesTableLib:UefiBootServicesTableLib.obj
 0003:00000110       _gImageHandle              00018110     UefiBootServicesTableLib:UefiBootServicesTableLib.obj
 0003:00000114       _gRT                       00018114     UefiRuntimeServicesTableLib:UefiRuntimeServicesTableLib.obj
 0003:00000118       _mWorkingBuffer            00018118     <common>

 entry point at        0001:00000040

 Static symbols

 0000:ffff5000       .debug$S                   00010000     ScsiBus.exp
 0004:00000000       .edata                     00019000     ScsiBus.exp
 0004:00000028       rgpv                       00019028     ScsiBus.exp
 0004:0000002c       rgszName                   0001902c     ScsiBus.exp
 0004:00000030       rgwOrd                     00019030     ScsiBus.exp
 0004:00000032       szName                     00019032     ScsiBus.exp
 0004:0000003e       $N00001                    0001903e     ScsiBus.exp
