 Udp4Dxe

 Timestamp is 65376f78 (Tue Oct 24 15:17:12 2023)

 Preferred load address is 00010000

 Start         Length     Name                   Class
 0001:00000000 0000bb22H .text$mn                CODE
 0002:00000000 00002434H .rdata                  DATA
 0002:00002434 0000012cH .rdata$zzzdbg           DATA
 0003:00000000 0000022cH .data                   DATA
 0003:0000022c 00000022H .bss                    DATA
 0004:00000000 0000004fH .edata                  DATA

  Address         Publics by Value              Rva+Base       Lib:Object

 0000:00000000       ___guard_fids_count        00000000     <absolute>
 0000:00000000       ___guard_longjmp_table     00000000     <absolute>
 0000:00000000       ___guard_longjmp_count     00000000     <absolute>
 0000:00000000       ___guard_iat_table         00000000     <absolute>
 0000:00000000       ___guard_flags             00000000     <absolute>
 0000:00000000       ___guard_iat_count         00000000     <absolute>
 0000:00000000       ___guard_fids_table        00000000     <absolute>
 0000:00000000       ___dynamic_value_reloc_table 00000000     <absolute>
 0001:00000000       __DriverUnloadHandler      00011000 f   UefiDriverEntryPoint:DriverEntryPoint.obj
 0001:00000040       __ModuleEntryPoint         00011040 f   UefiDriverEntryPoint:DriverEntryPoint.obj
 0001:00000150       _ProcessLibraryConstructorList 00011150 f   Udp4Dxe:AutoGen.obj
 0001:00000350       _ProcessLibraryDestructorList 00011350 f   Udp4Dxe:AutoGen.obj
 0001:00000350       _Udp4NetVectorExtFree      00011350 f   Udp4Dxe:Udp4Impl.obj
 0001:00000360       _ProcessModuleEntryPointList 00011360 f   Udp4Dxe:AutoGen.obj
 0001:00000380       _ProcessModuleUnloadList   00011380 f   Udp4Dxe:AutoGen.obj
 0001:000003a0       _Udp4DestroyChildEntryInHandleBuffer 000113a0 f   Udp4Dxe:Udp4Driver.obj
 0001:00000460       _Udp4DriverBindingSupported 00011460 f   Udp4Dxe:Udp4Driver.obj
 0001:000004d0       _Udp4DriverBindingStart    000114d0 f   Udp4Dxe:Udp4Driver.obj
 0001:00000570       _Udp4DriverBindingStop     00011570 f   Udp4Dxe:Udp4Driver.obj
 0001:000006c0       _Udp4ServiceBindingCreateChild 000116c0 f   Udp4Dxe:Udp4Driver.obj
 0001:00000900       _Udp4ServiceBindingDestroyChild 00011900 f   Udp4Dxe:Udp4Driver.obj
 0001:00000b30       _Udp4DriverEntryPoint      00011b30 f   Udp4Dxe:Udp4Driver.obj
 0001:00000b90       _UdpComponentNameGetDriverName 00011b90 f   Udp4Dxe:ComponentName.obj
 0001:00000bd0       _UpdateName                00011bd0 f   Udp4Dxe:ComponentName.obj
 0001:00000cd0       _UdpComponentNameGetControllerName 00011cd0 f   Udp4Dxe:ComponentName.obj
 0001:00000da0       _Udp4CreateService         00011da0 f   Udp4Dxe:Udp4Impl.obj
 0001:00000f10       _Udp4CleanService          00011f10 f   Udp4Dxe:Udp4Impl.obj
 0001:00000f60       _Udp4CheckTimeout          00011f60 f   Udp4Dxe:Udp4Impl.obj
 0001:00001090       _Udp4InitInstance          00012090 f   Udp4Dxe:Udp4Impl.obj
 0001:00001150       _Udp4CleanInstance         00012150 f   Udp4Dxe:Udp4Impl.obj
 0001:00001190       _Udp4FindInstanceByPort    00012190 f   Udp4Dxe:Udp4Impl.obj
 0001:00001210       _Udp4Bind                  00012210 f   Udp4Dxe:Udp4Impl.obj
 0001:00001340       _Udp4IsReconfigurable      00012340 f   Udp4Dxe:Udp4Impl.obj
 0001:00001480       _Udp4BuildIp4ConfigData    00012480 f   Udp4Dxe:Udp4Impl.obj
 0001:00001500       _Udp4ValidateTxToken       00012500 f   Udp4Dxe:Udp4Impl.obj
 0001:00001720       _Udp4TokenExist            00012720 f   Udp4Dxe:Udp4Impl.obj
 0001:00001760       _Udp4Checksum              00012760 f   Udp4Dxe:Udp4Impl.obj
 0001:000017c0       _Udp4RemoveToken           000127c0 f   Udp4Dxe:Udp4Impl.obj
 0001:00001800       _Udp4DgramSent             00012800 f   Udp4Dxe:Udp4Impl.obj
 0001:00001850       _Udp4DgramRcvd             00012850 f   Udp4Dxe:Udp4Impl.obj
 0001:000018d0       _Udp4LeaveGroup            000128d0 f   Udp4Dxe:Udp4Impl.obj
 0001:00001930       _Udp4CancelTokens          00012930 f   Udp4Dxe:Udp4Impl.obj
 0001:000019d0       _Udp4FlushRcvdDgram        000129d0 f   Udp4Dxe:Udp4Impl.obj
 0001:00001a10       _Udp4InstanceCancelToken   00012a10 f   Udp4Dxe:Udp4Impl.obj
 0001:00001ad0       _Udp4MatchDgram            00012ad0 f   Udp4Dxe:Udp4Impl.obj
 0001:00001c10       _Udp4RecycleRxDataWrap     00012c10 f   Udp4Dxe:Udp4Impl.obj
 0001:00001c60       _Udp4WrapRxData            00012c60 f   Udp4Dxe:Udp4Impl.obj
 0001:00001d10       _Udp4EnqueueDgram          00012d10 f   Udp4Dxe:Udp4Impl.obj
 0001:00001dd0       _Udp4InstanceDeliverDgram  00012dd0 f   Udp4Dxe:Udp4Impl.obj
 0001:00001f30       _Udp4DeliverDgram          00012f30 f   Udp4Dxe:Udp4Impl.obj
 0001:00001f80       _Udp4Demultiplex           00012f80 f   Udp4Dxe:Udp4Impl.obj
 0001:00002110       _Udp4SendPortUnreach       00013110 f   Udp4Dxe:Udp4Impl.obj
 0001:000022a0       _Udp4IcmpHandler           000132a0 f   Udp4Dxe:Udp4Impl.obj
 0001:000023f0       _Udp4ReportIcmpError       000133f0 f   Udp4Dxe:Udp4Impl.obj
 0001:00002470       _Udp4GetModeData           00013470 f   Udp4Dxe:Udp4Main.obj
 0001:00002560       _Udp4Configure             00013560 f   Udp4Dxe:Udp4Main.obj
 0001:000028e0       _Udp4Groups                000138e0 f   Udp4Dxe:Udp4Main.obj
 0001:00002a60       _Udp4Routes                00013a60 f   Udp4Dxe:Udp4Main.obj
 0001:00002b20       _Udp4Transmit              00013b20 f   Udp4Dxe:Udp4Main.obj
 0001:00002f30       _Udp4Receive               00013f30 f   Udp4Dxe:Udp4Main.obj
 0001:00003080       _Udp4Cancel                00014080 f   Udp4Dxe:Udp4Main.obj
 0001:00003150       _Udp4Poll                  00014150 f   Udp4Dxe:Udp4Main.obj
 0001:000031d0       _UnicodeVSPrint            000141d0 f   BasePrintLib:PrintLib.obj
 0001:00003250       _UnicodeSPrint             00014250 f   BasePrintLib:PrintLib.obj
 0001:00003290       _BasePrintLibFillBuffer    00014290 f   BasePrintLib:PrintLibInternal.obj
 0001:000032f0       _BasePrintLibValueToString 000142f0 f   BasePrintLib:PrintLibInternal.obj
 0001:00003340       _BasePrintLibSPrintMarker  00014340 f   BasePrintLib:PrintLibInternal.obj
 0001:000045d0       _BasePrintLibSPrint        000155d0 f   BasePrintLib:PrintLibInternal.obj
 0001:00004610       _InternalAllocatePool      00015610 f   UefiMemoryAllocationLib:MemoryAllocationLib.obj
 0001:00004650       _AllocatePool              00015650 f   UefiMemoryAllocationLib:MemoryAllocationLib.obj
 0001:00004670       _InternalAllocateZeroPool  00015670 f   UefiMemoryAllocationLib:MemoryAllocationLib.obj
 0001:000046b0       _AllocateZeroPool          000156b0 f   UefiMemoryAllocationLib:MemoryAllocationLib.obj
 0001:000046d0       _InternalAllocateCopyPool  000156d0 f   UefiMemoryAllocationLib:MemoryAllocationLib.obj
 0001:00004770       _AllocateCopyPool          00015770 f   UefiMemoryAllocationLib:MemoryAllocationLib.obj
 0001:00004790       _FreePool                  00015790 f   UefiMemoryAllocationLib:MemoryAllocationLib.obj
 0001:00004820       _CopyMem                   00015820 f   BaseMemoryLib:CopyMemWrapper.obj
 0001:000048c0       _ZeroMem                   000158c0 f   BaseMemoryLib:ZeroMemWrapper.obj
 0001:00004940       _CompareMem                00015940 f   BaseMemoryLib:CompareMemWrapper.obj
 0001:00004a30       _InternalMemCopyMem        00015a30 f   BaseMemoryLib:CopyMem.obj
 0001:00004da0       _InternalMemZeroMem        00015da0 f   BaseMemoryLib:MemLibGeneric.obj
 0001:00004dc0       _InternalMemCompareMem     00015dc0 f   BaseMemoryLib:MemLibGeneric.obj
 0001:00004e10       _InternalMemSetMem         00015e10 f   BaseMemoryLib:SetMem.obj
 0001:00004f30       _DebugPrint                00015f30 f   PeiDxeDebugLibReportStatusCode:DebugLib.obj
 0001:00004f60       _DebugPrintMarker          00015f60 f   PeiDxeDebugLibReportStatusCode:DebugLib.obj
 0001:00005440       _DebugVPrint               00016440 f   PeiDxeDebugLibReportStatusCode:DebugLib.obj
 0001:00005460       _DebugAssert               00016460 f   PeiDxeDebugLibReportStatusCode:DebugLib.obj
 0001:000056c0       _DebugAssertEnabled        000166c0 f   PeiDxeDebugLibReportStatusCode:DebugLib.obj
 0001:000056f0       _DebugPrintEnabled         000166f0 f   PeiDxeDebugLibReportStatusCode:DebugLib.obj
 0001:00005720       _DebugCodeEnabled          00016720 f   PeiDxeDebugLibReportStatusCode:DebugLib.obj
 0001:00005750       _DebugPrintLevelEnabled    00016750 f   PeiDxeDebugLibReportStatusCode:DebugLib.obj
 0001:00005770       _InternalBaseLibIsListValid 00016770 f   BaseLib:LinkedList.obj
 0001:00005860       _IsNodeInList              00016860 f   BaseLib:LinkedList.obj
 0001:00005930       _InitializeListHead        00016930 f   BaseLib:LinkedList.obj
 0001:00005980       _InsertHeadList            00016980 f   BaseLib:LinkedList.obj
 0001:00005a40       _InsertTailList            00016a40 f   BaseLib:LinkedList.obj
 0001:00005b00       _GetFirstNode              00016b00 f   BaseLib:LinkedList.obj
 0001:00005b50       _GetNextNode               00016b50 f   BaseLib:LinkedList.obj
 0001:00005bf0       _IsListEmpty               00016bf0 f   BaseLib:LinkedList.obj
 0001:00005c50       _IsNull                    00016c50 f   BaseLib:LinkedList.obj
 0001:00005d00       _RemoveEntryList           00016d00 f   BaseLib:LinkedList.obj
 0001:00005d60       _SwapBytes16               00016d60 f   BaseLib:SwapBytes16.obj
 0001:00005d80       _SwapBytes32               00016d80 f   BaseLib:SwapBytes32.obj
 0001:00005dc0       _ReadUnaligned16           00016dc0 f   BaseLib:Unaligned.obj
 0001:00005e00       _ReadUnaligned24           00016e00 f   BaseLib:Unaligned.obj
 0001:00005e40       _ReadUnaligned32           00016e40 f   BaseLib:Unaligned.obj
 0001:00005e80       _ReadUnaligned64           00016e80 f   BaseLib:Unaligned.obj
 0001:00005ec0       _WriteUnaligned64          00016ec0 f   BaseLib:Unaligned.obj
 0001:00005f10       _DivU64x32Remainder        00016f10 f   BaseLib:DivU64x32Remainder.obj
 0001:00005f60       _InternalSafeStringIsOverlap 00016f60 f   BaseLib:SafeString.obj
 0001:00005fa0       _InternalSafeStringNoAsciiStrOverlap 00016fa0 f   BaseLib:SafeString.obj
 0001:00005fe0       _StrnLenS                  00016fe0 f   BaseLib:SafeString.obj
 0001:00006060       _AsciiStrnLenS             00017060 f   BaseLib:SafeString.obj
 0001:000060b0       _AsciiStrnCpyS             000170b0 f   BaseLib:SafeString.obj
 0001:00006440       _LShiftU64                 00017440 f   BaseLib:LShiftU64.obj
 0001:00006490       _StrLen                    00017490 f   BaseLib:String.obj
 0001:00006550       _StrSize                   00017550 f   BaseLib:String.obj
 0001:00006570       _AsciiStrLen               00017570 f   BaseLib:String.obj
 0001:00006610       _AsciiStrSize              00017610 f   BaseLib:String.obj
 0001:00006630       _AsciiStrnCmp              00017630 f   BaseLib:String.obj
 0001:00006740       _CpuBreakpoint             00017740 f   BaseLib:CpuBreakpoint.obj
 0001:00006750       _CpuDeadLoop               00017750 f   BaseLib:CpuDeadLoop.obj
 0001:00006770       _InternalMathDivRemU64x32  00017770 f   BaseLib:DivU64x32Remainder.obj
 0001:00006790       _InternalMathLShiftU64     00017790 f   BaseLib:LShiftU64.obj
 0001:000067b0       _CpuPause                  000177b0 f   BaseLib:CpuPause.obj
 0001:000067c0       _UefiBootServicesTableLibConstructor 000177c0 f   UefiBootServicesTableLib:UefiBootServicesTableLib.obj
 0001:00006870       _UefiRuntimeServicesTableLibConstructor 00017870 f   UefiRuntimeServicesTableLib:UefiRuntimeServicesTableLib.obj
 0001:000068b0       _DpcLibConstructor         000178b0 f   DxeDpcLib:DpcLib.obj
 0001:00006950       _QueueDpc                  00017950 f   DxeDpcLib:DpcLib.obj
 0001:00006980       _DispatchDpc               00017980 f   DxeDpcLib:DpcLib.obj
 0001:000069a0       _UefiLibConstructor        000179a0 f   UefiLib:UefiLib.obj
 0001:000069b0       _CompareIso639LanguageCode 000179b0 f   UefiLib:UefiLib.obj
 0001:000069f0       _EfiTestChildHandle        000179f0 f   UefiLib:UefiLib.obj
 0001:00006ac0       _IsLanguageSupported       00017ac0 f   UefiLib:UefiLib.obj
 0001:00006b70       _LookupUnicodeString2      00017b70 f   UefiLib:UefiLib.obj
 0001:00006cf0       _AddUnicodeString2         00017cf0 f   UefiLib:UefiLib.obj
 0001:00006fe0       _FreeUnicodeStringTable    00017fe0 f   UefiLib:UefiLib.obj
 0001:00007060       _EfiLibInstallDriverBindingComponentName2 00018060 f   UefiLib:UefiDriverModel.obj
 0001:00007210       _IpIoCreateIpChildOpenProtocol 00018210 f   DxeIpIoLib:DxeIpIoLib.obj
 0001:000072d0       _IpIoCloseProtocolDestroyIpChild 000182d0 f   DxeIpIoLib:DxeIpIoLib.obj
 0001:00007360       _IpIoIcmpv4Handler         00018360 f   DxeIpIoLib:DxeIpIoLib.obj
 0001:000075f0       _IpIoIcmpv6Handler         000185f0 f   DxeIpIoLib:DxeIpIoLib.obj
 0001:000078f0       _IpIoIcmpHandler           000188f0 f   DxeIpIoLib:DxeIpIoLib.obj
 0001:00007950       _IpIoExtFree               00018950 f   DxeIpIoLib:DxeIpIoLib.obj
 0001:00007970       _IpIoCreateSndEntry        00018970 f   DxeIpIoLib:DxeIpIoLib.obj
 0001:00007c00       _IpIoDestroySndEntry       00018c00 f   DxeIpIoLib:DxeIpIoLib.obj
 0001:00007cc0       _IpIoTransmitHandlerDpc    00018cc0 f   DxeIpIoLib:DxeIpIoLib.obj
 0001:00007d50       _IpIoTransmitHandler       00018d50 f   DxeIpIoLib:DxeIpIoLib.obj
 0001:00007d70       _IpIoDummyHandlerDpc       00018d70 f   DxeIpIoLib:DxeIpIoLib.obj
 0001:00007e90       _IpIoDummyHandler          00018e90 f   DxeIpIoLib:DxeIpIoLib.obj
 0001:00007eb0       _IpIoListenHandlerDpc      00018eb0 f   DxeIpIoLib:DxeIpIoLib.obj
 0001:000082d0       _IpIoListenHandler         000192d0 f   DxeIpIoLib:DxeIpIoLib.obj
 0001:000082f0       _IpIoCreate                000192f0 f   DxeIpIoLib:DxeIpIoLib.obj
 0001:00008440       _IpIoOpen                  00019440 f   DxeIpIoLib:DxeIpIoLib.obj
 0001:000086c0       _IpIoStop                  000196c0 f   DxeIpIoLib:DxeIpIoLib.obj
 0001:00008840       _IpIoDestroy               00019840 f   DxeIpIoLib:DxeIpIoLib.obj
 0001:000088b0       _IpIoSend                  000198b0 f   DxeIpIoLib:DxeIpIoLib.obj
 0001:000089b0       _IpIoCancelTxToken         000199b0 f   DxeIpIoLib:DxeIpIoLib.obj
 0001:00008a70       _IpIoAddIp                 00019a70 f   DxeIpIoLib:DxeIpIoLib.obj
 0001:00008c30       _IpIoConfigIp              00019c30 f   DxeIpIoLib:DxeIpIoLib.obj
 0001:00008f40       _IpIoRemoveIp              00019f40 f   DxeIpIoLib:DxeIpIoLib.obj
 0001:000090b0       _IpIoFindSender            0001a0b0 f   DxeIpIoLib:DxeIpIoLib.obj
 0001:000091c0       _IpIoGetIcmpErrStatus      0001a1c0 f   DxeIpIoLib:DxeIpIoLib.obj
 0001:00009430       _NetGetMaskLength          0001a430 f   DxeNetLib:DxeNetLib.obj
 0001:00009470       _NetIp4IsUnicast           0001a470 f   DxeNetLib:DxeNetLib.obj
 0001:00009520       _NetIp6IsValidUnicast      0001a520 f   DxeNetLib:DxeNetLib.obj
 0001:000095c0       _NetRandomInitSeed         0001a5c0 f   DxeNetLib:DxeNetLib.obj
 0001:00009640       _NetListRemoveHead         0001a640 f   DxeNetLib:DxeNetLib.obj
 0001:000096e0       _NetDestroyLinkList        0001a6e0 f   DxeNetLib:DxeNetLib.obj
 0001:00009800       _NetIsInHandleBuffer       0001a800 f   DxeNetLib:DxeNetLib.obj
 0001:00009850       _NetMapInit                0001a850 f   DxeNetLib:DxeNetLib.obj
 0001:000098b0       _NetMapClean               0001a8b0 f   DxeNetLib:DxeNetLib.obj
 0001:00009a20       _NetMapIsEmpty             0001aa20 f   DxeNetLib:DxeNetLib.obj
 0001:00009a70       _NetMapGetCount            0001aa70 f   DxeNetLib:DxeNetLib.obj
 0001:00009ab0       _NetMapAllocItem           0001aab0 f   DxeNetLib:DxeNetLib.obj
 0001:00009b70       _NetMapInsertTail          0001ab70 f   DxeNetLib:DxeNetLib.obj
 0001:00009c00       _NetItemInMap              0001ac00 f   DxeNetLib:DxeNetLib.obj
 0001:00009c70       _NetMapFindKey             0001ac70 f   DxeNetLib:DxeNetLib.obj
 0001:00009cf0       _NetMapRemoveItem          0001acf0 f   DxeNetLib:DxeNetLib.obj
 0001:00009db0       _NetMapRemoveHead          0001adb0 f   DxeNetLib:DxeNetLib.obj
 0001:00009e50       _NetMapIterate             0001ae50 f   DxeNetLib:DxeNetLib.obj
 0001:00009f00       _NetLibDefaultUnload       0001af00 f   DxeNetLib:DxeNetLib.obj
 0001:0000a0a0       _NetLibCreateServiceChild  0001b0a0 f   DxeNetLib:DxeNetLib.obj
 0001:0000a130       _NetLibDestroyServiceChild 0001b130 f   DxeNetLib:DxeNetLib.obj
 0001:0000a1c0       _NetLibGetNicHandle        0001b1c0 f   DxeNetLib:DxeNetLib.obj
 0001:0000a280       _NetbufAllocStruct         0001b280 f   DxeNetLib:NetBuffer.obj
 0001:0000a360       _NetbufAlloc               0001b360 f   DxeNetLib:NetBuffer.obj
 0001:0000a480       _NetbufFreeVector          0001b480 f   DxeNetLib:NetBuffer.obj
 0001:0000a5d0       _NetbufFree                0001b5d0 f   DxeNetLib:NetBuffer.obj
 0001:0000a6a0       _NetbufDuplicate           0001b6a0 f   DxeNetLib:NetBuffer.obj
 0001:0000a770       _NetbufGetByte             0001b770 f   DxeNetLib:NetBuffer.obj
 0001:0000a840       _NetbufSetBlock            0001b840 f   DxeNetLib:NetBuffer.obj
 0001:0000a960       _NetbufFromExt             0001b960 f   DxeNetLib:NetBuffer.obj
 0001:0000acd0       _NetbufBuildExt            0001bcd0 f   DxeNetLib:NetBuffer.obj
 0001:0000ad70       _NetbufReserve             0001bd70 f   DxeNetLib:NetBuffer.obj
 0001:0000aef0       _NetbufAllocSpace          0001bef0 f   DxeNetLib:NetBuffer.obj
 0001:0000b120       _NetblockTrim              0001c120 f   DxeNetLib:NetBuffer.obj
 0001:0000b1a0       _NetbufTrim                0001c1a0 f   DxeNetLib:NetBuffer.obj
 0001:0000b330       _NetbufCopy                0001c330 f   DxeNetLib:NetBuffer.obj
 0001:0000b580       _NetblockChecksum          0001c580 f   DxeNetLib:NetBuffer.obj
 0001:0000b600       _NetAddChecksum            0001c600 f   DxeNetLib:NetBuffer.obj
 0001:0000b640       _NetbufChecksum            0001c640 f   DxeNetLib:NetBuffer.obj
 0001:0000b740       _NetPseudoHeadChecksum     0001c740 f   DxeNetLib:NetBuffer.obj
 0001:0000b790       _GetDebugPrintErrorLevel   0001c790 f   BaseDebugPrintErrorLevelLib:BaseDebugPrintErrorLevelLib.obj
 0001:0000b7a0       _InternalGetReportStatusCode 0001c7a0 f   DxeReportStatusCodeLib:ReportStatusCodeLib.obj
 0001:0000b800       _InternalReportStatusCode  0001c800 f   DxeReportStatusCodeLib:ReportStatusCodeLib.obj
 0001:0000b890       _ReportStatusCodeEx        0001c890 f   DxeReportStatusCodeLib:ReportStatusCodeLib.obj
 0001:0000ba50       _ReportProgressCodeEnabled 0001ca50 f   DxeReportStatusCodeLib:ReportStatusCodeLib.obj
 0001:0000ba80       _ReportErrorCodeEnabled    0001ca80 f   DxeReportStatusCodeLib:ReportStatusCodeLib.obj
 0001:0000bab0       _ReportDebugCodeEnabled    0001cab0 f   DxeReportStatusCodeLib:ReportStatusCodeLib.obj
 0001:0000bae0       _CopyGuid                  0001cae0 f   BaseMemoryLib:MemLibGuid.obj
 0002:00000000       ??_C@_0CB@DMEJJJHA@?6ASSERT_EFI_ERROR?5?$CIStatus?5?$DN?5?$CFr?$CJ?6@ 0001d000     UefiDriverEntryPoint:DriverEntryPoint.obj
 0002:00000024       ??_C@_0CH@BBNBJKHK@?$CB?$CI?$CI?$CIINTN?$CJ?$CIRETURN_STATUS?$CJ?$CIStatus?$CJ@ 0001d024     UefiDriverEntryPoint:DriverEntryPoint.obj
 0002:00000050       ??_C@_0GP@GHNHPFLI@c?3?2users?2mliang2x?2workspace?2ming@ 0001d050     UefiDriverEntryPoint:DriverEntryPoint.obj
 0002:000000bf       __gDriverUnloadImageCount  0001d0bf     Udp4Dxe:AutoGen.obj
 0002:000000c0       __gUefiDriverRevision      0001d0c0     Udp4Dxe:AutoGen.obj
 0002:000000c4       ??_C@_07PBHPMPCF@Udp4Dxe?$AA@ 0001d0c4     Udp4Dxe:AutoGen.obj
 0002:000000d0       ??_C@_0IL@EEOLJFKL@c?3?2users?2mliang2x?2workspace?2ming@ 0001d0d0     Udp4Dxe:AutoGen.obj
 0002:0000015b       __gPcd_FixedAtBuild_PcdReportStatusCodePropertyMask 0001d15b     Udp4Dxe:AutoGen.obj
 0002:0000015c       __gPcd_FixedAtBuild_PcdDebugPrintErrorLevel 0001d15c     Udp4Dxe:AutoGen.obj
 0002:00000160       __gPcd_FixedAtBuild_PcdFixedDebugPrintErrorLevel 0001d160     Udp4Dxe:AutoGen.obj
 0002:00000164       __gPcd_FixedAtBuild_PcdMaximumAsciiStringLength 0001d164     Udp4Dxe:AutoGen.obj
 0002:00000164       __gPcd_FixedAtBuild_PcdMaximumLinkedListLength 0001d164     Udp4Dxe:AutoGen.obj
 0002:00000164       __gPcd_FixedAtBuild_PcdMaximumUnicodeStringLength 0001d164     Udp4Dxe:AutoGen.obj
 0002:00000168       __gPcd_FixedAtBuild_PcdDebugPropertyMask 0001d168     Udp4Dxe:AutoGen.obj
 0002:00000169       __gPcd_FixedAtBuild_PcdVerifyNodeInList 0001d169     Udp4Dxe:AutoGen.obj
 0002:00000169       __gPcd_FixedAtBuild_PcdComponentNameDisable 0001d169     Udp4Dxe:AutoGen.obj
 0002:00000169       __gPcd_FixedAtBuild_PcdComponentName2Disable 0001d169     Udp4Dxe:AutoGen.obj
 0002:0000016c       ??_C@_0BF@NDBIKIKC@CR?5has?5Bad?5Signature?$AA@ 0001d16c     Udp4Dxe:Udp4Driver.obj
 0002:00000188       ??_C@_0FI@LICJPNJ@c?3?2users?2mliang2x?2workspace?2ming@ 0001d188     Udp4Dxe:Udp4Driver.obj
 0002:000001e0       ??_C@_03LKLGDMJI@eng?$AA@  0001d1e0     Udp4Dxe:ComponentName.obj
 0002:000001e4       ??_C@_02LFNMGJAP@en?$AA@   0001d1e4     Udp4Dxe:ComponentName.obj
 0002:000001e8       ??_C@_06DALJLGPG@eng?$DLen?$AA@ 0001d1e8     Udp4Dxe:ComponentName.obj
 0002:000001f0       ??_C@_1DG@FJACBLHB@?$AAU?$AAD?$AAP?$AA?5?$AAN?$AAe?$AAt?$AAw?$AAo?$AAr?$AAk?$AA?5?$AAS?$AAe?$AAr?$AAv?$AAi?$AAc?$AAe?$AA?5?$AAD?$AAr?$AAi?$AAv?$AAe?$AAr?$AA?$AA@ 0001d1f0     Udp4Dxe:ComponentName.obj
 0002:00000228       ??_C@_1EA@JHKKALNG@?$AAU?$AAD?$AAP?$AAv?$AA4?$AA?5?$AA?$CI?$AAS?$AAr?$AAc?$AAP?$AAo?$AAr?$AAt?$AA?$DN?$AA?$CF?$AAd?$AA?0?$AA?5?$AAD?$AAe?$AAs?$AAt?$AAP?$AAo?$AAr?$AAt?$AA?$DN?$AA?$CF?$AAd?$AA?$CJ?$AA?$AA@ 0001d228     Udp4Dxe:ComponentName.obj
 0002:00000268       ??_C@_1CI@IFACLPGD@?$AAU?$AAD?$AAP?$AAv?$AA4?$AA?5?$AA?$CI?$AAN?$AAo?$AAt?$AA?5?$AAs?$AAt?$AAa?$AAr?$AAt?$AAe?$AAd?$AA?$CJ?$AA?$AA@ 0001d268     Udp4Dxe:ComponentName.obj
 0002:00000290       ??_C@_0HJ@KIGADENF@?$CI?$CIUdp4Service?$CJ?5?$CB?$DN?5?$CI?$CIvoid?5?$CK?$CJ?50?$CJ?$CJ?5@ 0001d290     Udp4Dxe:Udp4Impl.obj
 0002:00000310       ??_C@_0FG@MBAGAHGH@c?3?2users?2mliang2x?2workspace?2ming@ 0001d310     Udp4Dxe:Udp4Impl.obj
 0002:00000368       ??_C@_0HD@NNADAMAI@?$CI?$CIInstance?$CJ?5?$CB?$DN?5?$CI?$CIvoid?5?$CK?$CJ?50?$CJ?$CJ?5?$CG?$CG?5@ 0001d368     Udp4Dxe:Udp4Impl.obj
 0002:000003e0       ??_C@_0GP@EMKFAJOO@?$CI?$CIPacket?$CJ?5?$CB?$DN?5?$CI?$CIvoid?5?$CK?$CJ?50?$CJ?$CJ?5?$CG?$CG?5?$CI?$CI@ 0001d3e0     Udp4Dxe:Udp4Impl.obj
 0002:00000450       ??_C@_0HJ@LOGLCBMG@?$CIToken?5?$CB?$DN?5?$CI?$CIvoid?5?$CK?$CJ?50?$CJ?$CJ?5?$HM?$HM?5?$CI?5?$CI0?5@ 0001d450     Udp4Dxe:Udp4Impl.obj
 0002:000004cc       ??_C@_0BL@KOAHOKPJ@Udp4Header?5?$CB?$DN?5?$CI?$CIvoid?5?$CK?$CJ?50?$CJ?$AA@ 0001d4cc     Udp4Dxe:Udp4Impl.obj
 0002:000004e8       ??_C@_0BL@JHOJIMFE@IcmpErrHdr?5?$CB?$DN?5?$CI?$CIvoid?5?$CK?$CJ?50?$CJ?$AA@ 0001d4e8     Udp4Dxe:Udp4Impl.obj
 0002:00000508       ??_C@_0FG@IFHCNOHH@c?3?2users?2mliang2x?2workspace?2ming@ 0001d508     Udp4Dxe:Udp4Main.obj
 0002:00000560       ??_C@_0CL@NAEOJIGF@IsListEmpty?5?$CI?$CGInstance?9?$DODelivere@ 0001d560     Udp4Dxe:Udp4Main.obj
 0002:0000058c       ??_C@_0CI@BGLNHBLM@?$CI?$CI?$CIUINTN?$CJ?5?$CIStartOfBuffer?$CJ?$CJ?5?$CG?50x0@ 0001d58c     BasePrintLib:PrintLib.obj
 0002:000005b8       ??_C@_0FP@HCMIGMKH@c?3?2users?2mliang2x?2workspace?2ming@ 0001d5b8     BasePrintLib:PrintLib.obj
 0002:00000618       ??_C@_0CH@KJLBGOBB@?$CI?$CI?$CIUINTN?$CJ?5?$CIFormatString?$CJ?$CJ?5?$CG?50x01@ 0001d618     BasePrintLib:PrintLib.obj
 0002:00000640       ??_C@_0BH@IACGKAP@Buffer?5?$CB?$DN?5?$CI?$CIvoid?5?$CK?$CJ?50?$CJ?$AA@ 0001d640     BasePrintLib:PrintLibInternal.obj
 0002:00000658       ??_C@_0GH@MLMKDJJP@c?3?2users?2mliang2x?2workspace?2ming@ 0001d658     BasePrintLib:PrintLibInternal.obj
 0002:000006c0       ??_C@_0BJ@CNKJJNE@?$CIBuffer?5?$CB?$DN?5?$CI?$CIvoid?5?$CK?$CJ?50?$CJ?$CJ?$AA@ 0001d6c0     BasePrintLib:PrintLibInternal.obj
 0002:000006e0       ??_C@_0EB@HDGIDCIO@?$CIBufferSize?5?$DM?$DN?5?$CI_gPcd_FixedAtBui@ 0001d6e0     BasePrintLib:PrintLibInternal.obj
 0002:00000724       ??_C@_0BJ@PPAKKDJG@?$CIFormat?5?$CB?$DN?5?$CI?$CIvoid?5?$CK?$CJ?50?$CJ?$CJ?$AA@ 0001d724     BasePrintLib:PrintLibInternal.obj
 0002:00000740       ??_C@_0ED@LPDDCECB@?$CIBufferSize?5?$DM?$DN?5?$CI_gPcd_FixedAtBui@ 0001d740     BasePrintLib:PrintLibInternal.obj
 0002:00000788       ??_C@_0IM@BFJJFLGB@?$CIStrnLenS?5?$CI?$CICHAR16?5?$CK?$CJFormat?0?5?$CI_g@ 0001d788     BasePrintLib:PrintLibInternal.obj
 0002:00000818       ??_C@_0ID@PLGJGION@?$CIAsciiStrnLenS?5?$CIFormat?0?5?$CI_gPcd_F@ 0001d818     BasePrintLib:PrintLibInternal.obj
 0002:0000089c       ??_C@_0O@MLOLIMFM@?$DMnull?5string?$DO?$AA@ 0001d89c     BasePrintLib:PrintLibInternal.obj
 0002:000008ac       ??_C@_0M@BJJDNPHK@?$DMnull?5guid?$DO?$AA@ 0001d8ac     BasePrintLib:PrintLibInternal.obj
 0002:000008b8       ??_C@_0DB@PMLHLBMO@?$CF08x?9?$CF04x?9?$CF04x?9?$CF02x?$CF02x?9?$CF02x?$CF02x@ 0001d8b8     BasePrintLib:PrintLibInternal.obj
 0002:000008ec       ??_C@_0M@LHGBCIKM@?$DMnull?5time?$DO?$AA@ 0001d8ec     BasePrintLib:PrintLibInternal.obj
 0002:000008f8       ??_C@_0BK@FCPKCIDD@?$CF02d?1?$CF02d?1?$CF04d?5?5?$CF02d?3?$CF02d?$AA@ 0001d8f8     BasePrintLib:PrintLibInternal.obj
 0002:00000914       ??_C@_04JIMNDDED@?$CF08X?$AA@ 0001d914     BasePrintLib:PrintLibInternal.obj
 0002:0000091c       ??_C@_02PCIJFNDE@?$AN?6?$AA@ 0001d91c     BasePrintLib:PrintLibInternal.obj
 0002:00000920       ??_C@_01LIIJDEN@?$AN?$AA@  0001d920     BasePrintLib:PrintLibInternal.obj
 0002:00000928       _mWarningString            0001d928     BasePrintLib:PrintLibInternal.obj
 0002:000009f0       _mErrorString              0001d9f0     BasePrintLib:PrintLibInternal.obj
 0002:00000cd0       _mHexStr                   0001dcd0     BasePrintLib:PrintLibInternal.obj
 0002:00000ce0       ??_C@_0HF@CMOOABOD@c?3?2users?2mliang2x?2workspace?2ming@ 0001dce0     UefiMemoryAllocationLib:MemoryAllocationLib.obj
 0002:00000d58       ??_C@_0DD@HIGIPKGN@AllocationSize?5?$DM?$DN?5?$CI0xFFFFFFFF?5?9?5@ 0001dd58     UefiMemoryAllocationLib:MemoryAllocationLib.obj
 0002:00000d8c       ??_C@_0DI@PHOMHDKH@?$CILength?5?9?51?$CJ?5?$DM?$DN?5?$CI0xFFFFFFFF?5?9?5?$CIU@ 0001dd8c     BaseMemoryLib:CopyMemWrapper.obj
 0002:00000dc8       ??_C@_0GG@HCOKHFCC@c?3?2users?2mliang2x?2workspace?2ming@ 0001ddc8     BaseMemoryLib:CopyMemWrapper.obj
 0002:00000e30       ??_C@_0DD@DCDOHCDJ@?$CILength?5?9?51?$CJ?5?$DM?$DN?5?$CI0xFFFFFFFF?5?9?5?$CIU@ 0001de30     BaseMemoryLib:CopyMemWrapper.obj
 0002:00000e68       ??_C@_0GG@MGEIBEOF@c?3?2users?2mliang2x?2workspace?2ming@ 0001de68     BaseMemoryLib:ZeroMemWrapper.obj
 0002:00000ed0       ??_C@_0CL@OBMFBPED@Length?5?$DM?$DN?5?$CI0xFFFFFFFF?5?9?5?$CIUINTN?$CJB@ 0001ded0     BaseMemoryLib:ZeroMemWrapper.obj
 0002:00000efc       ??_C@_0CC@JOEHDGKB@DestinationBuffer?5?$CB?$DN?5?$CI?$CIvoid?5?$CK?$CJ?50@ 0001defc     BaseMemoryLib:CompareMemWrapper.obj
 0002:00000f20       ??_C@_0GJ@KBFGPLNL@c?3?2users?2mliang2x?2workspace?2ming@ 0001df20     BaseMemoryLib:CompareMemWrapper.obj
 0002:00000f8c       ??_C@_0BN@MDMCNBCC@SourceBuffer?5?$CB?$DN?5?$CI?$CIvoid?5?$CK?$CJ?50?$CJ?$AA@ 0001df8c     BaseMemoryLib:CompareMemWrapper.obj
 0002:00000fac       ??_C@_0BH@LKMBFCBF@Format?5?$CB?$DN?5?$CI?$CIvoid?5?$CK?$CJ?50?$CJ?$AA@ 0001dfac     PeiDxeDebugLibReportStatusCode:DebugLib.obj
 0002:00000fc8       ??_C@_0HH@BLJPNBBN@c?3?2users?2mliang2x?2workspace?2ming@ 0001dfc8     PeiDxeDebugLibReportStatusCode:DebugLib.obj
 0002:00001040       ??_C@_0CP@EFCGCEBK@?$CICHAR8?5?$CK?$CJBaseListMarkerPointer?5?$DM@ 0001e040     PeiDxeDebugLibReportStatusCode:DebugLib.obj
 0002:00001070       ??_C@_01OHGJGJJP@?$FL?$AA@ 0001e070     PeiDxeDebugLibReportStatusCode:DebugLib.obj
 0002:00001074       ??_C@_02PBFOLPKM@?$FN?5?$AA@ 0001e074     PeiDxeDebugLibReportStatusCode:DebugLib.obj
 0002:00001078       ??_C@_0BF@NJNGJMPC@List?5?$CB?$DN?5?$CI?$CIvoid?5?$CK?$CJ?50?$CJ?$AA@ 0001e078     BaseLib:LinkedList.obj
 0002:00001090       ??_C@_0FM@OPLAEOJM@c?3?2users?2mliang2x?2workspace?2ming@ 0001e090     BaseLib:LinkedList.obj
 0002:000010ec       ??_C@_0CC@KDLPLAED@List?9?$DOForwardLink?5?$CB?$DN?5?$CI?$CIvoid?5?$CK?$CJ?50@ 0001e0ec     BaseLib:LinkedList.obj
 0002:00001110       ??_C@_0BP@IJJCCMAK@List?9?$DOBackLink?5?$CB?$DN?5?$CI?$CIvoid?5?$CK?$CJ?50?$CJ?$AA@ 0001e110     BaseLib:LinkedList.obj
 0002:00001130       ??_C@_0CI@BMHOPIIO@InternalBaseLibIsListValid?5?$CIFirs@ 0001e130     BaseLib:LinkedList.obj
 0002:00001158       ??_C@_0BM@BAIHHOEP@SecondEntry?5?$CB?$DN?5?$CI?$CIvoid?5?$CK?$CJ?50?$CJ?$AA@ 0001e158     BaseLib:LinkedList.obj
 0002:00001174       ??_C@_0BJ@NJABNCDK@ListHead?5?$CB?$DN?5?$CI?$CIvoid?5?$CK?$CJ?50?$CJ?$AA@ 0001e174     BaseLib:LinkedList.obj
 0002:00001190       ??_C@_0DI@HOMAKAJD@?$CI?$CIBOOLEAN?$CJ?$CI0?$DN?$DN1?$CJ?$CJ?5?$DN?$DN?5IsNodeInLis@ 0001e190     BaseLib:LinkedList.obj
 0002:000011c8       ??_C@_0CG@LGIALJFK@InternalBaseLibIsListValid?5?$CIList@ 0001e1c8     BaseLib:LinkedList.obj
 0002:000011f0       ??_C@_0CC@JLDICICM@InternalBaseLibIsListValid?5?$CIList@ 0001e1f0     BaseLib:LinkedList.obj
 0002:00001214       ??_C@_0DD@OAAIDOJD@?$CI?$CIBOOLEAN?$CJ?$CI1?$DN?$DN1?$CJ?$CJ?5?$DN?$DN?5IsNodeInLis@ 0001e214     BaseLib:LinkedList.obj
 0002:00001248       ??_C@_0BF@NMBJJECB@?$CBIsListEmpty?5?$CIEntry?$CJ?$AA@ 0001e248     BaseLib:LinkedList.obj
 0002:00001260       ??_C@_0FL@JMOEMBON@c?3?2users?2mliang2x?2workspace?2ming@ 0001e260     BaseLib:Unaligned.obj
 0002:000012bc       ??_C@_0N@KGHEHMDL@Divisor?5?$CB?$DN?50?$AA@ 0001e2bc     BaseLib:DivU64x32Remainder.obj
 0002:000012d0       ??_C@_0GE@LHLPIAGN@c?3?2users?2mliang2x?2workspace?2ming@ 0001e2d0     BaseLib:DivU64x32Remainder.obj
 0002:00001334       ??_C@_0CC@GFNLNIOC@?$CI?$CIUINTN?$CJString?5?$CG?50x00000001?$CJ?5?$DN?$DN?5@ 0001e334     BaseLib:SafeString.obj
 0002:00001358       ??_C@_0FM@NNNBGHEF@c?3?2users?2mliang2x?2workspace?2ming@ 0001e358     BaseLib:SafeString.obj
 0002:000013b4       ??_C@_0BO@ECNIOIHG@?$CIDestination?5?$CB?$DN?5?$CI?$CIvoid?5?$CK?$CJ?50?$CJ?$CJ?$AA@ 0001e3b4     BaseLib:SafeString.obj
 0002:000013d8       ??_C@_0EA@PDPDJJNN@?$CFa?$CI?$CFd?$CJ?5?$CFa?3?5SAFE_STRING_CONSTRAIN@ 0001e3d8     BaseLib:SafeString.obj
 0002:00001418       ??_C@_0BJ@EAEEJIP@?$CISource?5?$CB?$DN?5?$CI?$CIvoid?5?$CK?$CJ?50?$CJ?$CJ?$AA@ 0001e418     BaseLib:SafeString.obj
 0002:00001434       ??_C@_0P@PMIMLIHM@?$CIDestMax?5?$CB?$DN?50?$CJ?$AA@ 0001e434     BaseLib:SafeString.obj
 0002:00001444       ??_C@_0BG@EEGIIOKH@?$CIDestMax?5?$DO?5SourceLen?$CJ?$AA@ 0001e444     BaseLib:SafeString.obj
 0002:0000145c       ??_C@_0DO@LJFOOPII@?$CIDestMax?5?$DM?$DN?5?$CI_gPcd_FixedAtBuild_@ 0001e45c     BaseLib:SafeString.obj
 0002:000014a0       ??_C@_0FL@CDANCHFO@InternalSafeStringNoAsciiStrOver@ 0001e4a0     BaseLib:SafeString.obj
 0002:000014fc       ??_C@_0O@DIHNCLLG@AsciiStrnCpyS?$AA@ 0001e4fc     BaseLib:SafeString.obj
 0002:0000150c       ??_C@_0DN@DLAADCJE@?$CILength?5?$DM?$DN?5?$CI_gPcd_FixedAtBuild_P@ 0001e50c     BaseLib:SafeString.obj
 0002:0000154c       ??_C@_0L@MEMPDLHB@Count?5?$DM?564?$AA@ 0001e54c     BaseLib:LShiftU64.obj
 0002:00001558       ??_C@_0FL@NDMKHDG@c?3?2users?2mliang2x?2workspace?2ming@ 0001e558     BaseLib:LShiftU64.obj
 0002:000015b4       ??_C@_0BH@MAAHKCPC@String?5?$CB?$DN?5?$CI?$CIvoid?5?$CK?$CJ?50?$CJ?$AA@ 0001e5b4     BaseLib:String.obj
 0002:000015d0       ??_C@_0FI@OLEMEIPM@c?3?2users?2mliang2x?2workspace?2ming@ 0001e5d0     BaseLib:String.obj
 0002:00001628       ??_C@_0DK@EOJCOAME@Length?5?$DM?5_gPcd_FixedAtBuild_PcdM@ 0001e628     BaseLib:String.obj
 0002:00001664       ??_C@_0DI@MDIKFADO@Length?5?$DM?5_gPcd_FixedAtBuild_PcdM@ 0001e664     BaseLib:String.obj
 0002:0000169c       ??_C@_0BL@IKFBNFIL@AsciiStrSize?5?$CIFirstString?$CJ?$AA@ 0001e69c     BaseLib:String.obj
 0002:000016b8       ??_C@_0BM@EDNOKLLE@AsciiStrSize?5?$CISecondString?$CJ?$AA@ 0001e6b8     BaseLib:String.obj
 0002:000016d4       ??_C@_0DJ@JJHGIFMP@Length?5?$DM?$DN?5_gPcd_FixedAtBuild_Pcd@ 0001e6d4     BaseLib:String.obj
 0002:00001710       ??_C@_0BN@COECPDCC@gImageHandle?5?$CB?$DN?5?$CI?$CIvoid?5?$CK?$CJ?50?$CJ?$AA@ 0001e710     UefiBootServicesTableLib:UefiBootServicesTableLib.obj
 0002:00001730       ??_C@_0HL@PJCLKHFF@c?3?2users?2mliang2x?2workspace?2ming@ 0001e730     UefiBootServicesTableLib:UefiBootServicesTableLib.obj
 0002:000017ac       ??_C@_0BE@DGNHAHIL@gST?5?$CB?$DN?5?$CI?$CIvoid?5?$CK?$CJ?50?$CJ?$AA@ 0001e7ac     UefiBootServicesTableLib:UefiBootServicesTableLib.obj
 0002:000017c0       ??_C@_0BE@BDFJLGLN@gBS?5?$CB?$DN?5?$CI?$CIvoid?5?$CK?$CJ?50?$CJ?$AA@ 0001e7c0     UefiBootServicesTableLib:UefiBootServicesTableLib.obj
 0002:000017d4       ??_C@_0BE@OBDFIHND@gRT?5?$CB?$DN?5?$CI?$CIvoid?5?$CK?$CJ?50?$CJ?$AA@ 0001e7d4     UefiRuntimeServicesTableLib:UefiRuntimeServicesTableLib.obj
 0002:000017e8       ??_C@_0IB@BKMJEAIL@c?3?2users?2mliang2x?2workspace?2ming@ 0001e7e8     UefiRuntimeServicesTableLib:UefiRuntimeServicesTableLib.obj
 0002:00001870       ??_C@_0FO@DENKDMJI@c?3?2users?2mliang2x?2workspace?2ming@ 0001e870     DxeDpcLib:DpcLib.obj
 0002:000018d0       ??_C@_0FJ@INLOALCK@c?3?2users?2mliang2x?2workspace?2ming@ 0001e8d0     UefiLib:UefiLib.obj
 0002:0000192c       ??_C@_0BN@HHGHCLME@ProtocolGuid?5?$CB?$DN?5?$CI?$CIvoid?5?$CK?$CJ?50?$CJ?$AA@ 0001e92c     UefiLib:UefiLib.obj
 0002:0000194c       ??_C@_0BO@MHFMIIAE@DriverBinding?5?$CB?$DN?5?$CI?$CIvoid?5?$CK?$CJ?50?$CJ?$AA@ 0001e94c     UefiLib:UefiDriverModel.obj
 0002:00001970       ??_C@_0GB@DBGGNAC@c?3?2users?2mliang2x?2workspace?2ming@ 0001e970     UefiLib:UefiDriverModel.obj
 0002:000019d4       ??_C@_0BF@NHCICEBK@IpIo?5?$CB?$DN?5?$CI?$CIvoid?5?$CK?$CJ?50?$CJ?$AA@ 0001e9d4     DxeIpIoLib:DxeIpIoLib.obj
 0002:000019f0       ??_C@_0GD@EGDMOGEI@c?3?2users?2mliang2x?2workspace?2ming@ 0001e9f0     DxeIpIoLib:DxeIpIoLib.obj
 0002:00001a54       ??_C@_0BE@EMIILCJN@Pkt?5?$CB?$DN?5?$CI?$CIvoid?5?$CK?$CJ?50?$CJ?$AA@ 0001ea54     DxeIpIoLib:DxeIpIoLib.obj
 0002:00001a68       ??_C@_0BI@CLHALNPD@Session?5?$CB?$DN?5?$CI?$CIvoid?5?$CK?$CJ?50?$CJ?$AA@ 0001ea68     DxeIpIoLib:DxeIpIoLib.obj
 0002:00001a80       ??_C@_0BF@FJHJDOEI@IpIo?9?$DOIpVersion?5?$DN?$DN?54?$AA@ 0001ea80     DxeIpIoLib:DxeIpIoLib.obj
 0002:00001a98       ??_C@_0BF@GLEPFMMK@IpIo?9?$DOIpVersion?5?$DN?$DN?56?$AA@ 0001ea98     DxeIpIoLib:DxeIpIoLib.obj
 0002:00001ab0       ??_C@_0BN@KNIIEBKA@RecycleEvent?5?$CB?$DN?5?$CI?$CIvoid?5?$CK?$CJ?50?$CJ?$AA@ 0001eab0     DxeIpIoLib:DxeIpIoLib.obj
 0002:00001ad0       ??_C@_0BH@GJHHIFJN@RxData?5?$CB?$DN?5?$CI?$CIvoid?5?$CK?$CJ?50?$CJ?$AA@ 0001ead0     DxeIpIoLib:DxeIpIoLib.obj
 0002:00001ae8       ??_C@_0CJ@GPHCHMBF@RxData?9?$DOIp4RxData?4Header?5?$CB?$DN?5?$CI?$CIvo@ 0001eae8     DxeIpIoLib:DxeIpIoLib.obj
 0002:00001b14       ??_C@_0CF@MGNJBJGP@RxData?9?$DOIp4RxData?4FragmentCount?5@ 0001eb14     DxeIpIoLib:DxeIpIoLib.obj
 0002:00001b3c       ??_C@_0CJ@HCLNKNLH@RxData?9?$DOIp6RxData?4Header?5?$CB?$DN?5?$CI?$CIvo@ 0001eb3c     DxeIpIoLib:DxeIpIoLib.obj
 0002:00001b68       ??_C@_0CF@BLMBCPON@RxData?9?$DOIp6RxData?4FragmentCount?5@ 0001eb68     DxeIpIoLib:DxeIpIoLib.obj
 0002:00001b90       ??_C@_0CF@BLOJFCO@?$CIIpVersion?5?$DN?$DN?54?$CJ?5?$HM?$HM?5?$CIIpVersion?5?$DN@ 0001eb90     DxeIpIoLib:DxeIpIoLib.obj
 0002:00001bb8       ??_C@_0CL@JMFBKFN@?$CBOpenData?9?$DOIpConfigData?4Ip4CfgDa@ 0001ebb8     DxeIpIoLib:DxeIpIoLib.obj
 0002:00001be4       ??_C@_0CE@LEAHDONK@IsListEmpty?5?$CI?$CGIpIo?9?$DOPendingSndLi@ 0001ebe4     DxeIpIoLib:DxeIpIoLib.obj
 0002:00001c08       ??_C@_0DD@PNPBAKHL@?$CIIpIo?5?$CB?$DN?5?$CI?$CIvoid?5?$CK?$CJ?50?$CJ?$CJ?5?$CG?$CG?5?$CIPacke@ 0001ec08     DxeIpIoLib:DxeIpIoLib.obj
 0002:00001c3c       ??_C@_0DB@BMGANDMP@?$CIIpIo?9?$DOIpVersion?5?$DN?$DN?54?$CJ?5?$HM?$HM?5?$CIIpIo?9@ 0001ec3c     DxeIpIoLib:DxeIpIoLib.obj
 0002:00001c70       ??_C@_0BH@NIPIOMK@IpInfo?5?$CB?$DN?5?$CI?$CIvoid?5?$CK?$CJ?50?$CJ?$AA@ 0001ec70     DxeIpIoLib:DxeIpIoLib.obj
 0002:00001c88       ??_C@_0BD@LFDBDGM@IpInfo?9?$DORefCnt?5?$DO?50?$AA@ 0001ec88     DxeIpIoLib:DxeIpIoLib.obj
 0002:00001c9c       ??_C@_0P@KHLDMCPF@IcmpError?5?$DM?$DN?59?$AA@ 0001ec9c     DxeIpIoLib:DxeIpIoLib.obj
 0002:00001cac       ??_C@_0BC@FEDIJHFF@?$CI?$CIBOOLEAN?$CJ?$CI0?$DN?$DN1?$CJ?$CJ?$AA@ 0001ecac     DxeIpIoLib:DxeIpIoLib.obj
 0002:00001cc0       ??_C@_0GB@EOFALHDN@c?3?2users?2mliang2x?2workspace?2ming@ 0001ecc0     DxeNetLib:DxeNetLib.obj
 0002:00001d24       ??_C@_0N@NMJPNKHJ@NetMask?5?$CB?$DN?50?$AA@ 0001ed24     DxeNetLib:DxeNetLib.obj
 0002:00001d34       ??_C@_0CI@KOOBFNBF@?$CIMaskLength?5?$DO?$DN?50?$CJ?5?$CG?$CG?5?$CIMaskLength@ 0001ed34     DxeNetLib:DxeNetLib.obj
 0002:00001d5c       ??_C@_0BE@FCBOEPIJ@Ip6?5?$CB?$DN?5?$CI?$CIvoid?5?$CK?$CJ?50?$CJ?$AA@ 0001ed5c     DxeNetLib:DxeNetLib.obj
 0002:00001d70       ??_C@_0BF@FBEMMEEB@Head?5?$CB?$DN?5?$CI?$CIvoid?5?$CK?$CJ?50?$CJ?$AA@ 0001ed70     DxeNetLib:DxeNetLib.obj
 0002:00001d88       ??_C@_0BE@GMKCNDGH@Map?5?$CB?$DN?5?$CI?$CIvoid?5?$CK?$CJ?50?$CJ?$AA@ 0001ed88     DxeNetLib:DxeNetLib.obj
 0002:00001d9c       ??_C@_0CO@MHIOADDG@?$CIMap?9?$DOCount?5?$DN?$DN?50?$CJ?5?$CG?$CG?5IsListEmpty@ 0001ed9c     DxeNetLib:DxeNetLib.obj
 0002:00001dcc       ??_C@_0BN@JFJNMPHO@IsListEmpty?5?$CI?$CGMap?9?$DORecycled?$CJ?$AA@ 0001edcc     DxeNetLib:DxeNetLib.obj
 0002:00001dec       ??_C@_0CL@KMKICODD@Map?5?$CB?$DN?5?$CI?$CIvoid?5?$CK?$CJ?50?$CJ?5?$CG?$CG?5Key?5?$CB?$DN?5?$CI?$CI@ 0001edec     DxeNetLib:DxeNetLib.obj
 0002:00001e18       ??_C@_0CM@FAAJCOOB@Map?5?$CB?$DN?5?$CI?$CIvoid?5?$CK?$CJ?50?$CJ?5?$CG?$CG?5Item?5?$CB?$DN?5?$CI@ 0001ee18     DxeNetLib:DxeNetLib.obj
 0002:00001e44       ??_C@_0DA@EGCKNGAF@?$CIMap?5?$CB?$DN?5?$CI?$CIvoid?5?$CK?$CJ?50?$CJ?$CJ?5?$CG?$CG?5?$CIItem?5?$CB@ 0001ee44     DxeNetLib:DxeNetLib.obj
 0002:00001e74       ??_C@_0BJ@KPMFLONP@NetItemInMap?5?$CIMap?0?5Item?$CJ?$AA@ 0001ee74     DxeNetLib:DxeNetLib.obj
 0002:00001e90       ??_C@_0CB@DNKJKBEA@Map?5?$CG?$CG?5?$CBIsListEmpty?5?$CI?$CGMap?9?$DOUsed?$CJ@ 0001ee90     DxeNetLib:DxeNetLib.obj
 0002:00001eb4       ??_C@_0DE@HCAAMLMB@?$CIMap?5?$CB?$DN?5?$CI?$CIvoid?5?$CK?$CJ?50?$CJ?$CJ?5?$CG?$CG?5?$CICallBa@ 0001eeb4     DxeNetLib:DxeNetLib.obj
 0002:00001ee8       ??_C@_0EG@FMMHPKDI@?$CIServiceBindingGuid?5?$CB?$DN?5?$CI?$CIvoid?5?$CK?$CJ@ 0001eee8     DxeNetLib:DxeNetLib.obj
 0002:00001f30       ??_C@_0CD@PCCGAHJM@ServiceBindingGuid?5?$CB?$DN?5?$CI?$CIvoid?5?$CK?$CJ?5@ 0001ef30     DxeNetLib:DxeNetLib.obj
 0002:00001f54       ??_C@_0BA@MDHFKOHH@BlockOpNum?5?$DO?$DN?51?$AA@ 0001ef54     DxeNetLib:NetBuffer.obj
 0002:00001f68       ??_C@_0GB@FAHJOPFA@c?3?2users?2mliang2x?2workspace?2ming@ 0001ef68     DxeNetLib:NetBuffer.obj
 0002:00001fcc       ??_C@_07DJKBCKNJ@Len?5?$DO?50?$AA@ 0001efcc     DxeNetLib:NetBuffer.obj
 0002:00001fd4       ??_C@_0BH@HKOFEGGJ@Vector?5?$CB?$DN?5?$CI?$CIvoid?5?$CK?$CJ?50?$CJ?$AA@ 0001efd4     DxeNetLib:NetBuffer.obj
 0002:00001ff0       ??_C@_0GP@BJHFFKHJ@?$CI?$CIVector?$CJ?5?$CB?$DN?5?$CI?$CIvoid?5?$CK?$CJ?50?$CJ?$CJ?5?$CG?$CG?5?$CI?$CI@ 0001eff0     DxeNetLib:NetBuffer.obj
 0002:00002060       ??_C@_0BD@DIPGLBBO@Vector?9?$DORefCnt?5?$DO?50?$AA@ 0001f060     DxeNetLib:NetBuffer.obj
 0002:00002074       ??_C@_0BF@LJMLDKHP@Nbuf?5?$CB?$DN?5?$CI?$CIvoid?5?$CK?$CJ?50?$CJ?$AA@ 0001f074     DxeNetLib:NetBuffer.obj
 0002:00002090       ??_C@_0GL@IFMHLCLE@?$CI?$CINbuf?$CJ?5?$CB?$DN?5?$CI?$CIvoid?5?$CK?$CJ?50?$CJ?$CJ?5?$CG?$CG?5?$CI?$CINb@ 0001f090     DxeNetLib:NetBuffer.obj
 0002:000020fc       ??_C@_0BB@DOGOGLPG@Nbuf?9?$DORefCnt?5?$DO?50?$AA@ 0001f0fc     DxeNetLib:NetBuffer.obj
 0002:00002110       ??_C@_0HL@FGMBHKJG@?$CI?$CINbuf?9?$DOVector?$CJ?5?$CB?$DN?5?$CI?$CIvoid?5?$CK?$CJ?50?$CJ?$CJ@ 0001f110     DxeNetLib:NetBuffer.obj
 0002:0000218c       ??_C@_0BJ@KIFBBHL@Index?5?$DM?5Nbuf?9?$DOBlockOpNum?$AA@ 0001f18c     DxeNetLib:NetBuffer.obj
 0002:000021a8       ??_C@_0EL@JHACLFKC@?$CIExtFragment?5?$CB?$DN?5?$CI?$CIvoid?5?$CK?$CJ?50?$CJ?$CJ?5?$CG?$CG@ 0001f1a8     DxeNetLib:NetBuffer.obj
 0002:000021f4       ??_C@_0DC@MGLKJFKO@?$CINbuf?9?$DOBlockOpNum?5?$DN?$DN?51?$CJ?5?$CG?$CG?5?$CINbuf@ 0001f1f4     DxeNetLib:NetBuffer.obj
 0002:00002228       ??_C@_0ED@NCEEIHFB@?$CINbuf?9?$DOVector?9?$DOFree?5?$DN?$DN?5?$CI?$CIvoid?5?$CK?$CJ@ 0001f228     DxeNetLib:NetBuffer.obj
 0002:0000226c       ??_C@_0DE@FGAADEGF@Nbuf?9?$DOBlockOp?$FL0?$FN?4Tail?5?$DM?$DN?5Nbuf?9?$DOB@ 0001f26c     DxeNetLib:NetBuffer.obj
 0002:000022a0       ??_C@_0DE@CILPCCFL@?$CIBlockOp?5?$CB?$DN?5?$CI?$CIvoid?5?$CK?$CJ?50?$CJ?$CJ?5?$CG?$CG?5?$CIBl@ 0001f2a0     DxeNetLib:NetBuffer.obj
 0002:000022d4       ??_C@_04IFLCJLKB@Dest?$AA@ 0001f2d4     DxeNetLib:NetBuffer.obj
 0002:000022e0       ??_C@_0HK@HMGLMJLF@c?3?2users?2mliang2x?2workspace?2ming@ 0001f2e0     DxeReportStatusCodeLib:ReportStatusCodeLib.obj
 0002:0000235c       ??_C@_0DN@HHIHPHHB@?$CB?$CI?$CIExtendedData?5?$DN?$DN?5?$CI?$CIvoid?5?$CK?$CJ?50?$CJ?$CJ@ 0001f35c     DxeReportStatusCodeLib:ReportStatusCodeLib.obj
 0002:0000239c       ??_C@_0DN@BBBIFINB@?$CB?$CI?$CIExtendedData?5?$CB?$DN?5?$CI?$CIvoid?5?$CK?$CJ?50?$CJ?$CJ@ 0001f39c     DxeReportStatusCodeLib:ReportStatusCodeLib.obj
 0003:00000000       _gEfiLoadedImageProtocolGuid 00020000     Udp4Dxe:AutoGen.obj
 0003:00000010       _gEfiStatusCodeSpecificDataGuid 00020010     Udp4Dxe:AutoGen.obj
 0003:00000020       _gEfiStatusCodeRuntimeProtocolGuid 00020020     Udp4Dxe:AutoGen.obj
 0003:00000030       _gEfiComponentName2ProtocolGuid 00020030     Udp4Dxe:AutoGen.obj
 0003:00000040       _gEfiCallerBaseName        00020040     Udp4Dxe:AutoGen.obj
 0003:00000044       _gEfiUdp4ServiceBindingProtocolGuid 00020044     Udp4Dxe:AutoGen.obj
 0003:00000054       _gEfiStatusCodeDataTypeDebugGuid 00020054     Udp4Dxe:AutoGen.obj
 0003:00000064       _gEfiIp4ServiceBindingProtocolGuid 00020064     Udp4Dxe:AutoGen.obj
 0003:00000074       _gEfiIp6ServiceBindingProtocolGuid 00020074     Udp4Dxe:AutoGen.obj
 0003:00000084       _gEfiIp4ProtocolGuid       00020084     Udp4Dxe:AutoGen.obj
 0003:00000094       _gEfiDriverBindingProtocolGuid 00020094     Udp4Dxe:AutoGen.obj
 0003:000000a4       _gEfiUdp4ProtocolGuid      000200a4     Udp4Dxe:AutoGen.obj
 0003:000000b4       _gEfiIp6ProtocolGuid       000200b4     Udp4Dxe:AutoGen.obj
 0003:000000c4       _gEfiComponentNameProtocolGuid 000200c4     Udp4Dxe:AutoGen.obj
 0003:000000d4       _gEfiDpcProtocolGuid       000200d4     Udp4Dxe:AutoGen.obj
 0003:000000e4       _gEfiCallerIdGuid          000200e4     Udp4Dxe:AutoGen.obj
 0003:000000f4       _gUdp4DriverBinding        000200f4     Udp4Dxe:Udp4Driver.obj
 0003:0000010c       _mUdp4ServiceBinding       0002010c     Udp4Dxe:Udp4Driver.obj
 0003:00000114       _gUdp4ComponentName2       00020114     Udp4Dxe:ComponentName.obj
 0003:00000120       _gUdp4ComponentName        00020120     Udp4Dxe:ComponentName.obj
 0003:0000012c       _mUdpDriverNameTable       0002012c     Udp4Dxe:ComponentName.obj
 0003:0000013c       _mUdp4Protocol             0002013c     Udp4Dxe:Udp4Main.obj
 0003:0000015c       _mIp4IoDefaultIpConfigData 0002015c     DxeIpIoLib:DxeIpIoLib.obj
 0003:00000178       _mIcmpErrMap               00020178     DxeIpIoLib:DxeIpIoLib.obj
 0003:0000018c       _mActiveIpIoList           0002018c     DxeIpIoLib:DxeIpIoLib.obj
 0003:00000194       _mIcmp6ErrMap              00020194     DxeIpIoLib:DxeIpIoLib.obj
 0003:000001a8       _gIp4AllMasks              000201a8     DxeNetLib:DxeNetLib.obj
 0003:0000022c       _gUdpControllerNameTable   0002022c     Udp4Dxe:ComponentName.obj
 0003:00000230       _gST                       00020230     UefiBootServicesTableLib:UefiBootServicesTableLib.obj
 0003:00000234       _gBS                       00020234     UefiBootServicesTableLib:UefiBootServicesTableLib.obj
 0003:00000238       _gImageHandle              00020238     UefiBootServicesTableLib:UefiBootServicesTableLib.obj
 0003:0000023c       _gRT                       0002023c     UefiRuntimeServicesTableLib:UefiRuntimeServicesTableLib.obj
 0003:00000240       _mZeroIp4Addr              00020240     DxeNetLib:DxeNetLib.obj
 0003:00000244       _mReportStatusCodeLibStatusCodeProtocol 00020244     DxeReportStatusCodeLib:ReportStatusCodeLib.obj
 0003:00000248       _mDpc                      00020248     <common>
 0003:0000024c       _mUdp4RandomPort           0002024c     <common>

 entry point at        0001:00000040

 Static symbols

 0000:fffed000       .debug$S                   00010000     Udp4Dxe.exp
 0001:00004488       $LN237                     00015488     BasePrintLib:PrintLibInternal.obj
 0001:000044b4       $LN233                     000154b4     BasePrintLib:PrintLibInternal.obj
 0001:00004524       $LN238                     00015524     BasePrintLib:PrintLibInternal.obj
 0001:0000455c       $LN234                     0001555c     BasePrintLib:PrintLibInternal.obj
 0001:000075a8       $LN45                      000185a8     DxeIpIoLib:DxeIpIoLib.obj
 0001:000075bc       $LN43                      000185bc     DxeIpIoLib:DxeIpIoLib.obj
 0001:000075c8       $LN46                      000185c8     DxeIpIoLib:DxeIpIoLib.obj
 0001:000075d8       $LN44                      000185d8     DxeIpIoLib:DxeIpIoLib.obj
 0001:00007870       $LN51                      00018870     DxeIpIoLib:DxeIpIoLib.obj
 0001:00007880       $LN52                      00018880     DxeIpIoLib:DxeIpIoLib.obj
 0001:0000789c       $LN53                      0001889c     DxeIpIoLib:DxeIpIoLib.obj
 0001:000078ac       $LN50                      000188ac     DxeIpIoLib:DxeIpIoLib.obj
 0001:000093d4       $LN52                      0001a3d4     DxeIpIoLib:DxeIpIoLib.obj
 0001:000093fc       $LN53                      0001a3fc     DxeIpIoLib:DxeIpIoLib.obj
 0004:00000000       .edata                     00021000     Udp4Dxe.exp
 0004:00000028       rgpv                       00021028     Udp4Dxe.exp
 0004:0000002c       rgszName                   0002102c     Udp4Dxe.exp
 0004:00000030       rgwOrd                     00021030     Udp4Dxe.exp
 0004:00000032       szName                     00021032     Udp4Dxe.exp
 0004:0000003e       $N00001                    0002103e     Udp4Dxe.exp
