 Ip4Dxe

 Timestamp is 65376f64 (Tue Oct 24 15:16:52 2023)

 Preferred load address is 00010000

 Start         Length     Name                   Class
 0001:00000000 00017f50H .text$mn                CODE
 0002:00000000 000036a4H .rdata                  DATA
 0002:000036a4 00000128H .rdata$zzzdbg           DATA
 0003:00000000 00000920H .data                   DATA
 0003:00000920 00000060H .bss                    DATA
 0004:00000000 0000004eH .edata                  DATA

  Address         Publics by Value              Rva+Base       Lib:Object

 0000:00000000       ___guard_longjmp_count     00000000     <absolute>
 0000:00000000       ___guard_flags             00000000     <absolute>
 0000:00000000       ___guard_fids_count        00000000     <absolute>
 0000:00000000       ___guard_longjmp_table     00000000     <absolute>
 0000:00000000       ___dynamic_value_reloc_table 00000000     <absolute>
 0000:00000000       ___guard_iat_table         00000000     <absolute>
 0000:00000000       ___guard_iat_count         00000000     <absolute>
 0000:00000000       ___guard_fids_table        00000000     <absolute>
 0001:00000000       __DriverUnloadHandler      00011000 f   UefiDriverEntryPoint:DriverEntryPoint.obj
 0001:00000040       __ModuleEntryPoint         00011040 f   UefiDriverEntryPoint:DriverEntryPoint.obj
 0001:00000150       _ProcessLibraryConstructorList 00011150 f   Ip4Dxe:AutoGen.obj
 0001:000003d0       _ProcessLibraryDestructorList 000113d0 f   Ip4Dxe:AutoGen.obj
 0001:000003e0       _ProcessModuleEntryPointList 000113e0 f   Ip4Dxe:AutoGen.obj
 0001:00000400       _ProcessModuleUnloadList   00011400 f   Ip4Dxe:AutoGen.obj
 0001:00000420       _IpSec2InstalledCallback   00011420 f   Ip4Dxe:Ip4Driver.obj
 0001:00000470       _Ip4DriverEntryPoint       00011470 f   Ip4Dxe:Ip4Driver.obj
 0001:000004c0       _Ip4DriverBindingSupported 000114c0 f   Ip4Dxe:Ip4Driver.obj
 0001:00000530       _Ip4CreateService          00011530 f   Ip4Dxe:Ip4Driver.obj
 0001:000009f0       _Ip4CleanService           000119f0 f   Ip4Dxe:Ip4Driver.obj
 0001:00000c10       _Ip4DestroyChildEntryInHandleBuffer 00011c10 f   Ip4Dxe:Ip4Driver.obj
 0001:00000cd0       _Ip4DriverBindingStart     00011cd0 f   Ip4Dxe:Ip4Driver.obj
 0001:00000f60       _Ip4DriverBindingStop      00011f60 f   Ip4Dxe:Ip4Driver.obj
 0001:00001260       _Ip4ServiceBindingCreateChild 00012260 f   Ip4Dxe:Ip4Driver.obj
 0001:00001400       _Ip4ServiceBindingDestroyChild 00012400 f   Ip4Dxe:Ip4Driver.obj
 0001:00001690       _EfiIp4GetModeData         00012690 f   Ip4Dxe:Ip4Impl.obj
 0001:000018b0       _Ip4ServiceConfigMnp       000128b0 f   Ip4Dxe:Ip4Impl.obj
 0001:000019d0       _Ip4InitProtocol           000129d0 f   Ip4Dxe:Ip4Impl.obj
 0001:00001ac0       _Ip4ConfigProtocol         00012ac0 f   Ip4Dxe:Ip4Impl.obj
 0001:00001e00       _Ip4CleanProtocol          00012e00 f   Ip4Dxe:Ip4Impl.obj
 0001:00001fc0       _EfiIp4Configure           00012fc0 f   Ip4Dxe:Ip4Impl.obj
 0001:000021d0       _Ip4Groups                 000131d0 f   Ip4Dxe:Ip4Impl.obj
 0001:00002480       _EfiIp4Groups              00013480 f   Ip4Dxe:Ip4Impl.obj
 0001:000025a0       _EfiIp4Routes              000135a0 f   Ip4Dxe:Ip4Impl.obj
 0001:000027a0       _Ip4TokenExist             000137a0 f   Ip4Dxe:Ip4Impl.obj
 0001:000027e0       _Ip4TxTokenValid           000137e0 f   Ip4Dxe:Ip4Impl.obj
 0001:00002a20       _Ip4FreeTxToken            00013a20 f   Ip4Dxe:Ip4Impl.obj
 0001:00002ac0       _Ip4OnPacketSent           00013ac0 f   Ip4Dxe:Ip4Impl.obj
 0001:00002b20       _EfiIp4Transmit            00013b20 f   Ip4Dxe:Ip4Impl.obj
 0001:00003040       _EfiIp4Receive             00014040 f   Ip4Dxe:Ip4Impl.obj
 0001:00003150       _Ip4CancelTxTokens         00014150 f   Ip4Dxe:Ip4Impl.obj
 0001:000031e0       _Ip4CancelRxTokens         000141e0 f   Ip4Dxe:Ip4Impl.obj
 0001:00003260       _Ip4Cancel                 00014260 f   Ip4Dxe:Ip4Impl.obj
 0001:00003330       _EfiIp4Cancel              00014330 f   Ip4Dxe:Ip4Impl.obj
 0001:00003410       _EfiIp4Poll                00014410 f   Ip4Dxe:Ip4Impl.obj
 0001:000034a0       _Ip4SentPacketTicking      000144a0 f   Ip4Dxe:Ip4Impl.obj
 0001:00003530       _Ip4TimerTicking           00014530 f   Ip4Dxe:Ip4Impl.obj
 0001:00003590       _Ip4TimerReconfigChecking  00014590 f   Ip4Dxe:Ip4Impl.obj
 0001:00003680       _Ip4CreateAssembleEntry    00014680 f   Ip4Dxe:Ip4Input.obj
 0001:00003720       _Ip4FreeAssembleEntry      00014720 f   Ip4Dxe:Ip4Input.obj
 0001:00003790       _Ip4InitAssembleTable      00014790 f   Ip4Dxe:Ip4Input.obj
 0001:00003790       _Ip4InitRouteCache         00014790 f   Ip4Dxe:Ip4Route.obj
 0001:000037d0       _Ip4CleanAssembleTable     000147d0 f   Ip4Dxe:Ip4Input.obj
 0001:00003850       _Ip4TrimPacket             00014850 f   Ip4Dxe:Ip4Input.obj
 0001:00003960       _Ip4OnFreeFragments        00014960 f   Ip4Dxe:Ip4Input.obj
 0001:00003980       _Ip4Reassemble             00014980 f   Ip4Dxe:Ip4Input.obj
 0001:00003de0       _Ip4IpSecFree              00014de0 f   Ip4Dxe:Ip4Input.obj
 0001:00003e30       _Ip4IpSecProcessPacket     00014e30 f   Ip4Dxe:Ip4Input.obj
 0001:000041a0       _Ip4PreProcessPacket       000151a0 f   Ip4Dxe:Ip4Input.obj
 0001:000043d0       _Ip4IsValidPacketLength    000153d0 f   Ip4Dxe:Ip4Input.obj
 0001:000043f0       _Ip4AccpetFrame            000153f0 f   Ip4Dxe:Ip4Input.obj
 0001:00004680       _Ip4InstanceFrameAcceptable 00015680 f   Ip4Dxe:Ip4Input.obj
 0001:00004810       _Ip4InstanceEnquePacket    00015810 f   Ip4Dxe:Ip4Input.obj
 0001:000048b0       _Ip4OnRecyclePacket        000158b0 f   Ip4Dxe:Ip4Input.obj
 0001:00004960       _Ip4WrapRxData             00015960 f   Ip4Dxe:Ip4Input.obj
 0001:00004b10       _Ip4InstanceDeliverPacket  00015b10 f   Ip4Dxe:Ip4Input.obj
 0001:00004d40       _Ip4InterfaceEnquePacket   00015d40 f   Ip4Dxe:Ip4Input.obj
 0001:00004eb0       _Ip4InterfaceDeliverPacket 00015eb0 f   Ip4Dxe:Ip4Input.obj
 0001:00004f00       _Ip4Demultiplex            00015f00 f   Ip4Dxe:Ip4Input.obj
 0001:00004fd0       _Ip4PacketTimerTicking     00015fd0 f   Ip4Dxe:Ip4Input.obj
 0001:00005140       _Ip4ComponentNameGetDriverName 00016140 f   Ip4Dxe:ComponentName.obj
 0001:00005180       _UpdateName                00016180 f   Ip4Dxe:ComponentName.obj
 0001:000052c0       _Ip4ComponentNameGetControllerName 000162c0 f   Ip4Dxe:ComponentName.obj
 0001:00005390       _Ip4WrapLinkTxToken        00016390 f   Ip4Dxe:Ip4If.obj
 0001:00005510       _Ip4FreeLinkTxToken        00016510 f   Ip4Dxe:Ip4If.obj
 0001:00005570       _Ip4CreateArpQue           00016570 f   Ip4Dxe:Ip4If.obj
 0001:00005630       _Ip4FreeArpQue             00016630 f   Ip4Dxe:Ip4If.obj
 0001:000056b0       _Ip4CreateLinkRxToken      000166b0 f   Ip4Dxe:Ip4If.obj
 0001:00005760       _Ip4FreeFrameRxToken       00016760 f   Ip4Dxe:Ip4If.obj
 0001:000057c0       _Ip4CancelFrameArp         000167c0 f   Ip4Dxe:Ip4If.obj
 0001:00005860       _Ip4CancelFrames           00016860 f   Ip4Dxe:Ip4If.obj
 0001:00005960       _Ip4CreateInterface        00016960 f   Ip4Dxe:Ip4If.obj
 0001:00005ab0       _Ip4SetAddress             00016ab0 f   Ip4Dxe:Ip4If.obj
 0001:00005cd0       _Ip4CancelInstanceFrame    00016cd0 f   Ip4Dxe:Ip4If.obj
 0001:00005cf0       _Ip4CancelReceive          00016cf0 f   Ip4Dxe:Ip4If.obj
 0001:00005d60       _Ip4FreeInterface          00016d60 f   Ip4Dxe:Ip4If.obj
 0001:00005f60       _Ip4SendFrameToDefaultRoute 00016f60 f   Ip4Dxe:Ip4If.obj
 0001:00006150       _Ip4OnArpResolvedDpc       00017150 f   Ip4Dxe:Ip4If.obj
 0001:00006300       _Ip4OnArpResolved          00017300 f   Ip4Dxe:Ip4If.obj
 0001:00006320       _Ip4OnFrameSentDpc         00017320 f   Ip4Dxe:Ip4If.obj
 0001:000063b0       _Ip4OnFrameSent            000173b0 f   Ip4Dxe:Ip4If.obj
 0001:000063d0       _Ip4SendFrame              000173d0 f   Ip4Dxe:Ip4If.obj
 0001:00006670       _Ip4RecycleFrame           00017670 f   Ip4Dxe:Ip4If.obj
 0001:000066e0       _Ip4OnFrameReceivedDpc     000176e0 f   Ip4Dxe:Ip4If.obj
 0001:000068a0       _Ip4OnFrameReceived        000178a0 f   Ip4Dxe:Ip4If.obj
 0001:000068c0       _Ip4ReceiveFrame           000178c0 f   Ip4Dxe:Ip4If.obj
 0001:00006990       _Ip4Config2DestroyDhcp4    00017990 f   Ip4Dxe:Ip4Config2Impl.obj
 0001:00006ad0       _Ip4Config2OnPolicyChanged 00017ad0 f   Ip4Dxe:Ip4Config2Impl.obj
 0001:00006c10       _Ip4Config2SignalEvent     00017c10 f   Ip4Dxe:Ip4Config2Impl.obj
 0001:00006c30       _Ip4Config2ReadConfigData  00017c30 f   Ip4Dxe:Ip4Config2Impl.obj
 0001:00006df0       _Ip4Config2WriteConfigData 00017df0 f   Ip4Dxe:Ip4Config2Impl.obj
 0001:00006fa0       _Ip4Config2BuildDefaultRouteTable 00017fa0 f   Ip4Dxe:Ip4Config2Impl.obj
 0001:000070a0       _Ip4Config2OnDhcp4SbInstalled 000180a0 f   Ip4Dxe:Ip4Config2Impl.obj
 0001:000070e0       _Ip4Config2SetDefaultAddr  000180e0 f   Ip4Dxe:Ip4Config2Impl.obj
 0001:00007380       _Ip4Config2SetDefaultIf    00018380 f   Ip4Dxe:Ip4Config2Impl.obj
 0001:00007440       _Ip4Config2CleanDhcp4      00018440 f   Ip4Dxe:Ip4Config2Impl.obj
 0001:00007580       _Ip4Config2SetDnsServerWorker 00018580 f   Ip4Dxe:Ip4Config2Impl.obj
 0001:00007760       _Ip4Config2OnDhcp4Complete 00018760 f   Ip4Dxe:Ip4Config2Impl.obj
 0001:00007980       _Ip4StartAutoConfig        00018980 f   Ip4Dxe:Ip4Config2Impl.obj
 0001:00007cf0       _Ip4Config2GetIfInfo       00018cf0 f   Ip4Dxe:Ip4Config2Impl.obj
 0001:00007e50       _Ip4Config2SetPolicy       00018e50 f   Ip4Dxe:Ip4Config2Impl.obj
 0001:000080a0       _Ip4Config2SetManualAddress 000190a0 f   Ip4Dxe:Ip4Config2Impl.obj
 0001:00008410       _Ip4Config2SetGateway      00019410 f   Ip4Dxe:Ip4Config2Impl.obj
 0001:00008760       _Ip4Config2SetDnsServer    00019760 f   Ip4Dxe:Ip4Config2Impl.obj
 0001:00008830       _Ip4Config2InitIfInfo      00019830 f   Ip4Dxe:Ip4Config2Impl.obj
 0001:000088a0       _EfiIp4Config2SetData      000198a0 f   Ip4Dxe:Ip4Config2Impl.obj
 0001:00008ab0       _EfiIp4Config2GetData      00019ab0 f   Ip4Dxe:Ip4Config2Impl.obj
 0001:00008c20       _EfiIp4Config2RegisterDataNotify 00019c20 f   Ip4Dxe:Ip4Config2Impl.obj
 0001:00008d20       _EfiIp4Config2UnregisterDataNotify 00019d20 f   Ip4Dxe:Ip4Config2Impl.obj
 0001:00008e10       _Ip4Config2InitInstance    00019e10 f   Ip4Dxe:Ip4Config2Impl.obj
 0001:000090f0       _Ip4Config2CleanInstance   0001a0f0 f   Ip4Dxe:Ip4Config2Impl.obj
 0001:00009210       _Ip4AutoReconfigCallBackDpc 0001a210 f   Ip4Dxe:Ip4Config2Impl.obj
 0001:00009290       _Ip4AutoReconfigCallBack   0001a290 f   Ip4Dxe:Ip4Config2Impl.obj
 0001:000092b0       _Ip4InitIgmp               0001a2b0 f   Ip4Dxe:Ip4Igmp.obj
 0001:00009390       _Ip4FindGroup              0001a390 f   Ip4Dxe:Ip4Igmp.obj
 0001:000093e0       _Ip4FindMac                0001a3e0 f   Ip4Dxe:Ip4Igmp.obj
 0001:00009440       _Ip4SendIgmpMessage        0001a440 f   Ip4Dxe:Ip4Igmp.obj
 0001:00009530       _Ip4SendIgmpReport         0001a530 f   Ip4Dxe:Ip4Igmp.obj
 0001:00009580       _Ip4JoinGroup              0001a580 f   Ip4Dxe:Ip4Igmp.obj
 0001:000096b0       _Ip4LeaveGroup             0001a6b0 f   Ip4Dxe:Ip4Igmp.obj
 0001:000097b0       _Ip4IgmpHandle             0001a7b0 f   Ip4Dxe:Ip4Igmp.obj
 0001:00009940       _Ip4IgmpTicking            0001a940 f   Ip4Dxe:Ip4Igmp.obj
 0001:00009a00       _Ip4CombineGroups          0001aa00 f   Ip4Dxe:Ip4Igmp.obj
 0001:00009a50       _Ip4RemoveGroupAddr        0001aa50 f   Ip4Dxe:Ip4Igmp.obj
 0001:00009ac0       _Ip4CreateRouteEntry       0001aac0 f   Ip4Dxe:Ip4Route.obj
 0001:00009b20       _Ip4FreeRouteEntry         0001ab20 f   Ip4Dxe:Ip4Route.obj
 0001:00009b80       _Ip4CreateRouteCacheEntry  0001ab80 f   Ip4Dxe:Ip4Route.obj
 0001:00009be0       _Ip4FreeRouteCacheEntry    0001abe0 f   Ip4Dxe:Ip4Route.obj
 0001:00009c40       _Ip4CleanRouteCache        0001ac40 f   Ip4Dxe:Ip4Route.obj
 0001:00009cc0       _Ip4CreateRouteTable       0001acc0 f   Ip4Dxe:Ip4Route.obj
 0001:00009d50       _Ip4FreeRouteTable         0001ad50 f   Ip4Dxe:Ip4Route.obj
 0001:00009e40       _Ip4PurgeRouteCache        0001ae40 f   Ip4Dxe:Ip4Route.obj
 0001:00009ed0       _Ip4AddRoute               0001aed0 f   Ip4Dxe:Ip4Route.obj
 0001:00009f90       _Ip4DelRoute               0001af90 f   Ip4Dxe:Ip4Route.obj
 0001:0000a050       _Ip4FindRouteCache         0001b050 f   Ip4Dxe:Ip4Route.obj
 0001:0000a0d0       _Ip4FindRouteEntry         0001b0d0 f   Ip4Dxe:Ip4Route.obj
 0001:0000a180       _Ip4Route                  0001b180 f   Ip4Dxe:Ip4Route.obj
 0001:0000a330       _Ip4BuildEfiRouteTable     0001b330 f   Ip4Dxe:Ip4Route.obj
 0001:0000a4d0       _Ip4PrependHead            0001b4d0 f   Ip4Dxe:Ip4Output.obj
 0001:0000a690       _Ip4SelectInterface        0001b690 f   Ip4Dxe:Ip4Output.obj
 0001:0000a740       _Ip4SysPacketSent          0001b740 f   Ip4Dxe:Ip4Output.obj
 0001:0000a760       _Ip4Output                 0001b760 f   Ip4Dxe:Ip4Output.obj
 0001:0000ab50       _Ip4CancelPacketFragments  0001bb50 f   Ip4Dxe:Ip4Output.obj
 0001:0000ab80       _Ip4CancelPacket           0001bb80 f   Ip4Dxe:Ip4Output.obj
 0001:0000aba0       _Ip4ProcessIcmpRedirect    0001bba0 f   Ip4Dxe:Ip4Icmp.obj
 0001:0000acd0       _Ip4ProcessIcmpError       0001bcd0 f   Ip4Dxe:Ip4Icmp.obj
 0001:0000ad50       _Ip4IcmpReplyEcho          0001bd50 f   Ip4Dxe:Ip4Icmp.obj
 0001:0000ae60       _Ip4ProcessIcmpQuery       0001be60 f   Ip4Dxe:Ip4Icmp.obj
 0001:0000aee0       _Ip4IcmpHandle             0001bee0 f   Ip4Dxe:Ip4Icmp.obj
 0001:0000afa0       _Ip4GetNetCast             0001bfa0 f   Ip4Dxe:Ip4Common.obj
 0001:0000aff0       _Ip4GetHostCast            0001bff0 f   Ip4Dxe:Ip4Common.obj
 0001:0000b100       _Ip4FindInterface          0001c100 f   Ip4Dxe:Ip4Common.obj
 0001:0000b150       _Ip4FindNet                0001c150 f   Ip4Dxe:Ip4Common.obj
 0001:0000b1b0       _Ip4FindStationAddress     0001c1b0 f   Ip4Dxe:Ip4Common.obj
 0001:0000b210       _Ip4GetMulticastMac        0001c210 f   Ip4Dxe:Ip4Common.obj
 0001:0000b250       _Ip4NtohHead               0001c250 f   Ip4Dxe:Ip4Common.obj
 0001:0000b2d0       _Ip4StationAddressValid    0001c2d0 f   Ip4Dxe:Ip4Common.obj
 0001:0000b330       _Ip4OptionIsValid          0001c330 f   Ip4Dxe:Ip4Option.obj
 0001:0000b500       _Ip4CopyOption             0001c500 f   Ip4Dxe:Ip4Option.obj
 0001:0000b670       _GetSubnetMaskPrefixLength 0001c670 f   Ip4Dxe:Ip4Config2Nv.obj
 0001:0000b6e0       _Ip4Config2StrToIp         0001c6e0 f   Ip4Dxe:Ip4Config2Nv.obj
 0001:0000b7b0       _Ip4Config2StrToIpList     0001c7b0 f   Ip4Dxe:Ip4Config2Nv.obj
 0001:0000bac0       _Ip4Config2IpToStr         0001cac0 f   Ip4Dxe:Ip4Config2Nv.obj
 0001:0000bb20       _Ip4Config2IpListToStr     0001cb20 f   Ip4Dxe:Ip4Config2Nv.obj
 0001:0000bc90       _Ip4Config2ManualAddressNotify 0001cc90 f   Ip4Dxe:Ip4Config2Nv.obj
 0001:0000bca0       _Ip4Config2ConvertConfigNvDataToIfrNvData 0001cca0 f   Ip4Dxe:Ip4Config2Nv.obj
 0001:0000bf90       _Ip4Config2ConvertIfrNvDataToConfigNvData 0001cf90 f   Ip4Dxe:Ip4Config2Nv.obj
 0001:0000c5c0       _Ip4FormExtractConfig      0001d5c0 f   Ip4Dxe:Ip4Config2Nv.obj
 0001:0000c880       _Ip4FormRouteConfig        0001d880 f   Ip4Dxe:Ip4Config2Nv.obj
 0001:0000ca20       _Ip4FormCallback           0001da20 f   Ip4Dxe:Ip4Config2Nv.obj
 0001:0000cda0       _Ip4Config2FormInit        0001dda0 f   Ip4Dxe:Ip4Config2Nv.obj
 0001:0000d090       _Ip4Config2FormUnload      0001e090 f   Ip4Dxe:Ip4Config2Nv.obj
 0001:0000d230       _ZeroMem                   0001e230 f   BaseMemoryLib:ZeroMemWrapper.obj
 0001:0000d2b0       _CopyMem                   0001e2b0 f   BaseMemoryLib:CopyMemWrapper.obj
 0001:0000d350       _CompareMem                0001e350 f   BaseMemoryLib:CompareMemWrapper.obj
 0001:0000d440       _CopyGuid                  0001e440 f   BaseMemoryLib:MemLibGuid.obj
 0001:0000d490       _InternalMemSetMem16       0001e490 f   BaseMemoryLib:MemLibGeneric.obj
 0001:0000d4c0       _InternalMemZeroMem        0001e4c0 f   BaseMemoryLib:MemLibGeneric.obj
 0001:0000d4e0       _InternalMemCompareMem     0001e4e0 f   BaseMemoryLib:MemLibGeneric.obj
 0001:0000d530       _InternalMemCopyMem        0001e530 f   BaseMemoryLib:CopyMem.obj
 0001:0000d8a0       _InternalMemSetMem         0001e8a0 f   BaseMemoryLib:SetMem.obj
 0001:0000d9c0       _InternalAllocatePool      0001e9c0 f   UefiMemoryAllocationLib:MemoryAllocationLib.obj
 0001:0000da00       _AllocatePool              0001ea00 f   UefiMemoryAllocationLib:MemoryAllocationLib.obj
 0001:0000da20       _InternalAllocateZeroPool  0001ea20 f   UefiMemoryAllocationLib:MemoryAllocationLib.obj
 0001:0000da60       _AllocateZeroPool          0001ea60 f   UefiMemoryAllocationLib:MemoryAllocationLib.obj
 0001:0000da80       _InternalAllocateCopyPool  0001ea80 f   UefiMemoryAllocationLib:MemoryAllocationLib.obj
 0001:0000db20       _AllocateCopyPool          0001eb20 f   UefiMemoryAllocationLib:MemoryAllocationLib.obj
 0001:0000db40       _FreePool                  0001eb40 f   UefiMemoryAllocationLib:MemoryAllocationLib.obj
 0001:0000dbd0       _IsDevicePathValid         0001ebd0 f   UefiDevicePathLib:DevicePathUtilities.obj
 0001:0000dd00       _DevicePathType            0001ed00 f   UefiDevicePathLib:DevicePathUtilities.obj
 0001:0000dd40       _DevicePathSubType         0001ed40 f   UefiDevicePathLib:DevicePathUtilities.obj
 0001:0000dd80       _DevicePathNodeLength      0001ed80 f   UefiDevicePathLib:DevicePathUtilities.obj
 0001:0000ddd0       _NextDevicePathNode        0001edd0 f   UefiDevicePathLib:DevicePathUtilities.obj
 0001:0000de20       _IsDevicePathEndType       0001ee20 f   UefiDevicePathLib:DevicePathUtilities.obj
 0001:0000de80       _IsDevicePathEnd           0001ee80 f   UefiDevicePathLib:DevicePathUtilities.obj
 0001:0000def0       _SetDevicePathNodeLength   0001eef0 f   UefiDevicePathLib:DevicePathUtilities.obj
 0001:0000df80       _SetDevicePathEndNode      0001ef80 f   UefiDevicePathLib:DevicePathUtilities.obj
 0001:0000dfd0       _UefiDevicePathLibGetDevicePathSize 0001efd0 f   UefiDevicePathLib:DevicePathUtilities.obj
 0001:0000e040       _UefiDevicePathLibDuplicateDevicePath 0001f040 f   UefiDevicePathLib:DevicePathUtilities.obj
 0001:0000e080       _UefiDevicePathLibAppendDevicePath 0001f080 f   UefiDevicePathLib:DevicePathUtilities.obj
 0001:0000e180       _UefiDevicePathLibAppendDevicePathNode 0001f180 f   UefiDevicePathLib:DevicePathUtilities.obj
 0001:0000e240       _GetDevicePathSize         0001f240 f   UefiDevicePathLib:UefiDevicePathLib.obj
 0001:0000e260       _DuplicateDevicePath       0001f260 f   UefiDevicePathLib:UefiDevicePathLib.obj
 0001:0000e280       _AppendDevicePath          0001f280 f   UefiDevicePathLib:UefiDevicePathLib.obj
 0001:0000e2a0       _AppendDevicePathNode      0001f2a0 f   UefiDevicePathLib:UefiDevicePathLib.obj
 0001:0000e2c0       _DevicePathFromHandle      0001f2c0 f   UefiDevicePathLib:DevicePathUtilitiesDxeSmm.obj
 0001:0000e300       _UnicodeVSPrint            0001f300 f   BasePrintLib:PrintLib.obj
 0001:0000e380       _UnicodeSPrint             0001f380 f   BasePrintLib:PrintLib.obj
 0001:0000e3c0       _UnicodeValueToStringS     0001f3c0 f   BasePrintLib:PrintLib.obj
 0001:0000e420       _BasePrintLibFillBuffer    0001f420 f   BasePrintLib:PrintLibInternal.obj
 0001:0000e480       _BasePrintLibValueToString 0001f480 f   BasePrintLib:PrintLibInternal.obj
 0001:0000e4d0       _BasePrintLibConvertValueToStringS 0001f4d0 f   BasePrintLib:PrintLibInternal.obj
 0001:0000e990       _BasePrintLibSPrintMarker  0001f990 f   BasePrintLib:PrintLibInternal.obj
 0001:0000fc20       _BasePrintLibSPrint        00020c20 f   BasePrintLib:PrintLibInternal.obj
 0001:0000fc60       _DebugPrint                00020c60 f   PeiDxeDebugLibReportStatusCode:DebugLib.obj
 0001:0000fc90       _DebugPrintMarker          00020c90 f   PeiDxeDebugLibReportStatusCode:DebugLib.obj
 0001:00010170       _DebugVPrint               00021170 f   PeiDxeDebugLibReportStatusCode:DebugLib.obj
 0001:00010190       _DebugAssert               00021190 f   PeiDxeDebugLibReportStatusCode:DebugLib.obj
 0001:000103f0       _DebugAssertEnabled        000213f0 f   PeiDxeDebugLibReportStatusCode:DebugLib.obj
 0001:00010420       _DebugPrintEnabled         00021420 f   PeiDxeDebugLibReportStatusCode:DebugLib.obj
 0001:00010450       _DebugCodeEnabled          00021450 f   PeiDxeDebugLibReportStatusCode:DebugLib.obj
 0001:00010480       _DebugPrintLevelEnabled    00021480 f   PeiDxeDebugLibReportStatusCode:DebugLib.obj
 0001:000104a0       _InternalBaseLibIsListValid 000214a0 f   BaseLib:LinkedList.obj
 0001:00010590       _IsNodeInList              00021590 f   BaseLib:LinkedList.obj
 0001:00010660       _InitializeListHead        00021660 f   BaseLib:LinkedList.obj
 0001:000106b0       _InsertHeadList            000216b0 f   BaseLib:LinkedList.obj
 0001:00010770       _InsertTailList            00021770 f   BaseLib:LinkedList.obj
 0001:00010830       _GetFirstNode              00021830 f   BaseLib:LinkedList.obj
 0001:00010880       _GetNextNode               00021880 f   BaseLib:LinkedList.obj
 0001:00010920       _IsListEmpty               00021920 f   BaseLib:LinkedList.obj
 0001:00010980       _IsNull                    00021980 f   BaseLib:LinkedList.obj
 0001:00010a30       _RemoveEntryList           00021a30 f   BaseLib:LinkedList.obj
 0001:00010a90       _SwapBytes32               00021a90 f   BaseLib:SwapBytes32.obj
 0001:00010ad0       _SwapBytes16               00021ad0 f   BaseLib:SwapBytes16.obj
 0001:00010af0       _StrLen                    00021af0 f   BaseLib:String.obj
 0001:00010bb0       _StrSize                   00021bb0 f   BaseLib:String.obj
 0001:00010bd0       _StrnCmp                   00021bd0 f   BaseLib:String.obj
 0001:00010ce0       _StrStr                    00021ce0 f   BaseLib:String.obj
 0001:00010de0       _AsciiStrLen               00021de0 f   BaseLib:String.obj
 0001:00010e80       _AsciiStrSize              00021e80 f   BaseLib:String.obj
 0001:00010ea0       _AsciiStrnCmp              00021ea0 f   BaseLib:String.obj
 0001:00010fb0       _ReadUnaligned16           00021fb0 f   BaseLib:Unaligned.obj
 0001:00010ff0       _WriteUnaligned16          00021ff0 f   BaseLib:Unaligned.obj
 0001:00011030       _ReadUnaligned24           00022030 f   BaseLib:Unaligned.obj
 0001:00011070       _ReadUnaligned32           00022070 f   BaseLib:Unaligned.obj
 0001:000110b0       _ReadUnaligned64           000220b0 f   BaseLib:Unaligned.obj
 0001:000110f0       _WriteUnaligned64          000220f0 f   BaseLib:Unaligned.obj
 0001:00011140       _LShiftU64                 00022140 f   BaseLib:LShiftU64.obj
 0001:00011190       _InternalSafeStringIsOverlap 00022190 f   BaseLib:SafeString.obj
 0001:000111d0       _InternalSafeStringNoStrOverlap 000221d0 f   BaseLib:SafeString.obj
 0001:00011210       _InternalSafeStringNoAsciiStrOverlap 00022210 f   BaseLib:SafeString.obj
 0001:00011250       _StrnLenS                  00022250 f   BaseLib:SafeString.obj
 0001:000112d0       _StrCpyS                   000222d0 f   BaseLib:SafeString.obj
 0001:00011610       _StrnCpyS                  00022610 f   BaseLib:SafeString.obj
 0001:00011a00       _StrCatS                   00022a00 f   BaseLib:SafeString.obj
 0001:00011de0       _AsciiStrnLenS             00022de0 f   BaseLib:SafeString.obj
 0001:00011e30       _AsciiStrnCpyS             00022e30 f   BaseLib:SafeString.obj
 0001:000121c0       _DivU64x32Remainder        000231c0 f   BaseLib:DivU64x32Remainder.obj
 0001:00012210       _CpuBreakpoint             00023210 f   BaseLib:CpuBreakpoint.obj
 0001:00012220       _CpuDeadLoop               00023220 f   BaseLib:CpuDeadLoop.obj
 0001:00012240       _InternalMathLShiftU64     00023240 f   BaseLib:LShiftU64.obj
 0001:00012260       _InternalMathDivRemU64x32  00023260 f   BaseLib:DivU64x32Remainder.obj
 0001:00012280       _CpuPause                  00023280 f   BaseLib:CpuPause.obj
 0001:00012290       _UefiBootServicesTableLibConstructor 00023290 f   UefiBootServicesTableLib:UefiBootServicesTableLib.obj
 0001:00012340       _UefiRuntimeServicesTableLibConstructor 00023340 f   UefiRuntimeServicesTableLib:UefiRuntimeServicesTableLib.obj
 0001:00012380       _UefiLibConstructor        00023380 f   UefiLib:UefiLib.obj
 0001:00012390       _CompareIso639LanguageCode 00023390 f   UefiLib:UefiLib.obj
 0001:000123d0       _EfiCreateProtocolNotifyEvent 000233d0 f   UefiLib:UefiLib.obj
 0001:00012590       _EfiInitializeLock         00023590 f   UefiLib:UefiLib.obj
 0001:00012610       _EfiAcquireLockOrFail      00023610 f   UefiLib:UefiLib.obj
 0001:000126b0       _EfiReleaseLock            000236b0 f   UefiLib:UefiLib.obj
 0001:00012740       _EfiTestChildHandle        00023740 f   UefiLib:UefiLib.obj
 0001:00012810       _IsLanguageSupported       00023810 f   UefiLib:UefiLib.obj
 0001:000128c0       _LookupUnicodeString2      000238c0 f   UefiLib:UefiLib.obj
 0001:00012a40       _AddUnicodeString2         00023a40 f   UefiLib:UefiLib.obj
 0001:00012d30       _FreeUnicodeStringTable    00023d30 f   UefiLib:UefiLib.obj
 0001:00012db0       _GetVariable2              00023db0 f   UefiLib:UefiLib.obj
 0001:00012ef0       _GetEfiGlobalVariable2     00023ef0 f   UefiLib:UefiLib.obj
 0001:00012f10       _GetBestLanguage           00023f10 f   UefiLib:UefiLib.obj
 0001:00013100       _EfiLibInstallDriverBindingComponentName2 00024100 f   UefiLib:UefiDriverModel.obj
 0001:000132b0       _UefiLibGetStringWidth     000242b0 f   UefiLib:Console.obj
 0001:000133b0       _CreatePopUp               000243b0 f   UefiLib:Console.obj
 0001:00013940       _UefiHiiServicesLibConstructor 00024940 f   UefiHiiServicesLib:UefiHiiServicesLib.obj
 0001:00013b20       _NetGetMaskLength          00024b20 f   DxeNetLib:DxeNetLib.obj
 0001:00013b60       _NetGetIpClass             00024b60 f   DxeNetLib:DxeNetLib.obj
 0001:00013be0       _NetIp4IsUnicast           00024be0 f   DxeNetLib:DxeNetLib.obj
 0001:00013c90       _NetRandomInitSeed         00024c90 f   DxeNetLib:DxeNetLib.obj
 0001:00013d10       _NetListRemoveHead         00024d10 f   DxeNetLib:DxeNetLib.obj
 0001:00013db0       _NetListInsertBefore       00024db0 f   DxeNetLib:DxeNetLib.obj
 0001:00013e10       _NetDestroyLinkList        00024e10 f   DxeNetLib:DxeNetLib.obj
 0001:00013f30       _NetIsInHandleBuffer       00024f30 f   DxeNetLib:DxeNetLib.obj
 0001:00013f80       _NetMapInit                00024f80 f   DxeNetLib:DxeNetLib.obj
 0001:00013fe0       _NetMapClean               00024fe0 f   DxeNetLib:DxeNetLib.obj
 0001:00014150       _NetMapIsEmpty             00025150 f   DxeNetLib:DxeNetLib.obj
 0001:000141a0       _NetMapAllocItem           000251a0 f   DxeNetLib:DxeNetLib.obj
 0001:00014260       _NetMapInsertTail          00025260 f   DxeNetLib:DxeNetLib.obj
 0001:000142f0       _NetItemInMap              000252f0 f   DxeNetLib:DxeNetLib.obj
 0001:00014360       _NetMapFindKey             00025360 f   DxeNetLib:DxeNetLib.obj
 0001:000143e0       _NetMapRemoveItem          000253e0 f   DxeNetLib:DxeNetLib.obj
 0001:000144a0       _NetMapRemoveHead          000254a0 f   DxeNetLib:DxeNetLib.obj
 0001:00014540       _NetMapIterate             00025540 f   DxeNetLib:DxeNetLib.obj
 0001:000145f0       _NetLibDefaultUnload       000255f0 f   DxeNetLib:DxeNetLib.obj
 0001:00014790       _NetLibCreateServiceChild  00025790 f   DxeNetLib:DxeNetLib.obj
 0001:00014820       _NetLibDestroyServiceChild 00025820 f   DxeNetLib:DxeNetLib.obj
 0001:000148b0       _NetLibGetSnpHandle        000258b0 f   DxeNetLib:DxeNetLib.obj
 0001:00014980       _NetLibGetVlanId           00025980 f   DxeNetLib:DxeNetLib.obj
 0001:000149f0       _NetLibGetMacAddress       000259f0 f   DxeNetLib:DxeNetLib.obj
 0001:00014ba0       _NetLibGetMacString        00025ba0 f   DxeNetLib:DxeNetLib.obj
 0001:00014d50       _NetLibGetNicHandle        00025d50 f   DxeNetLib:DxeNetLib.obj
 0001:00014e10       _NetbufAllocStruct         00025e10 f   DxeNetLib:NetBuffer.obj
 0001:00014ef0       _NetbufAlloc               00025ef0 f   DxeNetLib:NetBuffer.obj
 0001:00015010       _NetbufFreeVector          00026010 f   DxeNetLib:NetBuffer.obj
 0001:00015160       _NetbufFree                00026160 f   DxeNetLib:NetBuffer.obj
 0001:00015230       _NetbufClone               00026230 f   DxeNetLib:NetBuffer.obj
 0001:00015350       _NetbufDuplicate           00026350 f   DxeNetLib:NetBuffer.obj
 0001:00015420       _NetbufGetByte             00026420 f   DxeNetLib:NetBuffer.obj
 0001:000154f0       _NetbufSetBlock            000264f0 f   DxeNetLib:NetBuffer.obj
 0001:00015610       _NetbufSetBlockOp          00026610 f   DxeNetLib:NetBuffer.obj
 0001:000156d0       _NetbufGetFragmentFree     000266d0 f   DxeNetLib:NetBuffer.obj
 0001:000156f0       _NetbufGetFragment         000266f0 f   DxeNetLib:NetBuffer.obj
 0001:00015aa0       _NetbufFromExt             00026aa0 f   DxeNetLib:NetBuffer.obj
 0001:00015e10       _NetbufBuildExt            00026e10 f   DxeNetLib:NetBuffer.obj
 0001:00015eb0       _NetbufFromBufList         00026eb0 f   DxeNetLib:NetBuffer.obj
 0001:00016050       _NetbufReserve             00027050 f   DxeNetLib:NetBuffer.obj
 0001:000161d0       _NetbufAllocSpace          000271d0 f   DxeNetLib:NetBuffer.obj
 0001:00016400       _NetblockTrim              00027400 f   DxeNetLib:NetBuffer.obj
 0001:00016480       _NetbufTrim                00027480 f   DxeNetLib:NetBuffer.obj
 0001:00016610       _NetbufCopy                00027610 f   DxeNetLib:NetBuffer.obj
 0001:00016860       _NetblockChecksum          00027860 f   DxeNetLib:NetBuffer.obj
 0001:000168e0       _NetAddChecksum            000278e0 f   DxeNetLib:NetBuffer.obj
 0001:00016920       _NetbufChecksum            00027920 f   DxeNetLib:NetBuffer.obj
 0001:00016a20       _NetIpSecNetbufFree        00027a20 f   DxeNetLib:NetBuffer.obj
 0001:00016b90       _DpcLibConstructor         00027b90 f   DxeDpcLib:DpcLib.obj
 0001:00016c30       _QueueDpc                  00027c30 f   DxeDpcLib:DpcLib.obj
 0001:00016c60       _DispatchDpc               00027c60 f   DxeDpcLib:DpcLib.obj
 0001:00016c80       _HiiSetString              00027c80 f   UefiHiiLib:HiiString.obj
 0001:00016e30       _HiiGetString              00027e30 f   UefiHiiLib:HiiString.obj
 0001:00016e60       _HiiGetStringEx            00027e60 f   UefiHiiLib:HiiString.obj
 0001:00017090       _HiiAddPackages            00028090 f   UefiHiiLib:HiiLib.obj
 0001:00017210       _HiiRemovePackages         00028210 f   UefiHiiLib:HiiLib.obj
 0001:000172d0       _InternalHiiLowerConfigString 000282d0 f   UefiHiiLib:HiiLib.obj
 0001:00017380       _InternalHiiBrowserCallback 00028380 f   UefiHiiLib:HiiLib.obj
 0001:00017490       _HiiConstructConfigHdr     00028490 f   UefiHiiLib:HiiLib.obj
 0001:00017740       _InternalHiiCompareSubString 00028740 f   UefiHiiLib:HiiLib.obj
 0001:000178c0       _HiiIsConfigHdrMatch       000288c0 f   UefiHiiLib:HiiLib.obj
 0001:00017980       _HiiGetBrowserData         00028980 f   UefiHiiLib:HiiLib.obj
 0001:00017a60       _HiiGetSupportedLanguages  00028a60 f   UefiHiiLib:HiiLanguage.obj
 0001:00017b20       _GetDebugPrintErrorLevel   00028b20 f   BaseDebugPrintErrorLevelLib:BaseDebugPrintErrorLevelLib.obj
 0001:00017b30       _InternalGetReportStatusCode 00028b30 f   DxeReportStatusCodeLib:ReportStatusCodeLib.obj
 0001:00017b90       _InternalReportStatusCode  00028b90 f   DxeReportStatusCodeLib:ReportStatusCodeLib.obj
 0001:00017c20       _ReportStatusCodeEx        00028c20 f   DxeReportStatusCodeLib:ReportStatusCodeLib.obj
 0001:00017de0       _ReportProgressCodeEnabled 00028de0 f   DxeReportStatusCodeLib:ReportStatusCodeLib.obj
 0001:00017e10       _ReportErrorCodeEnabled    00028e10 f   DxeReportStatusCodeLib:ReportStatusCodeLib.obj
 0001:00017e40       _ReportDebugCodeEnabled    00028e40 f   DxeReportStatusCodeLib:ReportStatusCodeLib.obj
 0001:00017e70       _SetMem16                  00028e70 f   BaseMemoryLib:SetMem16Wrapper.obj
 0002:00000000       ??_C@_0CB@DMEJJJHA@?6ASSERT_EFI_ERROR?5?$CIStatus?5?$DN?5?$CFr?$CJ?6@ 00029000     UefiDriverEntryPoint:DriverEntryPoint.obj
 0002:00000024       ??_C@_0CH@BBNBJKHK@?$CB?$CI?$CI?$CIINTN?$CJ?$CIRETURN_STATUS?$CJ?$CIStatus?$CJ@ 00029024     UefiDriverEntryPoint:DriverEntryPoint.obj
 0002:00000050       ??_C@_0GP@GHNHPFLI@c?3?2users?2mliang2x?2workspace?2ming@ 00029050     UefiDriverEntryPoint:DriverEntryPoint.obj
 0002:000000bf       __gDriverUnloadImageCount  000290bf     Ip4Dxe:AutoGen.obj
 0002:000000c0       ??_C@_06LKJNGKMM@Ip4Dxe?$AA@ 000290c0     Ip4Dxe:AutoGen.obj
 0002:000000c8       ??_C@_0IJ@JFPDIEDP@c?3?2users?2mliang2x?2workspace?2ming@ 000290c8     Ip4Dxe:AutoGen.obj
 0002:00000151       __gPcd_FixedAtBuild_PcdReportStatusCodePropertyMask 00029151     Ip4Dxe:AutoGen.obj
 0002:00000154       __gPcd_FixedAtBuild_PcdMaximumDevicePathNodeCount 00029154     Ip4Dxe:AutoGen.obj
 0002:00000154       __gUefiDriverRevision      00029154     Ip4Dxe:AutoGen.obj
 0002:00000158       __gPcd_FixedAtBuild_PcdDebugPrintErrorLevel 00029158     Ip4Dxe:AutoGen.obj
 0002:0000015c       __gPcd_FixedAtBuild_PcdFixedDebugPrintErrorLevel 0002915c     Ip4Dxe:AutoGen.obj
 0002:00000160       __gPcd_FixedAtBuild_PcdComponentName2Disable 00029160     Ip4Dxe:AutoGen.obj
 0002:00000160       __gPcd_FixedAtBuild_PcdComponentNameDisable 00029160     Ip4Dxe:AutoGen.obj
 0002:00000160       __gPcd_FixedAtBuild_PcdVerifyNodeInList 00029160     Ip4Dxe:AutoGen.obj
 0002:00000164       __gPcd_FixedAtBuild_PcdMaximumUnicodeStringLength 00029164     Ip4Dxe:AutoGen.obj
 0002:00000164       __gPcd_FixedAtBuild_PcdMaximumLinkedListLength 00029164     Ip4Dxe:AutoGen.obj
 0002:00000164       __gPcd_FixedAtBuild_PcdMaximumAsciiStringLength 00029164     Ip4Dxe:AutoGen.obj
 0002:00000168       __gPcd_FixedAtBuild_PcdDebugPropertyMask 00029168     Ip4Dxe:AutoGen.obj
 0002:0000016c       ??_C@_0BI@KMGFDNBP@Service?5?$CB?$DN?5?$CI?$CIvoid?5?$CK?$CJ?50?$CJ?$AA@ 0002916c     Ip4Dxe:Ip4Driver.obj
 0002:00000188       ??_C@_0FG@MGHJGDOM@c?3?2users?2mliang2x?2workspace?2ming@ 00029188     Ip4Dxe:Ip4Driver.obj
 0002:000001e0       ??_C@_0BF@NDBIKIKC@CR?5has?5Bad?5Signature?$AA@ 000291e0     Ip4Dxe:Ip4Driver.obj
 0002:000001f8       ??_C@_0BF@EKNEMLIP@IpSb?5?$CB?$DN?5?$CI?$CIvoid?5?$CK?$CJ?50?$CJ?$AA@ 000291f8     Ip4Dxe:Ip4Driver.obj
 0002:00000210       ??_C@_0FE@OCDOHJNJ@c?3?2users?2mliang2x?2workspace?2ming@ 00029210     Ip4Dxe:Ip4Impl.obj
 0002:00000264       ??_C@_0DH@GPPCAEPK@?$CIIpSb?5?$CB?$DN?5?$CI?$CIvoid?5?$CK?$CJ?50?$CJ?$CJ?5?$CG?$CG?5?$CIIpIns@ 00029264     Ip4Dxe:Ip4Impl.obj
 0002:0000029c       ??_C@_0BN@KGHJECMC@GroupAddress?5?$CB?$DN?5?$CI?$CIvoid?5?$CK?$CJ?50?$CJ?$AA@ 0002929c     Ip4Dxe:Ip4Impl.obj
 0002:000002bc       ??_C@_0CD@NKJCDDFI@IpInstance?9?$DOGroups?5?$CB?$DN?5?$CI?$CIvoid?5?$CK?$CJ?5@ 000292bc     Ip4Dxe:Ip4Impl.obj
 0002:000002e0       ??_C@_0L@BCBMKFKO@Index?5?$DN?$DN?51?$AA@ 000292e0     Ip4Dxe:Ip4Impl.obj
 0002:000002ec       ??_C@_0BM@HFKMLLMO@Ip4Instance?5?$CB?$DN?5?$CI?$CIvoid?5?$CK?$CJ?50?$CJ?$AA@ 000292ec     Ip4Dxe:Ip4Impl.obj
 0002:00000308       ??_C@_0BF@HCDENPCL@Wrap?5?$CB?$DN?5?$CI?$CIvoid?5?$CK?$CJ?50?$CJ?$AA@ 00029308     Ip4Dxe:Ip4Impl.obj
 0002:00000320       ??_C@_0GL@OOIFHKIL@?$CI?$CIIpSb?$CJ?5?$CB?$DN?5?$CI?$CIvoid?5?$CK?$CJ?50?$CJ?$CJ?5?$CG?$CG?5?$CI?$CIIp@ 00029320     Ip4Dxe:Ip4Impl.obj
 0002:0000038c       ??_C@_0CI@EHDAHPG@Info?9?$DOStart?5?$CL?5Info?9?$DOLength?5?$DN?$DN?5In@ 0002938c     Ip4Dxe:Ip4Input.obj
 0002:000003b8       ??_C@_0FF@DBNHHCFG@c?3?2users?2mliang2x?2workspace?2ming@ 000293b8     Ip4Dxe:Ip4Input.obj
 0002:00000410       ??_C@_0CL@KNPFBFFJ@?$CIInfo?9?$DOStart?5?$DM?5End?$CJ?5?$CG?$CG?5?$CIStart?5?$DM?5@ 00029410     Ip4Dxe:Ip4Input.obj
 0002:0000043c       ??_C@_0BH@BHMOGOAJ@IpHead?5?$CB?$DN?5?$CI?$CIvoid?5?$CK?$CJ?50?$CJ?$AA@ 0002943c     Ip4Dxe:Ip4Input.obj
 0002:00000454       ??_C@_0BJ@ECGIBIMF@Assemble?5?$CB?$DN?5?$CI?$CIvoid?5?$CK?$CJ?50?$CJ?$AA@ 00029454     Ip4Dxe:Ip4Input.obj
 0002:00000470       ??_C@_0BP@DJKJLKPN@Assemble?9?$DOHead?5?$DN?$DN?5?$CI?$CIvoid?5?$CK?$CJ?50?$CJ?$AA@ 00029470     Ip4Dxe:Ip4Input.obj
 0002:00000490       ??_C@_0BP@GCONLHGI@Assemble?9?$DOInfo?5?$CB?$DN?5?$CI?$CIvoid?5?$CK?$CJ?50?$CJ?$AA@ 00029490     Ip4Dxe:Ip4Input.obj
 0002:000004b0       ??_C@_0BH@BFPFAGHP@mIpSec?5?$CB?$DN?5?$CI?$CIvoid?5?$CK?$CJ?50?$CJ?$AA@ 000294b0     Ip4Dxe:Ip4Input.obj
 0002:000004c8       ??_C@_0BF@FBEMMEEB@Head?5?$CB?$DN?5?$CI?$CIvoid?5?$CK?$CJ?50?$CJ?$AA@ 000294c8     Ip4Dxe:Ip4Input.obj
 0002:000004e0       ??_C@_0BH@CELONLOG@Packet?5?$CB?$DN?5?$CI?$CIvoid?5?$CK?$CJ?50?$CJ?$AA@ 000294e0     Ip4Dxe:Ip4Input.obj
 0002:000004f8       ??_C@_0EI@IDGMIBFC@?$CB?$CI?$CI?$CIWrap?9?$DOPacket?$CJ?9?$DORefCnt?5?$DO?51?$CJ?5?$HM@ 000294f8     Ip4Dxe:Ip4Input.obj
 0002:00000540       ??_C@_0BP@IOBAJECI@Packet?9?$DOIp?4Ip4?5?$CB?$DN?5?$CI?$CIvoid?5?$CK?$CJ?50?$CJ?$AA@ 00029540     Ip4Dxe:Ip4Input.obj
 0002:00000560       ??_C@_0BL@COBOANOI@IpInstance?5?$CB?$DN?5?$CI?$CIvoid?5?$CK?$CJ?50?$CJ?$AA@ 00029560     Ip4Dxe:Ip4Input.obj
 0002:00000580       ??_C@_0HH@EHPECKLJ@?$CI?$CIIpInstance?$CJ?5?$CB?$DN?5?$CI?$CIvoid?5?$CK?$CJ?50?$CJ?$CJ?5?$CG@ 00029580     Ip4Dxe:Ip4Input.obj
 0002:000005f8       ??_C@_03LKLGDMJI@eng?$AA@  000295f8     Ip4Dxe:ComponentName.obj
 0002:000005fc       ??_C@_02LFNMGJAP@en?$AA@   000295fc     Ip4Dxe:ComponentName.obj
 0002:00000600       ??_C@_06DALJLGPG@eng?$DLen?$AA@ 00029600     Ip4Dxe:ComponentName.obj
 0002:00000608       ??_C@_1DG@IHGHICFA@?$AAI?$AAP?$AA4?$AA?5?$AAN?$AAe?$AAt?$AAw?$AAo?$AAr?$AAk?$AA?5?$AAS?$AAe?$AAr?$AAv?$AAi?$AAc?$AAe?$AA?5?$AAD?$AAr?$AAi?$AAv?$AAe?$AAr?$AA?$AA@ 00029608     Ip4Dxe:ComponentName.obj
 0002:00000640       ??_C@_1CG@HLBCDCEC@?$AAI?$AAP?$AAv?$AA4?$AA?5?$AA?$CI?$AAN?$AAo?$AAt?$AA?5?$AAs?$AAt?$AAa?$AAr?$AAt?$AAe?$AAd?$AA?$CJ?$AA?$AA@ 00029640     Ip4Dxe:ComponentName.obj
 0002:00000668       ??_C@_1DC@IHJIMGND@?$AAI?$AAP?$AAv?$AA4?$AA?5?$AA?$CI?$AAS?$AAr?$AAc?$AAI?$AAP?$AA?$DN?$AA?$CF?$AAd?$AA?4?$AA?$CF?$AAd?$AA?4?$AA?$CF?$AAd?$AA?4?$AA?$CF?$AAd?$AA?$CJ?$AA?$AA@ 00029668     Ip4Dxe:ComponentName.obj
 0002:000006a0       ??_C@_0GN@IKEMILK@?$CI?$CIToken?$CJ?5?$CB?$DN?5?$CI?$CIvoid?5?$CK?$CJ?50?$CJ?$CJ?5?$CG?$CG?5?$CI?$CIT@ 000296a0     Ip4Dxe:Ip4If.obj
 0002:00000710       ??_C@_0FC@DKHCIIAI@c?3?2users?2mliang2x?2workspace?2ming@ 00029710     Ip4Dxe:Ip4If.obj
 0002:00000768       ??_C@_0GP@EBANMBBK@?$CI?$CIArpQue?$CJ?5?$CB?$DN?5?$CI?$CIvoid?5?$CK?$CJ?50?$CJ?$CJ?5?$CG?$CG?5?$CI?$CI@ 00029768     Ip4Dxe:Ip4If.obj
 0002:000007d8       ??_C@_0GN@IMIHFFGP@?$CI?$CIToken?$CJ?5?$CB?$DN?5?$CI?$CIvoid?5?$CK?$CJ?50?$CJ?$CJ?5?$CG?$CG?5?$CI?$CIT@ 000297d8     Ip4Dxe:Ip4If.obj
 0002:00000848       ??_C@_0HF@BCLJGKCD@?$CI?$CIInterface?$CJ?5?$CB?$DN?5?$CI?$CIvoid?5?$CK?$CJ?50?$CJ?$CJ?5?$CG?$CG@ 00029848     Ip4Dxe:Ip4If.obj
 0002:000008c0       ??_C@_0BG@GIHMNBOJ@Interface?9?$DORefCnt?5?$DO?50?$AA@ 000298c0     Ip4Dxe:Ip4If.obj
 0002:000008d8       ??_C@_0CG@NMHHEINA@IsListEmpty?5?$CI?$CGInterface?9?$DOIpInsta@ 000298d8     Ip4Dxe:Ip4If.obj
 0002:00000900       ??_C@_0CC@PBDGGCNK@IsListEmpty?5?$CI?$CGInterface?9?$DOArpQues@ 00029900     Ip4Dxe:Ip4If.obj
 0002:00000924       ??_C@_0CF@NKNPBNCD@IsListEmpty?5?$CI?$CGInterface?9?$DOSentFra@ 00029924     Ip4Dxe:Ip4If.obj
 0002:0000094c       ??_C@_0CM@EEMPOMGF@Token?9?$DOInterface?9?$DOSubnetMask?5?$DN?$DN?5@ 0002994c     Ip4Dxe:Ip4If.obj
 0002:00000978       ??_C@_0BG@NDDKKKPP@Interface?9?$DOConfigured?$AA@ 00029978     Ip4Dxe:Ip4If.obj
 0002:00000990       ??_C@_0GN@EGABJGOB@?$CI?$CIFrame?$CJ?5?$CB?$DN?5?$CI?$CIvoid?5?$CK?$CJ?50?$CJ?$CJ?5?$CG?$CG?5?$CI?$CIF@ 00029990     Ip4Dxe:Ip4If.obj
 0002:00000a00       ??_C@_0BG@GNOLCPMK@Dhcp4?5?$CB?$DN?5?$CI?$CIvoid?5?$CK?$CJ?50?$CJ?$AA@ 00029a00     Ip4Dxe:Ip4Config2Impl.obj
 0002:00000a18       ??_C@_0FL@LCEGFCHM@c?3?2users?2mliang2x?2workspace?2ming@ 00029a18     Ip4Dxe:Ip4Config2Impl.obj
 0002:00000a74       ??_C@_0BF@CPCLDMPH@IpIf?5?$CB?$DN?5?$CI?$CIvoid?5?$CK?$CJ?50?$CJ?$AA@ 00029a74     Ip4Dxe:Ip4Config2Impl.obj
 0002:00000a8c       ??_C@_0CA@KCKONDIO@Instance?9?$DODhcp4?5?$CB?$DN?5?$CI?$CIvoid?5?$CK?$CJ?50?$CJ?$AA@ 00029a8c     Ip4Dxe:Ip4Config2Impl.obj
 0002:00000ab0       ??_C@_0GC@KABCBBKH@Instance?9?$DODataItem?$FLIp4Config2Dat@ 00029ab0     Ip4Dxe:Ip4Config2Impl.obj
 0002:00000b14       ??_C@_1M@CLFCEILF@?$AAe?$AAt?$AAh?$AA?$CF?$AAd?$AA?$AA@ 00029b14     Ip4Dxe:Ip4Config2Impl.obj
 0002:00000b20       ??_C@_0BG@MBPIHGMN@Group?9?$DODelayTime?5?$DO?$DN?50?$AA@ 00029b20     Ip4Dxe:Ip4Igmp.obj
 0002:00000b38       ??_C@_0FE@MBBKOBKL@c?3?2users?2mliang2x?2workspace?2ming@ 00029b38     Ip4Dxe:Ip4Igmp.obj
 0002:00000b8c       ??_C@_0BE@BIEHCDCK@RtEntry?9?$DORefCnt?5?$DO?50?$AA@ 00029b8c     Ip4Dxe:Ip4Route.obj
 0002:00000ba0       ??_C@_0FF@DDHJNMGG@c?3?2users?2mliang2x?2workspace?2ming@ 00029ba0     Ip4Dxe:Ip4Route.obj
 0002:00000bf8       ??_C@_0BJ@BEAIDGAO@RtCacheEntry?9?$DORefCnt?5?$DO?50?$AA@ 00029bf8     Ip4Dxe:Ip4Route.obj
 0002:00000c14       ??_C@_0BE@EPNEIHAH@RtTable?9?$DORefCnt?5?$DO?50?$AA@ 00029c14     Ip4Dxe:Ip4Route.obj
 0002:00000c28       ??_C@_0BI@BOMBGFOB@RtTable?5?$CB?$DN?5?$CI?$CIvoid?5?$CK?$CJ?50?$CJ?$AA@ 00029c28     Ip4Dxe:Ip4Route.obj
 0002:00000c40       ??_C@_0CE@ONMACAEH@?$CI?$CILen?5?$CF?54?$CJ?5?$DN?$DN?50?$CJ?5?$CG?$CG?5?$CIHeadLen?5?$DM?$DN?5@ 00029c40     Ip4Dxe:Ip4Output.obj
 0002:00000c68       ??_C@_0FG@NLDCCCGF@c?3?2users?2mliang2x?2workspace?2ming@ 00029c68     Ip4Dxe:Ip4Output.obj
 0002:00000cc0       ??_C@_0BF@IPHHEBHD@Icmp?5?$CB?$DN?5?$CI?$CIvoid?5?$CK?$CJ?50?$CJ?$AA@ 00029cc0     Ip4Dxe:Ip4Icmp.obj
 0002:00000cd8       ??_C@_0FE@FKILKDLN@c?3?2users?2mliang2x?2workspace?2ming@ 00029cd8     Ip4Dxe:Ip4Icmp.obj
 0002:00000d2c       ??_C@_0CO@COLIIPDN@?$CIBufLen?5?$CB?$DN?5?$CI?$CIvoid?5?$CK?$CJ?50?$CJ?$CJ?5?$CG?$CG?5?$CIOpt@ 00029d2c     Ip4Dxe:Ip4Option.obj
 0002:00000d60       ??_C@_0FG@KCPPEHIK@c?3?2users?2mliang2x?2workspace?2ming@ 00029d60     Ip4Dxe:Ip4Option.obj
 0002:00000db8       ??_C@_1BI@FCMLLAGN@?$AA?$CF?$AAd?$AA?4?$AA?$CF?$AAd?$AA?4?$AA?$CF?$AAd?$AA?4?$AA?$CF?$AAd?$AA?$AA@ 00029db8     Ip4Dxe:Ip4Config2Nv.obj
 0002:00000dd0       ??_C@_0HD@IDNAAOPJ@?$CI?$CIInstance?$CJ?5?$CB?$DN?5?$CI?$CIvoid?5?$CK?$CJ?50?$CJ?$CJ?5?$CG?$CG?5@ 00029dd0     Ip4Dxe:Ip4Config2Nv.obj
 0002:00000e48       ??_C@_0FJ@IFEMMCAI@c?3?2users?2mliang2x?2workspace?2ming@ 00029e48     Ip4Dxe:Ip4Config2Nv.obj
 0002:00000ea4       ??_C@_1CK@EKOBMLHN@?$AAI?$AAn?$AAv?$AAa?$AAl?$AAi?$AAd?$AA?5?$AAS?$AAu?$AAb?$AAn?$AAe?$AAt?$AA?5?$AAM?$AAa?$AAs?$AAk?$AA?$CB?$AA?$AA@ 00029ea4     Ip4Dxe:Ip4Config2Nv.obj
 0002:00000ed0       ??_C@_1CI@LMPBJGDM@?$AAI?$AAn?$AAv?$AAa?$AAl?$AAi?$AAd?$AA?5?$AAI?$AAP?$AA?5?$AAa?$AAd?$AAd?$AAr?$AAe?$AAs?$AAs?$AA?$CB?$AA?$AA@ 00029ed0     Ip4Dxe:Ip4Config2Nv.obj
 0002:00000ef8       ??_C@_1CC@EECKCHGK@?$AAI?$AAn?$AAv?$AAa?$AAl?$AAi?$AAd?$AA?5?$AAG?$AAa?$AAt?$AAe?$AAw?$AAa?$AAy?$AA?$CB?$AA?$AA@ 00029ef8     Ip4Dxe:Ip4Config2Nv.obj
 0002:00000f1c       ??_C@_1CI@GPLCPIIC@?$AAI?$AAn?$AAv?$AAa?$AAl?$AAi?$AAd?$AA?5?$AAD?$AAn?$AAs?$AA?5?$AAS?$AAe?$AAr?$AAv?$AAe?$AAr?$AA?$CB?$AA?$AA@ 00029f1c     Ip4Dxe:Ip4Config2Nv.obj
 0002:00000f44       ??_C@_1O@LFMAFHMH@?$AAO?$AAF?$AAF?$AAS?$AAE?$AAT?$AA?$AA@ 00029f44     Ip4Dxe:Ip4Config2Nv.obj
 0002:00000f54       ??_C@_1DC@EPJEBJEB@?$AA?$CF?$AAs?$AA?$CG?$AAO?$AAF?$AAF?$AAS?$AAE?$AAT?$AA?$DN?$AA0?$AA?$CG?$AAW?$AAI?$AAD?$AAT?$AAH?$AA?$DN?$AA?$CF?$AA0?$AA1?$AA6?$AAL?$AAX?$AA?$AA@ 00029f54     Ip4Dxe:Ip4Config2Nv.obj
 0002:00000f88       ??_C@_1BI@OKMKAGND@?$AA?$CF?$AAs?$AA?5?$AA?$CI?$AAM?$AAA?$AAC?$AA?3?$AA?$CF?$AAs?$AA?$CJ?$AA?$AA@ 00029f88     Ip4Dxe:Ip4Config2Nv.obj
 0002:00000fa0       ??_C@_1O@DMKKJCOM@?$AAM?$AAA?$AAC?$AA?3?$AA?$CF?$AAs?$AA?$AA@ 00029fa0     Ip4Dxe:Ip4Config2Nv.obj
 0002:00000fb0       ??_C@_0BH@IACGKAP@Buffer?5?$CB?$DN?5?$CI?$CIvoid?5?$CK?$CJ?50?$CJ?$AA@ 00029fb0     BaseMemoryLib:ZeroMemWrapper.obj
 0002:00000fc8       ??_C@_0GG@MGEIBEOF@c?3?2users?2mliang2x?2workspace?2ming@ 00029fc8     BaseMemoryLib:ZeroMemWrapper.obj
 0002:00001030       ??_C@_0CL@OBMFBPED@Length?5?$DM?$DN?5?$CI0xFFFFFFFF?5?9?5?$CIUINTN?$CJB@ 0002a030     BaseMemoryLib:ZeroMemWrapper.obj
 0002:0000105c       ??_C@_0DI@PHOMHDKH@?$CILength?5?9?51?$CJ?5?$DM?$DN?5?$CI0xFFFFFFFF?5?9?5?$CIU@ 0002a05c     BaseMemoryLib:CopyMemWrapper.obj
 0002:00001098       ??_C@_0GG@HCOKHFCC@c?3?2users?2mliang2x?2workspace?2ming@ 0002a098     BaseMemoryLib:CopyMemWrapper.obj
 0002:00001100       ??_C@_0DD@DCDOHCDJ@?$CILength?5?9?51?$CJ?5?$DM?$DN?5?$CI0xFFFFFFFF?5?9?5?$CIU@ 0002a100     BaseMemoryLib:CopyMemWrapper.obj
 0002:00001134       ??_C@_0CC@JOEHDGKB@DestinationBuffer?5?$CB?$DN?5?$CI?$CIvoid?5?$CK?$CJ?50@ 0002a134     BaseMemoryLib:CompareMemWrapper.obj
 0002:00001158       ??_C@_0GJ@KBFGPLNL@c?3?2users?2mliang2x?2workspace?2ming@ 0002a158     BaseMemoryLib:CompareMemWrapper.obj
 0002:000011c4       ??_C@_0BN@MDMCNBCC@SourceBuffer?5?$CB?$DN?5?$CI?$CIvoid?5?$CK?$CJ?50?$CJ?$AA@ 0002a1c4     BaseMemoryLib:CompareMemWrapper.obj
 0002:000011e8       ??_C@_0HF@CMOOABOD@c?3?2users?2mliang2x?2workspace?2ming@ 0002a1e8     UefiMemoryAllocationLib:MemoryAllocationLib.obj
 0002:00001260       ??_C@_0DD@HIGIPKGN@AllocationSize?5?$DM?$DN?5?$CI0xFFFFFFFF?5?9?5@ 0002a260     UefiMemoryAllocationLib:MemoryAllocationLib.obj
 0002:00001294       ??_C@_0BF@CBLMFKOC@Node?5?$CB?$DN?5?$CI?$CIvoid?5?$CK?$CJ?50?$CJ?$AA@ 0002a294     UefiDevicePathLib:DevicePathUtilities.obj
 0002:000012b0       ??_C@_0GP@HHJAOHCF@c?3?2users?2mliang2x?2workspace?2ming@ 0002a2b0     UefiDevicePathLib:DevicePathUtilities.obj
 0002:00001320       ??_C@_0EH@ENCEEKKL@?$CILength?5?$DO?$DN?5sizeof?5?$CIEFI_DEVICE_PA@ 0002a320     UefiDevicePathLib:DevicePathUtilities.obj
 0002:00001368       _mUefiDevicePathLibEndDevicePath 0002a368     UefiDevicePathLib:DevicePathUtilities.obj
 0002:0000136c       ??_C@_0CI@BGLNHBLM@?$CI?$CI?$CIUINTN?$CJ?5?$CIStartOfBuffer?$CJ?$CJ?5?$CG?50x0@ 0002a36c     BasePrintLib:PrintLib.obj
 0002:00001398       ??_C@_0FP@HCMIGMKH@c?3?2users?2mliang2x?2workspace?2ming@ 0002a398     BasePrintLib:PrintLib.obj
 0002:000013f8       ??_C@_0CH@KJLBGOBB@?$CI?$CI?$CIUINTN?$CJ?5?$CIFormatString?$CJ?$CJ?5?$CG?50x01@ 0002a3f8     BasePrintLib:PrintLib.obj
 0002:00001420       ??_C@_0CB@LDBAOPMG@?$CI?$CI?$CIUINTN?$CJ?5?$CIBuffer?$CJ?$CJ?5?$CG?50x01?$CJ?5?$DN?$DN?50@ 0002a420     BasePrintLib:PrintLib.obj
 0002:00001448       ??_C@_0GH@MLMKDJJP@c?3?2users?2mliang2x?2workspace?2ming@ 0002a448     BasePrintLib:PrintLibInternal.obj
 0002:000014b0       ??_C@_0BJ@CNKJJNE@?$CIBuffer?5?$CB?$DN?5?$CI?$CIvoid?5?$CK?$CJ?50?$CJ?$CJ?$AA@ 0002a4b0     BasePrintLib:PrintLibInternal.obj
 0002:000014d0       ??_C@_0EB@HDGIDCIO@?$CIBufferSize?5?$DM?$DN?5?$CI_gPcd_FixedAtBui@ 0002a4d0     BasePrintLib:PrintLibInternal.obj
 0002:00001518       ??_C@_0FJ@HAEMOBLP@?$CIBufferSize?5?$DM?$DN?5?$CI_gPcd_FixedAtBui@ 0002a518     BasePrintLib:PrintLibInternal.obj
 0002:00001574       ??_C@_0CO@OJNGHNJG@?$CI?$CIFlags?5?$CG?5?$HO?$CI0x01?5?$HM?50x08?5?$HM?50x20?5?$HM@ 0002a574     BasePrintLib:PrintLibInternal.obj
 0002:000015a4       ??_C@_0DB@HIDPIAGP@?$CI?$CI?$CIFlags?5?$CG?50x08?$CJ?5?$DN?$DN?50?$CJ?5?$HM?$HM?5?$CI?$CIFlag@ 0002a5a4     BasePrintLib:PrintLibInternal.obj
 0002:000015d8       ??_C@_0N@PNKFBKME@?$CIWidth?5?$DM?538?$CJ?$AA@ 0002a5d8     BasePrintLib:PrintLibInternal.obj
 0002:000015e8       ??_C@_0CI@HPJOGFNE@?$CIBufferSize?5?$DO?$DN?5?$CIWidth?5?$CL?51?$CJ?5?$CK?5Inc@ 0002a5e8     BasePrintLib:PrintLibInternal.obj
 0002:00001610       ??_C@_0BJ@PPAKKDJG@?$CIFormat?5?$CB?$DN?5?$CI?$CIvoid?5?$CK?$CJ?50?$CJ?$CJ?$AA@ 0002a610     BasePrintLib:PrintLibInternal.obj
 0002:00001630       ??_C@_0ED@LPDDCECB@?$CIBufferSize?5?$DM?$DN?5?$CI_gPcd_FixedAtBui@ 0002a630     BasePrintLib:PrintLibInternal.obj
 0002:00001678       ??_C@_0IM@BFJJFLGB@?$CIStrnLenS?5?$CI?$CICHAR16?5?$CK?$CJFormat?0?5?$CI_g@ 0002a678     BasePrintLib:PrintLibInternal.obj
 0002:00001708       ??_C@_0ID@PLGJGION@?$CIAsciiStrnLenS?5?$CIFormat?0?5?$CI_gPcd_F@ 0002a708     BasePrintLib:PrintLibInternal.obj
 0002:0000178c       ??_C@_0O@MLOLIMFM@?$DMnull?5string?$DO?$AA@ 0002a78c     BasePrintLib:PrintLibInternal.obj
 0002:0000179c       ??_C@_0M@BJJDNPHK@?$DMnull?5guid?$DO?$AA@ 0002a79c     BasePrintLib:PrintLibInternal.obj
 0002:000017a8       ??_C@_0DB@PMLHLBMO@?$CF08x?9?$CF04x?9?$CF04x?9?$CF02x?$CF02x?9?$CF02x?$CF02x@ 0002a7a8     BasePrintLib:PrintLibInternal.obj
 0002:000017dc       ??_C@_0M@LHGBCIKM@?$DMnull?5time?$DO?$AA@ 0002a7dc     BasePrintLib:PrintLibInternal.obj
 0002:000017e8       ??_C@_0BK@FCPKCIDD@?$CF02d?1?$CF02d?1?$CF04d?5?5?$CF02d?3?$CF02d?$AA@ 0002a7e8     BasePrintLib:PrintLibInternal.obj
 0002:00001804       ??_C@_04JIMNDDED@?$CF08X?$AA@ 0002a804     BasePrintLib:PrintLibInternal.obj
 0002:0000180c       ??_C@_02PCIJFNDE@?$AN?6?$AA@ 0002a80c     BasePrintLib:PrintLibInternal.obj
 0002:00001810       ??_C@_01LIIJDEN@?$AN?$AA@  0002a810     BasePrintLib:PrintLibInternal.obj
 0002:00001818       _mWarningString            0002a818     BasePrintLib:PrintLibInternal.obj
 0002:000018e0       _mErrorString              0002a8e0     BasePrintLib:PrintLibInternal.obj
 0002:00001bc0       _mHexStr                   0002abc0     BasePrintLib:PrintLibInternal.obj
 0002:00001bd0       ??_C@_0BH@LKMBFCBF@Format?5?$CB?$DN?5?$CI?$CIvoid?5?$CK?$CJ?50?$CJ?$AA@ 0002abd0     PeiDxeDebugLibReportStatusCode:DebugLib.obj
 0002:00001be8       ??_C@_0HH@BLJPNBBN@c?3?2users?2mliang2x?2workspace?2ming@ 0002abe8     PeiDxeDebugLibReportStatusCode:DebugLib.obj
 0002:00001c60       ??_C@_0CP@EFCGCEBK@?$CICHAR8?5?$CK?$CJBaseListMarkerPointer?5?$DM@ 0002ac60     PeiDxeDebugLibReportStatusCode:DebugLib.obj
 0002:00001c90       ??_C@_01OHGJGJJP@?$FL?$AA@ 0002ac90     PeiDxeDebugLibReportStatusCode:DebugLib.obj
 0002:00001c94       ??_C@_02PBFOLPKM@?$FN?5?$AA@ 0002ac94     PeiDxeDebugLibReportStatusCode:DebugLib.obj
 0002:00001c98       ??_C@_0BF@NJNGJMPC@List?5?$CB?$DN?5?$CI?$CIvoid?5?$CK?$CJ?50?$CJ?$AA@ 0002ac98     BaseLib:LinkedList.obj
 0002:00001cb0       ??_C@_0FM@OPLAEOJM@c?3?2users?2mliang2x?2workspace?2ming@ 0002acb0     BaseLib:LinkedList.obj
 0002:00001d0c       ??_C@_0CC@KDLPLAED@List?9?$DOForwardLink?5?$CB?$DN?5?$CI?$CIvoid?5?$CK?$CJ?50@ 0002ad0c     BaseLib:LinkedList.obj
 0002:00001d30       ??_C@_0BP@IJJCCMAK@List?9?$DOBackLink?5?$CB?$DN?5?$CI?$CIvoid?5?$CK?$CJ?50?$CJ?$AA@ 0002ad30     BaseLib:LinkedList.obj
 0002:00001d50       ??_C@_0CI@BMHOPIIO@InternalBaseLibIsListValid?5?$CIFirs@ 0002ad50     BaseLib:LinkedList.obj
 0002:00001d78       ??_C@_0BM@BAIHHOEP@SecondEntry?5?$CB?$DN?5?$CI?$CIvoid?5?$CK?$CJ?50?$CJ?$AA@ 0002ad78     BaseLib:LinkedList.obj
 0002:00001d94       ??_C@_0BJ@NJABNCDK@ListHead?5?$CB?$DN?5?$CI?$CIvoid?5?$CK?$CJ?50?$CJ?$AA@ 0002ad94     BaseLib:LinkedList.obj
 0002:00001db0       ??_C@_0DI@HOMAKAJD@?$CI?$CIBOOLEAN?$CJ?$CI0?$DN?$DN1?$CJ?$CJ?5?$DN?$DN?5IsNodeInLis@ 0002adb0     BaseLib:LinkedList.obj
 0002:00001de8       ??_C@_0CG@LGIALJFK@InternalBaseLibIsListValid?5?$CIList@ 0002ade8     BaseLib:LinkedList.obj
 0002:00001e10       ??_C@_0CC@JLDICICM@InternalBaseLibIsListValid?5?$CIList@ 0002ae10     BaseLib:LinkedList.obj
 0002:00001e34       ??_C@_0DD@OAAIDOJD@?$CI?$CIBOOLEAN?$CJ?$CI1?$DN?$DN1?$CJ?$CJ?5?$DN?$DN?5IsNodeInLis@ 0002ae34     BaseLib:LinkedList.obj
 0002:00001e68       ??_C@_0BF@NMBJJECB@?$CBIsListEmpty?5?$CIEntry?$CJ?$AA@ 0002ae68     BaseLib:LinkedList.obj
 0002:00001e80       ??_C@_0BH@MAAHKCPC@String?5?$CB?$DN?5?$CI?$CIvoid?5?$CK?$CJ?50?$CJ?$AA@ 0002ae80     BaseLib:String.obj
 0002:00001e98       ??_C@_0FI@OLEMEIPM@c?3?2users?2mliang2x?2workspace?2ming@ 0002ae98     BaseLib:String.obj
 0002:00001ef0       ??_C@_0CC@GFNLNIOC@?$CI?$CIUINTN?$CJString?5?$CG?50x00000001?$CJ?5?$DN?$DN?5@ 0002aef0     BaseLib:String.obj
 0002:00001f14       ??_C@_0DK@EOJCOAME@Length?5?$DM?5_gPcd_FixedAtBuild_PcdM@ 0002af14     BaseLib:String.obj
 0002:00001f50       ??_C@_0BL@JAAMOCAJ@StrSize?5?$CIFirstString?$CJ?5?$CB?$DN?50?$AA@ 0002af50     BaseLib:String.obj
 0002:00001f6c       ??_C@_0BM@DALBOILC@StrSize?5?$CISecondString?$CJ?5?$CB?$DN?50?$AA@ 0002af6c     BaseLib:String.obj
 0002:00001f88       ??_C@_0DL@LFIMEMJP@Length?5?$DM?$DN?5_gPcd_FixedAtBuild_Pcd@ 0002af88     BaseLib:String.obj
 0002:00001fc4       ??_C@_0BG@KBNOLIGE@StrSize?5?$CIString?$CJ?5?$CB?$DN?50?$AA@ 0002afc4     BaseLib:String.obj
 0002:00001fdc       ??_C@_0BM@NNBLOHJD@StrSize?5?$CISearchString?$CJ?5?$CB?$DN?50?$AA@ 0002afdc     BaseLib:String.obj
 0002:00001ff8       ??_C@_0DI@MDIKFADO@Length?5?$DM?5_gPcd_FixedAtBuild_PcdM@ 0002aff8     BaseLib:String.obj
 0002:00002030       ??_C@_0BL@IKFBNFIL@AsciiStrSize?5?$CIFirstString?$CJ?$AA@ 0002b030     BaseLib:String.obj
 0002:0000204c       ??_C@_0BM@EDNOKLLE@AsciiStrSize?5?$CISecondString?$CJ?$AA@ 0002b04c     BaseLib:String.obj
 0002:00002068       ??_C@_0DJ@JJHGIFMP@Length?5?$DM?$DN?5_gPcd_FixedAtBuild_Pcd@ 0002b068     BaseLib:String.obj
 0002:000020a8       ??_C@_0FL@JMOEMBON@c?3?2users?2mliang2x?2workspace?2ming@ 0002b0a8     BaseLib:Unaligned.obj
 0002:00002104       ??_C@_0L@MEMPDLHB@Count?5?$DM?564?$AA@ 0002b104     BaseLib:LShiftU64.obj
 0002:00002110       ??_C@_0FL@NDMKHDG@c?3?2users?2mliang2x?2workspace?2ming@ 0002b110     BaseLib:LShiftU64.obj
 0002:00002170       ??_C@_0FM@NNNBGHEF@c?3?2users?2mliang2x?2workspace?2ming@ 0002b170     BaseLib:SafeString.obj
 0002:000021cc       ??_C@_0CH@LALFPBMC@?$CI?$CIUINTN?$CJDestination?5?$CG?50x00000001@ 0002b1cc     BaseLib:SafeString.obj
 0002:000021f4       ??_C@_0CC@HEBCMBPF@?$CI?$CIUINTN?$CJSource?5?$CG?50x00000001?$CJ?5?$DN?$DN?5@ 0002b1f4     BaseLib:SafeString.obj
 0002:00002218       ??_C@_0BO@ECNIOIHG@?$CIDestination?5?$CB?$DN?5?$CI?$CIvoid?5?$CK?$CJ?50?$CJ?$CJ?$AA@ 0002b218     BaseLib:SafeString.obj
 0002:00002238       ??_C@_07KBGDFDAM@StrCpyS?$AA@ 0002b238     BaseLib:SafeString.obj
 0002:00002240       ??_C@_0EA@PDPDJJNN@?$CFa?$CI?$CFd?$CJ?5?$CFa?3?5SAFE_STRING_CONSTRAIN@ 0002b240     BaseLib:SafeString.obj
 0002:00002280       ??_C@_0BJ@EAEEJIP@?$CISource?5?$CB?$DN?5?$CI?$CIvoid?5?$CK?$CJ?50?$CJ?$CJ?$AA@ 0002b280     BaseLib:SafeString.obj
 0002:000022a0       ??_C@_0EA@BBALOHPI@?$CIDestMax?5?$DM?$DN?5?$CI_gPcd_FixedAtBuild_@ 0002b2a0     BaseLib:SafeString.obj
 0002:000022e0       ??_C@_0P@PMIMLIHM@?$CIDestMax?5?$CB?$DN?50?$CJ?$AA@ 0002b2e0     BaseLib:SafeString.obj
 0002:000022f0       ??_C@_0BG@EEGIIOKH@?$CIDestMax?5?$DO?5SourceLen?$CJ?$AA@ 0002b2f0     BaseLib:SafeString.obj
 0002:00002308       ??_C@_0FH@PPBLBDBJ@InternalSafeStringNoStrOverlap?5?$CI@ 0002b308     BaseLib:SafeString.obj
 0002:00002360       ??_C@_08INOAHJON@StrnCpyS?$AA@ 0002b360     BaseLib:SafeString.obj
 0002:0000236c       ??_C@_0DP@PBOJGJC@?$CILength?5?$DM?$DN?5?$CI_gPcd_FixedAtBuild_P@ 0002b36c     BaseLib:SafeString.obj
 0002:000023ac       ??_C@_07EBBOPAKF@StrCatS?$AA@ 0002b3ac     BaseLib:SafeString.obj
 0002:000023b4       ??_C@_0P@BHOOOJPD@?$CICopyLen?5?$CB?$DN?50?$CJ?$AA@ 0002b3b4     BaseLib:SafeString.obj
 0002:000023c4       ??_C@_0BG@BPGICNPK@?$CICopyLen?5?$DO?5SourceLen?$CJ?$AA@ 0002b3c4     BaseLib:SafeString.obj
 0002:000023dc       ??_C@_0DO@LJFOOPII@?$CIDestMax?5?$DM?$DN?5?$CI_gPcd_FixedAtBuild_@ 0002b3dc     BaseLib:SafeString.obj
 0002:00002420       ??_C@_0FL@CDANCHFO@InternalSafeStringNoAsciiStrOver@ 0002b420     BaseLib:SafeString.obj
 0002:0000247c       ??_C@_0O@DIHNCLLG@AsciiStrnCpyS?$AA@ 0002b47c     BaseLib:SafeString.obj
 0002:0000248c       ??_C@_0DN@DLAADCJE@?$CILength?5?$DM?$DN?5?$CI_gPcd_FixedAtBuild_P@ 0002b48c     BaseLib:SafeString.obj
 0002:000024cc       ??_C@_0N@KGHEHMDL@Divisor?5?$CB?$DN?50?$AA@ 0002b4cc     BaseLib:DivU64x32Remainder.obj
 0002:000024e0       ??_C@_0GE@LHLPIAGN@c?3?2users?2mliang2x?2workspace?2ming@ 0002b4e0     BaseLib:DivU64x32Remainder.obj
 0002:00002544       ??_C@_0BN@COECPDCC@gImageHandle?5?$CB?$DN?5?$CI?$CIvoid?5?$CK?$CJ?50?$CJ?$AA@ 0002b544     UefiBootServicesTableLib:UefiBootServicesTableLib.obj
 0002:00002568       ??_C@_0HL@PJCLKHFF@c?3?2users?2mliang2x?2workspace?2ming@ 0002b568     UefiBootServicesTableLib:UefiBootServicesTableLib.obj
 0002:000025e4       ??_C@_0BE@DGNHAHIL@gST?5?$CB?$DN?5?$CI?$CIvoid?5?$CK?$CJ?50?$CJ?$AA@ 0002b5e4     UefiBootServicesTableLib:UefiBootServicesTableLib.obj
 0002:000025f8       ??_C@_0BE@BDFJLGLN@gBS?5?$CB?$DN?5?$CI?$CIvoid?5?$CK?$CJ?50?$CJ?$AA@ 0002b5f8     UefiBootServicesTableLib:UefiBootServicesTableLib.obj
 0002:0000260c       ??_C@_0BE@OBDFIHND@gRT?5?$CB?$DN?5?$CI?$CIvoid?5?$CK?$CJ?50?$CJ?$AA@ 0002b60c     UefiRuntimeServicesTableLib:UefiRuntimeServicesTableLib.obj
 0002:00002620       ??_C@_0IB@BKMJEAIL@c?3?2users?2mliang2x?2workspace?2ming@ 0002b620     UefiRuntimeServicesTableLib:UefiRuntimeServicesTableLib.obj
 0002:000026a8       ??_C@_0FJ@INLOALCK@c?3?2users?2mliang2x?2workspace?2ming@ 0002b6a8     UefiLib:UefiLib.obj
 0002:00002704       ??_C@_0BN@HHGHCLME@ProtocolGuid?5?$CB?$DN?5?$CI?$CIvoid?5?$CK?$CJ?50?$CJ?$AA@ 0002b704     UefiLib:UefiLib.obj
 0002:00002724       ??_C@_0BP@DEIEJICI@NotifyFunction?5?$CB?$DN?5?$CI?$CIvoid?5?$CK?$CJ?50?$CJ?$AA@ 0002b724     UefiLib:UefiLib.obj
 0002:00002744       ??_C@_0BN@OMCJCPAI@Registration?5?$CB?$DN?5?$CI?$CIvoid?5?$CK?$CJ?50?$CJ?$AA@ 0002b744     UefiLib:UefiLib.obj
 0002:00002764       ??_C@_0BF@JGGLMCFN@Lock?5?$CB?$DN?5?$CI?$CIvoid?5?$CK?$CJ?50?$CJ?$AA@ 0002b764     UefiLib:UefiLib.obj
 0002:0000277c       ??_C@_0P@EOAOOBNP@Priority?5?$DM?$DN?531?$AA@ 0002b77c     UefiLib:UefiLib.obj
 0002:0000278c       ??_C@_0CD@PGOFFOAH@Lock?9?$DOLock?5?$CB?$DN?5EfiLockUninitializ@ 0002b78c     UefiLib:UefiLib.obj
 0002:000027b0       ??_C@_0BO@FHNOFLFJ@Lock?9?$DOLock?5?$DN?$DN?5EfiLockAcquired?$AA@ 0002b7b0     UefiLib:UefiLib.obj
 0002:000027d0       ??_C@_0EG@GOBFPEEP@Name?5?$CB?$DN?5?$CI?$CIvoid?5?$CK?$CJ?50?$CJ?5?$CG?$CG?5Guid?5?$CB?$DN?5@ 0002b7d0     UefiLib:UefiLib.obj
 0002:00002818       ??_C@_0BH@FMEOEIBC@?$CKValue?5?$CB?$DN?5?$CI?$CIvoid?5?$CK?$CJ?50?$CJ?$AA@ 0002b818     UefiLib:UefiLib.obj
 0002:00002830       ??_C@_0CD@OLFKAJF@SupportedLanguages?5?$CB?$DN?5?$CI?$CIvoid?5?$CK?$CJ?5@ 0002b830     UefiLib:UefiLib.obj
 0002:00002854       ??_C@_0BO@MHFMIIAE@DriverBinding?5?$CB?$DN?5?$CI?$CIvoid?5?$CK?$CJ?50?$CJ?$AA@ 0002b854     UefiLib:UefiDriverModel.obj
 0002:00002878       ??_C@_0GB@DBGGNAC@c?3?2users?2mliang2x?2workspace?2ming@ 0002b878     UefiLib:UefiDriverModel.obj
 0002:000028dc       ??_C@_0BD@BHENKNKP@NumberOfLines?5?$CB?$DN?50?$AA@ 0002b8dc     UefiLib:Console.obj
 0002:000028f0       ??_C@_0FJ@PGGEGIHP@c?3?2users?2mliang2x?2workspace?2ming@ 0002b8f0     UefiLib:Console.obj
 0002:0000294c       ??_C@_0P@ICDOOCHP@MaxLength?5?$CB?$DN?50?$AA@ 0002b94c     UefiLib:Console.obj
 0002:0000295c       ??_C@_0BF@DMEONNDO@Line?5?$CB?$DN?5?$CI?$CIvoid?5?$CK?$CJ?50?$CJ?$AA@ 0002b95c     UefiLib:Console.obj
 0002:00002974       ??_C@_0BK@IHAIHFJE@TmpString?5?$CB?$DN?5?$CI?$CIvoid?5?$CK?$CJ?50?$CJ?$AA@ 0002b974     UefiLib:Console.obj
 0002:00002990       ??_C@_17LGKOMLJ@?$AA?4?$AA?4?$AA?4?$AA?$AA@ 0002b990     UefiLib:Console.obj
 0002:00002998       ??_C@_0HF@EFJBFICC@c?3?2users?2mliang2x?2workspace?2ming@ 0002b998     UefiHiiServicesLib:UefiHiiServicesLib.obj
 0002:00002a10       ??_C@_0GB@EOFALHDN@c?3?2users?2mliang2x?2workspace?2ming@ 0002ba10     DxeNetLib:DxeNetLib.obj
 0002:00002a74       ??_C@_0N@NMJPNKHJ@NetMask?5?$CB?$DN?50?$AA@ 0002ba74     DxeNetLib:DxeNetLib.obj
 0002:00002a84       ??_C@_0CI@KOOBFNBF@?$CIMaskLength?5?$DO?$DN?50?$CJ?5?$CG?$CG?5?$CIMaskLength@ 0002ba84     DxeNetLib:DxeNetLib.obj
 0002:00002aac       ??_C@_0DG@FBNPJOEF@PostEntry?5?$CB?$DN?5?$CI?$CIvoid?5?$CK?$CJ?50?$CJ?5?$CG?$CG?5New@ 0002baac     DxeNetLib:DxeNetLib.obj
 0002:00002ae4       ??_C@_0BE@GMKCNDGH@Map?5?$CB?$DN?5?$CI?$CIvoid?5?$CK?$CJ?50?$CJ?$AA@ 0002bae4     DxeNetLib:DxeNetLib.obj
 0002:00002af8       ??_C@_0CO@MHIOADDG@?$CIMap?9?$DOCount?5?$DN?$DN?50?$CJ?5?$CG?$CG?5IsListEmpty@ 0002baf8     DxeNetLib:DxeNetLib.obj
 0002:00002b28       ??_C@_0BN@JFJNMPHO@IsListEmpty?5?$CI?$CGMap?9?$DORecycled?$CJ?$AA@ 0002bb28     DxeNetLib:DxeNetLib.obj
 0002:00002b48       ??_C@_0CL@KMKICODD@Map?5?$CB?$DN?5?$CI?$CIvoid?5?$CK?$CJ?50?$CJ?5?$CG?$CG?5Key?5?$CB?$DN?5?$CI?$CI@ 0002bb48     DxeNetLib:DxeNetLib.obj
 0002:00002b74       ??_C@_0CM@FAAJCOOB@Map?5?$CB?$DN?5?$CI?$CIvoid?5?$CK?$CJ?50?$CJ?5?$CG?$CG?5Item?5?$CB?$DN?5?$CI@ 0002bb74     DxeNetLib:DxeNetLib.obj
 0002:00002ba0       ??_C@_0DA@EGCKNGAF@?$CIMap?5?$CB?$DN?5?$CI?$CIvoid?5?$CK?$CJ?50?$CJ?$CJ?5?$CG?$CG?5?$CIItem?5?$CB@ 0002bba0     DxeNetLib:DxeNetLib.obj
 0002:00002bd0       ??_C@_0BJ@KPMFLONP@NetItemInMap?5?$CIMap?0?5Item?$CJ?$AA@ 0002bbd0     DxeNetLib:DxeNetLib.obj
 0002:00002bec       ??_C@_0CB@DNKJKBEA@Map?5?$CG?$CG?5?$CBIsListEmpty?5?$CI?$CGMap?9?$DOUsed?$CJ@ 0002bbec     DxeNetLib:DxeNetLib.obj
 0002:00002c10       ??_C@_0DE@HCAAMLMB@?$CIMap?5?$CB?$DN?5?$CI?$CIvoid?5?$CK?$CJ?50?$CJ?$CJ?5?$CG?$CG?5?$CICallBa@ 0002bc10     DxeNetLib:DxeNetLib.obj
 0002:00002c48       ??_C@_0EG@FMMHPKDI@?$CIServiceBindingGuid?5?$CB?$DN?5?$CI?$CIvoid?5?$CK?$CJ@ 0002bc48     DxeNetLib:DxeNetLib.obj
 0002:00002c90       ??_C@_0CD@PCCGAHJM@ServiceBindingGuid?5?$CB?$DN?5?$CI?$CIvoid?5?$CK?$CJ?5@ 0002bc90     DxeNetLib:DxeNetLib.obj
 0002:00002cb4       ??_C@_0BL@PMLJBBIE@MacAddress?5?$CB?$DN?5?$CI?$CIvoid?5?$CK?$CJ?50?$CJ?$AA@ 0002bcb4     DxeNetLib:DxeNetLib.obj
 0002:00002cd0       ??_C@_0BM@CDAGHOOA@AddressSize?5?$CB?$DN?5?$CI?$CIvoid?5?$CK?$CJ?50?$CJ?$AA@ 0002bcd0     DxeNetLib:DxeNetLib.obj
 0002:00002cec       ??_C@_0BK@GPKNKKJO@MacString?5?$CB?$DN?5?$CI?$CIvoid?5?$CK?$CJ?50?$CJ?$AA@ 0002bcec     DxeNetLib:DxeNetLib.obj
 0002:00002d08       ??_C@_0BA@MDHFKOHH@BlockOpNum?5?$DO?$DN?51?$AA@ 0002bd08     DxeNetLib:NetBuffer.obj
 0002:00002d18       ??_C@_0GB@FAHJOPFA@c?3?2users?2mliang2x?2workspace?2ming@ 0002bd18     DxeNetLib:NetBuffer.obj
 0002:00002d7c       ??_C@_07DJKBCKNJ@Len?5?$DO?50?$AA@ 0002bd7c     DxeNetLib:NetBuffer.obj
 0002:00002d84       ??_C@_0BH@HKOFEGGJ@Vector?5?$CB?$DN?5?$CI?$CIvoid?5?$CK?$CJ?50?$CJ?$AA@ 0002bd84     DxeNetLib:NetBuffer.obj
 0002:00002da0       ??_C@_0GP@BJHFFKHJ@?$CI?$CIVector?$CJ?5?$CB?$DN?5?$CI?$CIvoid?5?$CK?$CJ?50?$CJ?$CJ?5?$CG?$CG?5?$CI?$CI@ 0002bda0     DxeNetLib:NetBuffer.obj
 0002:00002e10       ??_C@_0BD@DIPGLBBO@Vector?9?$DORefCnt?5?$DO?50?$AA@ 0002be10     DxeNetLib:NetBuffer.obj
 0002:00002e24       ??_C@_0BF@LJMLDKHP@Nbuf?5?$CB?$DN?5?$CI?$CIvoid?5?$CK?$CJ?50?$CJ?$AA@ 0002be24     DxeNetLib:NetBuffer.obj
 0002:00002e40       ??_C@_0GL@IFMHLCLE@?$CI?$CINbuf?$CJ?5?$CB?$DN?5?$CI?$CIvoid?5?$CK?$CJ?50?$CJ?$CJ?5?$CG?$CG?5?$CI?$CINb@ 0002be40     DxeNetLib:NetBuffer.obj
 0002:00002eac       ??_C@_0BB@DOGOGLPG@Nbuf?9?$DORefCnt?5?$DO?50?$AA@ 0002beac     DxeNetLib:NetBuffer.obj
 0002:00002ec0       ??_C@_0HL@FGMBHKJG@?$CI?$CINbuf?9?$DOVector?$CJ?5?$CB?$DN?5?$CI?$CIvoid?5?$CK?$CJ?50?$CJ?$CJ@ 0002bec0     DxeNetLib:NetBuffer.obj
 0002:00002f3c       ??_C@_0BJ@KIFBBHL@Index?5?$DM?5Nbuf?9?$DOBlockOpNum?$AA@ 0002bf3c     DxeNetLib:NetBuffer.obj
 0002:00002f58       ??_C@_0O@GCGIAIEL@Last?5?$DO?$DN?5First?$AA@ 0002bf58     DxeNetLib:NetBuffer.obj
 0002:00002f68       ??_C@_0EL@JHACLFKC@?$CIExtFragment?5?$CB?$DN?5?$CI?$CIvoid?5?$CK?$CJ?50?$CJ?$CJ?5?$CG?$CG@ 0002bf68     DxeNetLib:NetBuffer.obj
 0002:00002fb4       ??_C@_0DC@MGLKJFKO@?$CINbuf?9?$DOBlockOpNum?5?$DN?$DN?51?$CJ?5?$CG?$CG?5?$CINbuf@ 0002bfb4     DxeNetLib:NetBuffer.obj
 0002:00002fe8       ??_C@_0ED@NCEEIHFB@?$CINbuf?9?$DOVector?9?$DOFree?5?$DN?$DN?5?$CI?$CIvoid?5?$CK?$CJ@ 0002bfe8     DxeNetLib:NetBuffer.obj
 0002:0000302c       ??_C@_0DE@FGAADEGF@Nbuf?9?$DOBlockOp?$FL0?$FN?4Tail?5?$DM?$DN?5Nbuf?9?$DOB@ 0002c02c     DxeNetLib:NetBuffer.obj
 0002:00003060       ??_C@_0DE@CILPCCFL@?$CIBlockOp?5?$CB?$DN?5?$CI?$CIvoid?5?$CK?$CJ?50?$CJ?$CJ?5?$CG?$CG?5?$CIBl@ 0002c060     DxeNetLib:NetBuffer.obj
 0002:00003094       ??_C@_04IFLCJLKB@Dest?$AA@ 0002c094     DxeNetLib:NetBuffer.obj
 0002:0000309c       ??_C@_0BJ@IHHEPCDD@Nbuf?9?$DOVector?9?$DORefCnt?5?$DO?50?$AA@ 0002c09c     DxeNetLib:NetBuffer.obj
 0002:000030b8       ??_C@_0FO@DENKDMJI@c?3?2users?2mliang2x?2workspace?2ming@ 0002c0b8     DxeDpcLib:DpcLib.obj
 0002:00003118       ??_C@_0BK@KLJHMMPJ@HiiHandle?5?$CB?$DN?5?$CI?$CIvoid?5?$CK?$CJ?50?$CJ?$AA@ 0002c118     UefiHiiLib:HiiString.obj
 0002:00003138       ??_C@_0GE@MMMOFKGD@c?3?2users?2mliang2x?2workspace?2ming@ 0002c138     UefiHiiLib:HiiString.obj
 0002:0000319c       ??_C@_06PLDEFKP@x?9UEFI?$AA@ 0002c19c     UefiHiiLib:HiiString.obj
 0002:000031a4       ??_C@_0CA@OEKIMLLB@PackageListGuid?5?$CB?$DN?5?$CI?$CIvoid?5?$CK?$CJ?50?$CJ?$AA@ 0002c1a4     UefiHiiLib:HiiString.obj
 0002:000031c4       ??_C@_0O@EMMLPDMJ@StringId?5?$CB?$DN?50?$AA@ 0002c1c4     UefiHiiLib:HiiString.obj
 0002:000031d4       ??_C@_0DA@MAJHLAPK@?$CB?$CI?$CBTryBestLanguage?5?$CG?$CG?5Language?5?$DN@ 0002c1d4     UefiHiiLib:HiiString.obj
 0002:00003204       ??_C@_1BK@GGGENMOA@?$AAP?$AAl?$AAa?$AAt?$AAf?$AAo?$AAr?$AAm?$AAL?$AAa?$AAn?$AAg?$AA?$AA@ 0002c204     UefiHiiLib:HiiString.obj
 0002:0000321e       ??_C@_00CNPNBAHC@?$AA@     0002c21e     UefiHiiLib:HiiString.obj
 0002:00003220       ??_C@_0GB@CPGKBJCB@c?3?2users?2mliang2x?2workspace?2ming@ 0002c220     UefiHiiLib:HiiLib.obj
 0002:00003284       ??_C@_0BN@EHPNHAIF@ConfigString?5?$CB?$DN?5?$CI?$CIvoid?5?$CK?$CJ?50?$CJ?$AA@ 0002c284     UefiHiiLib:HiiLib.obj
 0002:000032a4       ??_C@_1M@DPLGJLCD@?$AAG?$AAU?$AAI?$AAD?$AA?$DN?$AA?$AA@ 0002c2a4     UefiHiiLib:HiiLib.obj
 0002:000032b0       ??_C@_1O@FMIENBLJ@?$AA?$CG?$AAN?$AAA?$AAM?$AAE?$AA?$DN?$AA?$AA@ 0002c2b0     UefiHiiLib:HiiLib.obj
 0002:000032c0       ??_C@_1O@GGMHNGIF@?$AA?$CG?$AAP?$AAA?$AAT?$AAH?$AA?$DN?$AA?$AA@ 0002c2c0     UefiHiiLib:HiiLib.obj
 0002:000032d0       ??_C@_0BM@LENJOOBF@FirstString?5?$CB?$DN?5?$CI?$CIvoid?5?$CK?$CJ?50?$CJ?$AA@ 0002c2d0     UefiHiiLib:HiiLib.obj
 0002:000032ec       ??_C@_0BN@CGMEJHHH@SecondString?5?$CB?$DN?5?$CI?$CIvoid?5?$CK?$CJ?50?$CJ?$AA@ 0002c2ec     UefiHiiLib:HiiLib.obj
 0002:0000330c       ??_C@_0CC@BCKDEPBB@StartSearchString?5?$CB?$DN?5?$CI?$CIvoid?5?$CK?$CJ?50@ 0002c30c     UefiHiiLib:HiiLib.obj
 0002:00003330       ??_C@_0CB@NPMPBLHL@StopSearchString?5?$CB?$DN?5?$CI?$CIvoid?5?$CK?$CJ?50?$CJ@ 0002c330     UefiHiiLib:HiiLib.obj
 0002:00003354       ??_C@_0BK@LFDBOAFJ@ConfigHdr?5?$CB?$DN?5?$CI?$CIvoid?5?$CK?$CJ?50?$CJ?$AA@ 0002c354     UefiHiiLib:HiiLib.obj
 0002:00003370       ??_C@_1M@IDEFLMF@?$AA?$CF?$AAs?$AA?$CG?$AA?$CF?$AAs?$AA?$AA@ 0002c370     UefiHiiLib:HiiLib.obj
 0002:00003380       _mConfigHdrTemplate        0002c380     UefiHiiLib:HiiLib.obj
 0002:000033f0       _mEndOfPakageList          0002c3f0     UefiHiiLib:HiiLib.obj
 0002:000033f8       ??_C@_0GG@NJJCIIPF@c?3?2users?2mliang2x?2workspace?2ming@ 0002c3f8     UefiHiiLib:HiiLanguage.obj
 0002:00003460       ??_C@_0HK@HMGLMJLF@c?3?2users?2mliang2x?2workspace?2ming@ 0002c460     DxeReportStatusCodeLib:ReportStatusCodeLib.obj
 0002:000034dc       ??_C@_0DN@HHIHPHHB@?$CB?$CI?$CIExtendedData?5?$DN?$DN?5?$CI?$CIvoid?5?$CK?$CJ?50?$CJ?$CJ@ 0002c4dc     DxeReportStatusCodeLib:ReportStatusCodeLib.obj
 0002:0000351c       ??_C@_0DN@BBBIFINB@?$CB?$CI?$CIExtendedData?5?$CB?$DN?5?$CI?$CIvoid?5?$CK?$CJ?50?$CJ?$CJ@ 0002c51c     DxeReportStatusCodeLib:ReportStatusCodeLib.obj
 0002:0000355c       ??_C@_0CN@BPIPMCPJ@?$CILength?5?9?51?$CJ?5?$DM?$DN?5?$CI0xFFFFFFFF?5?9?5?$CIU@ 0002c55c     BaseMemoryLib:SetMemWrapper.obj
 0002:00003590       ??_C@_0GH@ONNIICNB@c?3?2users?2mliang2x?2workspace?2ming@ 0002c590     BaseMemoryLib:SetMem16Wrapper.obj
 0002:000035f8       ??_C@_0CO@LECKNDNC@?$CI?$CI?$CIUINTN?$CJBuffer?$CJ?5?$CG?5?$CIsizeof?5?$CIValu@ 0002c5f8     BaseMemoryLib:SetMem16Wrapper.obj
 0002:00003628       ??_C@_0CF@LEICOABD@?$CILength?5?$CG?5?$CIsizeof?5?$CIValue?$CJ?5?9?51?$CJ?$CJ?5@ 0002c628     BaseMemoryLib:SetMem16Wrapper.obj
 0003:00000000       _gEfiLoadedImageProtocolGuid 0002d000     Ip4Dxe:AutoGen.obj
 0003:00000010       _gEfiStatusCodeSpecificDataGuid 0002d010     Ip4Dxe:AutoGen.obj
 0003:00000020       _gEfiGlobalVariableGuid    0002d020     Ip4Dxe:AutoGen.obj
 0003:00000030       _gEfiStatusCodeRuntimeProtocolGuid 0002d030     Ip4Dxe:AutoGen.obj
 0003:00000040       _gEfiComponentName2ProtocolGuid 0002d040     Ip4Dxe:AutoGen.obj
 0003:00000050       _gIp4Config2NvDataGuid     0002d050     Ip4Dxe:AutoGen.obj
 0003:00000060       _gEfiDhcp4ServiceBindingProtocolGuid 0002d060     Ip4Dxe:AutoGen.obj
 0003:00000070       _gEfiDevicePathProtocolGuid 0002d070     Ip4Dxe:AutoGen.obj
 0003:00000080       _gEfiSimpleNetworkProtocolGuid 0002d080     Ip4Dxe:AutoGen.obj
 0003:00000090       _gEfiCallerBaseName        0002d090     Ip4Dxe:AutoGen.obj
 0003:00000094       _gEfiIpSec2ProtocolGuid    0002d094     Ip4Dxe:AutoGen.obj
 0003:000000a4       _gEfiHiiConfigRoutingProtocolGuid 0002d0a4     Ip4Dxe:AutoGen.obj
 0003:000000b4       _gEfiStatusCodeDataTypeDebugGuid 0002d0b4     Ip4Dxe:AutoGen.obj
 0003:000000c4       _gEfiIp4Config2ProtocolGuid 0002d0c4     Ip4Dxe:AutoGen.obj
 0003:000000d4       _gEfiHiiImageProtocolGuid  0002d0d4     Ip4Dxe:AutoGen.obj
 0003:000000e4       _gEfiIp4ServiceBindingProtocolGuid 0002d0e4     Ip4Dxe:AutoGen.obj
 0003:000000f4       _gEfiHiiDatabaseProtocolGuid 0002d0f4     Ip4Dxe:AutoGen.obj
 0003:00000104       _gEfiHiiStringProtocolGuid 0002d104     Ip4Dxe:AutoGen.obj
 0003:00000114       _gEfiHiiConfigAccessProtocolGuid 0002d114     Ip4Dxe:AutoGen.obj
 0003:00000124       _gEfiIp4ProtocolGuid       0002d124     Ip4Dxe:AutoGen.obj
 0003:00000134       _gEfiManagedNetworkServiceBindingProtocolGuid 0002d134     Ip4Dxe:AutoGen.obj
 0003:00000144       _gEfiFormBrowser2ProtocolGuid 0002d144     Ip4Dxe:AutoGen.obj
 0003:00000154       _gEfiDriverBindingProtocolGuid 0002d154     Ip4Dxe:AutoGen.obj
 0003:00000168       _Ip4DxeStrings             0002d168     Ip4Dxe:AutoGen.obj
 0003:000005d4       _gEfiArpServiceBindingProtocolGuid 0002d5d4     Ip4Dxe:AutoGen.obj
 0003:000005e4       _gEfiComponentNameProtocolGuid 0002d5e4     Ip4Dxe:AutoGen.obj
 0003:000005f4       _gEfiDpcProtocolGuid       0002d5f4     Ip4Dxe:AutoGen.obj
 0003:00000604       _gEfiCallerIdGuid          0002d604     Ip4Dxe:AutoGen.obj
 0003:00000614       _gEfiDhcp4ProtocolGuid     0002d614     Ip4Dxe:AutoGen.obj
 0003:00000624       _gEfiManagedNetworkProtocolGuid 0002d624     Ip4Dxe:AutoGen.obj
 0003:00000634       _gEfiArpProtocolGuid       0002d634     Ip4Dxe:AutoGen.obj
 0003:00000644       _gEfiHiiFontProtocolGuid   0002d644     Ip4Dxe:AutoGen.obj
 0003:00000654       _gIp4DriverBinding         0002d654     Ip4Dxe:Ip4Driver.obj
 0003:0000066c       _mEfiIp4ProtocolTemplete   0002d66c     Ip4Dxe:Ip4Impl.obj
 0003:0000068c       _gIp4ComponentName         0002d68c     Ip4Dxe:ComponentName.obj
 0003:00000698       _gIp4ComponentName2        0002d698     Ip4Dxe:ComponentName.obj
 0003:000006a4       _mIp4DriverNameTable       0002d6a4     Ip4Dxe:ComponentName.obj
 0003:000006b4       _mIp4Config2InstanceList   0002d6b4     Ip4Dxe:Ip4Config2Impl.obj
 0003:000006bc       _mRouteAlertOption         0002d6bc     Ip4Dxe:Ip4Igmp.obj
 0003:000006c0       _mIp4SupportedIcmp         0002d6c0     Ip4Dxe:Ip4Icmp.obj
 0003:000006f0       _mIcmpClass                0002d6f0     Ip4Dxe:Ip4Icmp.obj
 0003:00000714       _mIp4Config2StorageName    0002d714     Ip4Dxe:Ip4Config2Nv.obj
 0003:00000748       _Ip4Config2Bin             0002d748     Ip4Dxe:Ip4Config2.obj
 0003:00000888       _gIp4AllMasks              0002d888     DxeNetLib:DxeNetLib.obj
 0003:00000920       _mIpSec2Installed          0002d920     Ip4Dxe:Ip4Driver.obj
 0003:00000924       _mIpSec                    0002d924     Ip4Dxe:Ip4Impl.obj
 0003:00000928       _gIp4ControllerNameTable   0002d928     Ip4Dxe:ComponentName.obj
 0003:0000092c       _gST                       0002d92c     UefiBootServicesTableLib:UefiBootServicesTableLib.obj
 0003:00000930       _gBS                       0002d930     UefiBootServicesTableLib:UefiBootServicesTableLib.obj
 0003:00000934       _gImageHandle              0002d934     UefiBootServicesTableLib:UefiBootServicesTableLib.obj
 0003:00000938       _gRT                       0002d938     UefiRuntimeServicesTableLib:UefiRuntimeServicesTableLib.obj
 0003:0000093c       _gHiiConfigRouting         0002d93c     UefiHiiServicesLib:UefiHiiServicesLib.obj
 0003:00000940       _gHiiString                0002d940     UefiHiiServicesLib:UefiHiiServicesLib.obj
 0003:00000944       _gHiiFont                  0002d944     UefiHiiServicesLib:UefiHiiServicesLib.obj
 0003:00000948       _gHiiImage                 0002d948     UefiHiiServicesLib:UefiHiiServicesLib.obj
 0003:0000094c       _gHiiDatabase              0002d94c     UefiHiiServicesLib:UefiHiiServicesLib.obj
 0003:00000950       _mUefiFormBrowser2         0002d950     UefiHiiLib:HiiLib.obj
 0003:00000954       _mReportStatusCodeLibStatusCodeProtocol 0002d954     DxeReportStatusCodeLib:ReportStatusCodeLib.obj
 0003:00000958       _mDpc                      0002d958     <common>
 0003:0000095c       _mIp4Id                    0002d95c     <common>
 0003:00000960       _mZeroMacAddress           0002d960     <common>

 entry point at        0001:00000040

 Static symbols

 0000:fffe0000       .debug$S                   00010000     Ip4Dxe.exp
 0001:0000b464       $LN21                      0001c464     Ip4Dxe:Ip4Option.obj
 0001:0000b474       $LN20                      0001c474     Ip4Dxe:Ip4Option.obj
 0001:0000cd84       $LN33                      0001dd84     Ip4Dxe:Ip4Config2Nv.obj
 0001:0000fad8       $LN237                     00020ad8     BasePrintLib:PrintLibInternal.obj
 0001:0000fb04       $LN233                     00020b04     BasePrintLib:PrintLibInternal.obj
 0001:0000fb74       $LN238                     00020b74     BasePrintLib:PrintLibInternal.obj
 0001:0000fbac       $LN234                     00020bac     BasePrintLib:PrintLibInternal.obj
 0004:00000000       .edata                     0002e000     Ip4Dxe.exp
 0004:00000028       rgpv                       0002e028     Ip4Dxe.exp
 0004:0000002c       rgszName                   0002e02c     Ip4Dxe.exp
 0004:00000030       rgwOrd                     0002e030     Ip4Dxe.exp
 0004:00000032       szName                     0002e032     Ip4Dxe.exp
 0004:0000003d       $N00001                    0002e03d     Ip4Dxe.exp
