 RuntimeDxe

 Timestamp is 65376f8c (Tue Oct 24 15:17:32 2023)

 Preferred load address is 00010000

 Start         Length     Name                   Class
 0001:00000000 00002b97H .text$mn                CODE
 0002:00000000 00001154H .rdata                  DATA
 0002:00001154 0000013cH .rdata$zzzdbg           DATA
 0003:00000000 000000acH .data                   DATA
 0003:000000ac 00000030H .bss                    DATA
 0004:00000000 00000052H .edata                  DATA

  Address         Publics by Value              Rva+Base       Lib:Object

 0000:00000000       ___guard_fids_count        00000000     <absolute>
 0000:00000000       ___guard_iat_table         00000000     <absolute>
 0000:00000000       ___guard_longjmp_count     00000000     <absolute>
 0000:00000000       ___guard_iat_count         00000000     <absolute>
 0000:00000000       ___guard_longjmp_table     00000000     <absolute>
 0000:00000000       ___guard_fids_table        00000000     <absolute>
 0000:00000000       ___guard_flags             00000000     <absolute>
 0000:00000000       ___dynamic_value_reloc_table 00000000     <absolute>
 0001:00000000       __DriverUnloadHandler      00011000 f   UefiDriverEntryPoint:DriverEntryPoint.obj
 0001:00000040       __ModuleEntryPoint         00011040 f   UefiDriverEntryPoint:DriverEntryPoint.obj
 0001:00000150       _ProcessLibraryConstructorList 00011150 f   RuntimeDxe:AutoGen.obj
 0001:000003d0       _ProcessLibraryDestructorList 000113d0 f   RuntimeDxe:AutoGen.obj
 0001:000003e0       _ProcessModuleEntryPointList 000113e0 f   RuntimeDxe:AutoGen.obj
 0001:00000400       _UefiLibConstructor        00011400 f   UefiLib:UefiLib.obj
 0001:00000400       _ProcessModuleUnloadList   00011400 f   RuntimeDxe:AutoGen.obj
 0001:00000410       _RuntimeDriverCalculateEfiHdrCrc 00011410 f   RuntimeDxe:Runtime.obj
 0001:00000450       _RuntimeDriverConvertPointer 00011450 f   RuntimeDxe:Runtime.obj
 0001:000005b0       _RuntimeDriverConvertInternalPointer 000115b0 f   RuntimeDxe:Runtime.obj
 0001:000005d0       _RuntimeDriverSetVirtualAddressMap 000115d0 f   RuntimeDxe:Runtime.obj
 0001:000009d0       _RuntimeDriverInitialize   000119d0 f   RuntimeDxe:Runtime.obj
 0001:00000b30       _RuntimeDriverCalculateCrc32 00011b30 f   RuntimeDxe:Crc32.obj
 0001:00000b70       _CalculateCrc32            00011b70 f   BaseLib:CheckSum.obj
 0001:00000c30       _DebugPrint                00011c30 f   PeiDxeDebugLibReportStatusCode:DebugLib.obj
 0001:00000c60       _DebugPrintMarker          00011c60 f   PeiDxeDebugLibReportStatusCode:DebugLib.obj
 0001:00001140       _DebugVPrint               00012140 f   PeiDxeDebugLibReportStatusCode:DebugLib.obj
 0001:00001160       _DebugAssert               00012160 f   PeiDxeDebugLibReportStatusCode:DebugLib.obj
 0001:000013c0       _DebugAssertEnabled        000123c0 f   PeiDxeDebugLibReportStatusCode:DebugLib.obj
 0001:000013f0       _DebugPrintEnabled         000123f0 f   PeiDxeDebugLibReportStatusCode:DebugLib.obj
 0001:00001420       _DebugPrintLevelEnabled    00012420 f   PeiDxeDebugLibReportStatusCode:DebugLib.obj
 0001:00001440       _InternalGetReportStatusCode 00012440 f   DxeReportStatusCodeLib:ReportStatusCodeLib.obj
 0001:000014a0       _InternalReportStatusCode  000124a0 f   DxeReportStatusCodeLib:ReportStatusCodeLib.obj
 0001:00001530       _ReportStatusCode          00012530 f   DxeReportStatusCodeLib:ReportStatusCodeLib.obj
 0001:00001550       _ReportStatusCodeEx        00012550 f   DxeReportStatusCodeLib:ReportStatusCodeLib.obj
 0001:00001710       _ReportProgressCodeEnabled 00012710 f   DxeReportStatusCodeLib:ReportStatusCodeLib.obj
 0001:00001740       _ReportErrorCodeEnabled    00012740 f   DxeReportStatusCodeLib:ReportStatusCodeLib.obj
 0001:00001770       _ReportDebugCodeEnabled    00012770 f   DxeReportStatusCodeLib:ReportStatusCodeLib.obj
 0001:000017a0       _UefiBootServicesTableLibConstructor 000127a0 f   UefiBootServicesTableLib:UefiBootServicesTableLib.obj
 0001:00001850       _UefiRuntimeServicesTableLibConstructor 00012850 f   UefiRuntimeServicesTableLib:UefiRuntimeServicesTableLib.obj
 0001:00001890       _EfiGetSystemConfigurationTable 00012890 f   UefiLib:UefiLib.obj
 0001:00001960       _GetHobList                00012960 f   DxeHobLib:HobLib.obj
 0001:00001a30       _HobLibConstructor         00012a30 f   DxeHobLib:HobLib.obj
 0001:00001a40       _GetNextHob                00012a40 f   DxeHobLib:HobLib.obj
 0001:00001ab0       _GetNextGuidHob            00012ab0 f   DxeHobLib:HobLib.obj
 0001:00001b10       _GetFirstGuidHob           00012b10 f   DxeHobLib:HobLib.obj
 0001:00001b30       _DxeEmuPeCoffLibExtraActionConstructor 00012b30 f   DxeEmuPeCoffExtraActionLib:DxeEmuPeCoffExtraActionLib.obj
 0001:00001bb0       _PeCoffLoaderImageAddress  00012bb0 f   BasePeCoffLib:BasePeCoff.obj
 0001:00001c10       _PeCoffLoaderRelocateImageForRuntime 00012c10 f   BasePeCoffLib:BasePeCoff.obj
 0001:00002050       _PeHotRelocateImageEx      00013050 f   BasePeCoffLib:PeCoffLoaderEx.obj
 0001:00002060       _InvalidateInstructionCacheRange 00013060 f   BaseCacheMaintenanceLib:X86Cache.obj
 0001:000020b0       _GetDebugPrintErrorLevel   000130b0 f   BaseDebugPrintErrorLevelLib:BaseDebugPrintErrorLevelLib.obj
 0001:000020c0       _CopyMem                   000130c0 f   BaseMemoryLib:CopyMemWrapper.obj
 0001:00002160       _CopyGuid                  00013160 f   BaseMemoryLib:MemLibGuid.obj
 0001:000021b0       _CompareGuid               000131b0 f   BaseMemoryLib:MemLibGuid.obj
 0001:00002240       _InternalMemCopyMem        00013240 f   BaseMemoryLib:CopyMem.obj
 0001:000025b0       _AsciiStrLen               000135b0 f   BaseLib:String.obj
 0001:00002650       _AsciiStrSize              00013650 f   BaseLib:String.obj
 0001:00002670       _InternalSafeStringIsOverlap 00013670 f   BaseLib:SafeString.obj
 0001:000026b0       _InternalSafeStringNoAsciiStrOverlap 000136b0 f   BaseLib:SafeString.obj
 0001:000026f0       _AsciiStrnLenS             000136f0 f   BaseLib:SafeString.obj
 0001:00002740       _AsciiStrnCpyS             00013740 f   BaseLib:SafeString.obj
 0001:00002ad0       _CpuBreakpoint             00013ad0 f   BaseLib:CpuBreakpoint.obj
 0001:00002ae0       _CpuDeadLoop               00013ae0 f   BaseLib:CpuDeadLoop.obj
 0001:00002b00       _ReadUnaligned64           00013b00 f   BaseLib:Unaligned.obj
 0001:00002b40       _WriteUnaligned64          00013b40 f   BaseLib:Unaligned.obj
 0001:00002b90       _CpuPause                  00013b90 f   BaseLib:CpuPause.obj
 0002:00000000       ??_C@_0CB@DMEJJJHA@?6ASSERT_EFI_ERROR?5?$CIStatus?5?$DN?5?$CFr?$CJ?6@ 00014000     UefiDriverEntryPoint:DriverEntryPoint.obj
 0002:00000024       ??_C@_0CH@BBNBJKHK@?$CB?$CI?$CI?$CIINTN?$CJ?$CIRETURN_STATUS?$CJ?$CIStatus?$CJ@ 00014024     UefiDriverEntryPoint:DriverEntryPoint.obj
 0002:00000050       ??_C@_0GP@GHNHPFLI@c?3?2users?2mliang2x?2workspace?2ming@ 00014050     UefiDriverEntryPoint:DriverEntryPoint.obj
 0002:000000bf       __gDriverUnloadImageCount  000140bf     RuntimeDxe:AutoGen.obj
 0002:000000c0       __gUefiDriverRevision      000140c0     RuntimeDxe:AutoGen.obj
 0002:000000c4       ??_C@_0L@LFPJCFJJ@RuntimeDxe?$AA@ 000140c4     RuntimeDxe:AutoGen.obj
 0002:000000d0       ??_C@_0JI@BAGPNIDB@c?3?2users?2mliang2x?2workspace?2ming@ 000140d0     RuntimeDxe:AutoGen.obj
 0002:00000168       __gPcd_FixedAtBuild_PcdReportStatusCodePropertyMask 00014168     RuntimeDxe:AutoGen.obj
 0002:0000016c       __gPcd_FixedAtBuild_PcdDebugPrintErrorLevel 0001416c     RuntimeDxe:AutoGen.obj
 0002:00000170       __gPcd_FixedAtBuild_PcdFixedDebugPrintErrorLevel 00014170     RuntimeDxe:AutoGen.obj
 0002:00000174       __gPcd_FixedAtBuild_PcdMaximumAsciiStringLength 00014174     RuntimeDxe:AutoGen.obj
 0002:00000178       __gPcd_FixedAtBuild_PcdDebugPropertyMask 00014178     RuntimeDxe:AutoGen.obj
 0002:00000180       ??_C@_0EH@DDJBJBKJ@?$CI?$CIUINTN?$CJVirtEntry?9?$DONumberOfPages@ 00014180     RuntimeDxe:Runtime.obj
 0002:000001c8       ??_C@_0FP@OFMPIBNG@c?3?2users?2mliang2x?2workspace?2ming@ 000141c8     RuntimeDxe:Runtime.obj
 0002:00000228       ??_C@_0BH@IACGKAP@Buffer?5?$CB?$DN?5?$CI?$CIvoid?5?$CK?$CJ?50?$CJ?$AA@ 00014228     BaseLib:CheckSum.obj
 0002:00000240       ??_C@_0FK@BEMHKKPJ@c?3?2users?2mliang2x?2workspace?2ming@ 00014240     BaseLib:CheckSum.obj
 0002:0000029c       ??_C@_0CN@IEGIMFHG@Length?5?$DM?$DN?5?$CI0xFFFFFFFF?5?9?5?$CI?$CIUINTN?$CJ@ 0001429c     BaseLib:CheckSum.obj
 0002:000002d0       _mCrcTable                 000142d0     BaseLib:CheckSum.obj
 0002:000006d0       ??_C@_0BH@LKMBFCBF@Format?5?$CB?$DN?5?$CI?$CIvoid?5?$CK?$CJ?50?$CJ?$AA@ 000146d0     PeiDxeDebugLibReportStatusCode:DebugLib.obj
 0002:000006e8       ??_C@_0HH@BLJPNBBN@c?3?2users?2mliang2x?2workspace?2ming@ 000146e8     PeiDxeDebugLibReportStatusCode:DebugLib.obj
 0002:00000760       ??_C@_0CP@EFCGCEBK@?$CICHAR8?5?$CK?$CJBaseListMarkerPointer?5?$DM@ 00014760     PeiDxeDebugLibReportStatusCode:DebugLib.obj
 0002:00000790       ??_C@_01OHGJGJJP@?$FL?$AA@ 00014790     PeiDxeDebugLibReportStatusCode:DebugLib.obj
 0002:00000794       ??_C@_02PBFOLPKM@?$FN?5?$AA@ 00014794     PeiDxeDebugLibReportStatusCode:DebugLib.obj
 0002:00000798       ??_C@_0HK@HMGLMJLF@c?3?2users?2mliang2x?2workspace?2ming@ 00014798     DxeReportStatusCodeLib:ReportStatusCodeLib.obj
 0002:00000814       ??_C@_0DN@HHIHPHHB@?$CB?$CI?$CIExtendedData?5?$DN?$DN?5?$CI?$CIvoid?5?$CK?$CJ?50?$CJ?$CJ@ 00014814     DxeReportStatusCodeLib:ReportStatusCodeLib.obj
 0002:00000854       ??_C@_0DN@BBBIFINB@?$CB?$CI?$CIExtendedData?5?$CB?$DN?5?$CI?$CIvoid?5?$CK?$CJ?50?$CJ?$CJ@ 00014854     DxeReportStatusCodeLib:ReportStatusCodeLib.obj
 0002:00000894       ??_C@_0BN@COECPDCC@gImageHandle?5?$CB?$DN?5?$CI?$CIvoid?5?$CK?$CJ?50?$CJ?$AA@ 00014894     UefiBootServicesTableLib:UefiBootServicesTableLib.obj
 0002:000008b8       ??_C@_0HL@PJCLKHFF@c?3?2users?2mliang2x?2workspace?2ming@ 000148b8     UefiBootServicesTableLib:UefiBootServicesTableLib.obj
 0002:00000934       ??_C@_0BE@DGNHAHIL@gST?5?$CB?$DN?5?$CI?$CIvoid?5?$CK?$CJ?50?$CJ?$AA@ 00014934     UefiBootServicesTableLib:UefiBootServicesTableLib.obj
 0002:00000948       ??_C@_0BE@BDFJLGLN@gBS?5?$CB?$DN?5?$CI?$CIvoid?5?$CK?$CJ?50?$CJ?$AA@ 00014948     UefiBootServicesTableLib:UefiBootServicesTableLib.obj
 0002:0000095c       ??_C@_0BE@OBDFIHND@gRT?5?$CB?$DN?5?$CI?$CIvoid?5?$CK?$CJ?50?$CJ?$AA@ 0001495c     UefiRuntimeServicesTableLib:UefiRuntimeServicesTableLib.obj
 0002:00000970       ??_C@_0IB@BKMJEAIL@c?3?2users?2mliang2x?2workspace?2ming@ 00014970     UefiRuntimeServicesTableLib:UefiRuntimeServicesTableLib.obj
 0002:000009f4       ??_C@_0BK@PPOBBAMB@TableGuid?5?$CB?$DN?5?$CI?$CIvoid?5?$CK?$CJ?50?$CJ?$AA@ 000149f4     UefiLib:UefiLib.obj
 0002:00000a10       ??_C@_0FJ@INLOALCK@c?3?2users?2mliang2x?2workspace?2ming@ 00014a10     UefiLib:UefiLib.obj
 0002:00000a6c       ??_C@_0BG@JDKEGFNB@Table?5?$CB?$DN?5?$CI?$CIvoid?5?$CK?$CJ?50?$CJ?$AA@ 00014a6c     UefiLib:UefiLib.obj
 0002:00000a88       ??_C@_0FK@HKEJAGLD@c?3?2users?2mliang2x?2workspace?2ming@ 00014a88     DxeHobLib:HobLib.obj
 0002:00000ae4       ??_C@_0BJ@OBFMLLDO@mHobList?5?$CB?$DN?5?$CI?$CIvoid?5?$CK?$CJ?50?$CJ?$AA@ 00014ae4     DxeHobLib:HobLib.obj
 0002:00000b00       ??_C@_0BJ@NOLLDKJB@HobStart?5?$CB?$DN?5?$CI?$CIvoid?5?$CK?$CJ?50?$CJ?$AA@ 00014b00     DxeHobLib:HobLib.obj
 0002:00000b1c       ??_C@_0BC@FEDIJHFF@?$CI?$CIBOOLEAN?$CJ?$CI0?$DN?$DN1?$CJ?$CJ?$AA@ 00014b1c     DxeHobLib:HobLib.obj
 0002:00000b30       ??_C@_0BI@EDOKPJOP@GuidHob?5?$CB?$DN?5?$CI?$CIvoid?5?$CK?$CJ?50?$CJ?$AA@ 00014b30     DxeEmuPeCoffExtraActionLib:DxeEmuPeCoffExtraActionLib.obj
 0002:00000b48       ??_C@_0IE@KABOAAJO@c?3?2users?2mliang2x?2workspace?2ming@ 00014b48     DxeEmuPeCoffExtraActionLib:DxeEmuPeCoffExtraActionLib.obj
 0002:00000bcc       ??_C@_0BH@DKHHOJK@mThunk?5?$CB?$DN?5?$CI?$CIvoid?5?$CK?$CJ?50?$CJ?$AA@ 00014bcc     DxeEmuPeCoffExtraActionLib:DxeEmuPeCoffExtraActionLib.obj
 0002:00000be8       ??_C@_0GC@GKPFBJAN@c?3?2users?2mliang2x?2workspace?2ming@ 00014be8     BasePeCoffLib:BasePeCoff.obj
 0002:00000c4c       ??_C@_0DK@NLOONIGG@RelocBase?5?$CB?$DN?5?$CI?$CIvoid?5?$CK?$CJ?50?$CJ?5?$CG?$CG?5Rel@ 00014c4c     BasePeCoffLib:BasePeCoff.obj
 0002:00000c88       ??_C@_0CO@NPOLMKEG@?$CILength?5?9?51?$CJ?5?$DM?$DN?5?$CI0xFFFFFFFF?5?9?5?$CIU@ 00014c88     BaseCacheMaintenanceLib:X86Cache.obj
 0002:00000cb8       ??_C@_0GK@HOOBGKCP@c?3?2users?2mliang2x?2workspace?2ming@ 00014cb8     BaseCacheMaintenanceLib:X86Cache.obj
 0002:00000d24       ??_C@_0DI@PHOMHDKH@?$CILength?5?9?51?$CJ?5?$DM?$DN?5?$CI0xFFFFFFFF?5?9?5?$CIU@ 00014d24     BaseMemoryLib:CopyMemWrapper.obj
 0002:00000d60       ??_C@_0GG@HCOKHFCC@c?3?2users?2mliang2x?2workspace?2ming@ 00014d60     BaseMemoryLib:CopyMemWrapper.obj
 0002:00000dc8       ??_C@_0DD@DCDOHCDJ@?$CILength?5?9?51?$CJ?5?$DM?$DN?5?$CI0xFFFFFFFF?5?9?5?$CIU@ 00014dc8     BaseMemoryLib:CopyMemWrapper.obj
 0002:00000dfc       ??_C@_0BH@MAAHKCPC@String?5?$CB?$DN?5?$CI?$CIvoid?5?$CK?$CJ?50?$CJ?$AA@ 00014dfc     BaseLib:String.obj
 0002:00000e18       ??_C@_0FI@OLEMEIPM@c?3?2users?2mliang2x?2workspace?2ming@ 00014e18     BaseLib:String.obj
 0002:00000e70       ??_C@_0DI@MDIKFADO@Length?5?$DM?5_gPcd_FixedAtBuild_PcdM@ 00014e70     BaseLib:String.obj
 0002:00000ea8       ??_C@_0FM@NNNBGHEF@c?3?2users?2mliang2x?2workspace?2ming@ 00014ea8     BaseLib:SafeString.obj
 0002:00000f04       ??_C@_0BO@ECNIOIHG@?$CIDestination?5?$CB?$DN?5?$CI?$CIvoid?5?$CK?$CJ?50?$CJ?$CJ?$AA@ 00014f04     BaseLib:SafeString.obj
 0002:00000f28       ??_C@_0EA@PDPDJJNN@?$CFa?$CI?$CFd?$CJ?5?$CFa?3?5SAFE_STRING_CONSTRAIN@ 00014f28     BaseLib:SafeString.obj
 0002:00000f68       ??_C@_0BJ@EAEEJIP@?$CISource?5?$CB?$DN?5?$CI?$CIvoid?5?$CK?$CJ?50?$CJ?$CJ?$AA@ 00014f68     BaseLib:SafeString.obj
 0002:00000f84       ??_C@_0P@PMIMLIHM@?$CIDestMax?5?$CB?$DN?50?$CJ?$AA@ 00014f84     BaseLib:SafeString.obj
 0002:00000f94       ??_C@_0BG@EEGIIOKH@?$CIDestMax?5?$DO?5SourceLen?$CJ?$AA@ 00014f94     BaseLib:SafeString.obj
 0002:00000fac       ??_C@_0DO@LJFOOPII@?$CIDestMax?5?$DM?$DN?5?$CI_gPcd_FixedAtBuild_@ 00014fac     BaseLib:SafeString.obj
 0002:00000ff0       ??_C@_0FL@CDANCHFO@InternalSafeStringNoAsciiStrOver@ 00014ff0     BaseLib:SafeString.obj
 0002:0000104c       ??_C@_0O@DIHNCLLG@AsciiStrnCpyS?$AA@ 0001504c     BaseLib:SafeString.obj
 0002:0000105c       ??_C@_0DN@DLAADCJE@?$CILength?5?$DM?$DN?5?$CI_gPcd_FixedAtBuild_P@ 0001505c     BaseLib:SafeString.obj
 0002:000010a0       ??_C@_0FL@JMOEMBON@c?3?2users?2mliang2x?2workspace?2ming@ 000150a0     BaseLib:Unaligned.obj
 0003:00000000       _gEfiLoadedImageProtocolGuid 00016000     RuntimeDxe:AutoGen.obj
 0003:00000010       _gEfiStatusCodeSpecificDataGuid 00016010     RuntimeDxe:AutoGen.obj
 0003:00000020       _gEfiStatusCodeRuntimeProtocolGuid 00016020     RuntimeDxe:AutoGen.obj
 0003:00000030       _gEfiCallerBaseName        00016030     RuntimeDxe:AutoGen.obj
 0003:00000034       _gEfiStatusCodeDataTypeDebugGuid 00016034     RuntimeDxe:AutoGen.obj
 0003:00000044       _gEfiRuntimeArchProtocolGuid 00016044     RuntimeDxe:AutoGen.obj
 0003:00000054       _gEfiHobListGuid           00016054     RuntimeDxe:AutoGen.obj
 0003:00000064       _gEfiCallerIdGuid          00016064     RuntimeDxe:AutoGen.obj
 0003:00000074       _gEmuThunkProtocolGuid     00016074     RuntimeDxe:AutoGen.obj
 0003:00000084       _mRuntime                  00016084     RuntimeDxe:Runtime.obj
 0003:000000ac       _mRuntimeHandle            000160ac     RuntimeDxe:Runtime.obj
 0003:000000b0       _mVirtualMap               000160b0     RuntimeDxe:Runtime.obj
 0003:000000b4       _mReportStatusCodeLibStatusCodeProtocol 000160b4     DxeReportStatusCodeLib:ReportStatusCodeLib.obj
 0003:000000b8       _gST                       000160b8     UefiBootServicesTableLib:UefiBootServicesTableLib.obj
 0003:000000bc       _gBS                       000160bc     UefiBootServicesTableLib:UefiBootServicesTableLib.obj
 0003:000000c0       _gImageHandle              000160c0     UefiBootServicesTableLib:UefiBootServicesTableLib.obj
 0003:000000c4       _gRT                       000160c4     UefiRuntimeServicesTableLib:UefiRuntimeServicesTableLib.obj
 0003:000000c8       _mHobList                  000160c8     DxeHobLib:HobLib.obj
 0003:000000cc       _mThunk                    000160cc     DxeEmuPeCoffExtraActionLib:DxeEmuPeCoffExtraActionLib.obj
 0003:000000d0       _mMyImageBase              000160d0     <common>
 0003:000000d4       _mVirtualMapDescriptorSize 000160d4     <common>
 0003:000000d8       _mVirtualMapMaxIndex       000160d8     <common>

 entry point at        0001:00000040

 Static symbols

 0000:ffff7000       .debug$S                   00010000     RuntimeDxe.exp
 0001:00002024       $LN50                      00013024     BasePeCoffLib:BasePeCoff.obj
 0001:0000203c       $LN49                      0001303c     BasePeCoffLib:BasePeCoff.obj
 0004:00000000       .edata                     00017000     RuntimeDxe.exp
 0004:00000028       rgpv                       00017028     RuntimeDxe.exp
 0004:0000002c       rgszName                   0001702c     RuntimeDxe.exp
 0004:00000030       rgwOrd                     00017030     RuntimeDxe.exp
 0004:00000032       szName                     00017032     RuntimeDxe.exp
 0004:00000041       $N00001                    00017041     RuntimeDxe.exp
