 DxeIpl

 Timestamp is 65e7b810 (Wed Mar  6 08:25:52 2024)

 Preferred load address is 00000000

 Start         Length     Name                   Class
 0001:00000000 00000196H .text                   CODE
 0001:00000196 00004379H .text$mn                CODE
 0002:00000000 00000f90H .rdata                  DATA
 0002:00000f90 0000002cH .rdata$voltmd           DATA
 0002:00000fbc 0000012cH .rdata$zzzdbg           DATA
 0003:00000000 00000178H .data                   DATA
 0003:00000178 00000004H .bss                    DATA

  Address         Publics by Value              Rva+Base       Lib:Object

 0000:00000000       ___arm64x_native_entrypoint 00000000     <absolute>
 0000:00000000       ___hybrid_auxiliary_iat_copy 00000000     <absolute>
 0000:00000000       ___guard_fids_count        00000000     <absolute>
 0000:00000000       ___arm64x_extra_rfe_table  00000000     <absolute>
 0000:00000000       ___arm64x_redirection_metadata 00000000     <absolute>
 0000:00000000       ___guard_eh_cont_count     00000000     <absolute>
 0000:00000000       ___guard_eh_cont_table     00000000     <absolute>
 0000:00000000       ___hybrid_code_map_count   00000000     <absolute>
 0000:00000000       ___guard_iat_count         00000000     <absolute>
 0000:00000000       ___x64_code_ranges_to_entry_points 00000000     <absolute>
 0000:00000000       ___x64_code_ranges_to_entry_points_count 00000000     <absolute>
 0000:00000000       ___guard_longjmp_table     00000000     <absolute>
 0000:00000000       ___guard_iat_table         00000000     <absolute>
 0000:00000000       ___hybrid_code_map         00000000     <absolute>
 0000:00000000       ___arm64x_extra_rfe_table_size 00000000     <absolute>
 0000:00000000       ___guard_longjmp_count     00000000     <absolute>
 0000:00000000       ___guard_check_icall_a64n_fptr 00000000     <absolute>
 0000:00000000       ___arm64x_redirection_metadata_count 00000000     <absolute>
 0000:00000000       ___hybrid_auxiliary_iat    00000000     <absolute>
 0000:00000000       ___guard_fids_table        00000000     <absolute>
 0000:00000000       ___dynamic_value_reloc_table 00000000     <absolute>
 0000:00000000       ___guard_flags             00000000     <absolute>
 0000:00000000       ___AbsoluteZero            00000000     <absolute>
 0000:00000000       ___enclave_config          00000000     <absolute>
 0001:0000000a       _AsmGetVectorTemplatInfo   0000026a     DxeIpl:IdtVectorAsm.obj
 0001:0000001a       _AsmVectorFixup            0000027a     DxeIpl:IdtVectorAsm.obj
 0001:00000030       _InternalX86EnablePaging64 00000290     BaseLib:EnablePaging64.obj
 0001:00000080       _InternalLongJump          000002e0     BaseLib:LongJump.obj
 0001:000000c0       _InternalMemCopyMem        00000320     BaseMemoryLibRepStr:CopyMem.obj
 0001:00000100       _InternalMemZeroMem        00000360     BaseMemoryLibRepStr:ZeroMem.obj
 0001:00000120       _InternalMemSetMem         00000380     BaseMemoryLibRepStr:SetMem.obj
 0001:00000140       _InternalMemSetMem64       000003a0     BaseMemoryLibRepStr:SetMem64.obj
 0001:00000160       _InternalMemSetMem32       000003c0     BaseMemoryLibRepStr:SetMem32.obj
 0001:00000180       _InternalMemSetMem16       000003e0     BaseMemoryLibRepStr:SetMem16.obj
 0001:00000196       __ModuleEntryPoint         000003f6 f   PeimEntryPoint:PeimEntryPoint.obj
 0001:000001d1       _PeimInitializeDxeIpl      00000431 f   DxeIpl:DxeLoad.obj
 0001:000002e4       _InstallIplPermanentMemoryPpis 00000544 f   DxeIpl:DxeLoad.obj
 0001:000003df       _DxeLoadCore               0000063f f   DxeIpl:DxeLoad.obj
 0001:00000768       _DxeIplFindDxeCore         000009c8 f   DxeIpl:DxeLoad.obj
 0001:000007eb       _CustomGuidedSectionExtract 00000a4b f   DxeIpl:DxeLoad.obj
 0001:000008d1       _Decompress                00000b31 f   DxeIpl:DxeLoad.obj
 0001:00000a35       _UpdateStackHob            00000c95 f   DxeIpl:DxeLoad.obj
 0001:00000a95       _HandOffToDxeCore          00000cf5 f   DxeIpl:DxeLoadFunc.obj
 0001:00000cf0       _IsEnableNonExecNeeded     00000f50 f   DxeIpl:VirtualMemory.obj
 0001:00000d34       _EnableExecuteDisableBit   00000f94 f   DxeIpl:VirtualMemory.obj
 0001:00000d67       _InitializePageTablePool   00000fc7 f   DxeIpl:VirtualMemory.obj
 0001:00000dc7       _AllocatePageTableMemory   00001027 f   DxeIpl:VirtualMemory.obj
 0001:00000e05       _SetPageTablePoolReadOnly  00001065 f   DxeIpl:VirtualMemory.obj
 0001:00001038       _EnablePageTableProtection 00001298 f   DxeIpl:VirtualMemory.obj
 0001:000010dd       _CreateIdentityMappingPageTables 0000133d f   DxeIpl:VirtualMemory.obj
 0001:000013a6       _GetPeiServicesTablePointer 00001606 f   PeiServicesTablePointerLibIdt:PeiServicesTablePointer.obj
 0001:000013db       _DebugPrint                0000163b f   PeiDebugLibDebugPpi:DebugLib.obj
 0001:00001450       _VaListToBaseList          000016b0 f   PeiDebugLibDebugPpi:DebugLib.obj
 0001:00001556       _DebugAssert               000017b6 f   PeiDebugLibDebugPpi:DebugLib.obj
 0001:00001590       _CpuDeadLoop               000017f0 f   BaseLib:CpuDeadLoop.obj
 0001:000015a4       _AsmCpuid                  00001804 f   BaseLib:CpuId.obj
 0001:000015e2       _LShiftU64                 00001842 f   BaseLib:LShiftU64.obj
 0001:0000161a       _RShiftU64                 0000187a f   BaseLib:RShiftU64.obj
 0001:00001652       _GetHobList                000018b2 f   PeiHobLib:HobLib.obj
 0001:000016b0       _GetNextHob                00001910 f   PeiHobLib:HobLib.obj
 0001:000016fb       _GetBootModeHob            0000195b f   PeiHobLib:HobLib.obj
 0001:00001740       _InternalPeiCreateHob      000019a0 f   PeiHobLib:HobLib.obj
 0001:0000178e       _BuildModuleHob            000019ee f   PeiHobLib:HobLib.obj
 0001:0000182b       _BuildGuidHob              00001a8b f   PeiHobLib:HobLib.obj
 0001:00001889       _BuildGuidDataHob          00001ae9 f   PeiHobLib:HobLib.obj
 0001:000018ce       _BuildMemoryAllocationHob  00001b2e f   PeiHobLib:HobLib.obj
 0001:0000194a       _PeiServicesInstallPpi     00001baa f   PeiServicesLib:PeiServicesLib.obj
 0001:0000195d       _PeiServicesLocatePpi      00001bbd f   PeiServicesLib:PeiServicesLib.obj
 0001:0000197e       _PeiServicesAllocatePages  00001bde f   PeiServicesLib:PeiServicesLib.obj
 0001:00001998       _PeiServicesFreePages      00001bf8 f   PeiServicesLib:PeiServicesLib.obj
 0001:000019b7       _CopyMem                   00001c17 f   BaseMemoryLibRepStr:CopyMemWrapper.obj
 0001:00001a18       _CopyGuid                  00001c78 f   BaseMemoryLibRepStr:MemLibGuid.obj
 0001:00001aa3       _CompareGuid               00001d03 f   BaseMemoryLibRepStr:MemLibGuid.obj
 0001:00001b55       _ZeroMem                   00001db5 f   BaseMemoryLibRepStr:ZeroMemWrapper.obj
 0001:00001ba2       _SetMem                    00001e02 f   BaseMemoryLibRepStr:SetMemWrapper.obj
 0001:00001bd9       _InternalAllocatePages     00001e39 f   PeiMemoryAllocationLib:MemoryAllocationLib.obj
 0001:00001bf9       _InternalAllocateAlignedPages 00001e59 f   PeiMemoryAllocationLib:MemoryAllocationLib.obj
 0001:00001cfb       _AllocatePool              00001f5b f   PeiMemoryAllocationLib:MemoryAllocationLib.obj
 0001:00001d23       _GetPiPcdPpiPointer        00001f83 f   PeiPcdLib:PeiPcdLib.obj
 0001:00001d68       _PeiGetExtractGuidedSectionHandlerInfo 00001fc8 f   PeiExtractGuidedSectionLib:PeiExtractGuidedSectionLib.obj
 0001:00001e03       _ExtractGuidedSectionRegisterHandlers 00002063 f   PeiExtractGuidedSectionLib:PeiExtractGuidedSectionLib.obj
 0001:00001eca       _ExtractGuidedSectionGetInfo 0000212a f   PeiExtractGuidedSectionLib:PeiExtractGuidedSectionLib.obj
 0001:00001fe5       _ExtractGuidedSectionDecode 00002245 f   PeiExtractGuidedSectionLib:PeiExtractGuidedSectionLib.obj
 0001:000020e8       _FillBuf                   00002348 f   BaseUefiDecompressLib:BaseUefiDecompressLib.obj
 0001:00002179       _GetBits                   000023d9 f   BaseUefiDecompressLib:BaseUefiDecompressLib.obj
 0001:00002191       _MakeTable                 000023f1 f   BaseUefiDecompressLib:BaseUefiDecompressLib.obj
 0001:00002476       _DecodeP                   000026d6 f   BaseUefiDecompressLib:BaseUefiDecompressLib.obj
 0001:000024e8       _ReadPTLen                 00002748 f   BaseUefiDecompressLib:BaseUefiDecompressLib.obj
 0001:00002622       _ReadCLen                  00002882 f   BaseUefiDecompressLib:BaseUefiDecompressLib.obj
 0001:00002795       _DecodeC                   000029f5 f   BaseUefiDecompressLib:BaseUefiDecompressLib.obj
 0001:0000284c       _Decode                    00002aac f   BaseUefiDecompressLib:BaseUefiDecompressLib.obj
 0001:000028ea       _UefiDecompressGetInfo     00002b4a f   BaseUefiDecompressLib:BaseUefiDecompressLib.obj
 0001:000029a3       _UefiTianoDecompress       00002c03 f   BaseUefiDecompressLib:BaseUefiDecompressLib.obj
 0001:00002a88       _InternalReportStatusCode  00002ce8 f   PeiReportStatusCodeLib:ReportStatusCodeLib.obj
 0001:00002ad1       _LzmaGuidedSectionGetInfo  00002d31 f   LzmaDecompressLib:GuidedSectionExtraction.obj
 0001:00002bd0       _LzmaGuidedSectionExtraction 00002e30 f   LzmaDecompressLib:GuidedSectionExtraction.obj
 0001:00002c9c       _SzAlloc                   00002efc f   LzmaDecompressLib:LzmaDecompress.obj
 0001:00002cd5       _SzFree                    00002f35 f   LzmaDecompressLib:LzmaDecompress.obj
 0001:00002cd8       _GetDecodedSizeOfBuf       00002f38 f   LzmaDecompressLib:LzmaDecompress.obj
 0001:00002d21       _LzmaUefiDecompressGetInfo 00002f81 f   LzmaDecompressLib:LzmaDecompress.obj
 0001:00002d69       _LzmaUefiDecompress        00002fc9 f   LzmaDecompressLib:LzmaDecompress.obj
 0001:00003f7f       _LzmaDec_DecodeToDic       000041df f   LzmaDecompressLib:LzmaDec.obj
 0001:000042d1       _LzmaProps_Decode          00004531 f   LzmaDecompressLib:LzmaDec.obj
 0001:00004386       _LzmaDecode                000045e6 f   LzmaDecompressLib:LzmaDec.obj
 0001:00004482       _SetMem16                  000046e2 f   BaseMemoryLibRepStr:SetMem16Wrapper.obj
 0002:00000000       ??_C@_0CE@IBFOBMLB@?6ASSERT_RETURN_ERROR?5?$CIStatus?5?$DN?5@ 00004780     DxeIpl:AutoGen.obj
 0002:00000024       ??_C@_0CH@BBNBJKHK@?$CB?$CI?$CI?$CIINTN?$CJ?$CIRETURN_STATUS?$CJ?$CIStatus@ 000047a4     DxeIpl:AutoGen.obj
 0002:00000050       ??_C@_0HF@NNKCINBK@f?3?2birchstreamrp?2intel?2Build?2Bi@ 000047d0     DxeIpl:AutoGen.obj
 0002:000000c8       __gPcd_FixedAtBuild_PcdControlFlowEnforcementPropertyMask 00004848     DxeIpl:AutoGen.obj
 0002:000000cc       ??_C@_0CP@GCIEGHBP@Status?5?$DN?$DN?5?$CI?$CIRETURN_STATUS?$CJ?$CI0x80@ 0000484c     DxeIpl:DxeLoad.obj
 0002:000000fc       ??_C@_0DN@KMHGFKPH@F?3?2BirchStreamRp?2Edk2?2MdeModule@ 0000487c     DxeIpl:DxeLoad.obj
 0002:0000013c       ??_C@_0CB@DMEJJJHA@?6ASSERT_EFI_ERROR?5?$CIStatus?5?$DN?5?$CFr?$CJ@ 000048bc     DxeIpl:DxeLoad.obj
 0002:00000160       ??_C@_0BI@JDPNFKNC@GuidPpi?5?$CB?$DN?5?$CI?$CIvoid?5?$CK?$CJ?50?$CJ@ 000048e0     DxeIpl:DxeLoad.obj
 0002:00000178       ??_C@_0CK@EFEKDDOO@Locate?5Recovery?5PPI?5Failed?4?$CISta@ 000048f8     DxeIpl:DxeLoad.obj
 0002:000001a4       ??_C@_0CM@DCPPBCOL@Load?5Recovery?5Capsule?5Failed?4?$CIS@ 00004924     DxeIpl:DxeLoad.obj
 0002:000001d0       ??_C@_1CM@OLBNONPD@?$AAM?$AAe?$AAm?$AAo?$AAr?$AAy?$AAT?$AAy?$AAp?$AAe?$AAI?$AAn?$AAf?$AAo?$AAr@ 00004950     DxeIpl:DxeLoad.obj
 0002:000001fc       ??_C@_0CO@ENDALLCO@Loading?5DXE?5CORE?5at?50x?$CF11p?5Entr@ 0000497c     DxeIpl:DxeLoad.obj
 0002:0000022c       ??_C@_0BC@FEDIJHFF@?$CI?$CIBOOLEAN?$CJ?$CI0?$DN?$DN1?$CJ?$CJ@ 000049ac     DxeIpl:DxeLoad.obj
 0002:00000240       ??_C@_0CJ@LEPGFEOI@GetInfo?5from?5guided?5section?5Fai@ 000049c0     DxeIpl:DxeLoad.obj
 0002:00000270       ??_C@_0EM@OGMGOMMK@Customized?5Guided?5section?5Memor@ 000049f0     DxeIpl:DxeLoad.obj
 0002:000002bc       ??_C@_0CE@CGCKLIFH@Extract?5guided?5section?5Failed?5?9@ 00004a3c     DxeIpl:DxeLoad.obj
 0002:000002e0       ??_C@_0CA@GDDPIJLN@Decompress?5GetInfo?5Failed?5?9?5?$CFr?6@ 00004a60     DxeIpl:DxeLoad.obj
 0002:00000300       ??_C@_0BI@NOEGGLIA@Decompress?5Failed?5?9?5?$CFr?6@ 00004a80     DxeIpl:DxeLoad.obj
 0002:00000318       _mCustomGuidedSectionExtractionPpi 00004a98     DxeIpl:DxeLoad.obj
 0002:0000031c       _mDecompressPpi            00004a9c     DxeIpl:DxeLoad.obj
 0002:00000320       _mDecompressPpiList        00004aa0     DxeIpl:DxeLoad.obj
 0002:0000032c       _mDxeIplPpi                00004aac     DxeIpl:DxeLoad.obj
 0002:00000330       _mMemoryDiscoveredNotifyList 00004ab0     DxeIpl:DxeLoad.obj
 0002:0000033c       _gEndOfPeiSignalPpi        00004abc     DxeIpl:DxeLoad.obj
 0002:00000348       _mDxeIplPpiList            00004ac8     DxeIpl:DxeLoad.obj
 0002:00000358       ??_C@_0EG@PKJNHPNG@F?3?2BirchStreamRp?2Edk2?2MdeModule@ 00004ad8     DxeIpl:DxeLoadFunc.obj
 0002:000003a0       ??_C@_0BB@OPAFPGHC@HandOffToDxeCore@ 00004b20     DxeIpl:DxeLoadFunc.obj
 0002:000003b4       ??_C@_0CK@CIHLCCCJ@?$CFa?$CI?$CJ?5Stack?5Base?3?50x?$CFlx?0?5Stack?5S@ 00004b34     DxeIpl:DxeLoadFunc.obj
 0002:000003e0       _gGdt                      00004b60     DxeIpl:DxeLoadFunc.obj
 0002:000003e8       ??_C@_0BO@CDABGLIP@ERROR?3?5Out?5of?5aligned?5pages?$AN?6@ 00004b68     DxeIpl:VirtualMemory.obj
 0002:00000408       ??_C@_0EH@MDKIIDKO@F?3?2BirchStreamRp?2Edk2?2MdeModule@ 00004b88     DxeIpl:VirtualMemory.obj
 0002:00000450       ??_C@_0BD@CAEJJLJJ@PageTableBase?5?$CB?$DN?50@ 00004bd0     DxeIpl:VirtualMemory.obj
 0002:00000464       ??_C@_0CD@FNMLGMNP@Index?5?$DM?50x00001000?1sizeof?5?$CIUINT@ 00004be4     DxeIpl:VirtualMemory.obj
 0002:00000488       ??_C@_09GNKFGBPM@Level?5?$DO?51@ 00004c08     DxeIpl:VirtualMemory.obj
 0002:00000494       ??_C@_0BN@CIONDDJ@NewPageTable?5?$CB?$DN?5?$CI?$CIvoid?5?$CK?$CJ?50?$CJ@ 00004c14     DxeIpl:VirtualMemory.obj
 0002:000004b4       ??_C@_0CK@MCOJLPID@AddressBits?$DN?$CFu?55LevelPaging?$DN?$CFu?5@ 00004c34     DxeIpl:VirtualMemory.obj
 0002:000004e0       ??_C@_0BK@EENFIALI@PhysicalAddressBits?5?$DM?$DN?552@ 00004c60     DxeIpl:VirtualMemory.obj
 0002:000004fc       ??_C@_0BJ@KCNOKPKC@PhysicalAddressBits?5?$DO?530@ 00004c7c     DxeIpl:VirtualMemory.obj
 0002:00000518       ??_C@_0CG@EEAMGLDN@Pml5?$DN?$CFu?5Pml4?$DN?$CFu?5Pdp?$DN?$CFu?5TotalPag@ 00004c98     DxeIpl:VirtualMemory.obj
 0002:00000540       ??_C@_0BE@BOFLFIJK@BigPageAddress?5?$CB?$DN?50@ 00004cc0     DxeIpl:VirtualMemory.obj
 0002:00000554       ??_C@_0BM@DAJCEFAH@PeiServices?5?$CB?$DN?5?$CI?$CIvoid?5?$CK?$CJ?50?$CJ@ 00004cd4     PeiServicesTablePointerLibIdt:PeiServicesTablePointer.obj
 0002:00000570       ??_C@_0FN@DHHJALFN@F?3?2BirchStreamRp?2Edk2?2MdePkg?2Li@ 00004cf0     PeiServicesTablePointerLibIdt:PeiServicesTablePointer.obj
 0002:000005d0       ??_C@_0BH@LKMBFCBF@Format?5?$CB?$DN?5?$CI?$CIvoid?5?$CK?$CJ?50?$CJ@ 00004d50     PeiDebugLibDebugPpi:DebugLib.obj
 0002:000005e8       ??_C@_0EK@PKPHCEGP@F?3?2BirchStreamRp?2Edk2?2MdeModule@ 00004d68     PeiDebugLibDebugPpi:DebugLib.obj
 0002:00000634       ??_C@_0BP@CHOJLGEH@BaseListMarker?5?$CB?$DN?5?$CI?$CIvoid?5?$CK?$CJ?50?$CJ@ 00004db4     PeiDebugLibDebugPpi:DebugLib.obj
 0002:00000654       ??_C@_0BH@IACGKAP@Buffer?5?$CB?$DN?5?$CI?$CIvoid?5?$CK?$CJ?50?$CJ@ 00004dd4     PeiDebugLibDebugPpi:DebugLib.obj
 0002:0000066c       ??_C@_0BA@BDDFCMFO@EntryPoint?5?$CB?$DN?50@ 00004dec     BaseLib:X86EnablePaging64.obj
 0002:00000680       ??_C@_0EB@CNGFDKNB@F?3?2BirchStreamRp?2Edk2?2MdePkg?2Li@ 00004e00     BaseLib:X86EnablePaging64.obj
 0002:000006c4       ??_C@_0O@HLBMMCPF@NewStack?5?$CB?$DN?50@ 00004e44     BaseLib:X86EnablePaging64.obj
 0002:000006d4       ??_C@_0L@MEMPDLHB@Count?5?$DM?564@ 00004e54     BaseLib:LShiftU64.obj
 0002:000006e0       ??_C@_0DJ@FFJNHMCO@F?3?2BirchStreamRp?2Edk2?2MdePkg?2Li@ 00004e60     BaseLib:LShiftU64.obj
 0002:0000071c       ??_C@_0DJ@LALEECMM@F?3?2BirchStreamRp?2Edk2?2MdePkg?2Li@ 00004e9c     BaseLib:RShiftU64.obj
 0002:00000758       ??_C@_0DI@BOEMCME@F?3?2BirchStreamRp?2Edk2?2MdePkg?2Li@ 00004ed8     PeiHobLib:HobLib.obj
 0002:00000790       ??_C@_0BI@NCGMODPG@HobList?5?$CB?$DN?5?$CI?$CIvoid?5?$CK?$CJ?50?$CJ@ 00004f10     PeiHobLib:HobLib.obj
 0002:000007a8       ??_C@_0BJ@NOLLDKJB@HobStart?5?$CB?$DN?5?$CI?$CIvoid?5?$CK?$CJ?50?$CJ@ 00004f28     PeiHobLib:HobLib.obj
 0002:000007c4       ??_C@_0BE@PICCCCHF@Hob?5?$CB?$DN?5?$CI?$CIvoid?5?$CK?$CJ?50?$CJ@ 00004f44     PeiHobLib:HobLib.obj
 0002:000007d8       ??_C@_0FP@FBBLJPLM@?$CI?$CIMemoryAllocationModule?5?$CG?5?$CI0x0@ 00004f58     PeiHobLib:HobLib.obj
 0002:00000838       ??_C@_0BF@PEDOPNMP@Guid?5?$CB?$DN?5?$CI?$CIvoid?5?$CK?$CJ?50?$CJ@ 00004fb8     PeiHobLib:HobLib.obj
 0002:00000850       ??_C@_0DE@JLBHCAID@DataLength?5?$DM?$DN?5?$CI0xFFF8?5?9?5sizeof?5@ 00004fd0     PeiHobLib:HobLib.obj
 0002:00000884       ??_C@_0CI@HNHCKIFE@Data?5?$CB?$DN?5?$CI?$CIvoid?5?$CK?$CJ?50?$CJ?5?$HM?$HM?5DataLen@ 00005004     PeiHobLib:HobLib.obj
 0002:000008b0       ??_C@_0EO@IHLJIHKG@?$CI?$CIBaseAddress?5?$CG?5?$CI0x00001000?5?9?51@ 00005030     PeiHobLib:HobLib.obj
 0002:00000900       ??_C@_0DI@PHOMHDKH@?$CILength?5?9?51?$CJ?5?$DM?$DN?5?$CI0xFFFFFFFF?5?9?5?$CI@ 00005080     BaseMemoryLibRepStr:CopyMemWrapper.obj
 0002:00000938       ??_C@_0EK@JECIBMPA@F?3?2BirchStreamRp?2Edk2?2MdePkg?2Li@ 000050b8     BaseMemoryLibRepStr:CopyMemWrapper.obj
 0002:00000984       ??_C@_0DD@DCDOHCDJ@?$CILength?5?9?51?$CJ?5?$DM?$DN?5?$CI0xFFFFFFFF?5?9?5?$CI@ 00005104     BaseMemoryLibRepStr:CopyMemWrapper.obj
 0002:000009b8       ??_C@_0CL@OBMFBPED@Length?5?$DM?$DN?5?$CI0xFFFFFFFF?5?9?5?$CIUINTN?$CJ@ 00005138     BaseMemoryLibRepStr:MemLibGuid.obj
 0002:000009e8       ??_C@_0EK@CAIKHNDH@F?3?2BirchStreamRp?2Edk2?2MdePkg?2Li@ 00005168     BaseMemoryLibRepStr:ZeroMemWrapper.obj
 0002:00000a34       ??_C@_0CN@BPIPMCPJ@?$CILength?5?9?51?$CJ?5?$DM?$DN?5?$CI0xFFFFFFFF?5?9?5?$CI@ 000051b4     BaseMemoryLibRepStr:SetMemWrapper.obj
 0002:00000a68       ??_C@_0EJ@KCLDKGOF@F?3?2BirchStreamRp?2Edk2?2MdePkg?2Li@ 000051e8     BaseMemoryLibRepStr:SetMemWrapper.obj
 0002:00000ab4       ??_C@_0CO@LECKNDNC@?$CI?$CI?$CIUINTN?$CJBuffer?$CJ?5?$CG?5?$CIsizeof?5?$CIVal@ 00005234     BaseMemoryLibRepStr:SetMem64Wrapper.obj
 0002:00000ae4       ??_C@_0CF@LEICOABD@?$CILength?5?$CG?5?$CIsizeof?5?$CIValue?$CJ?5?9?51?$CJ?$CJ@ 00005264     BaseMemoryLibRepStr:SetMem64Wrapper.obj
 0002:00000b10       ??_C@_0FC@ODPMPGCI@F?3?2BirchStreamRp?2Edk2?2MdePkg?2Li@ 00005290     PeiMemoryAllocationLib:MemoryAllocationLib.obj
 0002:00000b64       ??_C@_0BC@BDMGDFME@RealPages?5?$DO?5Pages@ 000052e4     PeiMemoryAllocationLib:MemoryAllocationLib.obj
 0002:00000b78       ??_C@_0DL@CDDMDPKN@F?3?2BirchStreamRp?2Edk2?2MdePkg?2Li@ 000052f8     PeiPcdLib:PeiPcdLib.obj
 0002:00000bb8       ??_C@_0FN@OCEKCLAM@F?3?2BirchStreamRp?2Edk2?2MdePkg?2Li@ 00005338     PeiExtractGuidedSectionLib:PeiExtractGuidedSectionLib.obj
 0002:00000c18       ??_C@_0BM@HBFOKNPD@HandlerInfo?5?$CB?$DN?5?$CI?$CIvoid?5?$CK?$CJ?50?$CJ@ 00005398     PeiExtractGuidedSectionLib:PeiExtractGuidedSectionLib.obj
 0002:00000c34       ??_C@_0BN@GPAPAMAC@InputSection?5?$CB?$DN?5?$CI?$CIvoid?5?$CK?$CJ?50?$CJ@ 000053b4     PeiExtractGuidedSectionLib:PeiExtractGuidedSectionLib.obj
 0002:00000c54       ??_C@_0CB@BHALCANF@OutputBufferSize?5?$CB?$DN?5?$CI?$CIvoid?5?$CK?$CJ?50@ 000053d4     PeiExtractGuidedSectionLib:PeiExtractGuidedSectionLib.obj
 0002:00000c78       ??_C@_0CC@LILIPBNH@ScratchBufferSize?5?$CB?$DN?5?$CI?$CIvoid?5?$CK?$CJ?5@ 000053f8     PeiExtractGuidedSectionLib:PeiExtractGuidedSectionLib.obj
 0002:00000c9c       ??_C@_0CB@PMMMMPJH@SectionAttribute?5?$CB?$DN?5?$CI?$CIvoid?5?$CK?$CJ?50@ 0000541c     PeiExtractGuidedSectionLib:PeiExtractGuidedSectionLib.obj
 0002:00000cc0       ??_C@_0BN@BPGHDJKK@OutputBuffer?5?$CB?$DN?5?$CI?$CIvoid?5?$CK?$CJ?50?$CJ@ 00005440     PeiExtractGuidedSectionLib:PeiExtractGuidedSectionLib.obj
 0002:00000ce0       ??_C@_0CF@CJGHKEF@AuthenticationStatus?5?$CB?$DN?5?$CI?$CIvoid?5@ 00005460     PeiExtractGuidedSectionLib:PeiExtractGuidedSectionLib.obj
 0002:00000d08       ??_C@_0FD@DGJMJINH@F?3?2BirchStreamRp?2Edk2?2MdePkg?2Li@ 00005488     BaseUefiDecompressLib:BaseUefiDecompressLib.obj
 0002:00000d5c       ??_C@_0BH@GAGHCOEK@Source?5?$CB?$DN?5?$CI?$CIvoid?5?$CK?$CJ?50?$CJ@ 000054dc     BaseUefiDecompressLib:BaseUefiDecompressLib.obj
 0002:00000d74       ??_C@_0CA@FMKFGCDF@DestinationSize?5?$CB?$DN?5?$CI?$CIvoid?5?$CK?$CJ?50?$CJ@ 000054f4     BaseUefiDecompressLib:BaseUefiDecompressLib.obj
 0002:00000d94       ??_C@_0BM@MHGBFJCP@ScratchSize?5?$CB?$DN?5?$CI?$CIvoid?5?$CK?$CJ?50?$CJ@ 00005514     BaseUefiDecompressLib:BaseUefiDecompressLib.obj
 0002:00000db0       ??_C@_0BM@NLNKOJGD@Destination?5?$CB?$DN?5?$CI?$CIvoid?5?$CK?$CJ?50?$CJ@ 00005530     BaseUefiDecompressLib:BaseUefiDecompressLib.obj
 0002:00000dcc       ??_C@_0BI@MGJALJLC@Scratch?5?$CB?$DN?5?$CI?$CIvoid?5?$CK?$CJ?50?$CJ@ 0000554c     BaseUefiDecompressLib:BaseUefiDecompressLib.obj
 0002:00000de8       ??_C@_0FN@MNJIOLEO@F?3?2BirchStreamRp?2Edk2?2MdeModule@ 00005568     LzmaDecompressLib:GuidedSectionExtraction.obj
 0002:00000e48       ??_C@_0FE@OCKLPEOE@F?3?2BirchStreamRp?2Edk2?2MdeModule@ 000055c8     LzmaDecompressLib:LzmaDecompress.obj
 0002:00000e9c       ??_C@_0BG@GMOOJNAG@SourceSize?5?$DO?$DN?5?$CI5?5?$CL?58?$CJ@ 0000561c     LzmaDecompressLib:LzmaDecompress.obj
 0002:00000eb4       ??_C@_0DJ@MEEFBKPF@F?3?2BirchStreamRp?2Edk2?2MdePkg?2Li@ 00005634     BaseLib:Unaligned.obj
 0002:00000ef0       ??_C@_0EL@IFODPDEA@F?3?2BirchStreamRp?2Edk2?2MdePkg?2Li@ 00005670     BaseMemoryLibRepStr:SetMem16Wrapper.obj
 0002:00000f90       ___volatile_metadata       00005710     <linker-defined>
 0003:00000000       _gEfiMemoryTypeInformationGuid 00005880     DxeIpl:AutoGen.obj
 0003:00000010       _gEdkiiDebugPpiGuid        00005890     DxeIpl:AutoGen.obj
 0003:00000020       _gEfiHobMemoryAllocStackGuid 000058a0     DxeIpl:AutoGen.obj
 0003:00000030       _gEfiPeiPcdPpiGuid         000058b0     DxeIpl:AutoGen.obj
 0003:00000040       _gEfiPeiReadOnlyVariable2PpiGuid 000058c0     DxeIpl:AutoGen.obj
 0003:00000050       _gEfiPeiDecompressPpiGuid  000058d0     DxeIpl:AutoGen.obj
 0003:00000060       _gEfiHobMemoryAllocModuleGuid 000058e0     DxeIpl:AutoGen.obj
 0003:00000070       _gEfiDxeIplPpiGuid         000058f0     DxeIpl:AutoGen.obj
 0003:00000080       _gEfiPeiRecoveryModulePpiGuid 00005900     DxeIpl:AutoGen.obj
 0003:00000090       _gLzmaCustomDecompressGuid 00005910     DxeIpl:AutoGen.obj
 0003:000000a0       __gPcd_BinaryPatch_PcdDebugPrintErrorLevel 00005920     DxeIpl:AutoGen.obj
 0003:000000a4       _gEfiPeiMemoryDiscoveredPpiGuid 00005924     DxeIpl:AutoGen.obj
 0003:000000b4       _gEfiMdeModulePkgTokenSpaceGuid 00005934     DxeIpl:AutoGen.obj
 0003:000000c4       _gEfiEndOfPeiSignalPpiGuid 00005944     DxeIpl:AutoGen.obj
 0003:000000d4       _gEfiPeiLoadFilePpiGuid    00005954     DxeIpl:AutoGen.obj
 0003:000000e4       _gEfiPeiS3Resume2PpiGuid   00005964     DxeIpl:AutoGen.obj
 0003:000000f4       _gEdkiiPeiBootInCapsuleOnDiskModePpiGuid 00005974     DxeIpl:AutoGen.obj
 0003:00000104       _gEfiCallerIdGuid          00005984     DxeIpl:AutoGen.obj
 0003:00000114       _gEdkiiPeiCapsuleOnDiskPpiGuid 00005994     DxeIpl:AutoGen.obj
 0003:00000128       _gGdtEntries               000059a8     DxeIpl:DxeLoadFunc.obj
 0003:00000170       _gLidtDescriptor           000059f0     DxeIpl:DxeLoadFunc.obj
 0003:00000178       _mPageTablePool            000059f8     DxeIpl:VirtualMemory.obj

 entry point at        0001:00000196

 Static symbols

 0001:00000000       @VectorTemplateBase        00000260     DxeIpl:IdtVectorAsm.obj
 0001:00000002       @VectorNum                 00000262     DxeIpl:IdtVectorAsm.obj
 0001:0000000a       @VectorTemplateEnd         0000026a     DxeIpl:IdtVectorAsm.obj
 0001:00000026       CommonInterruptEntry       00000286     DxeIpl:IdtVectorAsm.obj
 0001:00000057       _InternalX86EnablePaging64.0 000002b7     BaseLib:EnablePaging64.obj
 0001:000000a8       CetDone                    00000308     BaseLib:LongJump.obj
 0001:000000da       _InternalMemCopyMem.0      0000033a     BaseMemoryLibRepStr:CopyMem.obj
 0001:000000e6       @CopyBackward              00000346     BaseMemoryLibRepStr:CopyMem.obj
 0001:000000ed       @CopyBytes                 0000034d     BaseMemoryLibRepStr:CopyMem.obj
 0001:00000151       _InternalMemSetMem64.0     000003b1     BaseMemoryLibRepStr:SetMem64.obj
 0001:00002dcc       @LzmaDec_DecodeReal_3@12   0000302c f   LzmaDecompressLib:LzmaDec.obj
 0001:000038d2       @LzmaDec_WriteRem@8        00003b32 f   LzmaDecompressLib:LzmaDec.obj
 0001:00003950       @LzmaDec_DecodeReal2@12    00003bb0 f   LzmaDecompressLib:LzmaDec.obj
 0001:000039cd       _LzmaDec_TryDummy          00003c2d f   LzmaDecompressLib:LzmaDec.obj
 0001:0000432a       _LzmaDec_AllocateProbs2    0000458a f   LzmaDecompressLib:LzmaDec.obj
