 tftpDynamicCommand

 Timestamp is 65376f9d (Tue Oct 24 15:17:49 2023)

 Preferred load address is 00010000

 Start         Length     Name                   Class
 0001:00000000 0000b316H .text$mn                CODE
 0002:00000000 00002574H .rdata                  DATA
 0002:00002574 00000180H .rdata$zzzdbg           DATA
 0003:00000000 000001c0H .data                   DATA
 0003:000001c0 0000008cH .bss                    DATA
 0004:00000000 0000005aH .edata                  DATA
 0005:00000000 00000060H .rsrc$01                DATA
 0005:00000060 00001ae0H .rsrc$02                DATA

  Address         Publics by Value              Rva+Base       Lib:Object

 0000:00000000       ___guard_fids_count        00000000     <absolute>
 0000:00000000       ___guard_longjmp_table     00000000     <absolute>
 0000:00000000       ___guard_longjmp_count     00000000     <absolute>
 0000:00000000       ___guard_flags             00000000     <absolute>
 0000:00000000       ___guard_iat_table         00000000     <absolute>
 0000:00000000       ___guard_iat_count         00000000     <absolute>
 0000:00000000       ___dynamic_value_reloc_table 00000000     <absolute>
 0000:00000000       ___guard_fids_table        00000000     <absolute>
 0001:00000000       __DriverUnloadHandler      00011000 f   UefiDriverEntryPoint:DriverEntryPoint.obj
 0001:00000040       __ModuleEntryPoint         00011040 f   UefiDriverEntryPoint:DriverEntryPoint.obj
 0001:00000150       _ProcessLibraryConstructorList 00011150 f   tftpDynamicCommand:AutoGen.obj
 0001:000003d0       _ProcessLibraryDestructorList 000113d0 f   tftpDynamicCommand:AutoGen.obj
 0001:00000460       _ProcessModuleEntryPointList 00011460 f   tftpDynamicCommand:AutoGen.obj
 0001:00000480       _ProcessModuleUnloadList   00011480 f   tftpDynamicCommand:AutoGen.obj
 0001:000004a0       _TftpCommandHandler        000114a0 f   tftpDynamicCommand:TftpDynamicCommand.obj
 0001:000004d0       _TftpCommandGetHelp        000114d0 f   tftpDynamicCommand:TftpDynamicCommand.obj
 0001:000004f0       _TftpCommandInitialize     000114f0 f   tftpDynamicCommand:TftpDynamicCommand.obj
 0001:000005b0       _TftpUnload                000115b0 f   tftpDynamicCommand:TftpDynamicCommand.obj
 0001:00000600       _RunTftp                   00011600 f   tftpDynamicCommand:Tftp.obj
 0001:000014e0       _InitializeHiiPackage      000124e0 f   tftpDynamicCommand:Tftp.obj
 0001:00001630       _UnicodeVSPrint            00012630 f   BasePrintLib:PrintLib.obj
 0001:000016b0       _UnicodeSPrint             000126b0 f   BasePrintLib:PrintLib.obj
 0001:000016f0       _AsciiVSPrint              000126f0 f   BasePrintLib:PrintLib.obj
 0001:00001720       _AsciiSPrint               00012720 f   BasePrintLib:PrintLib.obj
 0001:00001760       _BasePrintLibFillBuffer    00012760 f   BasePrintLib:PrintLibInternal.obj
 0001:000017c0       _BasePrintLibValueToString 000127c0 f   BasePrintLib:PrintLibInternal.obj
 0001:00001810       _BasePrintLibSPrintMarker  00012810 f   BasePrintLib:PrintLibInternal.obj
 0001:00002aa0       _BasePrintLibSPrint        00013aa0 f   BasePrintLib:PrintLibInternal.obj
 0001:00002ae0       _DebugPrint                00013ae0 f   PeiDxeDebugLibReportStatusCode:DebugLib.obj
 0001:00002b10       _DebugPrintMarker          00013b10 f   PeiDxeDebugLibReportStatusCode:DebugLib.obj
 0001:00002ff0       _DebugVPrint               00013ff0 f   PeiDxeDebugLibReportStatusCode:DebugLib.obj
 0001:00003010       _DebugAssert               00014010 f   PeiDxeDebugLibReportStatusCode:DebugLib.obj
 0001:00003270       _DebugAssertEnabled        00014270 f   PeiDxeDebugLibReportStatusCode:DebugLib.obj
 0001:000032a0       _DebugPrintEnabled         000142a0 f   PeiDxeDebugLibReportStatusCode:DebugLib.obj
 0001:000032d0       _DebugPrintLevelEnabled    000142d0 f   PeiDxeDebugLibReportStatusCode:DebugLib.obj
 0001:000032f0       _CopyMem                   000142f0 f   BaseMemoryLib:CopyMemWrapper.obj
 0001:00003390       _ZeroMem                   00014390 f   BaseMemoryLib:ZeroMemWrapper.obj
 0001:00003410       _InternalMemCopyMem        00014410 f   BaseMemoryLib:CopyMem.obj
 0001:00003780       _InternalMemZeroMem        00014780 f   BaseMemoryLib:MemLibGeneric.obj
 0001:000037a0       _InternalMemSetMem         000147a0 f   BaseMemoryLib:SetMem.obj
 0001:000038c0       _StrLen                    000148c0 f   BaseLib:String.obj
 0001:00003980       _StrSize                   00014980 f   BaseLib:String.obj
 0001:000039a0       _StrCmp                    000149a0 f   BaseLib:String.obj
 0001:00003a50       _StrnCmp                   00014a50 f   BaseLib:String.obj
 0001:00003b60       _StrStr                    00014b60 f   BaseLib:String.obj
 0001:00003c60       _ShellIsDecimalDigitCharacter 00014c60 f   UefiShellLib:UefiShellLib.obj
 0001:00003c60       _InternalIsDecimalDigitCharacter 00014c60 f   BaseLib:String.obj
 0001:00003c90       _CharToUpper               00014c90 f   BaseLib:String.obj
 0001:00003cc0       _InternalAsciiIsDecimalDigitCharacter 00014cc0 f   BaseLib:String.obj
 0001:00003cf0       _AsciiStrLen               00014cf0 f   BaseLib:String.obj
 0001:00003d90       _AsciiStrSize              00014d90 f   BaseLib:String.obj
 0001:00003db0       _AsciiStrnCmp              00014db0 f   BaseLib:String.obj
 0001:00003ec0       _AsciiStrDecimalToUintn    00014ec0 f   BaseLib:String.obj
 0001:00003ef0       _SwapBytes16               00014ef0 f   BaseLib:SwapBytes16.obj
 0001:00003f10       _InternalSafeStringIsOverlap 00014f10 f   BaseLib:SafeString.obj
 0001:00003f50       _InternalSafeStringNoStrOverlap 00014f50 f   BaseLib:SafeString.obj
 0001:00003f90       _InternalSafeStringNoAsciiStrOverlap 00014f90 f   BaseLib:SafeString.obj
 0001:00003fd0       _StrnLenS                  00014fd0 f   BaseLib:SafeString.obj
 0001:00004050       _StrCpyS                   00015050 f   BaseLib:SafeString.obj
 0001:00004390       _StrCatS                   00015390 f   BaseLib:SafeString.obj
 0001:00004770       _StrnCatS                  00015770 f   BaseLib:SafeString.obj
 0001:00004bf0       _StrDecimalToUintnS        00015bf0 f   BaseLib:SafeString.obj
 0001:00004e50       _StrToIpv4Address          00015e50 f   BaseLib:SafeString.obj
 0001:00005080       _AsciiStrnLenS             00016080 f   BaseLib:SafeString.obj
 0001:000050d0       _AsciiStrnCpyS             000160d0 f   BaseLib:SafeString.obj
 0001:00005460       _AsciiStrDecimalToUintnS   00016460 f   BaseLib:SafeString.obj
 0001:00005690       _UnicodeStrToAsciiStrS     00016690 f   BaseLib:SafeString.obj
 0001:00005a50       _ReadUnaligned16           00016a50 f   BaseLib:Unaligned.obj
 0001:00005a90       _ReadUnaligned32           00016a90 f   BaseLib:Unaligned.obj
 0001:00005ad0       _ReadUnaligned64           00016ad0 f   BaseLib:Unaligned.obj
 0001:00005b10       _WriteUnaligned64          00016b10 f   BaseLib:Unaligned.obj
 0001:00005b60       _DivU64x32Remainder        00016b60 f   BaseLib:DivU64x32Remainder.obj
 0001:00005bb0       _CpuBreakpoint             00016bb0 f   BaseLib:CpuBreakpoint.obj
 0001:00005bc0       _CpuDeadLoop               00016bc0 f   BaseLib:CpuDeadLoop.obj
 0001:00005be0       _LShiftU64                 00016be0 f   BaseLib:LShiftU64.obj
 0001:00005c30       _DivU64x32                 00016c30 f   BaseLib:DivU64x32.obj
 0001:00005c80       _MultU64x32                00016c80 f   BaseLib:MultU64x32.obj
 0001:00005cb0       _RShiftU64                 00016cb0 f   BaseLib:RShiftU64.obj
 0001:00005d00       _InternalMathDivRemU64x32  00016d00 f   BaseLib:DivU64x32Remainder.obj
 0001:00005d20       _CpuPause                  00016d20 f   BaseLib:CpuPause.obj
 0001:00005d30       _InternalMathLShiftU64     00016d30 f   BaseLib:LShiftU64.obj
 0001:00005d50       _InternalMathDivU64x32     00016d50 f   BaseLib:DivU64x32.obj
 0001:00005d70       _InternalMathMultU64x32    00016d70 f   BaseLib:MultU64x32.obj
 0001:00005d90       _InternalMathRShiftU64     00016d90 f   BaseLib:RShiftU64.obj
 0001:00005db0       _InternalAllocatePool      00016db0 f   UefiMemoryAllocationLib:MemoryAllocationLib.obj
 0001:00005df0       _AllocatePool              00016df0 f   UefiMemoryAllocationLib:MemoryAllocationLib.obj
 0001:00005e10       _InternalAllocateZeroPool  00016e10 f   UefiMemoryAllocationLib:MemoryAllocationLib.obj
 0001:00005e50       _AllocateZeroPool          00016e50 f   UefiMemoryAllocationLib:MemoryAllocationLib.obj
 0001:00005e70       _InternalAllocateCopyPool  00016e70 f   UefiMemoryAllocationLib:MemoryAllocationLib.obj
 0001:00005f10       _AllocateCopyPool          00016f10 f   UefiMemoryAllocationLib:MemoryAllocationLib.obj
 0001:00005f30       _InternalReallocatePool    00016f30 f   UefiMemoryAllocationLib:MemoryAllocationLib.obj
 0001:00005fa0       _ReallocatePool            00016fa0 f   UefiMemoryAllocationLib:MemoryAllocationLib.obj
 0001:00005fc0       _FreePool                  00016fc0 f   UefiMemoryAllocationLib:MemoryAllocationLib.obj
 0001:00006050       _UefiBootServicesTableLibConstructor 00017050 f   UefiBootServicesTableLib:UefiBootServicesTableLib.obj
 0001:00006100       _UefiRuntimeServicesTableLibConstructor 00017100 f   UefiRuntimeServicesTableLib:UefiRuntimeServicesTableLib.obj
 0001:00006140       _UefiHiiServicesLibConstructor 00017140 f   UefiHiiServicesLib:UefiHiiServicesLib.obj
 0001:00006320       _UefiLibConstructor        00017320 f   UefiLib:UefiLib.obj
 0001:00006330       _GetVariable2              00017330 f   UefiLib:UefiLib.obj
 0001:00006470       _GetEfiGlobalVariable2     00017470 f   UefiLib:UefiLib.obj
 0001:00006490       _GetBestLanguage           00017490 f   UefiLib:UefiLib.obj
 0001:00006680       _EfiOpenFileByDevicePath   00017680 f   UefiLib:UefiLib.obj
 0001:000068b0       _HiiGetString              000178b0 f   UefiHiiLib:HiiString.obj
 0001:000068d0       _HiiGetStringEx            000178d0 f   UefiHiiLib:HiiString.obj
 0001:00006b00       _HiiRemovePackages         00017b00 f   UefiHiiLib:HiiLib.obj
 0001:00006bc0       _HiiGetSupportedLanguages  00017bc0 f   UefiHiiLib:HiiLanguage.obj
 0001:00006c80       _ShellIsHexaDecimalDigitCharacter 00017c80 f   UefiShellLib:UefiShellLib.obj
 0001:00006cd0       _ShellFindSE2              00017cd0 f   UefiShellLib:UefiShellLib.obj
 0001:00006e80       _ShellLibConstructorWorker 00017e80 f   UefiShellLib:UefiShellLib.obj
 0001:00007110       _ShellLibConstructor       00018110 f   UefiShellLib:UefiShellLib.obj
 0001:00007170       _ShellLibDestructor        00018170 f   UefiShellLib:UefiShellLib.obj
 0001:00007290       _ShellInitialize           00018290 f   UefiShellLib:UefiShellLib.obj
 0001:00007350       _ShellOpenFileByDevicePath 00018350 f   UefiShellLib:UefiShellLib.obj
 0001:00007410       _ShellOpenFileByName       00018410 f   UefiShellLib:UefiShellLib.obj
 0001:00007740       _ShellCreateDirectory      00018740 f   UefiShellLib:UefiShellLib.obj
 0001:00007790       _ShellWriteFile            00018790 f   UefiShellLib:UefiShellLib.obj
 0001:000077b0       _ShellCloseFile            000187b0 f   UefiShellLib:UefiShellLib.obj
 0001:000077d0       _ShellDeleteFile           000187d0 f   UefiShellLib:UefiShellLib.obj
 0001:000077f0       _ShellSetFilePosition      000187f0 f   UefiShellLib:UefiShellLib.obj
 0001:00007810       _ShellSetPageBreakMode     00018810 f   UefiShellLib:UefiShellLib.obj
 0001:00007880       _InternalShellConvertFileListType 00018880 f   UefiShellLib:UefiShellLib.obj
 0001:00007bb0       _ShellOpenFileMetaArg      00018bb0 f   UefiShellLib:UefiShellLib.obj
 0001:00007e60       _ShellCloseFileMetaArg     00018e60 f   UefiShellLib:UefiShellLib.obj
 0001:00007fa0       _InternalIsOnCheckList     00018fa0 f   UefiShellLib:UefiShellLib.obj
 0001:00008170       _InternalIsFlag            00019170 f   UefiShellLib:UefiShellLib.obj
 0001:00008240       _InternalCommandLineParse  00019240 f   UefiShellLib:UefiShellLib.obj
 0001:00008840       _ShellCommandLineParseEx   00019840 f   UefiShellLib:UefiShellLib.obj
 0001:00008940       _ShellCommandLineFreeVarList 00019940 f   UefiShellLib:UefiShellLib.obj
 0001:000089e0       _ShellCommandLineGetFlag   000199e0 f   UefiShellLib:UefiShellLib.obj
 0001:00008b10       _ShellCommandLineGetValue  00019b10 f   UefiShellLib:UefiShellLib.obj
 0001:00008c70       _ShellCommandLineGetRawValue 00019c70 f   UefiShellLib:UefiShellLib.obj
 0001:00008ce0       _ShellCommandLineGetCount  00019ce0 f   UefiShellLib:UefiShellLib.obj
 0001:00008d50       _ShellCopySearchAndReplace 00019d50 f   UefiShellLib:UefiShellLib.obj
 0001:00008f60       _InternalPrintTo           00019f60 f   UefiShellLib:UefiShellLib.obj
 0001:00009030       _InternalShellPrintWorker  0001a030 f   UefiShellLib:UefiShellLib.obj
 0001:00009690       _ShellPrintEx              0001a690 f   UefiShellLib:UefiShellLib.obj
 0001:000096e0       _ShellPrintHiiEx           0001a6e0 f   UefiShellLib:UefiShellLib.obj
 0001:00009760       _ShellStrToUintn           0001a760 f   UefiShellLib:UefiShellLib.obj
 0001:000097c0       _StrnCatGrow               0001a7c0 f   UefiShellLib:UefiShellLib.obj
 0001:00009960       _InternalShellIsHexOrDecimalNumber 0001a960 f   UefiShellLib:UefiShellLib.obj
 0001:00009a90       _ShellFileExists           0001aa90 f   UefiShellLib:UefiShellLib.obj
 0001:00009b00       _InternalShellHexCharToUintn 0001ab00 f   UefiShellLib:UefiShellLib.obj
 0001:00009b40       _InternalShellStrHexToUint64 0001ab40 f   UefiShellLib:UefiShellLib.obj
 0001:00009cd0       _InternalShellStrDecimalToUint64 0001acd0 f   UefiShellLib:UefiShellLib.obj
 0001:00009e30       _ShellConvertStringToUint64 0001ae30 f   UefiShellLib:UefiShellLib.obj
 0001:00009fa0       _ShellDeleteFileByName     0001afa0 f   UefiShellLib:UefiShellLib.obj
 0001:0000a000       _InternalShellStripQuotes  0001b000 f   UefiShellLib:UefiShellLib.obj
 0001:0000a0a0       _NetLibCreateServiceChild  0001b0a0 f   DxeNetLib:DxeNetLib.obj
 0001:0000a130       _NetLibDestroyServiceChild 0001b130 f   DxeNetLib:DxeNetLib.obj
 0001:0000a1c0       _NetLibStrToIp4            0001b1c0 f   DxeNetLib:DxeNetLib.obj
 0001:0000a200       _GetDebugPrintErrorLevel   0001b200 f   BaseDebugPrintErrorLevelLib:BaseDebugPrintErrorLevelLib.obj
 0001:0000a210       _InternalGetReportStatusCode 0001b210 f   DxeReportStatusCodeLib:ReportStatusCodeLib.obj
 0001:0000a270       _InternalReportStatusCode  0001b270 f   DxeReportStatusCodeLib:ReportStatusCodeLib.obj
 0001:0000a300       _ReportStatusCodeEx        0001b300 f   DxeReportStatusCodeLib:ReportStatusCodeLib.obj
 0001:0000a4c0       _ReportProgressCodeEnabled 0001b4c0 f   DxeReportStatusCodeLib:ReportStatusCodeLib.obj
 0001:0000a4f0       _ReportErrorCodeEnabled    0001b4f0 f   DxeReportStatusCodeLib:ReportStatusCodeLib.obj
 0001:0000a520       _ReportDebugCodeEnabled    0001b520 f   DxeReportStatusCodeLib:ReportStatusCodeLib.obj
 0001:0000a550       _DevicePathType            0001b550 f   UefiDevicePathLib:DevicePathUtilities.obj
 0001:0000a590       _DevicePathSubType         0001b590 f   UefiDevicePathLib:DevicePathUtilities.obj
 0001:0000a5d0       _DevicePathNodeLength      0001b5d0 f   UefiDevicePathLib:DevicePathUtilities.obj
 0001:0000a620       _NextDevicePathNode        0001b620 f   UefiDevicePathLib:DevicePathUtilities.obj
 0001:0000a670       _IsDevicePathEndType       0001b670 f   UefiDevicePathLib:DevicePathUtilities.obj
 0001:0000a6d0       _IsDevicePathEnd           0001b6d0 f   UefiDevicePathLib:DevicePathUtilities.obj
 0001:0000a740       _CopyGuid                  0001b740 f   BaseMemoryLib:MemLibGuid.obj
 0001:0000a790       _CompareGuid               0001b790 f   BaseMemoryLib:MemLibGuid.obj
 0001:0000a820       _InternalBaseLibIsListValid 0001b820 f   BaseLib:LinkedList.obj
 0001:0000a910       _IsNodeInList              0001b910 f   BaseLib:LinkedList.obj
 0001:0000a9e0       _InitializeListHead        0001b9e0 f   BaseLib:LinkedList.obj
 0001:0000aa30       _InsertHeadList            0001ba30 f   BaseLib:LinkedList.obj
 0001:0000aaf0       _InsertTailList            0001baf0 f   BaseLib:LinkedList.obj
 0001:0000abb0       _GetFirstNode              0001bbb0 f   BaseLib:LinkedList.obj
 0001:0000ac00       _GetNextNode               0001bc00 f   BaseLib:LinkedList.obj
 0001:0000aca0       _IsListEmpty               0001bca0 f   BaseLib:LinkedList.obj
 0001:0000ad00       _IsNull                    0001bd00 f   BaseLib:LinkedList.obj
 0001:0000adb0       _RemoveEntryList           0001bdb0 f   BaseLib:LinkedList.obj
 0001:0000ae10       _PathRemoveLastItem        0001be10 f   BaseLib:FilePaths.obj
 0001:0000aeb0       _PathCleanUpDirectories    0001beb0 f   BaseLib:FilePaths.obj
 0001:0000b050       _StringNoCaseCompare       0001c050 f   BaseSortLib:BaseSortLib.obj
 0001:0000b090       _FileHandleGetInfo         0001c090 f   UefiFileHandleLib:UefiFileHandleLib.obj
 0001:0000b130       _FileHandleSetInfo         0001c130 f   UefiFileHandleLib:UefiFileHandleLib.obj
 0001:0000b170       _FileHandleRead            0001c170 f   UefiFileHandleLib:UefiFileHandleLib.obj
 0001:0000b1a0       _FileHandleWrite           0001c1a0 f   UefiFileHandleLib:UefiFileHandleLib.obj
 0001:0000b1d0       _FileHandleClose           0001c1d0 f   UefiFileHandleLib:UefiFileHandleLib.obj
 0001:0000b200       _FileHandleDelete          0001c200 f   UefiFileHandleLib:UefiFileHandleLib.obj
 0001:0000b230       _FileHandleSetPosition     0001c230 f   UefiFileHandleLib:UefiFileHandleLib.obj
 0001:0000b260       _FileHandleGetPosition     0001c260 f   UefiFileHandleLib:UefiFileHandleLib.obj
 0001:0000b290       _FileHandleFlush           0001c290 f   UefiFileHandleLib:UefiFileHandleLib.obj
 0001:0000b2c0       _FileHandleGetSize         0001c2c0 f   UefiFileHandleLib:UefiFileHandleLib.obj
 0002:00000000       ??_C@_0CB@DMEJJJHA@?6ASSERT_EFI_ERROR?5?$CIStatus?5?$DN?5?$CFr?$CJ?6@ 0001d000     UefiDriverEntryPoint:DriverEntryPoint.obj
 0002:00000024       ??_C@_0CH@BBNBJKHK@?$CB?$CI?$CI?$CIINTN?$CJ?$CIRETURN_STATUS?$CJ?$CIStatus?$CJ@ 0001d024     UefiDriverEntryPoint:DriverEntryPoint.obj
 0002:00000050       ??_C@_0GP@GHNHPFLI@c?3?2users?2mliang2x?2workspace?2ming@ 0001d050     UefiDriverEntryPoint:DriverEntryPoint.obj
 0002:000000bf       __gDriverUnloadImageCount  0001d0bf     tftpDynamicCommand:AutoGen.obj
 0002:000000c0       __gUefiDriverRevision      0001d0c0     tftpDynamicCommand:AutoGen.obj
 0002:000000c4       ??_C@_0BD@MKFKNHNH@tftpDynamicCommand?$AA@ 0001d0c4     tftpDynamicCommand:AutoGen.obj
 0002:000000d8       ??_C@_0KO@HONNCEDN@c?3?2users?2mliang2x?2workspace?2ming@ 0001d0d8     tftpDynamicCommand:AutoGen.obj
 0002:00000188       __gPcd_FixedAtBuild_PcdMaximumLinkedListLength 0001d188     tftpDynamicCommand:AutoGen.obj
 0002:00000188       __gPcd_FixedAtBuild_PcdMaximumUnicodeStringLength 0001d188     tftpDynamicCommand:AutoGen.obj
 0002:00000188       __gPcd_FixedAtBuild_PcdMaximumAsciiStringLength 0001d188     tftpDynamicCommand:AutoGen.obj
 0002:0000018c       __gPcd_FixedAtBuild_PcdReportStatusCodePropertyMask 0001d18c     tftpDynamicCommand:AutoGen.obj
 0002:00000190       __gPcd_FixedAtBuild_PcdDebugPrintErrorLevel 0001d190     tftpDynamicCommand:AutoGen.obj
 0002:00000194       __gPcd_FixedAtBuild_PcdFixedDebugPrintErrorLevel 0001d194     tftpDynamicCommand:AutoGen.obj
 0002:00000198       __gPcd_FixedAtBuild_PcdShellPrintBufferSize 0001d198     tftpDynamicCommand:AutoGen.obj
 0002:0000019c       __gPcd_FixedAtBuild_PcdDebugPropertyMask 0001d19c     tftpDynamicCommand:AutoGen.obj
 0002:0000019d       __gPcd_FixedAtBuild_PcdVerifyNodeInList 0001d19d     tftpDynamicCommand:AutoGen.obj
 0002:0000019d       __gPcd_FixedAtBuild_PcdShellLibAutoInitialize 0001d19d     tftpDynamicCommand:AutoGen.obj
 0002:000001a0       ??_C@_19ONPPEBM@?$AAt?$AAf?$AAt?$AAp?$AA?$AA@ 0001d1a0     tftpDynamicCommand:TftpDynamicCommand.obj
 0002:000001b0       ??_C@_0HI@DMFKFHIG@c?3?2users?2mliang2x?2workspace?2ming@ 0001d1b0     tftpDynamicCommand:TftpDynamicCommand.obj
 0002:00000228       ??_C@_15LDCBPADN@?$AA?9?$AAi?$AA?$AA@ 0001d228     tftpDynamicCommand:Tftp.obj
 0002:00000230       ??_C@_15IEPPAAAP@?$AA?9?$AAl?$AA?$AA@ 0001d230     tftpDynamicCommand:Tftp.obj
 0002:00000238       ??_C@_15DEDJCAKD@?$AA?9?$AAr?$AA?$AA@ 0001d238     tftpDynamicCommand:Tftp.obj
 0002:00000240       ??_C@_15NMJMBAFJ@?$AA?9?$AAc?$AA?$AA@ 0001d240     tftpDynamicCommand:Tftp.obj
 0002:00000248       ??_C@_15BBFCHPHP@?$AA?9?$AAt?$AA?$AA@ 0001d248     tftpDynamicCommand:Tftp.obj
 0002:00000250       ??_C@_15IMIFEHMG@?$AA?9?$AAs?$AA?$AA@ 0001d250     tftpDynamicCommand:Tftp.obj
 0002:00000258       ??_C@_15DOHNAJB@?$AA?9?$AAw?$AA?$AA@ 0001d258     tftpDynamicCommand:Tftp.obj
 0002:00000260       ??_C@_0GK@OKFGACMM@c?3?2users?2mliang2x?2workspace?2ming@ 0001d260     tftpDynamicCommand:Tftp.obj
 0002:000002cc       ??_C@_0BC@FEDIJHFF@?$CI?$CIBOOLEAN?$CJ?$CI0?$DN?$DN1?$CJ?$CJ?$AA@ 0001d2cc     tftpDynamicCommand:Tftp.obj
 0002:000002e0       ??_C@_0BP@DKOFHFCC@RemoteFilePath?5?$CB?$DN?5?$CI?$CIvoid?5?$CK?$CJ?50?$CJ?$AA@ 0001d2e0     tftpDynamicCommand:Tftp.obj
 0002:00000300       ??_C@_1M@CLFCEILF@?$AAe?$AAt?$AAh?$AA?$CF?$AAd?$AA?$AA@ 0001d300     tftpDynamicCommand:Tftp.obj
 0002:0000030c       ??_C@_1M@JJEJLDIL@?$AAu?$AAn?$AAk?$AA?$CF?$AAd?$AA?$AA@ 0001d30c     tftpDynamicCommand:Tftp.obj
 0002:00000318       ??_C@_05GHDOEBHJ@tsize?$AA@ 0001d318     tftpDynamicCommand:Tftp.obj
 0002:00000320       ??_C@_07JPIGAOKK@blksize?$AA@ 0001d320     tftpDynamicCommand:Tftp.obj
 0002:00000328       ??_C@_02DPKJAMEF@?$CFd?$AA@ 0001d328     tftpDynamicCommand:Tftp.obj
 0002:0000032c       ??_C@_0L@HMPKIDCJ@windowsize?$AA@ 0001d32c     tftpDynamicCommand:Tftp.obj
 0002:00000338       ??_C@_1BM@MLPEDKFL@?$AA?$CF?$AAs?$AA?5?$AA?5?$AA?5?$AA?5?$AA?5?$AA?5?$AA?5?$AA0?$AA?5?$AAK?$AAb?$AA?$AA@ 0001d338     tftpDynamicCommand:Tftp.obj
 0002:00000354       ??_C@_15GANGMFKL@?$AA?$CF?$AAs?$AA?$AA@ 0001d354     tftpDynamicCommand:Tftp.obj
 0002:0000035c       ??_C@_1BA@PIMHAFJC@?$AA?5?$AA?$CF?$AA7?$AAd?$AA?5?$AAK?$AAb?$AA?$AA@ 0001d35c     tftpDynamicCommand:Tftp.obj
 0002:00000478       ??_C@_0CI@BGLNHBLM@?$CI?$CI?$CIUINTN?$CJ?5?$CIStartOfBuffer?$CJ?$CJ?5?$CG?50x0@ 0001d478     BasePrintLib:PrintLib.obj
 0002:000004a0       ??_C@_0FP@HCMIGMKH@c?3?2users?2mliang2x?2workspace?2ming@ 0001d4a0     BasePrintLib:PrintLib.obj
 0002:00000500       ??_C@_0CH@KJLBGOBB@?$CI?$CI?$CIUINTN?$CJ?5?$CIFormatString?$CJ?$CJ?5?$CG?50x01@ 0001d500     BasePrintLib:PrintLib.obj
 0002:00000528       ??_C@_0BH@IACGKAP@Buffer?5?$CB?$DN?5?$CI?$CIvoid?5?$CK?$CJ?50?$CJ?$AA@ 0001d528     BasePrintLib:PrintLibInternal.obj
 0002:00000540       ??_C@_0GH@MLMKDJJP@c?3?2users?2mliang2x?2workspace?2ming@ 0001d540     BasePrintLib:PrintLibInternal.obj
 0002:000005a8       ??_C@_0BJ@CNKJJNE@?$CIBuffer?5?$CB?$DN?5?$CI?$CIvoid?5?$CK?$CJ?50?$CJ?$CJ?$AA@ 0001d5a8     BasePrintLib:PrintLibInternal.obj
 0002:000005c8       ??_C@_0EB@HDGIDCIO@?$CIBufferSize?5?$DM?$DN?5?$CI_gPcd_FixedAtBui@ 0001d5c8     BasePrintLib:PrintLibInternal.obj
 0002:0000060c       ??_C@_0BJ@PPAKKDJG@?$CIFormat?5?$CB?$DN?5?$CI?$CIvoid?5?$CK?$CJ?50?$CJ?$CJ?$AA@ 0001d60c     BasePrintLib:PrintLibInternal.obj
 0002:00000628       ??_C@_0ED@LPDDCECB@?$CIBufferSize?5?$DM?$DN?5?$CI_gPcd_FixedAtBui@ 0001d628     BasePrintLib:PrintLibInternal.obj
 0002:00000670       ??_C@_0IM@BFJJFLGB@?$CIStrnLenS?5?$CI?$CICHAR16?5?$CK?$CJFormat?0?5?$CI_g@ 0001d670     BasePrintLib:PrintLibInternal.obj
 0002:00000700       ??_C@_0ID@PLGJGION@?$CIAsciiStrnLenS?5?$CIFormat?0?5?$CI_gPcd_F@ 0001d700     BasePrintLib:PrintLibInternal.obj
 0002:00000784       ??_C@_0O@MLOLIMFM@?$DMnull?5string?$DO?$AA@ 0001d784     BasePrintLib:PrintLibInternal.obj
 0002:00000794       ??_C@_0M@BJJDNPHK@?$DMnull?5guid?$DO?$AA@ 0001d794     BasePrintLib:PrintLibInternal.obj
 0002:000007a0       ??_C@_0DB@PMLHLBMO@?$CF08x?9?$CF04x?9?$CF04x?9?$CF02x?$CF02x?9?$CF02x?$CF02x@ 0001d7a0     BasePrintLib:PrintLibInternal.obj
 0002:000007d4       ??_C@_0M@LHGBCIKM@?$DMnull?5time?$DO?$AA@ 0001d7d4     BasePrintLib:PrintLibInternal.obj
 0002:000007e0       ??_C@_0BK@FCPKCIDD@?$CF02d?1?$CF02d?1?$CF04d?5?5?$CF02d?3?$CF02d?$AA@ 0001d7e0     BasePrintLib:PrintLibInternal.obj
 0002:000007fc       ??_C@_04JIMNDDED@?$CF08X?$AA@ 0001d7fc     BasePrintLib:PrintLibInternal.obj
 0002:00000804       ??_C@_02PCIJFNDE@?$AN?6?$AA@ 0001d804     BasePrintLib:PrintLibInternal.obj
 0002:00000808       ??_C@_01LIIJDEN@?$AN?$AA@  0001d808     BasePrintLib:PrintLibInternal.obj
 0002:00000810       _mWarningString            0001d810     BasePrintLib:PrintLibInternal.obj
 0002:000008d8       _mErrorString              0001d8d8     BasePrintLib:PrintLibInternal.obj
 0002:00000bb8       _mHexStr                   0001dbb8     BasePrintLib:PrintLibInternal.obj
 0002:00000bc8       ??_C@_0BH@LKMBFCBF@Format?5?$CB?$DN?5?$CI?$CIvoid?5?$CK?$CJ?50?$CJ?$AA@ 0001dbc8     PeiDxeDebugLibReportStatusCode:DebugLib.obj
 0002:00000be0       ??_C@_0HH@BLJPNBBN@c?3?2users?2mliang2x?2workspace?2ming@ 0001dbe0     PeiDxeDebugLibReportStatusCode:DebugLib.obj
 0002:00000c58       ??_C@_0CP@EFCGCEBK@?$CICHAR8?5?$CK?$CJBaseListMarkerPointer?5?$DM@ 0001dc58     PeiDxeDebugLibReportStatusCode:DebugLib.obj
 0002:00000c88       ??_C@_01OHGJGJJP@?$FL?$AA@ 0001dc88     PeiDxeDebugLibReportStatusCode:DebugLib.obj
 0002:00000c8c       ??_C@_02PBFOLPKM@?$FN?5?$AA@ 0001dc8c     PeiDxeDebugLibReportStatusCode:DebugLib.obj
 0002:00000c90       ??_C@_0DI@PHOMHDKH@?$CILength?5?9?51?$CJ?5?$DM?$DN?5?$CI0xFFFFFFFF?5?9?5?$CIU@ 0001dc90     BaseMemoryLib:CopyMemWrapper.obj
 0002:00000cc8       ??_C@_0GG@HCOKHFCC@c?3?2users?2mliang2x?2workspace?2ming@ 0001dcc8     BaseMemoryLib:CopyMemWrapper.obj
 0002:00000d30       ??_C@_0DD@DCDOHCDJ@?$CILength?5?9?51?$CJ?5?$DM?$DN?5?$CI0xFFFFFFFF?5?9?5?$CIU@ 0001dd30     BaseMemoryLib:CopyMemWrapper.obj
 0002:00000d68       ??_C@_0GG@MGEIBEOF@c?3?2users?2mliang2x?2workspace?2ming@ 0001dd68     BaseMemoryLib:ZeroMemWrapper.obj
 0002:00000dd0       ??_C@_0CL@OBMFBPED@Length?5?$DM?$DN?5?$CI0xFFFFFFFF?5?9?5?$CIUINTN?$CJB@ 0001ddd0     BaseMemoryLib:ZeroMemWrapper.obj
 0002:00000dfc       ??_C@_0BH@MAAHKCPC@String?5?$CB?$DN?5?$CI?$CIvoid?5?$CK?$CJ?50?$CJ?$AA@ 0001ddfc     BaseLib:String.obj
 0002:00000e18       ??_C@_0FI@OLEMEIPM@c?3?2users?2mliang2x?2workspace?2ming@ 0001de18     BaseLib:String.obj
 0002:00000e70       ??_C@_0CC@GFNLNIOC@?$CI?$CIUINTN?$CJString?5?$CG?50x00000001?$CJ?5?$DN?$DN?5@ 0001de70     BaseLib:String.obj
 0002:00000e94       ??_C@_0DK@EOJCOAME@Length?5?$DM?5_gPcd_FixedAtBuild_PcdM@ 0001de94     BaseLib:String.obj
 0002:00000ed0       ??_C@_0BL@JAAMOCAJ@StrSize?5?$CIFirstString?$CJ?5?$CB?$DN?50?$AA@ 0001ded0     BaseLib:String.obj
 0002:00000eec       ??_C@_0BM@DALBOILC@StrSize?5?$CISecondString?$CJ?5?$CB?$DN?50?$AA@ 0001deec     BaseLib:String.obj
 0002:00000f08       ??_C@_0DL@LFIMEMJP@Length?5?$DM?$DN?5_gPcd_FixedAtBuild_Pcd@ 0001df08     BaseLib:String.obj
 0002:00000f44       ??_C@_0BG@KBNOLIGE@StrSize?5?$CIString?$CJ?5?$CB?$DN?50?$AA@ 0001df44     BaseLib:String.obj
 0002:00000f5c       ??_C@_0BM@NNBLOHJD@StrSize?5?$CISearchString?$CJ?5?$CB?$DN?50?$AA@ 0001df5c     BaseLib:String.obj
 0002:00000f78       ??_C@_0DI@MDIKFADO@Length?5?$DM?5_gPcd_FixedAtBuild_PcdM@ 0001df78     BaseLib:String.obj
 0002:00000fb0       ??_C@_0BL@IKFBNFIL@AsciiStrSize?5?$CIFirstString?$CJ?$AA@ 0001dfb0     BaseLib:String.obj
 0002:00000fcc       ??_C@_0BM@EDNOKLLE@AsciiStrSize?5?$CISecondString?$CJ?$AA@ 0001dfcc     BaseLib:String.obj
 0002:00000fe8       ??_C@_0DJ@JJHGIFMP@Length?5?$DM?$DN?5_gPcd_FixedAtBuild_Pcd@ 0001dfe8     BaseLib:String.obj
 0002:00001024       ??_C@_0BM@NLNKOJGD@Destination?5?$CB?$DN?5?$CI?$CIvoid?5?$CK?$CJ?50?$CJ?$AA@ 0001e024     BaseLib:String.obj
 0002:00001040       ??_C@_0FM@NNNBGHEF@c?3?2users?2mliang2x?2workspace?2ming@ 0001e040     BaseLib:SafeString.obj
 0002:0000109c       ??_C@_0CH@LALFPBMC@?$CI?$CIUINTN?$CJDestination?5?$CG?50x00000001@ 0001e09c     BaseLib:SafeString.obj
 0002:000010c4       ??_C@_0CC@HEBCMBPF@?$CI?$CIUINTN?$CJSource?5?$CG?50x00000001?$CJ?5?$DN?$DN?5@ 0001e0c4     BaseLib:SafeString.obj
 0002:000010e8       ??_C@_0BO@ECNIOIHG@?$CIDestination?5?$CB?$DN?5?$CI?$CIvoid?5?$CK?$CJ?50?$CJ?$CJ?$AA@ 0001e0e8     BaseLib:SafeString.obj
 0002:00001108       ??_C@_07KBGDFDAM@StrCpyS?$AA@ 0001e108     BaseLib:SafeString.obj
 0002:00001110       ??_C@_0EA@PDPDJJNN@?$CFa?$CI?$CFd?$CJ?5?$CFa?3?5SAFE_STRING_CONSTRAIN@ 0001e110     BaseLib:SafeString.obj
 0002:00001150       ??_C@_0BJ@EAEEJIP@?$CISource?5?$CB?$DN?5?$CI?$CIvoid?5?$CK?$CJ?50?$CJ?$CJ?$AA@ 0001e150     BaseLib:SafeString.obj
 0002:00001170       ??_C@_0EA@BBALOHPI@?$CIDestMax?5?$DM?$DN?5?$CI_gPcd_FixedAtBuild_@ 0001e170     BaseLib:SafeString.obj
 0002:000011b0       ??_C@_0P@PMIMLIHM@?$CIDestMax?5?$CB?$DN?50?$CJ?$AA@ 0001e1b0     BaseLib:SafeString.obj
 0002:000011c0       ??_C@_0BG@EEGIIOKH@?$CIDestMax?5?$DO?5SourceLen?$CJ?$AA@ 0001e1c0     BaseLib:SafeString.obj
 0002:000011d8       ??_C@_0FH@PPBLBDBJ@InternalSafeStringNoStrOverlap?5?$CI@ 0001e1d8     BaseLib:SafeString.obj
 0002:00001230       ??_C@_0DP@PBOJGJC@?$CILength?5?$DM?$DN?5?$CI_gPcd_FixedAtBuild_P@ 0001e230     BaseLib:SafeString.obj
 0002:00001270       ??_C@_07EBBOPAKF@StrCatS?$AA@ 0001e270     BaseLib:SafeString.obj
 0002:00001278       ??_C@_0P@BHOOOJPD@?$CICopyLen?5?$CB?$DN?50?$CJ?$AA@ 0001e278     BaseLib:SafeString.obj
 0002:00001288       ??_C@_0BG@BPGICNPK@?$CICopyLen?5?$DO?5SourceLen?$CJ?$AA@ 0001e288     BaseLib:SafeString.obj
 0002:000012a0       ??_C@_08GNJNNKEE@StrnCatS?$AA@ 0001e2a0     BaseLib:SafeString.obj
 0002:000012ac       ??_C@_0BJ@MBBOBCLN@?$CIString?5?$CB?$DN?5?$CI?$CIvoid?5?$CK?$CJ?50?$CJ?$CJ?$AA@ 0001e2ac     BaseLib:SafeString.obj
 0002:000012c8       ??_C@_0BD@NNBAKNOF@StrDecimalToUintnS?$AA@ 0001e2c8     BaseLib:SafeString.obj
 0002:000012dc       ??_C@_0BH@JPMEDPAI@?$CIData?5?$CB?$DN?5?$CI?$CIvoid?5?$CK?$CJ?50?$CJ?$CJ?$AA@ 0001e2dc     BaseLib:SafeString.obj
 0002:000012f8       ??_C@_0IC@CFBPEAPC@?$CIStrnLenS?5?$CIString?0?5?$CI_gPcd_FixedA@ 0001e2f8     BaseLib:SafeString.obj
 0002:0000137c       ??_C@_0BK@PFCDEPEA@?$CIAddress?5?$CB?$DN?5?$CI?$CIvoid?5?$CK?$CJ?50?$CJ?$CJ?$AA@ 0001e37c     BaseLib:SafeString.obj
 0002:00001398       ??_C@_0BB@JCLCGCPJ@StrToIpv4Address?$AA@ 0001e398     BaseLib:SafeString.obj
 0002:000013ac       ??_C@_0DO@LJFOOPII@?$CIDestMax?5?$DM?$DN?5?$CI_gPcd_FixedAtBuild_@ 0001e3ac     BaseLib:SafeString.obj
 0002:000013f0       ??_C@_0FL@CDANCHFO@InternalSafeStringNoAsciiStrOver@ 0001e3f0     BaseLib:SafeString.obj
 0002:0000144c       ??_C@_0O@DIHNCLLG@AsciiStrnCpyS?$AA@ 0001e44c     BaseLib:SafeString.obj
 0002:0000145c       ??_C@_0DN@DLAADCJE@?$CILength?5?$DM?$DN?5?$CI_gPcd_FixedAtBuild_P@ 0001e45c     BaseLib:SafeString.obj
 0002:0000149c       ??_C@_0BI@GIIHIIN@AsciiStrDecimalToUintnS?$AA@ 0001e49c     BaseLib:SafeString.obj
 0002:000014b8       ??_C@_0ID@JMCCGBLD@?$CIAsciiStrnLenS?5?$CIString?0?5?$CI_gPcd_F@ 0001e4b8     BaseLib:SafeString.obj
 0002:0000153c       ??_C@_0BG@ECBHNCII@UnicodeStrToAsciiStrS?$AA@ 0001e53c     BaseLib:SafeString.obj
 0002:00001558       ??_C@_0GH@OGMKEJDK@?$CBInternalSafeStringIsOverlap?5?$CIDe@ 0001e558     BaseLib:SafeString.obj
 0002:000015c0       ??_C@_0BA@MFHLDCJH@?$CKSource?5?$DM?50x100?$AA@ 0001e5c0     BaseLib:SafeString.obj
 0002:000015d0       ??_C@_0FL@JMOEMBON@c?3?2users?2mliang2x?2workspace?2ming@ 0001e5d0     BaseLib:Unaligned.obj
 0002:0000162c       ??_C@_0N@KGHEHMDL@Divisor?5?$CB?$DN?50?$AA@ 0001e62c     BaseLib:DivU64x32Remainder.obj
 0002:00001640       ??_C@_0GE@LHLPIAGN@c?3?2users?2mliang2x?2workspace?2ming@ 0001e640     BaseLib:DivU64x32Remainder.obj
 0002:000016a4       ??_C@_0L@MEMPDLHB@Count?5?$DM?564?$AA@ 0001e6a4     BaseLib:LShiftU64.obj
 0002:000016b0       ??_C@_0FL@NDMKHDG@c?3?2users?2mliang2x?2workspace?2ming@ 0001e6b0     BaseLib:LShiftU64.obj
 0002:00001710       ??_C@_0FL@HHADAADG@c?3?2users?2mliang2x?2workspace?2ming@ 0001e710     BaseLib:DivU64x32.obj
 0002:00001770       ??_C@_0FL@OIBFJJNE@c?3?2users?2mliang2x?2workspace?2ming@ 0001e770     BaseLib:RShiftU64.obj
 0002:000017d0       ??_C@_0HF@CMOOABOD@c?3?2users?2mliang2x?2workspace?2ming@ 0001e7d0     UefiMemoryAllocationLib:MemoryAllocationLib.obj
 0002:00001848       ??_C@_0DD@HIGIPKGN@AllocationSize?5?$DM?$DN?5?$CI0xFFFFFFFF?5?9?5@ 0001e848     UefiMemoryAllocationLib:MemoryAllocationLib.obj
 0002:0000187c       ??_C@_0BN@COECPDCC@gImageHandle?5?$CB?$DN?5?$CI?$CIvoid?5?$CK?$CJ?50?$CJ?$AA@ 0001e87c     UefiBootServicesTableLib:UefiBootServicesTableLib.obj
 0002:000018a0       ??_C@_0HL@PJCLKHFF@c?3?2users?2mliang2x?2workspace?2ming@ 0001e8a0     UefiBootServicesTableLib:UefiBootServicesTableLib.obj
 0002:0000191c       ??_C@_0BE@DGNHAHIL@gST?5?$CB?$DN?5?$CI?$CIvoid?5?$CK?$CJ?50?$CJ?$AA@ 0001e91c     UefiBootServicesTableLib:UefiBootServicesTableLib.obj
 0002:00001930       ??_C@_0BE@BDFJLGLN@gBS?5?$CB?$DN?5?$CI?$CIvoid?5?$CK?$CJ?50?$CJ?$AA@ 0001e930     UefiBootServicesTableLib:UefiBootServicesTableLib.obj
 0002:00001944       ??_C@_0BE@OBDFIHND@gRT?5?$CB?$DN?5?$CI?$CIvoid?5?$CK?$CJ?50?$CJ?$AA@ 0001e944     UefiRuntimeServicesTableLib:UefiRuntimeServicesTableLib.obj
 0002:00001958       ??_C@_0IB@BKMJEAIL@c?3?2users?2mliang2x?2workspace?2ming@ 0001e958     UefiRuntimeServicesTableLib:UefiRuntimeServicesTableLib.obj
 0002:000019e0       ??_C@_0HF@EFJBFICC@c?3?2users?2mliang2x?2workspace?2ming@ 0001e9e0     UefiHiiServicesLib:UefiHiiServicesLib.obj
 0002:00001a58       ??_C@_0FJ@INLOALCK@c?3?2users?2mliang2x?2workspace?2ming@ 0001ea58     UefiLib:UefiLib.obj
 0002:00001ab4       ??_C@_0BF@OGAHIMFI@Name?5?$CB?$DN?5?$CI?$CIvoid?5?$CK?$CJ?50?$CJ?$AA@ 0001eab4     UefiLib:UefiLib.obj
 0002:00001ad0       ??_C@_0EG@GOBFPEEP@Name?5?$CB?$DN?5?$CI?$CIvoid?5?$CK?$CJ?50?$CJ?5?$CG?$CG?5Guid?5?$CB?$DN?5@ 0001ead0     UefiLib:UefiLib.obj
 0002:00001b18       ??_C@_0BH@FMEOEIBC@?$CKValue?5?$CB?$DN?5?$CI?$CIvoid?5?$CK?$CJ?50?$CJ?$AA@ 0001eb18     UefiLib:UefiLib.obj
 0002:00001b30       ??_C@_0CD@OLFKAJF@SupportedLanguages?5?$CB?$DN?5?$CI?$CIvoid?5?$CK?$CJ?5@ 0001eb30     UefiLib:UefiLib.obj
 0002:00001b54       ??_C@_0CG@CADOKAGM@?$CI?$CI?$CIINTN?$CJ?$CIRETURN_STATUS?$CJ?$CIStatus?$CJ?$CJ@ 0001eb54     UefiLib:UefiLib.obj
 0002:00001b7c       ??_C@_0BK@KLJHMMPJ@HiiHandle?5?$CB?$DN?5?$CI?$CIvoid?5?$CK?$CJ?50?$CJ?$AA@ 0001eb7c     UefiHiiLib:HiiString.obj
 0002:00001b98       ??_C@_0GE@MMMOFKGD@c?3?2users?2mliang2x?2workspace?2ming@ 0001eb98     UefiHiiLib:HiiString.obj
 0002:00001bfc       ??_C@_0O@EMMLPDMJ@StringId?5?$CB?$DN?50?$AA@ 0001ebfc     UefiHiiLib:HiiString.obj
 0002:00001c0c       ??_C@_0DA@MAJHLAPK@?$CB?$CI?$CBTryBestLanguage?5?$CG?$CG?5Language?5?$DN@ 0001ec0c     UefiHiiLib:HiiString.obj
 0002:00001c3c       ??_C@_1BK@GGGENMOA@?$AAP?$AAl?$AAa?$AAt?$AAf?$AAo?$AAr?$AAm?$AAL?$AAa?$AAn?$AAg?$AA?$AA@ 0001ec3c     UefiHiiLib:HiiString.obj
 0002:00001c56       ??_C@_00CNPNBAHC@?$AA@     0001ec56     UefiHiiLib:HiiString.obj
 0002:00001c58       ??_C@_0GB@CPGKBJCB@c?3?2users?2mliang2x?2workspace?2ming@ 0001ec58     UefiHiiLib:HiiLib.obj
 0002:00001cc0       ??_C@_0GG@NJJCIIPF@c?3?2users?2mliang2x?2workspace?2ming@ 0001ecc0     UefiHiiLib:HiiLanguage.obj
 0002:00001d28       ??_C@_0GF@IFFKEGJF@c?3?2users?2mliang2x?2workspace?2ming@ 0001ed28     UefiShellLib:UefiShellLib.obj
 0002:00001d90       ??_C@_0BB@FIMNCDND@Status?3?50x?$CF08x?$AN?6?$AA@ 0001ed90     UefiShellLib:UefiShellLib.obj
 0002:00001da4       ??_C@_0BJ@BLIKFMIM@FileName?5?$CB?$DN?5?$CI?$CIvoid?5?$CK?$CJ?50?$CJ?$AA@ 0001eda4     UefiShellLib:UefiShellLib.obj
 0002:00001dc0       ??_C@_17CLELIOII@?$AAN?$AAU?$AAL?$AA?$AA@ 0001edc0     UefiShellLib:UefiShellLib.obj
 0002:00001dc8       ??_C@_19CIJIHAKK@?$AAN?$AAU?$AAL?$AAL?$AA?$AA@ 0001edc8     UefiShellLib:UefiShellLib.obj
 0002:00001dd4       ??_C@_0BJ@LGIAPEFG@FileInfo?5?$CB?$DN?5?$CI?$CIvoid?5?$CK?$CJ?50?$CJ?$AA@ 0001edd4     UefiShellLib:UefiShellLib.obj
 0002:00001df0       ??_C@_0CG@HOBDBICG@mEfiShellEnvironment2?5?$CB?$DN?5?$CI?$CIvoid?5@ 0001edf0     UefiShellLib:UefiShellLib.obj
 0002:00001e18       ??_C@_0BJ@CEFLEMCG@FileList?5?$CB?$DN?5?$CI?$CIvoid?5?$CK?$CJ?50?$CJ?$AA@ 0001ee18     UefiShellLib:UefiShellLib.obj
 0002:00001e34       ??_C@_0BJ@NJABNCDK@ListHead?5?$CB?$DN?5?$CI?$CIvoid?5?$CK?$CJ?50?$CJ?$AA@ 0001ee34     UefiShellLib:UefiShellLib.obj
 0002:00001e50       ??_C@_0BF@NDBIKIKC@CR?5has?5Bad?5Signature?$AA@ 0001ee50     UefiShellLib:UefiShellLib.obj
 0002:00001e68       ??_C@_0BI@HFLLAPEM@OldInfo?5?$CB?$DN?5?$CI?$CIvoid?5?$CK?$CJ?50?$CJ?$AA@ 0001ee68     UefiShellLib:UefiShellLib.obj
 0002:00001e80       ??_C@_0BO@JMFHFMII@OldInfo?9?$DOInfo?5?$CB?$DN?5?$CI?$CIvoid?5?$CK?$CJ?50?$CJ?$AA@ 0001ee80     UefiShellLib:UefiShellLib.obj
 0002:00001ea0       ??_C@_0CC@BMDNOILF@OldInfo?9?$DOFullName?5?$CB?$DN?5?$CI?$CIvoid?5?$CK?$CJ?50@ 0001eea0     UefiShellLib:UefiShellLib.obj
 0002:00001ec4       ??_C@_0CC@HGDGHHKJ@OldInfo?9?$DOFileName?5?$CB?$DN?5?$CI?$CIvoid?5?$CK?$CJ?50@ 0001eec4     UefiShellLib:UefiShellLib.obj
 0002:00001ee8       ??_C@_0BE@MAANAFFD@Arg?5?$CB?$DN?5?$CI?$CIvoid?5?$CK?$CJ?50?$CJ?$AA@ 0001eee8     UefiShellLib:UefiShellLib.obj
 0002:00001efc       ??_C@_0BK@KFLCMCGE@CheckList?5?$CB?$DN?5?$CI?$CIvoid?5?$CK?$CJ?50?$CJ?$AA@ 0001eefc     UefiShellLib:UefiShellLib.obj
 0002:00001f18       ??_C@_0BF@DFKBEABN@Type?5?$CB?$DN?5?$CI?$CIvoid?5?$CK?$CJ?50?$CJ?$AA@ 0001ef18     UefiShellLib:UefiShellLib.obj
 0002:00001f30       ??_C@_15FNEHKAED@?$AA?9?$AA?$DP?$AA?$AA@ 0001ef30     UefiShellLib:UefiShellLib.obj
 0002:00001f38       ??_C@_15GECAHHDM@?$AA?9?$AAb?$AA?$AA@ 0001ef38     UefiShellLib:UefiShellLib.obj
 0002:00001f40       ??_C@_0BF@FMENHPJH@Argv?5?$CB?$DN?5?$CI?$CIvoid?5?$CK?$CJ?50?$CJ?$AA@ 0001ef40     UefiShellLib:UefiShellLib.obj
 0002:00001f58       ??_C@_0BC@DHCAIFAM@GetItemValue?5?$DN?$DN?50?$AA@ 0001ef58     UefiShellLib:UefiShellLib.obj
 0002:00001f6c       ??_C@_13HOIJIPNN@?$AA?5?$AA?$AA@ 0001ef6c     UefiShellLib:UefiShellLib.obj
 0002:00001f70       ??_C@_0BN@EKAHENGP@CheckPackage?5?$CB?$DN?5?$CI?$CIvoid?5?$CK?$CJ?50?$CJ?$AA@ 0001ef70     UefiShellLib:UefiShellLib.obj
 0002:00001f90       ??_C@_0CD@OLNJGJNE@mEfiShellInterface?5?$CB?$DN?5?$CI?$CIvoid?5?$CK?$CJ?5@ 0001ef90     UefiShellLib:UefiShellLib.obj
 0002:00001fb4       ??_C@_19GBMGDAIM@?$AA?$CC?$AA?$CF?$AAs?$AA?$CC?$AA?$AA@ 0001efb4     UefiShellLib:UefiShellLib.obj
 0002:00001fc0       ??_C@_17HOBPHCP@?$AA?$CF?$AA?$CF?$AAN?$AA?$AA@ 0001efc0     UefiShellLib:UefiShellLib.obj
 0002:00001fc8       ??_C@_15GCJHOFNH@?$AA?$CF?$AAN?$AA?$AA@ 0001efc8     UefiShellLib:UefiShellLib.obj
 0002:00001fd0       ??_C@_17NAOAHACO@?$AA?$CF?$AA?$CF?$AAE?$AA?$AA@ 0001efd0     UefiShellLib:UefiShellLib.obj
 0002:00001fd8       ??_C@_15LFJGGCNG@?$AA?$CF?$AAE?$AA?$AA@ 0001efd8     UefiShellLib:UefiShellLib.obj
 0002:00001fe0       ??_C@_17CCIKKIPD@?$AA?$CF?$AA?$CF?$AAH?$AA?$AA@ 0001efe0     UefiShellLib:UefiShellLib.obj
 0002:00001fe8       ??_C@_15EHPMLKAL@?$AA?$CF?$AAH?$AA?$AA@ 0001efe8     UefiShellLib:UefiShellLib.obj
 0002:00001ff0       ??_C@_17ENDHEIJH@?$AA?$CF?$AA?$CF?$AAB?$AA?$AA@ 0001eff0     UefiShellLib:UefiShellLib.obj
 0002:00001ff8       ??_C@_15CIEBFKGP@?$AA?$CF?$AAB?$AA?$AA@ 0001eff8     UefiShellLib:UefiShellLib.obj
 0002:00002000       ??_C@_17JCEMIIFP@?$AA?$CF?$AA?$CF?$AAV?$AA?$AA@ 0001f000     UefiShellLib:UefiShellLib.obj
 0002:00002008       ??_C@_15PHDKJKKH@?$AA?$CF?$AAV?$AA?$AA@ 0001f008     UefiShellLib:UefiShellLib.obj
 0002:00002010       ??_C@_13EJFHHPOP@?$AA?$CF?$AA?$AA@ 0001f010     UefiShellLib:UefiShellLib.obj
 0002:00002014       ??_C@_0BB@PMNGACIB@CurrentSize?5?$CB?$DN?50?$AA@ 0001f014     UefiShellLib:UefiShellLib.obj
 0002:00002028       ??_C@_0CF@PEEFMLCB@DestinationStartSize?5?$DM?$DN?5?$CKCurrent@ 0001f028     UefiShellLib:UefiShellLib.obj
 0002:00002050       ??_C@_15OEMMNBIC@?$AA0?$AAx?$AA?$AA@ 0001f050     UefiShellLib:UefiShellLib.obj
 0002:00002058       ??_C@_15EEPOHOLM@?$AA0?$AAX?$AA?$AA@ 0001f058     UefiShellLib:UefiShellLib.obj
 0002:00002060       ??_C@_0GB@EOFALHDN@c?3?2users?2mliang2x?2workspace?2ming@ 0001f060     DxeNetLib:DxeNetLib.obj
 0002:000020c8       ??_C@_0EG@FMMHPKDI@?$CIServiceBindingGuid?5?$CB?$DN?5?$CI?$CIvoid?5?$CK?$CJ@ 0001f0c8     DxeNetLib:DxeNetLib.obj
 0002:00002110       ??_C@_0CD@PCCGAHJM@ServiceBindingGuid?5?$CB?$DN?5?$CI?$CIvoid?5?$CK?$CJ?5@ 0001f110     DxeNetLib:DxeNetLib.obj
 0002:00002134       ??_C@_0BF@CBLMFKOC@Node?5?$CB?$DN?5?$CI?$CIvoid?5?$CK?$CJ?50?$CJ?$AA@ 0001f134     DxeNetLib:DxeNetLib.obj
 0002:00002150       ??_C@_0HK@HMGLMJLF@c?3?2users?2mliang2x?2workspace?2ming@ 0001f150     DxeReportStatusCodeLib:ReportStatusCodeLib.obj
 0002:000021cc       ??_C@_0DN@HHIHPHHB@?$CB?$CI?$CIExtendedData?5?$DN?$DN?5?$CI?$CIvoid?5?$CK?$CJ?50?$CJ?$CJ@ 0001f1cc     DxeReportStatusCodeLib:ReportStatusCodeLib.obj
 0002:0000220c       ??_C@_0DN@BBBIFINB@?$CB?$CI?$CIExtendedData?5?$CB?$DN?5?$CI?$CIvoid?5?$CK?$CJ?50?$CJ?$CJ@ 0001f20c     DxeReportStatusCodeLib:ReportStatusCodeLib.obj
 0002:00002250       ??_C@_0GP@HHJAOHCF@c?3?2users?2mliang2x?2workspace?2ming@ 0001f250     UefiDevicePathLib:DevicePathUtilities.obj
 0002:000022c0       ??_C@_0BF@NJNGJMPC@List?5?$CB?$DN?5?$CI?$CIvoid?5?$CK?$CJ?50?$CJ?$AA@ 0001f2c0     BaseLib:LinkedList.obj
 0002:000022d8       ??_C@_0FM@OPLAEOJM@c?3?2users?2mliang2x?2workspace?2ming@ 0001f2d8     BaseLib:LinkedList.obj
 0002:00002334       ??_C@_0CC@KDLPLAED@List?9?$DOForwardLink?5?$CB?$DN?5?$CI?$CIvoid?5?$CK?$CJ?50@ 0001f334     BaseLib:LinkedList.obj
 0002:00002358       ??_C@_0BP@IJJCCMAK@List?9?$DOBackLink?5?$CB?$DN?5?$CI?$CIvoid?5?$CK?$CJ?50?$CJ?$AA@ 0001f358     BaseLib:LinkedList.obj
 0002:00002378       ??_C@_0CI@BMHOPIIO@InternalBaseLibIsListValid?5?$CIFirs@ 0001f378     BaseLib:LinkedList.obj
 0002:000023a0       ??_C@_0BM@BAIHHOEP@SecondEntry?5?$CB?$DN?5?$CI?$CIvoid?5?$CK?$CJ?50?$CJ?$AA@ 0001f3a0     BaseLib:LinkedList.obj
 0002:000023bc       ??_C@_0DI@HOMAKAJD@?$CI?$CIBOOLEAN?$CJ?$CI0?$DN?$DN1?$CJ?$CJ?5?$DN?$DN?5IsNodeInLis@ 0001f3bc     BaseLib:LinkedList.obj
 0002:000023f4       ??_C@_0CG@LGIALJFK@InternalBaseLibIsListValid?5?$CIList@ 0001f3f4     BaseLib:LinkedList.obj
 0002:0000241c       ??_C@_0CC@JLDICICM@InternalBaseLibIsListValid?5?$CIList@ 0001f41c     BaseLib:LinkedList.obj
 0002:00002440       ??_C@_0DD@OAAIDOJD@?$CI?$CIBOOLEAN?$CJ?$CI1?$DN?$DN1?$CJ?$CJ?5?$DN?$DN?5IsNodeInLis@ 0001f440     BaseLib:LinkedList.obj
 0002:00002474       ??_C@_0BF@NMBJJECB@?$CBIsListEmpty?5?$CIEntry?$CJ?$AA@ 0001f474     BaseLib:LinkedList.obj
 0002:0000248c       ??_C@_15LEKKCGMK@?$AA?2?$AA?2?$AA?$AA@ 0001f48c     BaseLib:FilePaths.obj
 0002:00002494       ??_C@_17CECJBCED@?$AA?2?$AA?4?$AA?2?$AA?$AA@ 0001f494     BaseLib:FilePaths.obj
 0002:0000249c       ??_C@_15HFJMEONN@?$AA?2?$AA?4?$AA?$AA@ 0001f49c     BaseLib:FilePaths.obj
 0002:000024a4       ??_C@_17OFBPHKFE@?$AA?2?$AA?4?$AA?4?$AA?$AA@ 0001f4a4     BaseLib:FilePaths.obj
 0002:000024b0       ??_C@_0GH@KJBJDKCP@c?3?2users?2mliang2x?2workspace?2ming@ 0001f4b0     BaseSortLib:BaseSortLib.obj
 0003:00000000       _gEfiLoadedImageProtocolGuid 00020000     tftpDynamicCommand:AutoGen.obj
 0003:00000010       _gEfiStatusCodeSpecificDataGuid 00020010     tftpDynamicCommand:AutoGen.obj
 0003:00000020       _gEfiGlobalVariableGuid    00020020     tftpDynamicCommand:AutoGen.obj
 0003:00000030       _gEfiStatusCodeRuntimeProtocolGuid 00020030     tftpDynamicCommand:AutoGen.obj
 0003:00000040       _gEfiUnicodeCollation2ProtocolGuid 00020040     tftpDynamicCommand:AutoGen.obj
 0003:00000050       _gEfiMtftp4ProtocolGuid    00020050     tftpDynamicCommand:AutoGen.obj
 0003:00000060       _gEfiHiiPackageListProtocolGuid 00020060     tftpDynamicCommand:AutoGen.obj
 0003:00000070       _gEfiShellDynamicCommandProtocolGuid 00020070     tftpDynamicCommand:AutoGen.obj
 0003:00000080       _gEfiShellEnvironment2ExtGuid 00020080     tftpDynamicCommand:AutoGen.obj
 0003:00000090       _gEfiFileInfoGuid          00020090     tftpDynamicCommand:AutoGen.obj
 0003:000000a0       _gEfiCallerBaseName        000200a0     tftpDynamicCommand:AutoGen.obj
 0003:000000a4       _gEfiHiiConfigRoutingProtocolGuid 000200a4     tftpDynamicCommand:AutoGen.obj
 0003:000000b4       _gEfiStatusCodeDataTypeDebugGuid 000200b4     tftpDynamicCommand:AutoGen.obj
 0003:000000c4       _gEfiHiiImageProtocolGuid  000200c4     tftpDynamicCommand:AutoGen.obj
 0003:000000d4       _gEfiShellParametersProtocolGuid 000200d4     tftpDynamicCommand:AutoGen.obj
 0003:000000e4       _gEfiHiiDatabaseProtocolGuid 000200e4     tftpDynamicCommand:AutoGen.obj
 0003:000000f4       _gEfiSimpleFileSystemProtocolGuid 000200f4     tftpDynamicCommand:AutoGen.obj
 0003:00000104       _gEfiHiiStringProtocolGuid 00020104     tftpDynamicCommand:AutoGen.obj
 0003:00000114       _gEfiShellEnvironment2Guid 00020114     tftpDynamicCommand:AutoGen.obj
 0003:00000124       _gEfiManagedNetworkServiceBindingProtocolGuid 00020124     tftpDynamicCommand:AutoGen.obj
 0003:00000134       _gEfiMtftp4ServiceBindingProtocolGuid 00020134     tftpDynamicCommand:AutoGen.obj
 0003:00000144       _gEfiShellProtocolGuid     00020144     tftpDynamicCommand:AutoGen.obj
 0003:00000154       _gEfiCallerIdGuid          00020154     tftpDynamicCommand:AutoGen.obj
 0003:00000164       _gEfiManagedNetworkProtocolGuid 00020164     tftpDynamicCommand:AutoGen.obj
 0003:00000174       _gEfiShellInterfaceGuid    00020174     tftpDynamicCommand:AutoGen.obj
 0003:00000184       _gEfiHiiFontProtocolGuid   00020184     tftpDynamicCommand:AutoGen.obj
 0003:00000194       _mTftpDynamicCommand       00020194     tftpDynamicCommand:TftpDynamicCommand.obj
 0003:000001a0       _DefaultMtftp4ConfigData   000201a0     tftpDynamicCommand:Tftp.obj
 0003:000001c0       _gST                       000201c0     UefiBootServicesTableLib:UefiBootServicesTableLib.obj
 0003:000001c4       _gBS                       000201c4     UefiBootServicesTableLib:UefiBootServicesTableLib.obj
 0003:000001c8       _gImageHandle              000201c8     UefiBootServicesTableLib:UefiBootServicesTableLib.obj
 0003:000001cc       _gRT                       000201cc     UefiRuntimeServicesTableLib:UefiRuntimeServicesTableLib.obj
 0003:000001d0       _gHiiDatabase              000201d0     UefiHiiServicesLib:UefiHiiServicesLib.obj
 0003:000001d4       _gHiiString                000201d4     UefiHiiServicesLib:UefiHiiServicesLib.obj
 0003:000001d8       _gHiiFont                  000201d8     UefiHiiServicesLib:UefiHiiServicesLib.obj
 0003:000001dc       _gHiiConfigRouting         000201dc     UefiHiiServicesLib:UefiHiiServicesLib.obj
 0003:000001e0       _gHiiImage                 000201e0     UefiHiiServicesLib:UefiHiiServicesLib.obj
 0003:000001e4       _mReportStatusCodeLibStatusCodeProtocol 000201e4     DxeReportStatusCodeLib:ReportStatusCodeLib.obj
 0003:00000200       _FileFunctionMap           00020200     <common>
 0003:00000228       _mEfiShellEnvironment2     00020228     <common>
 0003:0000022c       _mEfiShellInterface        0002022c     <common>
 0003:00000230       _mUnicodeCollationProtocol 00020230     <common>
 0003:00000234       _mEfiShellEnvironment2Handle 00020234     <common>
 0003:00000238       _gEfiShellParametersProtocol 00020238     <common>
 0003:0000023c       _gEfiShellProtocol         0002023c     <common>
 0003:00000240       _mLocalFilePath            00020240     <common>
 0003:00000244       _mFileHandle               00020244     <common>
 0003:00000248       _mTftpHiiHandle            00020248     <common>

 entry point at        0001:00000040

 Static symbols

 0000:fffeb000       .debug$S                   00010000     tftpDynamicCommand.exp
 0001:00000dc0       _StringToUint16            00011dc0 f   tftpDynamicCommand:Tftp.obj
 0001:00000e10       _GetNicName                00011e10 f   tftpDynamicCommand:Tftp.obj
 0001:00000ed0       _CreateServiceChildAndOpenProtocol 00011ed0 f   tftpDynamicCommand:Tftp.obj
 0001:00000f70       _CloseProtocolAndDestroyServiceChild 00011f70 f   tftpDynamicCommand:Tftp.obj
 0001:00000fc0       _GetFileSize               00011fc0 f   tftpDynamicCommand:Tftp.obj
 0001:000010e0       _DownloadFile              000120e0 f   tftpDynamicCommand:Tftp.obj
 0001:000012e0       _CheckPacket               000122e0 f   tftpDynamicCommand:Tftp.obj
 0001:00002958       $LN237                     00013958     BasePrintLib:PrintLibInternal.obj
 0001:00002984       $LN233                     00013984     BasePrintLib:PrintLibInternal.obj
 0001:000029f4       $LN238                     000139f4     BasePrintLib:PrintLibInternal.obj
 0001:00002a2c       $LN234                     00013a2c     BasePrintLib:PrintLibInternal.obj
 0001:00008820       $LN63                      00019820     UefiShellLib:UefiShellLib.obj
 0001:0000965c       $LN106                     0001a65c     UefiShellLib:UefiShellLib.obj
 0001:00009674       $LN105                     0001a674     UefiShellLib:UefiShellLib.obj
 0002:00000370       _mTftpProgressFrame        0001d370     tftpDynamicCommand:Tftp.obj
 0002:000003c8       _mTftpProgressDelete       0001d3c8     tftpDynamicCommand:Tftp.obj
 0002:00000438       _ParamList                 0001d438     tftpDynamicCommand:Tftp.obj
 0004:00000000       .edata                     00021000     tftpDynamicCommand.exp
 0004:00000028       rgpv                       00021028     tftpDynamicCommand.exp
 0004:0000002c       rgszName                   0002102c     tftpDynamicCommand.exp
 0004:00000030       rgwOrd                     00021030     tftpDynamicCommand.exp
 0004:00000032       szName                     00021032     tftpDynamicCommand.exp
 0004:00000049       $N00001                    00021049     tftpDynamicCommand.exp
 0005:00000060       $R000000                   00022060     tftpDynamicCommandhii.lib
