 FirmwareVolumePei

 Timestamp is 65376f5e (Tue Oct 24 15:16:46 2023)

 Preferred load address is 00010000

 Start         Length     Name                   Class
 0001:00000000 00001cd6H .text$mn                CODE
 0002:00000000 00000ab4H .rdata                  DATA
 0002:00000ab4 00000138H .rdata$zzzdbg           DATA
 0003:00000000 00000044H .data                   DATA
 0004:00000000 00000059H .edata                  DATA

  Address         Publics by Value              Rva+Base       Lib:Object

 0000:00000000       ___guard_fids_table        00000000     <absolute>
 0000:00000000       ___guard_fids_count        00000000     <absolute>
 0000:00000000       ___guard_longjmp_count     00000000     <absolute>
 0000:00000000       ___guard_flags             00000000     <absolute>
 0000:00000000       ___guard_longjmp_table     00000000     <absolute>
 0000:00000000       ___dynamic_value_reloc_table 00000000     <absolute>
 0000:00000000       ___guard_iat_table         00000000     <absolute>
 0000:00000000       ___guard_iat_count         00000000     <absolute>
 0001:00000000       __ModuleEntryPoint         00011000 f   PeimEntryPoint:PeimEntryPoint.obj
 0001:00000070       _ProcessLibraryConstructorList 00011070 f   FirmwareVolumePei:AutoGen.obj
 0001:00000080       _ProcessModuleEntryPointList 00011080 f   FirmwareVolumePei:AutoGen.obj
 0001:000000a0       _PeimInitializeFirmwareVolumePei 000110a0 f   FirmwareVolumePei:FirmwareVolumePei.obj
 0001:00000290       _DebugPrint                00011290 f   PeiDxeDebugLibReportStatusCode:DebugLib.obj
 0001:000002c0       _DebugPrintMarker          000112c0 f   PeiDxeDebugLibReportStatusCode:DebugLib.obj
 0001:000007a0       _DebugVPrint               000117a0 f   PeiDxeDebugLibReportStatusCode:DebugLib.obj
 0001:000007c0       _DebugAssert               000117c0 f   PeiDxeDebugLibReportStatusCode:DebugLib.obj
 0001:00000a20       _DebugAssertEnabled        00011a20 f   PeiDxeDebugLibReportStatusCode:DebugLib.obj
 0001:00000a50       _DebugPrintEnabled         00011a50 f   PeiDxeDebugLibReportStatusCode:DebugLib.obj
 0001:00000a80       _DebugPrintLevelEnabled    00011a80 f   PeiDxeDebugLibReportStatusCode:DebugLib.obj
 0001:00000aa0       _InternalPeiCreateHob      00011aa0 f   PeiHobLib:HobLib.obj
 0001:00000b00       _BuildResourceDescriptorHob 00011b00 f   PeiHobLib:HobLib.obj
 0001:00000b60       _InternalCheckFvAlignment  00011b60 f   PeiHobLib:HobLib.obj
 0001:00000c20       _BuildFvHob                00011c20 f   PeiHobLib:HobLib.obj
 0001:00000cb0       _PeiServicesLocatePpi      00011cb0 f   PeiServicesLib:PeiServicesLib.obj
 0001:00000cf0       _PeiServicesCreateHob      00011cf0 f   PeiServicesLib:PeiServicesLib.obj
 0001:00000d20       _GetPeiServicesTablePointer 00011d20 f   EmulatorPkgPeiServicesTablePointerLib:PeiServicesTablePointer.obj
 0001:00000d90       _GetDebugPrintErrorLevel   00011d90 f   BaseDebugPrintErrorLevelLib:BaseDebugPrintErrorLevelLib.obj
 0001:00000da0       _AsciiStrLen               00011da0 f   BaseLib:String.obj
 0001:00000e40       _AsciiStrSize              00011e40 f   BaseLib:String.obj
 0001:00000e60       _InternalSafeStringIsOverlap 00011e60 f   BaseLib:SafeString.obj
 0001:00000ea0       _InternalSafeStringNoAsciiStrOverlap 00011ea0 f   BaseLib:SafeString.obj
 0001:00000ee0       _AsciiStrnLenS             00011ee0 f   BaseLib:SafeString.obj
 0001:00000f30       _AsciiStrnCpyS             00011f30 f   BaseLib:SafeString.obj
 0001:000012c0       _CpuBreakpoint             000122c0 f   BaseLib:CpuBreakpoint.obj
 0001:000012d0       _CpuDeadLoop               000122d0 f   BaseLib:CpuDeadLoop.obj
 0001:000012f0       _LShiftU64                 000122f0 f   BaseLib:LShiftU64.obj
 0001:00001340       _CpuPause                  00012340 f   BaseLib:CpuPause.obj
 0001:00001350       _InternalMathLShiftU64     00012350 f   BaseLib:LShiftU64.obj
 0001:00001370       _CopyMem                   00012370 f   BaseMemoryLib:CopyMemWrapper.obj
 0001:00001410       _CopyGuid                  00012410 f   BaseMemoryLib:MemLibGuid.obj
 0001:00001460       _ZeroMem                   00012460 f   BaseMemoryLib:ZeroMemWrapper.obj
 0001:000014e0       _InternalMemCopyMem        000124e0 f   BaseMemoryLib:CopyMem.obj
 0001:00001850       _InternalMemSetMem         00012850 f   BaseMemoryLib:SetMem.obj
 0001:00001970       _InternalMemZeroMem        00012970 f   BaseMemoryLib:MemLibGeneric.obj
 0001:00001990       _InternalReportStatusCode  00012990 f   PeiReportStatusCodeLib:ReportStatusCodeLib.obj
 0001:00001a60       _ReportStatusCodeEx        00012a60 f   PeiReportStatusCodeLib:ReportStatusCodeLib.obj
 0001:00001bb0       _ReportProgressCodeEnabled 00012bb0 f   PeiReportStatusCodeLib:ReportStatusCodeLib.obj
 0001:00001be0       _ReportErrorCodeEnabled    00012be0 f   PeiReportStatusCodeLib:ReportStatusCodeLib.obj
 0001:00001c10       _ReportDebugCodeEnabled    00012c10 f   PeiReportStatusCodeLib:ReportStatusCodeLib.obj
 0001:00001c40       _OemHookStatusCodeInitialize 00012c40 f   OemHookStatusCodeLibNull:OemHookStatusCodeLibNull.obj
 0001:00001c40       _OemHookStatusCodeReport   00012c40 f   OemHookStatusCodeLibNull:OemHookStatusCodeLibNull.obj
 0001:00001c50       _ReadUnaligned64           00012c50 f   BaseLib:Unaligned.obj
 0001:00001c90       _WriteUnaligned64          00012c90 f   BaseLib:Unaligned.obj
 0002:00000000       ??_C@_0CP@KCAHKNFK@?$CI?$CKPeiServices?$CJ?9?$DOHdr?4Revision?5?$DO?$DN?5@ 00013000     PeimEntryPoint:PeimEntryPoint.obj
 0002:00000030       ??_C@_0GH@JDOJLHHM@c?3?2users?2mliang2x?2workspace?2ming@ 00013030     PeimEntryPoint:PeimEntryPoint.obj
 0002:00000098       __gPeimRevision            00013098     FirmwareVolumePei:AutoGen.obj
 0002:0000009c       ??_C@_0BC@LHNHHBGC@FirmwareVolumePei?$AA@ 0001309c     FirmwareVolumePei:AutoGen.obj
 0002:000000ae       __gPcd_FixedAtBuild_PcdReportStatusCodePropertyMask 000130ae     FirmwareVolumePei:AutoGen.obj
 0002:000000b0       __gPcd_FixedAtBuild_PcdFlashNvStorageFtwSpareSize 000130b0     FirmwareVolumePei:AutoGen.obj
 0002:000000b8       __gPcd_FixedAtBuild_PcdEmuFlashNvStorageVariableBase 000130b8     FirmwareVolumePei:AutoGen.obj
 0002:000000c0       __gPcd_FixedAtBuild_PcdDebugPrintErrorLevel 000130c0     FirmwareVolumePei:AutoGen.obj
 0002:000000c4       __gPcd_FixedAtBuild_PcdFlashNvStorageVariableSize 000130c4     FirmwareVolumePei:AutoGen.obj
 0002:000000c8       __gPcd_FixedAtBuild_PcdPeiServicesTablePage 000130c8     FirmwareVolumePei:AutoGen.obj
 0002:000000d0       __gPcd_FixedAtBuild_PcdFixedDebugPrintErrorLevel 000130d0     FirmwareVolumePei:AutoGen.obj
 0002:000000d4       __gPcd_FixedAtBuild_PcdFlashNvStorageFtwWorkingSize 000130d4     FirmwareVolumePei:AutoGen.obj
 0002:000000d4       __gPcd_FixedAtBuild_PcdEmuFlashNvStorageEventLogSize 000130d4     FirmwareVolumePei:AutoGen.obj
 0002:000000d8       __gPcd_FixedAtBuild_PcdMaximumAsciiStringLength 000130d8     FirmwareVolumePei:AutoGen.obj
 0002:000000dc       __gPcd_FixedAtBuild_PcdDebugPropertyMask 000130dc     FirmwareVolumePei:AutoGen.obj
 0002:000000e0       ??_C@_0CC@NEDKNBHN@Unix?5Firmware?5Volume?5PEIM?5Loaded@ 000130e0     FirmwareVolumePei:FirmwareVolumePei.obj
 0002:00000104       ??_C@_0CB@DMEJJJHA@?6ASSERT_EFI_ERROR?5?$CIStatus?5?$DN?5?$CFr?$CJ?6@ 00013104     FirmwareVolumePei:FirmwareVolumePei.obj
 0002:00000128       ??_C@_0CH@BBNBJKHK@?$CB?$CI?$CI?$CIINTN?$CJ?$CIRETURN_STATUS?$CJ?$CIStatus?$CJ@ 00013128     FirmwareVolumePei:FirmwareVolumePei.obj
 0002:00000150       ??_C@_0GK@COHCDDPF@c?3?2users?2mliang2x?2workspace?2ming@ 00013150     FirmwareVolumePei:FirmwareVolumePei.obj
 0002:000001bc       ??_C@_0BH@LKMBFCBF@Format?5?$CB?$DN?5?$CI?$CIvoid?5?$CK?$CJ?50?$CJ?$AA@ 000131bc     PeiDxeDebugLibReportStatusCode:DebugLib.obj
 0002:000001d8       ??_C@_0HH@BLJPNBBN@c?3?2users?2mliang2x?2workspace?2ming@ 000131d8     PeiDxeDebugLibReportStatusCode:DebugLib.obj
 0002:00000250       ??_C@_0CP@EFCGCEBK@?$CICHAR8?5?$CK?$CJBaseListMarkerPointer?5?$DM@ 00013250     PeiDxeDebugLibReportStatusCode:DebugLib.obj
 0002:00000280       ??_C@_01OHGJGJJP@?$FL?$AA@ 00013280     PeiDxeDebugLibReportStatusCode:DebugLib.obj
 0002:00000284       ??_C@_02PBFOLPKM@?$FN?5?$AA@ 00013284     PeiDxeDebugLibReportStatusCode:DebugLib.obj
 0002:00000288       ??_C@_0BH@IACGKAP@Buffer?5?$CB?$DN?5?$CI?$CIvoid?5?$CK?$CJ?50?$CJ?$AA@ 00013288     PeiDxeDebugLibReportStatusCode:DebugLib.obj
 0002:000002a0       ??_C@_0FK@MIHDMLPJ@c?3?2users?2mliang2x?2workspace?2ming@ 000132a0     PeiHobLib:HobLib.obj
 0002:000002fc       ??_C@_0BE@PICCCCHF@Hob?5?$CB?$DN?5?$CI?$CIvoid?5?$CK?$CJ?50?$CJ?$AA@ 000132fc     PeiHobLib:HobLib.obj
 0002:00000310       ??_C@_0EI@EOAGIEHL@Unaligned?5FvImage?5found?5at?50x?$CFlx@ 00013310     PeiHobLib:HobLib.obj
 0002:00000358       ??_C@_0BC@FEDIJHFF@?$CI?$CIBOOLEAN?$CJ?$CI0?$DN?$DN1?$CJ?$CJ?$AA@ 00013358     PeiHobLib:HobLib.obj
 0002:0000036c       ??_C@_0CI@MDPGFIOC@PeiServicesTablePointer?5?$CB?$DN?5?$CI?$CIvoi@ 0001336c     EmulatorPkgPeiServicesTablePointerLib:PeiServicesTablePointer.obj
 0002:00000398       ??_C@_0IK@EGBLLPEG@c?3?2users?2mliang2x?2workspace?2ming@ 00013398     EmulatorPkgPeiServicesTablePointerLib:PeiServicesTablePointer.obj
 0002:00000424       ??_C@_0CJ@NHFDCOMG@?$CKPeiServicesTablePointer?5?$CB?$DN?5?$CI?$CIvo@ 00013424     EmulatorPkgPeiServicesTablePointerLib:PeiServicesTablePointer.obj
 0002:00000450       ??_C@_0BH@MAAHKCPC@String?5?$CB?$DN?5?$CI?$CIvoid?5?$CK?$CJ?50?$CJ?$AA@ 00013450     BaseLib:String.obj
 0002:00000468       ??_C@_0FI@OLEMEIPM@c?3?2users?2mliang2x?2workspace?2ming@ 00013468     BaseLib:String.obj
 0002:000004c0       ??_C@_0DI@MDIKFADO@Length?5?$DM?5_gPcd_FixedAtBuild_PcdM@ 000134c0     BaseLib:String.obj
 0002:000004f8       ??_C@_0FM@NNNBGHEF@c?3?2users?2mliang2x?2workspace?2ming@ 000134f8     BaseLib:SafeString.obj
 0002:00000554       ??_C@_0BO@ECNIOIHG@?$CIDestination?5?$CB?$DN?5?$CI?$CIvoid?5?$CK?$CJ?50?$CJ?$CJ?$AA@ 00013554     BaseLib:SafeString.obj
 0002:00000578       ??_C@_0EA@PDPDJJNN@?$CFa?$CI?$CFd?$CJ?5?$CFa?3?5SAFE_STRING_CONSTRAIN@ 00013578     BaseLib:SafeString.obj
 0002:000005b8       ??_C@_0BJ@EAEEJIP@?$CISource?5?$CB?$DN?5?$CI?$CIvoid?5?$CK?$CJ?50?$CJ?$CJ?$AA@ 000135b8     BaseLib:SafeString.obj
 0002:000005d4       ??_C@_0P@PMIMLIHM@?$CIDestMax?5?$CB?$DN?50?$CJ?$AA@ 000135d4     BaseLib:SafeString.obj
 0002:000005e4       ??_C@_0BG@EEGIIOKH@?$CIDestMax?5?$DO?5SourceLen?$CJ?$AA@ 000135e4     BaseLib:SafeString.obj
 0002:000005fc       ??_C@_0DO@LJFOOPII@?$CIDestMax?5?$DM?$DN?5?$CI_gPcd_FixedAtBuild_@ 000135fc     BaseLib:SafeString.obj
 0002:00000640       ??_C@_0FL@CDANCHFO@InternalSafeStringNoAsciiStrOver@ 00013640     BaseLib:SafeString.obj
 0002:0000069c       ??_C@_0O@DIHNCLLG@AsciiStrnCpyS?$AA@ 0001369c     BaseLib:SafeString.obj
 0002:000006ac       ??_C@_0DN@DLAADCJE@?$CILength?5?$DM?$DN?5?$CI_gPcd_FixedAtBuild_P@ 000136ac     BaseLib:SafeString.obj
 0002:000006ec       ??_C@_0L@MEMPDLHB@Count?5?$DM?564?$AA@ 000136ec     BaseLib:LShiftU64.obj
 0002:000006f8       ??_C@_0FL@NDMKHDG@c?3?2users?2mliang2x?2workspace?2ming@ 000136f8     BaseLib:LShiftU64.obj
 0002:00000754       ??_C@_0DI@PHOMHDKH@?$CILength?5?9?51?$CJ?5?$DM?$DN?5?$CI0xFFFFFFFF?5?9?5?$CIU@ 00013754     BaseMemoryLib:CopyMemWrapper.obj
 0002:00000790       ??_C@_0GG@HCOKHFCC@c?3?2users?2mliang2x?2workspace?2ming@ 00013790     BaseMemoryLib:CopyMemWrapper.obj
 0002:000007f8       ??_C@_0DD@DCDOHCDJ@?$CILength?5?9?51?$CJ?5?$DM?$DN?5?$CI0xFFFFFFFF?5?9?5?$CIU@ 000137f8     BaseMemoryLib:CopyMemWrapper.obj
 0002:0000082c       ??_C@_0CL@OBMFBPED@Length?5?$DM?$DN?5?$CI0xFFFFFFFF?5?9?5?$CIUINTN?$CJB@ 0001382c     BaseMemoryLib:MemLibGuid.obj
 0002:00000858       ??_C@_0GG@MGEIBEOF@c?3?2users?2mliang2x?2workspace?2ming@ 00013858     BaseMemoryLib:ZeroMemWrapper.obj
 0002:000008c0       ??_C@_0HK@PDPGDBOG@c?3?2users?2mliang2x?2workspace?2ming@ 000138c0     PeiReportStatusCodeLib:ReportStatusCodeLib.obj
 0002:0000093c       ??_C@_0DN@HHIHPHHB@?$CB?$CI?$CIExtendedData?5?$DN?$DN?5?$CI?$CIvoid?5?$CK?$CJ?50?$CJ?$CJ@ 0001393c     PeiReportStatusCodeLib:ReportStatusCodeLib.obj
 0002:0000097c       ??_C@_0DN@BBBIFINB@?$CB?$CI?$CIExtendedData?5?$CB?$DN?5?$CI?$CIvoid?5?$CK?$CJ?50?$CJ?$CJ@ 0001397c     PeiReportStatusCodeLib:ReportStatusCodeLib.obj
 0002:000009bc       ??_C@_0DI@MIEIGAOH@Status?5code?5extended?5data?5is?5too@ 000139bc     PeiReportStatusCodeLib:ReportStatusCodeLib.obj
 0002:000009f8       ??_C@_0FL@JMOEMBON@c?3?2users?2mliang2x?2workspace?2ming@ 000139f8     BaseLib:Unaligned.obj
 0003:00000000       _gEfiStatusCodeSpecificDataGuid 00014000     FirmwareVolumePei:AutoGen.obj
 0003:00000010       _gEfiCallerBaseName        00014010     FirmwareVolumePei:AutoGen.obj
 0003:00000014       _gEfiStatusCodeDataTypeDebugGuid 00014014     FirmwareVolumePei:AutoGen.obj
 0003:00000024       _gEfiCallerIdGuid          00014024     FirmwareVolumePei:AutoGen.obj
 0003:00000034       _gEmuThunkPpiGuid          00014034     FirmwareVolumePei:AutoGen.obj

 entry point at        0001:00000000

 Static symbols

 0000:ffff9000       .debug$S                   00010000     FirmwareVolumePei.exp
 0004:00000000       .edata                     00015000     FirmwareVolumePei.exp
 0004:00000028       rgpv                       00015028     FirmwareVolumePei.exp
 0004:0000002c       rgszName                   0001502c     FirmwareVolumePei.exp
 0004:00000030       rgwOrd                     00015030     FirmwareVolumePei.exp
 0004:00000032       szName                     00015032     FirmwareVolumePei.exp
 0004:00000048       $N00001                    00015048     FirmwareVolumePei.exp
