 TcpDxe

 Timestamp is 65376fa3 (Tue Oct 24 15:17:55 2023)

 Preferred load address is 00010000

 Start         Length     Name                   Class
 0001:00000000 00016971H .text$mn                CODE
 0002:00000000 00004b24H .rdata                  DATA
 0002:00004b24 00000128H .rdata$zzzdbg           DATA
 0003:00000000 0000038cH .data                   DATA
 0003:0000038c 0000002cH .bss                    DATA
 0004:00000000 0000004eH .edata                  DATA

  Address         Publics by Value              Rva+Base       Lib:Object

 0000:00000000       ___guard_longjmp_table     00000000     <absolute>
 0000:00000000       ___guard_iat_count         00000000     <absolute>
 0000:00000000       ___guard_iat_table         00000000     <absolute>
 0000:00000000       ___guard_flags             00000000     <absolute>
 0000:00000000       ___guard_longjmp_count     00000000     <absolute>
 0000:00000000       ___guard_fids_count        00000000     <absolute>
 0000:00000000       ___guard_fids_table        00000000     <absolute>
 0000:00000000       ___dynamic_value_reloc_table 00000000     <absolute>
 0001:00000000       __DriverUnloadHandler      00011000 f   UefiDriverEntryPoint:DriverEntryPoint.obj
 0001:00000040       __ModuleEntryPoint         00011040 f   UefiDriverEntryPoint:DriverEntryPoint.obj
 0001:00000150       _ProcessLibraryConstructorList 00011150 f   TcpDxe:AutoGen.obj
 0001:00000350       _SockFreeFoo               00011350 f   TcpDxe:SockImpl.obj
 0001:00000350       _ProcessLibraryDestructorList 00011350 f   TcpDxe:AutoGen.obj
 0001:00000360       _ProcessModuleEntryPointList 00011360 f   TcpDxe:AutoGen.obj
 0001:00000380       _ProcessModuleUnloadList   00011380 f   TcpDxe:AutoGen.obj
 0001:000003a0       _TcpCreateTimer            000113a0 f   TcpDxe:TcpDriver.obj
 0001:00000420       _TcpDestroyTimer           00011420 f   TcpDxe:TcpDriver.obj
 0001:000004b0       _TcpDriverEntryPoint       000114b0 f   TcpDxe:TcpDriver.obj
 0001:000005a0       _TcpCreateService          000115a0 f   TcpDxe:TcpDriver.obj
 0001:000007c0       _TcpDestroyChildEntryInHandleBuffer 000117c0 f   TcpDxe:TcpDriver.obj
 0001:00000880       _TcpDestroyService         00011880 f   TcpDxe:TcpDriver.obj
 0001:00000a30       _Tcp4DriverBindingSupported 00011a30 f   TcpDxe:TcpDriver.obj
 0001:00000aa0       _Tcp4DriverBindingStart    00011aa0 f   TcpDxe:TcpDriver.obj
 0001:00000ae0       _Tcp4DriverBindingStop     00011ae0 f   TcpDxe:TcpDriver.obj
 0001:00000b10       _Tcp6DriverBindingSupported 00011b10 f   TcpDxe:TcpDriver.obj
 0001:00000b80       _Tcp6DriverBindingStart    00011b80 f   TcpDxe:TcpDriver.obj
 0001:00000bc0       _Tcp6DriverBindingStop     00011bc0 f   TcpDxe:TcpDriver.obj
 0001:00000bf0       _TcpCreateSocketCallback   00011bf0 f   TcpDxe:TcpDriver.obj
 0001:00000cf0       _TcpDestroySocketCallback  00011cf0 f   TcpDxe:TcpDriver.obj
 0001:00000d70       _TcpServiceBindingCreateChild 00011d70 f   TcpDxe:TcpDriver.obj
 0001:00000ed0       _TcpServiceBindingDestroyChild 00011ed0 f   TcpDxe:TcpDriver.obj
 0001:00000fc0       _TcpChkDataBuf             00011fc0 f   TcpDxe:TcpMain.obj
 0001:00001030       _Tcp4GetModeData           00012030 f   TcpDxe:TcpMain.obj
 0001:000010c0       _Tcp4Configure             000120c0 f   TcpDxe:TcpMain.obj
 0001:00001280       _Tcp4Routes                00012280 f   TcpDxe:TcpMain.obj
 0001:00001310       _Tcp4Connect               00012310 f   TcpDxe:TcpMain.obj
 0001:000013a0       _Tcp4Accept                000123a0 f   TcpDxe:TcpMain.obj
 0001:00001430       _Tcp4Transmit              00012430 f   TcpDxe:TcpMain.obj
 0001:00001510       _Tcp4Receive               00012510 f   TcpDxe:TcpMain.obj
 0001:000015f0       _Tcp4Close                 000125f0 f   TcpDxe:TcpMain.obj
 0001:00001680       _Tcp4Cancel                00012680 f   TcpDxe:TcpMain.obj
 0001:00001700       _Tcp4Poll                  00012700 f   TcpDxe:TcpMain.obj
 0001:00001780       _Tcp6GetModeData           00012780 f   TcpDxe:TcpMain.obj
 0001:00001810       _Tcp6Configure             00012810 f   TcpDxe:TcpMain.obj
 0001:00001990       _Tcp6Connect               00012990 f   TcpDxe:TcpMain.obj
 0001:00001a20       _Tcp6Accept                00012a20 f   TcpDxe:TcpMain.obj
 0001:00001ab0       _Tcp6Transmit              00012ab0 f   TcpDxe:TcpMain.obj
 0001:00001b90       _Tcp6Receive               00012b90 f   TcpDxe:TcpMain.obj
 0001:00001c70       _Tcp6Close                 00012c70 f   TcpDxe:TcpMain.obj
 0001:00001d00       _Tcp6Cancel                00012d00 f   TcpDxe:TcpMain.obj
 0001:00001d80       _Tcp6Poll                  00012d80 f   TcpDxe:TcpMain.obj
 0001:00001e00       _SockTokenExistedInList    00012e00 f   TcpDxe:SockInterface.obj
 0001:00001e40       _SockTokenExisted          00012e40 f   TcpDxe:SockInterface.obj
 0001:00001f00       _SockBufferToken           00012f00 f   TcpDxe:SockInterface.obj
 0001:00001f90       _SockDestroyChild          00012f90 f   TcpDxe:SockInterface.obj
 0001:00002280       _SockCreateChild           00013280 f   TcpDxe:SockInterface.obj
 0001:00002460       _SockConfigure             00013460 f   TcpDxe:SockInterface.obj
 0001:00002550       _SockConnect               00013550 f   TcpDxe:SockInterface.obj
 0001:00002680       _SockAccept                00013680 f   TcpDxe:SockInterface.obj
 0001:000028e0       _SockSend                  000138e0 f   TcpDxe:SockInterface.obj
 0001:00002b50       _SockRcv                   00013b50 f   TcpDxe:SockInterface.obj
 0001:00002d40       _SockFlush                 00013d40 f   TcpDxe:SockInterface.obj
 0001:00002ea0       _SockClose                 00013ea0 f   TcpDxe:SockInterface.obj
 0001:00003010       _SockCancel                00014010 f   TcpDxe:SockInterface.obj
 0001:000031d0       _SockGetMode               000141d0 f   TcpDxe:SockInterface.obj
 0001:000031f0       _SockRoute                 000141f0 f   TcpDxe:SockInterface.obj
 0001:000032b0       _TcpInitTcbLocal           000142b0 f   TcpDxe:TcpMisc.obj
 0001:00003390       _TcpInitTcbPeer            00014390 f   TcpDxe:TcpMisc.obj
 0001:00003630       _TcpIsIpEqual              00014630 f   TcpDxe:TcpMisc.obj
 0001:000036d0       _TcpIsIpZero               000146d0 f   TcpDxe:TcpMisc.obj
 0001:00003790       _TcpLocateListenTcb        00014790 f   TcpDxe:TcpMisc.obj
 0001:00003940       _TcpFindTcbByPeer          00014940 f   TcpDxe:TcpMisc.obj
 0001:00003a70       _TcpLocateTcb              00014a70 f   TcpDxe:TcpMisc.obj
 0001:00003b90       _TcpInsertTcb              00014b90 f   TcpDxe:TcpMisc.obj
 0001:00003ce0       _TcpCloneTcb               00014ce0 f   TcpDxe:TcpMisc.obj
 0001:00003de0       _TcpGetIss                 00014de0 f   TcpDxe:TcpMisc.obj
 0001:00003e00       _TcpGetRcvMss              00014e00 f   TcpDxe:TcpMisc.obj
 0001:00003fc0       _TcpSetState               00014fc0 f   TcpDxe:TcpMisc.obj
 0001:000040e0       _TcpChecksum               000150e0 f   TcpDxe:TcpMisc.obj
 0001:00004140       _TcpFormatNetbuf           00015140 f   TcpDxe:TcpMisc.obj
 0001:000042b0       _TcpOnAppConnect           000152b0 f   TcpDxe:TcpMisc.obj
 0001:00004300       _TcpOnAppClose             00015300 f   TcpDxe:TcpMisc.obj
 0001:00004430       _TcpOnAppSend              00015430 f   TcpDxe:TcpMisc.obj
 0001:000044a0       _TcpOnAppConsume           000154a0 f   TcpDxe:TcpMisc.obj
 0001:00004590       _TcpOnAppAbort             00015590 f   TcpDxe:TcpMisc.obj
 0001:00004610       _TcpResetConnection        00015610 f   TcpDxe:TcpMisc.obj
 0001:00004770       _TcpInstallDevicePath      00015770 f   TcpDxe:TcpMisc.obj
 0001:000048e0       _TcpRxCallback             000158e0 f   TcpDxe:TcpIo.obj
 0001:00004930       _TcpSendIpPacket           00015930 f   TcpDxe:TcpIo.obj
 0001:00004af0       _Tcp6RefreshNeighbor       00015af0 f   TcpDxe:TcpIo.obj
 0001:00004b90       _Tcp4Route                 00015b90 f   TcpDxe:TcpDispatcher.obj
 0001:00004c00       _Tcp4GetMode               00015c00 f   TcpDxe:TcpDispatcher.obj
 0001:00004f10       _Tcp6GetMode               00015f10 f   TcpDxe:TcpDispatcher.obj
 0001:000051f0       _TcpBind                   000161f0 f   TcpDxe:TcpDispatcher.obj
 0001:00005360       _TcpFlushPcb               00016360 f   TcpDxe:TcpDispatcher.obj
 0001:00005420       _TcpAttachPcb              00016420 f   TcpDxe:TcpDispatcher.obj
 0001:000055a0       _TcpDetachPcb              000165a0 f   TcpDxe:TcpDispatcher.obj
 0001:00005630       _TcpConfigurePcb           00016630 f   TcpDxe:TcpDispatcher.obj
 0001:00005e90       _TcpDispatcher             00016e90 f   TcpDxe:TcpDispatcher.obj
 0001:000061a0       _TcpComponentNameGetDriverName 000171a0 f   TcpDxe:ComponentName.obj
 0001:000061e0       _UpdateTcp4Name            000171e0 f   TcpDxe:ComponentName.obj
 0001:00006310       _UpdateTcp6Name            00017310 f   TcpDxe:ComponentName.obj
 0001:00006430       _TcpComponentNameGetControllerName 00017430 f   TcpDxe:ComponentName.obj
 0001:00006560       _TcpClose                  00017560 f   TcpDxe:TcpTimer.obj
 0001:000065a0       _TcpBackoffRto             000175a0 f   TcpDxe:TcpTimer.obj
 0001:00006640       _TcpConnectTimeout         00017640 f   TcpDxe:TcpTimer.obj
 0001:00006710       _TcpRexmitTimeout          00017710 f   TcpDxe:TcpTimer.obj
 0001:000068b0       _TcpProbeTimeout           000178b0 f   TcpDxe:TcpTimer.obj
 0001:00006940       _TcpKeepaliveTimeout       00017940 f   TcpDxe:TcpTimer.obj
 0001:000069c0       _TcpFinwait2Timeout        000179c0 f   TcpDxe:TcpTimer.obj
 0001:00006a10       _Tcp2MSLTimeout            00017a10 f   TcpDxe:TcpTimer.obj
 0001:00006a60       _TcpUpdateTimer            00017a60 f   TcpDxe:TcpTimer.obj
 0001:00006b10       _TcpSetTimer               00017b10 f   TcpDxe:TcpTimer.obj
 0001:00006b60       _TcpClearTimer             00017b60 f   TcpDxe:TcpTimer.obj
 0001:00006ba0       _TcpClearAllTimer          00017ba0 f   TcpDxe:TcpTimer.obj
 0001:00006bc0       _TcpSetProbeTimer          00017bc0 f   TcpDxe:TcpTimer.obj
 0001:00006c60       _TcpSetKeepaliveTimer      00017c60 f   TcpDxe:TcpTimer.obj
 0001:00006cf0       _TcpTickingDpc             00017cf0 f   TcpDxe:TcpTimer.obj
 0001:00006ef0       _TcpTicking                00017ef0 f   TcpDxe:TcpTimer.obj
 0001:00006f10       _SockBufFirst              00017f10 f   TcpDxe:SockImpl.obj
 0001:00006f50       _SockBufNext               00017f50 f   TcpDxe:SockImpl.obj
 0001:00006fb0       _SockTcpDataToRcv          00017fb0 f   TcpDxe:SockImpl.obj
 0001:000071d0       _SockSetTcpRxData          000181d0 f   TcpDxe:SockImpl.obj
 0001:000072c0       _SockProcessSndToken       000182c0 f   TcpDxe:SockImpl.obj
 0001:00007400       _SockProcessRcvToken       00018400 f   TcpDxe:SockImpl.obj
 0001:000074e0       _SockProcessTcpSndData     000184e0 f   TcpDxe:SockImpl.obj
 0001:00007600       _SockFlushPendingToken     00018600 f   TcpDxe:SockImpl.obj
 0001:000076a0       _SockWakeConnToken         000186a0 f   TcpDxe:SockImpl.obj
 0001:00007720       _SockWakeListenToken       00018720 f   TcpDxe:SockImpl.obj
 0001:00007860       _SockWakeRcvToken          00018860 f   TcpDxe:SockImpl.obj
 0001:00007940       _SockCancelToken           00018940 f   TcpDxe:SockImpl.obj
 0001:00007aa0       _SockCreate                00018aa0 f   TcpDxe:SockImpl.obj
 0001:00008040       _SockDestroy               00019040 f   TcpDxe:SockImpl.obj
 0001:00008140       _SockConnFlush             00019140 f   TcpDxe:SockImpl.obj
 0001:000082d0       _SockSetState              000192d0 f   TcpDxe:SockImpl.obj
 0001:000082e0       _SockClone                 000192e0 f   TcpDxe:SockImpl.obj
 0001:000083f0       _SockConnEstablished       000193f0 f   TcpDxe:SockImpl.obj
 0001:00008460       _SockConnClosed            00019460 f   TcpDxe:SockImpl.obj
 0001:000084e0       _SockDataSent              000194e0 f   TcpDxe:SockImpl.obj
 0001:00008610       _SockGetDataToSend         00019610 f   TcpDxe:SockImpl.obj
 0001:00008670       _SockDataRcvd              00019670 f   TcpDxe:SockImpl.obj
 0001:000086f0       _SockGetFreeSpace          000196f0 f   TcpDxe:SockImpl.obj
 0001:00008770       _SockNoMoreData            00019770 f   TcpDxe:SockImpl.obj
 0001:00008810       _TcpGetUint16              00019810 f   TcpDxe:TcpOption.obj
 0001:00008840       _TcpGetUint32              00019840 f   TcpDxe:TcpOption.obj
 0001:00008870       _TcpPutUint32              00019870 f   TcpDxe:TcpOption.obj
 0001:000088a0       _TcpComputeScale           000198a0 f   TcpDxe:TcpOption.obj
 0001:00008920       _TcpSynBuildOption         00019920 f   TcpDxe:TcpOption.obj
 0001:00008b80       _TcpBuildOption            00019b80 f   TcpDxe:TcpOption.obj
 0001:00008ca0       _TcpParseOption            00019ca0 f   TcpDxe:TcpOption.obj
 0001:00008f80       _TcpRcvWinOld              00019f80 f   TcpDxe:TcpOutput.obj
 0001:00008fd0       _TcpRcvWinNow              00019fd0 f   TcpDxe:TcpOutput.obj
 0001:00009070       _TcpComputeWnd             0001a070 f   TcpDxe:TcpOutput.obj
 0001:000090f0       _TcpGetMaxSndNxt           0001a0f0 f   TcpDxe:TcpOutput.obj
 0001:00009170       _TcpDataToSend             0001a170 f   TcpDxe:TcpOutput.obj
 0001:00009340       _TcpTransmitSegment        0001a340 f   TcpDxe:TcpOutput.obj
 0001:00009710       _TcpGetSegmentSndQue       0001a710 f   TcpDxe:TcpOutput.obj
 0001:000099f0       _TcpGetSegmentSock         0001a9f0 f   TcpDxe:TcpOutput.obj
 0001:00009b70       _TcpGetSegment             0001ab70 f   TcpDxe:TcpOutput.obj
 0001:00009c20       _TcpRetransmit             0001ac20 f   TcpDxe:TcpOutput.obj
 0001:00009e50       _TcpCheckSndQue            0001ae50 f   TcpDxe:TcpOutput.obj
 0001:00009ef0       _TcpToSendData             0001aef0 f   TcpDxe:TcpOutput.obj
 0001:0000a410       _TcpSendAck                0001b410 f   TcpDxe:TcpOutput.obj
 0001:0000a4b0       _TcpSendZeroProbe          0001b4b0 f   TcpDxe:TcpOutput.obj
 0001:0000a540       _TcpToSendAck              0001b540 f   TcpDxe:TcpOutput.obj
 0001:0000a600       _TcpSendReset              0001b600 f   TcpDxe:TcpOutput.obj
 0001:0000a830       _TcpVerifySegment          0001b830 f   TcpDxe:TcpOutput.obj
 0001:0000a940       _TcpSeqAcceptable          0001b940 f   TcpDxe:TcpInput.obj
 0001:0000a990       _TcpFastRecover            0001b990 f   TcpDxe:TcpInput.obj
 0001:0000ac60       _TcpFastLossRecover        0001bc60 f   TcpDxe:TcpInput.obj
 0001:0000ad40       _TcpComputeRtt             0001bd40 f   TcpDxe:TcpInput.obj
 0001:0000aea0       _TcpTrimSegment            0001bea0 f   TcpDxe:TcpInput.obj
 0001:0000b060       _TcpTrimInWnd              0001c060 f   TcpDxe:TcpInput.obj
 0001:0000b090       _TcpDeliverData            0001c090 f   TcpDxe:TcpInput.obj
 0001:0000b530       _TcpQueueData              0001c530 f   TcpDxe:TcpInput.obj
 0001:0000b750       _TcpAdjustSndQue           0001c750 f   TcpDxe:TcpInput.obj
 0001:0000b7f0       _TcpInput                  0001c7f0 f   TcpDxe:TcpInput.obj
 0001:0000d340       _TcpIcmpInput              0001e340 f   TcpDxe:TcpInput.obj
 0001:0000d470       _UnicodeVSPrint            0001e470 f   BasePrintLib:PrintLib.obj
 0001:0000d4f0       _UnicodeSPrint             0001e4f0 f   BasePrintLib:PrintLib.obj
 0001:0000d530       _BasePrintLibFillBuffer    0001e530 f   BasePrintLib:PrintLibInternal.obj
 0001:0000d590       _BasePrintLibValueToString 0001e590 f   BasePrintLib:PrintLibInternal.obj
 0001:0000d5e0       _BasePrintLibSPrintMarker  0001e5e0 f   BasePrintLib:PrintLibInternal.obj
 0001:0000e870       _BasePrintLibSPrint        0001f870 f   BasePrintLib:PrintLibInternal.obj
 0001:0000e8b0       _InternalAllocatePool      0001f8b0 f   UefiMemoryAllocationLib:MemoryAllocationLib.obj
 0001:0000e8f0       _AllocatePool              0001f8f0 f   UefiMemoryAllocationLib:MemoryAllocationLib.obj
 0001:0000e910       _InternalAllocateZeroPool  0001f910 f   UefiMemoryAllocationLib:MemoryAllocationLib.obj
 0001:0000e950       _AllocateZeroPool          0001f950 f   UefiMemoryAllocationLib:MemoryAllocationLib.obj
 0001:0000e970       _InternalAllocateCopyPool  0001f970 f   UefiMemoryAllocationLib:MemoryAllocationLib.obj
 0001:0000ea10       _AllocateCopyPool          0001fa10 f   UefiMemoryAllocationLib:MemoryAllocationLib.obj
 0001:0000ea30       _FreePool                  0001fa30 f   UefiMemoryAllocationLib:MemoryAllocationLib.obj
 0001:0000eac0       _DebugPrint                0001fac0 f   PeiDxeDebugLibReportStatusCode:DebugLib.obj
 0001:0000eaf0       _DebugPrintMarker          0001faf0 f   PeiDxeDebugLibReportStatusCode:DebugLib.obj
 0001:0000efd0       _DebugVPrint               0001ffd0 f   PeiDxeDebugLibReportStatusCode:DebugLib.obj
 0001:0000eff0       _DebugAssert               0001fff0 f   PeiDxeDebugLibReportStatusCode:DebugLib.obj
 0001:0000f250       _DebugAssertEnabled        00020250 f   PeiDxeDebugLibReportStatusCode:DebugLib.obj
 0001:0000f280       _DebugPrintEnabled         00020280 f   PeiDxeDebugLibReportStatusCode:DebugLib.obj
 0001:0000f2b0       _DebugPrintLevelEnabled    000202b0 f   PeiDxeDebugLibReportStatusCode:DebugLib.obj
 0001:0000f2d0       _GetDevicePathSize         000202d0 f   UefiDevicePathLib:UefiDevicePathLib.obj
 0001:0000f2f0       _DuplicateDevicePath       000202f0 f   UefiDevicePathLib:UefiDevicePathLib.obj
 0001:0000f310       _AppendDevicePath          00020310 f   UefiDevicePathLib:UefiDevicePathLib.obj
 0001:0000f330       _AppendDevicePathNode      00020330 f   UefiDevicePathLib:UefiDevicePathLib.obj
 0001:0000f350       _IsDevicePathValid         00020350 f   UefiDevicePathLib:DevicePathUtilities.obj
 0001:0000f480       _DevicePathType            00020480 f   UefiDevicePathLib:DevicePathUtilities.obj
 0001:0000f4c0       _DevicePathSubType         000204c0 f   UefiDevicePathLib:DevicePathUtilities.obj
 0001:0000f500       _DevicePathNodeLength      00020500 f   UefiDevicePathLib:DevicePathUtilities.obj
 0001:0000f550       _NextDevicePathNode        00020550 f   UefiDevicePathLib:DevicePathUtilities.obj
 0001:0000f5a0       _IsDevicePathEndType       000205a0 f   UefiDevicePathLib:DevicePathUtilities.obj
 0001:0000f600       _IsDevicePathEnd           00020600 f   UefiDevicePathLib:DevicePathUtilities.obj
 0001:0000f670       _SetDevicePathNodeLength   00020670 f   UefiDevicePathLib:DevicePathUtilities.obj
 0001:0000f700       _SetDevicePathEndNode      00020700 f   UefiDevicePathLib:DevicePathUtilities.obj
 0001:0000f750       _UefiDevicePathLibGetDevicePathSize 00020750 f   UefiDevicePathLib:DevicePathUtilities.obj
 0001:0000f7c0       _UefiDevicePathLibDuplicateDevicePath 000207c0 f   UefiDevicePathLib:DevicePathUtilities.obj
 0001:0000f800       _UefiDevicePathLibAppendDevicePath 00020800 f   UefiDevicePathLib:DevicePathUtilities.obj
 0001:0000f900       _UefiDevicePathLibAppendDevicePathNode 00020900 f   UefiDevicePathLib:DevicePathUtilities.obj
 0001:0000f9c0       _CopyMem                   000209c0 f   BaseMemoryLib:CopyMemWrapper.obj
 0001:0000fa60       _ZeroMem                   00020a60 f   BaseMemoryLib:ZeroMemWrapper.obj
 0001:0000fae0       _CompareMem                00020ae0 f   BaseMemoryLib:CompareMemWrapper.obj
 0001:0000fbd0       _SetMem                    00020bd0 f   BaseMemoryLib:SetMemWrapper.obj
 0001:0000fc30       _CopyGuid                  00020c30 f   BaseMemoryLib:MemLibGuid.obj
 0001:0000fc80       _InternalMemCopyMem        00020c80 f   BaseMemoryLib:CopyMem.obj
 0001:0000fff0       _InternalMemZeroMem        00020ff0 f   BaseMemoryLib:MemLibGeneric.obj
 0001:00010010       _InternalMemCompareMem     00021010 f   BaseMemoryLib:MemLibGeneric.obj
 0001:00010060       _InternalMemSetMem         00021060 f   BaseMemoryLib:SetMem.obj
 0001:00010180       _InternalBaseLibIsListValid 00021180 f   BaseLib:LinkedList.obj
 0001:00010270       _IsNodeInList              00021270 f   BaseLib:LinkedList.obj
 0001:00010340       _InitializeListHead        00021340 f   BaseLib:LinkedList.obj
 0001:00010390       _InsertHeadList            00021390 f   BaseLib:LinkedList.obj
 0001:00010450       _InsertTailList            00021450 f   BaseLib:LinkedList.obj
 0001:00010510       _GetFirstNode              00021510 f   BaseLib:LinkedList.obj
 0001:00010560       _GetNextNode               00021560 f   BaseLib:LinkedList.obj
 0001:00010600       _IsListEmpty               00021600 f   BaseLib:LinkedList.obj
 0001:00010660       _IsNull                    00021660 f   BaseLib:LinkedList.obj
 0001:00010710       _RemoveEntryList           00021710 f   BaseLib:LinkedList.obj
 0001:00010770       _SwapBytes32               00021770 f   BaseLib:SwapBytes32.obj
 0001:000107b0       _SwapBytes16               000217b0 f   BaseLib:SwapBytes16.obj
 0001:000107d0       _ReadUnaligned16           000217d0 f   BaseLib:Unaligned.obj
 0001:00010810       _WriteUnaligned16          00021810 f   BaseLib:Unaligned.obj
 0001:00010850       _ReadUnaligned24           00021850 f   BaseLib:Unaligned.obj
 0001:00010890       _ReadUnaligned32           00021890 f   BaseLib:Unaligned.obj
 0001:000108d0       _ReadUnaligned64           000218d0 f   BaseLib:Unaligned.obj
 0001:00010910       _WriteUnaligned64          00021910 f   BaseLib:Unaligned.obj
 0001:00010960       _DivU64x32Remainder        00021960 f   BaseLib:DivU64x32Remainder.obj
 0001:000109b0       _InternalSafeStringIsOverlap 000219b0 f   BaseLib:SafeString.obj
 0001:000109f0       _InternalSafeStringNoAsciiStrOverlap 000219f0 f   BaseLib:SafeString.obj
 0001:00010a30       _StrnLenS                  00021a30 f   BaseLib:SafeString.obj
 0001:00010ab0       _AsciiStrnLenS             00021ab0 f   BaseLib:SafeString.obj
 0001:00010b00       _AsciiStrnCpyS             00021b00 f   BaseLib:SafeString.obj
 0001:00010e90       _StrLen                    00021e90 f   BaseLib:String.obj
 0001:00010f50       _StrSize                   00021f50 f   BaseLib:String.obj
 0001:00010f70       _AsciiStrLen               00021f70 f   BaseLib:String.obj
 0001:00011010       _AsciiStrSize              00022010 f   BaseLib:String.obj
 0001:00011030       _AsciiStrnCmp              00022030 f   BaseLib:String.obj
 0001:00011140       _CpuBreakpoint             00022140 f   BaseLib:CpuBreakpoint.obj
 0001:00011150       _CpuDeadLoop               00022150 f   BaseLib:CpuDeadLoop.obj
 0001:00011170       _LShiftU64                 00022170 f   BaseLib:LShiftU64.obj
 0001:000111c0       _InternalMathDivRemU64x32  000221c0 f   BaseLib:DivU64x32Remainder.obj
 0001:000111e0       _CpuPause                  000221e0 f   BaseLib:CpuPause.obj
 0001:000111f0       _InternalMathLShiftU64     000221f0 f   BaseLib:LShiftU64.obj
 0001:00011210       _UefiBootServicesTableLibConstructor 00022210 f   UefiBootServicesTableLib:UefiBootServicesTableLib.obj
 0001:000112c0       _UefiRuntimeServicesTableLibConstructor 000222c0 f   UefiRuntimeServicesTableLib:UefiRuntimeServicesTableLib.obj
 0001:00011300       _UefiLibConstructor        00022300 f   UefiLib:UefiLib.obj
 0001:00011310       _CompareIso639LanguageCode 00022310 f   UefiLib:UefiLib.obj
 0001:00011350       _EfiInitializeLock         00022350 f   UefiLib:UefiLib.obj
 0001:000113d0       _EfiAcquireLockOrFail      000223d0 f   UefiLib:UefiLib.obj
 0001:00011470       _EfiReleaseLock            00022470 f   UefiLib:UefiLib.obj
 0001:00011500       _EfiTestChildHandle        00022500 f   UefiLib:UefiLib.obj
 0001:000115d0       _IsLanguageSupported       000225d0 f   UefiLib:UefiLib.obj
 0001:00011680       _LookupUnicodeString2      00022680 f   UefiLib:UefiLib.obj
 0001:00011800       _AddUnicodeString2         00022800 f   UefiLib:UefiLib.obj
 0001:00011af0       _FreeUnicodeStringTable    00022af0 f   UefiLib:UefiLib.obj
 0001:00011b70       _EfiLibInstallDriverBindingComponentName2 00022b70 f   UefiLib:UefiDriverModel.obj
 0001:00011d20       _EfiLibUninstallDriverBindingComponentName2 00022d20 f   UefiLib:UefiDriverModel.obj
 0001:00011ec0       _DpcLibConstructor         00022ec0 f   DxeDpcLib:DpcLib.obj
 0001:00011f60       _QueueDpc                  00022f60 f   DxeDpcLib:DpcLib.obj
 0001:00011f90       _NetGetMaskLength          00022f90 f   DxeNetLib:DxeNetLib.obj
 0001:00011fd0       _NetIp4IsUnicast           00022fd0 f   DxeNetLib:DxeNetLib.obj
 0001:00012080       _NetIp6IsValidUnicast      00023080 f   DxeNetLib:DxeNetLib.obj
 0001:00012120       _NetIp6IsUnspecifiedAddr   00023120 f   DxeNetLib:DxeNetLib.obj
 0001:00012190       _NetRandomInitSeed         00023190 f   DxeNetLib:DxeNetLib.obj
 0001:00012210       _NetDestroyLinkList        00023210 f   DxeNetLib:DxeNetLib.obj
 0001:00012330       _NetIsInHandleBuffer       00023330 f   DxeNetLib:DxeNetLib.obj
 0001:00012380       _NetLibDefaultUnload       00023380 f   DxeNetLib:DxeNetLib.obj
 0001:00012520       _NetLibCreateServiceChild  00023520 f   DxeNetLib:DxeNetLib.obj
 0001:000125b0       _NetLibDestroyServiceChild 000235b0 f   DxeNetLib:DxeNetLib.obj
 0001:00012640       _NetLibDefaultAddressIsStatic 00023640 f   DxeNetLib:DxeNetLib.obj
 0001:000126c0       _NetLibCreateIPv4DPathNode 000236c0 f   DxeNetLib:DxeNetLib.obj
 0001:000127c0       _NetLibCreateIPv6DPathNode 000237c0 f   DxeNetLib:DxeNetLib.obj
 0001:00012890       _NetLibGetNicHandle        00023890 f   DxeNetLib:DxeNetLib.obj
 0001:00012950       _NetbufAllocStruct         00023950 f   DxeNetLib:NetBuffer.obj
 0001:00012a30       _NetbufAlloc               00023a30 f   DxeNetLib:NetBuffer.obj
 0001:00012b50       _NetbufFreeVector          00023b50 f   DxeNetLib:NetBuffer.obj
 0001:00012ca0       _NetbufFree                00023ca0 f   DxeNetLib:NetBuffer.obj
 0001:00012d70       _NetbufFreeList            00023d70 f   DxeNetLib:NetBuffer.obj
 0001:00012e40       _NetbufGetByte             00023e40 f   DxeNetLib:NetBuffer.obj
 0001:00012f10       _NetbufSetBlock            00023f10 f   DxeNetLib:NetBuffer.obj
 0001:00013030       _NetbufFromExt             00024030 f   DxeNetLib:NetBuffer.obj
 0001:000133a0       _NetbufBuildExt            000243a0 f   DxeNetLib:NetBuffer.obj
 0001:00013440       _NetbufReserve             00024440 f   DxeNetLib:NetBuffer.obj
 0001:000135c0       _NetbufAllocSpace          000245c0 f   DxeNetLib:NetBuffer.obj
 0001:000137f0       _NetblockTrim              000247f0 f   DxeNetLib:NetBuffer.obj
 0001:00013870       _NetbufTrim                00024870 f   DxeNetLib:NetBuffer.obj
 0001:00013a00       _NetbufCopy                00024a00 f   DxeNetLib:NetBuffer.obj
 0001:00013c50       _NetbufQueInit             00024c50 f   DxeNetLib:NetBuffer.obj
 0001:00013ca0       _NetbufQueAlloc            00024ca0 f   DxeNetLib:NetBuffer.obj
 0001:00013cd0       _NetbufQueFree             00024cd0 f   DxeNetLib:NetBuffer.obj
 0001:00013d70       _NetbufQueAppend           00024d70 f   DxeNetLib:NetBuffer.obj
 0001:00013e20       _NetbufQueCopy             00024e20 f   DxeNetLib:NetBuffer.obj
 0001:00014050       _NetbufQueTrim             00025050 f   DxeNetLib:NetBuffer.obj
 0001:00014180       _NetbufQueFlush            00025180 f   DxeNetLib:NetBuffer.obj
 0001:000141e0       _NetblockChecksum          000251e0 f   DxeNetLib:NetBuffer.obj
 0001:00014260       _NetAddChecksum            00025260 f   DxeNetLib:NetBuffer.obj
 0001:000142a0       _NetbufChecksum            000252a0 f   DxeNetLib:NetBuffer.obj
 0001:000143a0       _NetPseudoHeadChecksum     000253a0 f   DxeNetLib:NetBuffer.obj
 0001:000143f0       _NetIp6PseudoHeadChecksum  000253f0 f   DxeNetLib:NetBuffer.obj
 0001:00014470       _IpIoCreateIpChildOpenProtocol 00025470 f   DxeIpIoLib:DxeIpIoLib.obj
 0001:00014530       _IpIoCloseProtocolDestroyIpChild 00025530 f   DxeIpIoLib:DxeIpIoLib.obj
 0001:000145c0       _IpIoIcmpv4Handler         000255c0 f   DxeIpIoLib:DxeIpIoLib.obj
 0001:00014850       _IpIoIcmpv6Handler         00025850 f   DxeIpIoLib:DxeIpIoLib.obj
 0001:00014b50       _IpIoIcmpHandler           00025b50 f   DxeIpIoLib:DxeIpIoLib.obj
 0001:00014bb0       _IpIoExtFree               00025bb0 f   DxeIpIoLib:DxeIpIoLib.obj
 0001:00014bd0       _IpIoCreateSndEntry        00025bd0 f   DxeIpIoLib:DxeIpIoLib.obj
 0001:00014e60       _IpIoDestroySndEntry       00025e60 f   DxeIpIoLib:DxeIpIoLib.obj
 0001:00014f20       _IpIoTransmitHandlerDpc    00025f20 f   DxeIpIoLib:DxeIpIoLib.obj
 0001:00014fb0       _IpIoTransmitHandler       00025fb0 f   DxeIpIoLib:DxeIpIoLib.obj
 0001:00014fd0       _IpIoDummyHandlerDpc       00025fd0 f   DxeIpIoLib:DxeIpIoLib.obj
 0001:000150f0       _IpIoDummyHandler          000260f0 f   DxeIpIoLib:DxeIpIoLib.obj
 0001:00015110       _IpIoListenHandlerDpc      00026110 f   DxeIpIoLib:DxeIpIoLib.obj
 0001:00015530       _IpIoListenHandler         00026530 f   DxeIpIoLib:DxeIpIoLib.obj
 0001:00015550       _IpIoCreate                00026550 f   DxeIpIoLib:DxeIpIoLib.obj
 0001:000156a0       _IpIoOpen                  000266a0 f   DxeIpIoLib:DxeIpIoLib.obj
 0001:00015920       _IpIoStop                  00026920 f   DxeIpIoLib:DxeIpIoLib.obj
 0001:00015aa0       _IpIoDestroy               00026aa0 f   DxeIpIoLib:DxeIpIoLib.obj
 0001:00015b10       _IpIoSend                  00026b10 f   DxeIpIoLib:DxeIpIoLib.obj
 0001:00015c10       _IpIoAddIp                 00026c10 f   DxeIpIoLib:DxeIpIoLib.obj
 0001:00015dd0       _IpIoConfigIp              00026dd0 f   DxeIpIoLib:DxeIpIoLib.obj
 0001:000160e0       _IpIoRemoveIp              000270e0 f   DxeIpIoLib:DxeIpIoLib.obj
 0001:00016250       _IpIoFindSender            00027250 f   DxeIpIoLib:DxeIpIoLib.obj
 0001:00016360       _IpIoGetIcmpErrStatus      00027360 f   DxeIpIoLib:DxeIpIoLib.obj
 0001:000165d0       _IpIoRefreshNeighbor       000275d0 f   DxeIpIoLib:DxeIpIoLib.obj
 0001:00016630       _GetDebugPrintErrorLevel   00027630 f   BaseDebugPrintErrorLevelLib:BaseDebugPrintErrorLevelLib.obj
 0001:00016640       _InternalGetReportStatusCode 00027640 f   DxeReportStatusCodeLib:ReportStatusCodeLib.obj
 0001:000166a0       _InternalReportStatusCode  000276a0 f   DxeReportStatusCodeLib:ReportStatusCodeLib.obj
 0001:00016730       _ReportStatusCodeEx        00027730 f   DxeReportStatusCodeLib:ReportStatusCodeLib.obj
 0001:000168f0       _ReportProgressCodeEnabled 000278f0 f   DxeReportStatusCodeLib:ReportStatusCodeLib.obj
 0001:00016920       _ReportErrorCodeEnabled    00027920 f   DxeReportStatusCodeLib:ReportStatusCodeLib.obj
 0001:00016950       _ReportDebugCodeEnabled    00027950 f   DxeReportStatusCodeLib:ReportStatusCodeLib.obj
 0002:00000000       ??_C@_0CB@DMEJJJHA@?6ASSERT_EFI_ERROR?5?$CIStatus?5?$DN?5?$CFr?$CJ?6@ 00028000     UefiDriverEntryPoint:DriverEntryPoint.obj
 0002:00000024       ??_C@_0CH@BBNBJKHK@?$CB?$CI?$CI?$CIINTN?$CJ?$CIRETURN_STATUS?$CJ?$CIStatus?$CJ@ 00028024     UefiDriverEntryPoint:DriverEntryPoint.obj
 0002:00000050       ??_C@_0GP@GHNHPFLI@c?3?2users?2mliang2x?2workspace?2ming@ 00028050     UefiDriverEntryPoint:DriverEntryPoint.obj
 0002:000000bf       __gDriverUnloadImageCount  000280bf     TcpDxe:AutoGen.obj
 0002:000000c0       ??_C@_06JEKFBJHO@TcpDxe?$AA@ 000280c0     TcpDxe:AutoGen.obj
 0002:000000c8       ??_C@_0IJ@LEJBLMCP@c?3?2users?2mliang2x?2workspace?2ming@ 000280c8     TcpDxe:AutoGen.obj
 0002:00000151       __gPcd_FixedAtBuild_PcdReportStatusCodePropertyMask 00028151     TcpDxe:AutoGen.obj
 0002:00000154       __gPcd_FixedAtBuild_PcdMaximumDevicePathNodeCount 00028154     TcpDxe:AutoGen.obj
 0002:00000154       __gUefiDriverRevision      00028154     TcpDxe:AutoGen.obj
 0002:00000158       __gPcd_FixedAtBuild_PcdDebugPrintErrorLevel 00028158     TcpDxe:AutoGen.obj
 0002:0000015c       __gPcd_FixedAtBuild_PcdFixedDebugPrintErrorLevel 0002815c     TcpDxe:AutoGen.obj
 0002:00000160       __gPcd_FixedAtBuild_PcdMaximumAsciiStringLength 00028160     TcpDxe:AutoGen.obj
 0002:00000160       __gPcd_FixedAtBuild_PcdMaximumLinkedListLength 00028160     TcpDxe:AutoGen.obj
 0002:00000160       __gPcd_FixedAtBuild_PcdMaximumUnicodeStringLength 00028160     TcpDxe:AutoGen.obj
 0002:00000164       __gPcd_FixedAtBuild_PcdDebugPropertyMask 00028164     TcpDxe:AutoGen.obj
 0002:00000165       __gPcd_FixedAtBuild_PcdComponentNameDisable 00028165     TcpDxe:AutoGen.obj
 0002:00000165       __gPcd_FixedAtBuild_PcdComponentName2Disable 00028165     TcpDxe:AutoGen.obj
 0002:00000165       __gPcd_FixedAtBuild_PcdVerifyNodeInList 00028165     TcpDxe:AutoGen.obj
 0002:00000168       ??_C@_0BF@ENNCMFDP@mTcpTimer?4RefCnt?5?$DO?50?$AA@ 00028168     TcpDxe:TcpDriver.obj
 0002:00000180       ??_C@_0FG@DKIJOCJK@c?3?2users?2mliang2x?2workspace?2ming@ 00028180     TcpDxe:TcpDriver.obj
 0002:000001d8       ??_C@_0BF@NDBIKIKC@CR?5has?5Bad?5Signature?$AA@ 000281d8     TcpDxe:TcpDriver.obj
 0002:000001f0       ??_C@_0CF@BLOJFCO@?$CIIpVersion?5?$DN?$DN?54?$CJ?5?$HM?$HM?5?$CIIpVersion?5?$DN@ 000281f0     TcpDxe:TcpDriver.obj
 0002:00000218       ??_C@_0EA@HCOPIIAF@TcpDriverBindingCreateChild?3?5No?5@ 00028218     TcpDxe:TcpDriver.obj
 0002:00000258       ??_C@_0FE@MGAHLGCP@c?3?2users?2mliang2x?2workspace?2ming@ 00028258     TcpDxe:TcpMain.obj
 0002:000002ac       ??_C@_0DE@HDACILPM@SockBufferIOToken?3?5No?5Memory?5to?5@ 000282ac     TcpDxe:SockInterface.obj
 0002:000002e0       ??_C@_0DP@GOHFACGD@?$CISock?5?$CB?$DN?5?$CI?$CIvoid?5?$CK?$CJ?50?$CJ?$CJ?5?$CG?$CG?5?$CISock?9@ 000282e0     TcpDxe:SockInterface.obj
 0002:00000320       ??_C@_0FK@LODHLNNL@c?3?2users?2mliang2x?2workspace?2ming@ 00028320     TcpDxe:SockInterface.obj
 0002:0000037c       ??_C@_0BE@CLBLKENM@Tcb?5?$CB?$DN?5?$CI?$CIvoid?5?$CK?$CJ?50?$CJ?$AA@ 0002837c     TcpDxe:SockInterface.obj
 0002:00000390       ??_C@_0EE@FOFLLEEG@SockDestroyChild?3?5Open?5protocol?5@ 00028390     TcpDxe:SockInterface.obj
 0002:000003d8       ??_C@_0EA@DJBDANEJ@SockDestroyChild?3?5Get?5the?5lock?5t@ 000283d8     TcpDxe:SockInterface.obj
 0002:00000418       ??_C@_0DJ@KAODAPAC@SockDestroyChild?3?5Protocol?5detac@ 00028418     TcpDxe:SockInterface.obj
 0002:00000454       ??_C@_0DF@NBHAGCFB@SockCreateChild?3?5No?5resource?5to?5@ 00028454     TcpDxe:SockInterface.obj
 0002:0000048c       ??_C@_0DP@KEEICHIG@SockCreateChild?3?5Get?5the?5lock?5to@ 0002848c     TcpDxe:SockInterface.obj
 0002:000004cc       ??_C@_0DN@MNCCAGOB@SockCreateChild?3?5Protocol?5failed@ 000284cc     TcpDxe:SockInterface.obj
 0002:0000050c       ??_C@_0DI@JCNEGHBA@SockConfigure?3?5Get?5the?5access?5fo@ 0002850c     TcpDxe:SockInterface.obj
 0002:00000544       ??_C@_0BB@BOPPMIFL@Sock?9?$DOState?5?$DN?$DN?50?$AA@ 00028544     TcpDxe:SockInterface.obj
 0002:00000558       ??_C@_0DG@HEAAIPHA@SockConnect?3?5Get?5the?5access?5for?5@ 00028558     TcpDxe:SockInterface.obj
 0002:00000590       ??_C@_0BJ@CEHICELN@SockStream?5?$DN?$DN?5Sock?9?$DOType?$AA@ 00028590     TcpDxe:SockInterface.obj
 0002:000005ac       ??_C@_0DF@BIKGHOHM@SockAccept?3?5Get?5the?5access?5for?5s@ 000285ac     TcpDxe:SockInterface.obj
 0002:000005e4       ??_C@_0BP@HEBNJKJJ@Socket?9?$DOParent?5?$CB?$DN?5?$CI?$CIvoid?5?$CK?$CJ?50?$CJ?$AA@ 000285e4     TcpDxe:SockInterface.obj
 0002:00000604       ??_C@_0DB@BLKJJOFH@SockAccept?3?5Accept?5a?5socket?0?5now@ 00028604     TcpDxe:SockInterface.obj
 0002:00000638       ??_C@_0DD@CJKGKBDK@SockSend?3?5Get?5the?5access?5for?5soc@ 00028638     TcpDxe:SockInterface.obj
 0002:00000670       ??_C@_0EK@COMFDOKO@SockSend?3?5Failed?5to?5buffer?5IO?5to@ 00028670     TcpDxe:SockInterface.obj
 0002:000006bc       ??_C@_0CG@MELMGPIA@SockSend?3?5Failed?5to?5process?5Snd?5@ 000286bc     TcpDxe:SockInterface.obj
 0002:000006e4       ??_C@_0DC@HOGGOGIE@SockRcv?3?5Get?5the?5access?5for?5sock@ 000286e4     TcpDxe:SockInterface.obj
 0002:00000718       ??_C@_0DE@DOJDBFBK@SockFlush?3?5Get?5the?5access?5for?5so@ 00028718     TcpDxe:SockInterface.obj
 0002:0000074c       ??_C@_0DH@JFJOBMNI@SockFlush?3?5Protocol?5failed?5handl@ 0002874c     TcpDxe:SockInterface.obj
 0002:00000784       ??_C@_0DE@NLDNBBAF@SockClose?3?5Get?5the?5access?5for?5so@ 00028784     TcpDxe:SockInterface.obj
 0002:000007b8       ??_C@_0DF@KLLHLONB@SockCancel?3?5Get?5the?5access?5for?5s@ 000287b8     TcpDxe:SockInterface.obj
 0002:000007f0       ??_C@_0DE@MKJLLDFK@SockRoute?3?5Get?5the?5access?5for?5so@ 000287f0     TcpDxe:SockInterface.obj
 0002:00000824       ??_C@_1BG@NHEIAOIF@?$AAT?$AAC?$AAP?$AA_?$AAC?$AAL?$AAO?$AAS?$AAE?$AAD?$AA?$AA@ 00028824     TcpDxe:TcpMisc.obj
 0002:0000083c       ??_C@_1BG@EBJFEFHI@?$AAT?$AAC?$AAP?$AA_?$AAL?$AAI?$AAS?$AAT?$AAE?$AAN?$AA?$AA@ 0002883c     TcpDxe:TcpMisc.obj
 0002:00000854       ??_C@_1BK@ENPBPIMG@?$AAT?$AAC?$AAP?$AA_?$AAS?$AAY?$AAN?$AA_?$AAS?$AAE?$AAN?$AAT?$AA?$AA@ 00028854     TcpDxe:TcpMisc.obj
 0002:00000870       ??_C@_1BK@NLMAENBG@?$AAT?$AAC?$AAP?$AA_?$AAS?$AAY?$AAN?$AA_?$AAR?$AAC?$AAV?$AAD?$AA?$AA@ 00028870     TcpDxe:TcpMisc.obj
 0002:0000088c       ??_C@_1CA@OALDCBFH@?$AAT?$AAC?$AAP?$AA_?$AAE?$AAS?$AAT?$AAA?$AAB?$AAL?$AAI?$AAS?$AAH?$AAE?$AAD?$AA?$AA@ 0002888c     TcpDxe:TcpMisc.obj
 0002:000008ac       ??_C@_1BO@KCLKOCDM@?$AAT?$AAC?$AAP?$AA_?$AAF?$AAI?$AAN?$AA_?$AAW?$AAA?$AAI?$AAT?$AA_?$AA1?$AA?$AA@ 000288ac     TcpDxe:TcpMisc.obj
 0002:000008cc       ??_C@_1BO@LAAPENNC@?$AAT?$AAC?$AAP?$AA_?$AAF?$AAI?$AAN?$AA_?$AAW?$AAA?$AAI?$AAT?$AA_?$AA2?$AA?$AA@ 000288cc     TcpDxe:TcpMisc.obj
 0002:000008ec       ??_C@_1BI@FBLLMAOM@?$AAT?$AAC?$AAP?$AA_?$AAC?$AAL?$AAO?$AAS?$AAI?$AAN?$AAG?$AA?$AA@ 000288ec     TcpDxe:TcpMisc.obj
 0002:00000904       ??_C@_1BM@HIDKGINB@?$AAT?$AAC?$AAP?$AA_?$AAT?$AAI?$AAM?$AAE?$AA_?$AAW?$AAA?$AAI?$AAT?$AA?$AA@ 00028904     TcpDxe:TcpMisc.obj
 0002:00000920       ??_C@_1BO@DMHHAOEK@?$AAT?$AAC?$AAP?$AA_?$AAC?$AAL?$AAO?$AAS?$AAE?$AA_?$AAW?$AAA?$AAI?$AAT?$AA?$AA@ 00028920     TcpDxe:TcpMisc.obj
 0002:00000940       ??_C@_1BK@IKFBPDDN@?$AAT?$AAC?$AAP?$AA_?$AAL?$AAA?$AAS?$AAT?$AA_?$AAA?$AAC?$AAK?$AA?$AA@ 00028940     TcpDxe:TcpMisc.obj
 0002:00000960       ??_C@_0EI@HAJIBJBF@?$CITcb?5?$CB?$DN?5?$CI?$CIvoid?5?$CK?$CJ?50?$CJ?$CJ?5?$CG?$CG?5?$CISeg?5?$CB?$DN@ 00028960     TcpDxe:TcpMisc.obj
 0002:000009a8       ??_C@_0FE@PCGOGDLM@c?3?2users?2mliang2x?2workspace?2ming@ 000289a8     TcpDxe:TcpMisc.obj
 0002:000009fc       ??_C@_0CK@ICAGNFAL@?$CI?$CIBOOLEAN?$CJ?5?$CI?$CI?$CISeg?9?$DOFlag?$CJ?5?$CG?5?$CI0x02@ 000289fc     TcpDxe:TcpMisc.obj
 0002:00000a28       ??_C@_0CB@BAGPCIIE@?$CIVersion?5?$DN?$DN?54?$CJ?5?$HM?$HM?5?$CIVersion?5?$DN?$DN?56?$CJ@ 00028a28     TcpDxe:TcpMisc.obj
 0002:00000a4c       ??_C@_0CG@KEIMGIID@?$CIAddr?5?$CB?$DN?5?$CI?$CIvoid?5?$CK?$CJ?50?$CJ?$CJ?5?$CG?$CG?5?$CIPort?5@ 00028a4c     TcpDxe:TcpMisc.obj
 0002:00000a78       ??_C@_0GO@GICKKKAD@?$CITcb?5?$CB?$DN?5?$CI?$CIvoid?5?$CK?$CJ?50?$CJ?$CJ?5?$CG?$CG?5?$CI?5?$CITcb?9@ 00028a78     TcpDxe:TcpMisc.obj
 0002:00000ae8       ??_C@_0CF@HOEIJDDO@TcpCloneTcb?3?5failed?5to?5clone?5a?5s@ 00028ae8     TcpDxe:TcpMisc.obj
 0002:00000b10       ??_C@_0BF@JBJKFPJP@Sock?5?$CB?$DN?5?$CI?$CIvoid?5?$CK?$CJ?50?$CJ?$AA@ 00028b10     TcpDxe:TcpMisc.obj
 0002:00000b28       ??_C@_0BE@FHMKCEAK@Ip4?5?$CB?$DN?5?$CI?$CIvoid?5?$CK?$CJ?50?$CJ?$AA@ 00028b28     TcpDxe:TcpMisc.obj
 0002:00000b3c       ??_C@_0BE@FCBOEPIJ@Ip6?5?$CB?$DN?5?$CI?$CIvoid?5?$CK?$CJ?50?$CJ?$AA@ 00028b3c     TcpDxe:TcpMisc.obj
 0002:00000b50       ??_C@_0DK@FDCAJGNL@Tcb?9?$DOState?5?$DM?5?$CIsizeof?5?$CImTcpStateN@ 00028b50     TcpDxe:TcpMisc.obj
 0002:00000b8c       ??_C@_0DF@PAMCGNLL@State?5?$DM?5?$CIsizeof?5?$CImTcpStateName?$CJ?5@ 00028b8c     TcpDxe:TcpMisc.obj
 0002:00000bc4       ??_C@_0BK@DHILLADA@Tcb?5?$CI?$CFp?$CJ?5state?5?$CFs?5?9?9?$DO?5?$CFs?6?$AA@ 00028bc4     TcpDxe:TcpMisc.obj
 0002:00000be0       ??_C@_0BF@FBEMMEEB@Head?5?$CB?$DN?5?$CI?$CIvoid?5?$CK?$CJ?50?$CJ?$AA@ 00028be0     TcpDxe:TcpMisc.obj
 0002:00000bf8       ??_C@_0EB@BEPCGDLM@TcpOnAppClose?3?5connection?5reset?5@ 00028bf8     TcpDxe:TcpMisc.obj
 0002:00000c40       ??_C@_0EC@JBPMOOFI@TcpOnAppConsume?3?5send?5a?5window?5u@ 00028c40     TcpDxe:TcpMisc.obj
 0002:00000c88       ??_C@_0EG@ONPPMBKF@TcpOnAppConsume?3?5scheduled?5a?5del@ 00028c88     TcpDxe:TcpMisc.obj
 0002:00000cd0       ??_C@_0EC@OOJMHNAK@TcpOnAppAbort?3?5connection?5reset?5@ 00028cd0     TcpDxe:TcpMisc.obj
 0002:00000d14       ??_C@_0BG@COFFMKLF@Nhead?5?$CB?$DN?5?$CI?$CIvoid?5?$CK?$CJ?50?$CJ?$AA@ 00028d14     TcpDxe:TcpMisc.obj
 0002:00000d2c       ??_C@_0CL@OCJOEBOP@TcpSendIpPacket?3?5No?5appropriate?5@ 00028d2c     TcpDxe:TcpIo.obj
 0002:00000d58       ??_C@_0BL@KALFJMC@Version?5?$DN?$DN?5IpIo?9?$DOIpVersion?$AA@ 00028d58     TcpDxe:TcpIo.obj
 0002:00000d78       ??_C@_0FC@LNLACCJI@c?3?2users?2mliang2x?2workspace?2ming@ 00028d78     TcpDxe:TcpIo.obj
 0002:00000dcc       ??_C@_0CC@GHLGNDAG@TcpSendIpPacket?3?5return?5?$CFr?5error@ 00028dcc     TcpDxe:TcpIo.obj
 0002:00000df0       ??_C@_0CH@PJMDPNNL@Tcp6AddNeighbor?3?5No?5appropriate?5@ 00028df0     TcpDxe:TcpIo.obj
 0002:00000e18       ??_C@_0BH@BLJOPJCM@Ip?4Ip4?5?$CB?$DN?5?$CI?$CIvoid?5?$CK?$CJ?50?$CJ?$AA@ 00028e18     TcpDxe:TcpDispatcher.obj
 0002:00000e30       ??_C@_0FK@FAGECFBB@c?3?2users?2mliang2x?2workspace?2ming@ 00028e30     TcpDxe:TcpDispatcher.obj
 0002:00000e8c       ??_C@_0BD@BFPDEMKP@Ip?5?$CB?$DN?5?$CI?$CIvoid?5?$CK?$CJ?50?$CJ?$AA@ 00028e8c     TcpDxe:TcpDispatcher.obj
 0002:00000ea0       ??_C@_0DA@CBGOJNIJ@TcpBind?3?5no?5port?5can?5be?5allocate@ 00028ea0     TcpDxe:TcpDispatcher.obj
 0002:00000ed0       ??_C@_0CL@EJKIODKL@TcpConfigurePcb?3?5failed?5to?5alloc@ 00028ed0     TcpDxe:TcpDispatcher.obj
 0002:00000f00       ??_C@_0FG@LCOHCDFI@?$CICfgData?5?$CB?$DN?5?$CI?$CIvoid?5?$CK?$CJ?50?$CJ?$CJ?5?$CG?$CG?5?$CISk@ 00028f00     TcpDxe:TcpDispatcher.obj
 0002:00000f58       ??_C@_0BD@BELHDLHH@Sk?9?$DOIpVersion?5?$DN?$DN?56?$AA@ 00028f58     TcpDxe:TcpDispatcher.obj
 0002:00000f6c       ??_C@_0CP@BMHLDHLK@TcpConfigurePcb?3?5Bind?5endpoint?5f@ 00028f6c     TcpDxe:TcpDispatcher.obj
 0002:00000fa0       ??_C@_0EM@HCKADPHN@Tcb?9?$DOState?5?$DN?$DN?50?5?$CG?$CG?5IsListEmpty?5?$CI@ 00028fa0     TcpDxe:TcpDispatcher.obj
 0002:00000fec       ??_C@_0DA@CGCACGEK@?$CIData?5?$CB?$DN?5?$CI?$CIvoid?5?$CK?$CJ?50?$CJ?$CJ?5?$CG?$CG?5?$CITcb?5?$CB@ 00028fec     TcpDxe:TcpDispatcher.obj
 0002:00001020       ??_C@_0EN@KMMNJEPI@?$CIData?5?$CB?$DN?5?$CI?$CIvoid?5?$CK?$CJ?50?$CJ?$CJ?5?$CG?$CG?5?$CITcb?5?$CB@ 00029020     TcpDxe:TcpDispatcher.obj
 0002:00001070       ??_C@_03LKLGDMJI@eng?$AA@  00029070     TcpDxe:ComponentName.obj
 0002:00001074       ??_C@_02LFNMGJAP@en?$AA@   00029074     TcpDxe:ComponentName.obj
 0002:00001078       ??_C@_06DALJLGPG@eng?$DLen?$AA@ 00029078     TcpDxe:ComponentName.obj
 0002:00001080       ??_C@_1DG@JOLAEAKF@?$AAT?$AAC?$AAP?$AA?5?$AAN?$AAe?$AAt?$AAw?$AAo?$AAr?$AAk?$AA?5?$AAS?$AAe?$AAr?$AAv?$AAi?$AAc?$AAe?$AA?5?$AAD?$AAr?$AAi?$AAv?$AAe?$AAr?$AA?$AA@ 00029080     TcpDxe:ComponentName.obj
 0002:000010b8       ??_C@_19ELAAHEEL@?$AAT?$AAR?$AAU?$AAE?$AA?$AA@ 000290b8     TcpDxe:ComponentName.obj
 0002:000010c4       ??_C@_1M@HCOOECOK@?$AAF?$AAA?$AAL?$AAS?$AAE?$AA?$AA@ 000290c4     TcpDxe:ComponentName.obj
 0002:000010d0       ??_C@_1FO@IPPLECM@?$AAT?$AAC?$AAP?$AAv?$AA4?$AA?5?$AA?$CI?$AAS?$AAr?$AAc?$AAP?$AAo?$AAr?$AAt?$AA?$DN?$AA?$CF?$AAd?$AA?0?$AA?5?$AAD?$AAe?$AAs?$AAt?$AAP?$AAo?$AAr?$AAt?$AA?$DN?$AA?$CF?$AAd?$AA?0?$AA?5@ 000290d0     TcpDxe:ComponentName.obj
 0002:00001130       ??_C@_1CI@DMBONAAI@?$AAT?$AAC?$AAP?$AAv?$AA4?$AA?5?$AA?$CI?$AAN?$AAo?$AAt?$AA?5?$AAs?$AAt?$AAa?$AAr?$AAt?$AAe?$AAd?$AA?$CJ?$AA?$AA@ 00029130     TcpDxe:ComponentName.obj
 0002:00001158       ??_C@_1FM@NLJJGDBI@?$AAT?$AAC?$AAP?$AAv?$AA6?$AA?$CI?$AAS?$AAr?$AAc?$AAP?$AAo?$AAr?$AAt?$AA?$DN?$AA?$CF?$AAd?$AA?0?$AA?5?$AAD?$AAe?$AAs?$AAt?$AAP?$AAo?$AAr?$AAt?$AA?$DN?$AA?$CF?$AAd?$AA?0?$AA?5?$AAA@ 00029158     TcpDxe:ComponentName.obj
 0002:000011b4       ??_C@_1CG@ODHDHMD@?$AAT?$AAC?$AAP?$AAv?$AA6?$AA?$CI?$AAN?$AAo?$AAt?$AA?5?$AAs?$AAt?$AAa?$AAr?$AAt?$AAe?$AAd?$AA?$CJ?$AA?$AA@ 000291b4     TcpDxe:ComponentName.obj
 0002:000011e0       ??_C@_0FC@HKDEHFFN@TcpConnectTimeout?3?5connection?5cl@ 000291e0     TcpDxe:TcpTimer.obj
 0002:00001238       ??_C@_0EL@GNJPLHDH@TcpConnectTimeout?3?5send?5reset?5be@ 00029238     TcpDxe:TcpTimer.obj
 0002:00001284       ??_C@_0DD@PCAJGKDJ@TcpRexmitTimeout?3?5transmission?5t@ 00029284     TcpDxe:TcpTimer.obj
 0002:000012b8       ??_C@_0EK@HDLEKPHN@TcpRexmitTimeout?3?5connection?5clo@ 000292b8     TcpDxe:TcpTimer.obj
 0002:00001304       ??_C@_0CI@JPMLJJAP@?$CI?$CITcb?9?$DOEnabledTimer?$CJ?5?$CG?5?$CI1?5?$DM?$DM?5?$CI1?$CJ@ 00029304     TcpDxe:TcpTimer.obj
 0002:00001330       ??_C@_0FF@KAAELLGC@c?3?2users?2mliang2x?2workspace?2ming@ 00029330     TcpDxe:TcpTimer.obj
 0002:00001388       ??_C@_0FD@ONCPLGFH@TcpFinwait2Timeout?3?5connection?5c@ 00029388     TcpDxe:TcpTimer.obj
 0002:000013e0       ??_C@_0EP@BJKHABKF@Tcp2MSLTimeout?3?5connection?5close@ 000293e0     TcpDxe:TcpTimer.obj
 0002:00001430       ??_C@_0EI@JINEIAIH@?$CISockBuffer?5?$CB?$DN?5?$CI?$CIvoid?5?$CK?$CJ?50?$CJ?$CJ?5?$CG?$CG?5@ 00029430     TcpDxe:SockImpl.obj
 0002:00001478       ??_C@_0FF@INNIHAMI@c?3?2users?2mliang2x?2workspace?2ming@ 00029478     TcpDxe:SockImpl.obj
 0002:000014d0       ??_C@_0BM@BAENILHI@RcvBufEntry?5?$CB?$DN?5?$CI?$CIvoid?5?$CK?$CJ?50?$CJ?$AA@ 000294d0     TcpDxe:SockImpl.obj
 0002:000014ec       ??_C@_0CA@GKLNBCKH@RxData?9?$DODataLength?5?$DO?$DN?5RcvdBytes?$AA@ 000294ec     TcpDxe:SockImpl.obj
 0002:0000150c       ??_C@_0DF@COAAPGBA@?$CISock?5?$CB?$DN?5?$CI?$CIvoid?5?$CK?$CJ?50?$CJ?$CJ?5?$CG?$CG?5?$CISockS@ 0002950c     TcpDxe:SockImpl.obj
 0002:00001544       ??_C@_0DG@OLLDCMEP@SockKProcessSndData?3?5Failed?5to?5c@ 00029544     TcpDxe:SockImpl.obj
 0002:0000157c       ??_C@_0DN@FAEEONGK@?$CISock?5?$CB?$DN?5?$CI?$CIvoid?5?$CK?$CJ?50?$CJ?$CJ?5?$CG?$CG?5?$CIPendi@ 0002957c     TcpDxe:SockImpl.obj
 0002:000015bc       ??_C@_0CG@NPEDHFDK@Sock?9?$DOConnectionToken?5?$CB?$DN?5?$CI?$CIvoid?5@ 000295bc     TcpDxe:SockImpl.obj
 0002:000015e8       ??_C@_0EL@DFFNMNI@?$CIParent?5?$CB?$DN?5?$CI?$CIvoid?5?$CK?$CJ?50?$CJ?$CJ?5?$CG?$CG?5?$CI?$CIPa@ 000295e8     TcpDxe:SockImpl.obj
 0002:00001634       ??_C@_0DI@ILDOHNHM@SockWakeListenToken?3?5accept?5a?5so@ 00029634     TcpDxe:SockImpl.obj
 0002:0000166c       ??_C@_0CK@JNDFFOGB@Sock?9?$DORcvBuffer?4DataQueue?5?$CB?$DN?5?$CI?$CIv@ 0002966c     TcpDxe:SockImpl.obj
 0002:00001698       ??_C@_0O@PMDBAPOH@RcvdBytes?5?$DO?50?$AA@ 00029698     TcpDxe:SockImpl.obj
 0002:000016a8       ??_C@_0DK@JFOJFMLL@IsListEmpty?5?$CISpecifiedTokenList?$CJ@ 000296a8     TcpDxe:SockImpl.obj
 0002:000016e8       ??_C@_0EP@CPLBLBEL@?$CISockInitData?5?$CB?$DN?5?$CI?$CIvoid?5?$CK?$CJ?50?$CJ?$CJ?5?$CG@ 000296e8     TcpDxe:SockImpl.obj
 0002:00001738       ??_C@_0CB@ILIIBGPF@SockInitData?9?$DOType?5?$DN?$DN?5SockStream@ 00029738     TcpDxe:SockImpl.obj
 0002:00001760       ??_C@_0EM@OCAFLBOG@?$CISockInitData?9?$DOProtoData?5?$CB?$DN?5?$CI?$CIvo@ 00029760     TcpDxe:SockImpl.obj
 0002:000017b0       ??_C@_0FL@PEJBEBIL@SockCreate?3?5Socket?5parent?5has?5re@ 000297b0     TcpDxe:SockImpl.obj
 0002:0000180c       ??_C@_0DA@NLLIPIHL@SockCreate?3?5No?5resource?5to?5creat@ 0002980c     TcpDxe:SockImpl.obj
 0002:0000183c       ??_C@_0DO@KMNGAMAA@SockCreate?3?5No?5resource?5to?5alloc@ 0002983c     TcpDxe:SockImpl.obj
 0002:0000187c       ??_C@_0DO@JPKGFAOH@SockCreate?3?5No?5resource?5to?5alloc@ 0002987c     TcpDxe:SockImpl.obj
 0002:000018bc       ??_C@_0DL@MFINPJKO@SockCreate?3?5Install?5TCP?5protocol@ 000298bc     TcpDxe:SockImpl.obj
 0002:000018f8       ??_C@_0BE@EJIINIMH@Parent?9?$DOBackLog?5?$DO?50?$AA@ 000298f8     TcpDxe:SockImpl.obj
 0002:0000190c       ??_C@_0BH@OFJIDOHE@?$CI?$CIParent?$CJ?9?$DOState?5?$DN?$DN?51?$CJ?$AA@ 0002990c     TcpDxe:SockImpl.obj
 0002:00001928       ??_C@_0EG@NFJFAPAN@SockCreate?3?5Create?5a?5new?5socket?5@ 00029928     TcpDxe:SockImpl.obj
 0002:00001970       ??_C@_0EH@FMEDLCDA@SockDestroy?3?5Delete?5a?5unaccepted@ 00029970     TcpDxe:SockImpl.obj
 0002:000019b8       ??_C@_0DA@HJKMBOFG@SockClone?3?5no?5resource?5to?5create@ 000299b8     TcpDxe:SockImpl.obj
 0002:000019e8       ??_C@_0BB@OLLKPCGG@2?5?$DN?$DN?5Sock?9?$DOState?$AA@ 000299e8     TcpDxe:SockImpl.obj
 0002:000019fc       ??_C@_0CN@EPFNEOFN@?$CBIsListEmpty?5?$CI?$CGSock?9?$DOProcessingS@ 000299fc     TcpDxe:SockImpl.obj
 0002:00001a2c       ??_C@_0CO@MLMDPHLK@Count?5?$DM?$DN?5?$CISock?9?$DOSndBuffer?4DataQu@ 00029a2c     TcpDxe:SockImpl.obj
 0002:00001a5c       ??_C@_0DD@MOPLGMFP@?$CISock?5?$CB?$DN?5?$CI?$CIvoid?5?$CK?$CJ?50?$CJ?$CJ?5?$CG?$CG?5SockSt@ 00029a5c     TcpDxe:SockImpl.obj
 0002:00001a90       ??_C@_0GI@LFLFCPBI@?$CISock?5?$CB?$DN?5?$CI?$CIvoid?5?$CK?$CJ?50?$CJ?$CJ?5?$CG?$CG?5?$CISock?9@ 00029a90     TcpDxe:SockImpl.obj
 0002:00001af8       ??_C@_0DH@DFEPEAAM@Sock?5?$CB?$DN?5?$CI?$CIvoid?5?$CK?$CJ?50?$CJ?5?$CG?$CG?5?$CI?$CI0?5?$DN?$DN?5W@ 00029af8     TcpDxe:SockImpl.obj
 0002:00001b30       ??_C@_0CO@PJLFDEHL@0?5?$DN?$DN?5?$CI?$CI?$CISock?$CJ?9?$DORcvBuffer?4DataQue@ 00029b30     TcpDxe:SockImpl.obj
 0002:00001b60       ??_C@_0DD@KIKIBFOM@?$CITcb?5?$CB?$DN?5?$CI?$CIvoid?5?$CK?$CJ?50?$CJ?$CJ?5?$CG?$CG?5?$CITcb?9?$DOS@ 00029b60     TcpDxe:TcpOption.obj
 0002:00001b98       ??_C@_0FG@FOAPMGPM@c?3?2users?2mliang2x?2workspace?2ming@ 00029b98     TcpDxe:TcpOption.obj
 0002:00001bf0       ??_C@_0EP@IGPEGGPD@?$CITcb?5?$CB?$DN?5?$CI?$CIvoid?5?$CK?$CJ?50?$CJ?$CJ?5?$CG?$CG?5?$CINbuf?5?$CB@ 00029bf0     TcpDxe:TcpOption.obj
 0002:00001c40       ??_C@_0BF@OBJIPFIC@Data?5?$CB?$DN?5?$CI?$CIvoid?5?$CK?$CJ?50?$CJ?$AA@ 00029c40     TcpDxe:TcpOption.obj
 0002:00001c58       ??_C@_0DC@EEELABNP@?$CITcp?5?$CB?$DN?5?$CI?$CIvoid?5?$CK?$CJ?50?$CJ?$CJ?5?$CG?$CG?5?$CIOption@ 00029c58     TcpDxe:TcpOption.obj
 0002:00001c8c       ??_C@_0BD@KINAEDKH@Sk?5?$CB?$DN?5?$CI?$CIvoid?5?$CK?$CJ?50?$CJ?$AA@ 00029c8c     TcpDxe:TcpOutput.obj
 0002:00001ca0       ??_C@_0FG@CHMCKDBD@c?3?2users?2mliang2x?2workspace?2ming@ 00029ca0     TcpDxe:TcpOutput.obj
 0002:00001cf8       ??_C@_0EK@GGBPDEDG@?$CI?$CIINT32?$CJ?5?$CI?$CITcb?9?$DOSndNxt?$CJ?5?9?5?$CI?$CI?$CITCP@ 00029cf8     TcpDxe:TcpOutput.obj
 0002:00001d44       ??_C@_0DC@FLNFOIDB@TcpDataToSend?3?5enter?5persistent?5@ 00029d44     TcpDxe:TcpOutput.obj
 0002:00001d78       ??_C@_0DG@BCKENACD@?$CINbuf?5?$CB?$DN?5?$CI?$CIvoid?5?$CK?$CJ?50?$CJ?$CJ?5?$CG?$CG?5?$CINbuf?9@ 00029d78     TcpDxe:TcpOutput.obj
 0002:00001db0       ??_C@_0BO@JOEHPCF@?$CILen?5?$CF?54?5?$DN?$DN?50?$CJ?5?$CG?$CG?5?$CILen?5?$DM?$DN?540?$CJ?$AA@ 00029db0     TcpDxe:TcpOutput.obj
 0002:00001dd0       ??_C@_0EN@CIOEAHHL@?$CITcb?5?$CB?$DN?5?$CI?$CIvoid?5?$CK?$CJ?50?$CJ?$CJ?5?$CG?$CG?5?$CI?$CIINT32@ 00029dd0     TcpDxe:TcpOutput.obj
 0002:00001e20       ??_C@_0N@NJKHHBAK@CopyLen?5?$DO?$DN?50?$AA@ 00029e20     TcpDxe:TcpOutput.obj
 0002:00001e30       ??_C@_0DL@IAMMLPHA@TcpGetSegmentSock?3?5failed?5to?5all@ 00029e30     TcpDxe:TcpOutput.obj
 0002:00001e70       ??_C@_0FA@DOOPKKDA@TcpRetransmit?3?5retransmission?5wi@ 00029e70     TcpDxe:TcpOutput.obj
 0002:00001ec0       ??_C@_0FC@LJBCDKLC@TcpRetransmit?3?5retransmission?5ca@ 00029ec0     TcpDxe:TcpOutput.obj
 0002:00001f14       ??_C@_0BK@EFAMENHB@Nbuf?9?$DOTcp?5?$CB?$DN?5?$CI?$CIvoid?5?$CK?$CJ?50?$CJ?$AA@ 00029f14     TcpDxe:TcpOutput.obj
 0002:00001f30       ??_C@_0EI@DGMCPGPI@?$CITcb?5?$CB?$DN?5?$CI?$CIvoid?5?$CK?$CJ?50?$CJ?$CJ?5?$CG?$CG?5?$CITcb?9?$DOS@ 00029f30     TcpDxe:TcpOutput.obj
 0002:00001f78       ??_C@_0EE@MBAMCMNL@?$CITcb?9?$DOState?$CJ?5?$DM?5?$CI?$CIsizeof?5?$CImTcpOut@ 00029f78     TcpDxe:TcpOutput.obj
 0002:00001fbc       ??_C@_0DD@POJLAJIC@TcpToSendData?3?5failed?5to?5get?5a?5s@ 00029fbc     TcpDxe:TcpOutput.obj
 0002:00001ff0       ??_C@_0DI@DJJEIGF@TcpToSendData?3?5send?5FIN?5to?5peer?5@ 00029ff0     TcpDxe:TcpOutput.obj
 0002:00002028       ??_C@_0DE@HEKBBOGD@TcpToSendData?3?5discard?5a?5broken?5@ 0002a028     TcpDxe:TcpOutput.obj
 0002:00002060       ??_C@_0EA@HJEMBCMB@TcpToSendData?3?5created?5a?5empty?5s@ 0002a060     TcpDxe:TcpOutput.obj
 0002:000020a0       ??_C@_0DH@OHIANPHK@TcpToSendData?3?5set?5RTT?5measure?5s@ 0002a0a0     TcpDxe:TcpOutput.obj
 0002:000020d8       ??_C@_0DC@NGJBHHGA@TcpToSendAck?3?5scheduled?5a?5delaye@ 0002a0d8     TcpDxe:TcpOutput.obj
 0002:00002110       ??_C@_0GL@IFMHLCLE@?$CI?$CINbuf?$CJ?5?$CB?$DN?5?$CI?$CIvoid?5?$CK?$CJ?50?$CJ?$CJ?5?$CG?$CG?5?$CI?$CINb@ 0002a110     TcpDxe:TcpOutput.obj
 0002:00002180       ??_C@_0EL@OIHMCNAI@TcpFastRecover?3?5enter?5fast?5retra@ 0002a180     TcpDxe:TcpInput.obj
 0002:000021d0       ??_C@_0EB@HDIEAPBA@TcpFastRecover?3?5received?5another@ 0002a1d0     TcpDxe:TcpInput.obj
 0002:00002218       ??_C@_0EI@COLCCDBH@TcpFastRecover?3?5received?5a?5full?5@ 0002a218     TcpDxe:TcpInput.obj
 0002:00002260       ??_C@_0DH@PLMMJIMD@TcpFastRecover?3?5received?5a?5parti@ 0002a260     TcpDxe:TcpInput.obj
 0002:00002298       ??_C@_0DI@IMPKFFOM@TcpFastLossRecover?3?5received?5a?5f@ 0002a298     TcpDxe:TcpInput.obj
 0002:000022d0       ??_C@_0DL@KEBLGCNJ@TcpFastLossRecover?3?5received?5a?5p@ 0002a2d0     TcpDxe:TcpInput.obj
 0002:00002310       ??_C@_0EI@HKNFAOJL@TcpComputeRtt?3?5new?5RTT?5for?5TCB?5?$CF@ 0002a310     TcpDxe:TcpInput.obj
 0002:00002358       ??_C@_0FF@HINOHIAN@c?3?2users?2mliang2x?2workspace?2ming@ 0002a358     TcpDxe:TcpInput.obj
 0002:000023b0       ??_C@_0BK@EAJKACH@Nbuf?9?$DOTcp?5?$DN?$DN?5?$CI?$CIvoid?5?$CK?$CJ?50?$CJ?$AA@ 0002a3b0     TcpDxe:TcpInput.obj
 0002:000023d0       ??_C@_0EP@EAMFMCMP@TcpDeliverData?3?5data?5received?5af@ 0002a3d0     TcpDxe:TcpInput.obj
 0002:00002420       ??_C@_0DE@EKOMNHBO@TcpDeliverData?3?5processing?5FIN?5f@ 0002a420     TcpDxe:TcpInput.obj
 0002:00002458       ??_C@_0EL@DBPCOPCI@Connection?5closed?5immediately?5be@ 0002a458     TcpDxe:TcpInput.obj
 0002:000024a4       ??_C@_0CH@KDGNBIEG@TcpInput?3?5received?5a?5malformed?5p@ 0002a4a4     TcpDxe:TcpInput.obj
 0002:000024cc       ??_C@_0CM@MCJMMPBG@TcpInput?3?5received?5a?5checksum?5er@ 0002a4cc     TcpDxe:TcpInput.obj
 0002:000024f8       ??_C@_0CL@NFDNBPLI@TcpInput?3?5send?5reset?5because?5no?5@ 0002a4f8     TcpDxe:TcpInput.obj
 0002:00002528       ??_C@_0EB@NGLHCAL@TcpInput?3?5reset?5the?5peer?5because@ 0002a528     TcpDxe:TcpInput.obj
 0002:0000256c       ??_C@_0DL@HIGIJJFG@TcpInput?3?5discard?5a?5reset?5segmen@ 0002a56c     TcpDxe:TcpInput.obj
 0002:000025a8       ??_C@_0EK@FDBCBHLG@TcpInput?3?5send?5reset?5because?5of?5@ 0002a5a8     TcpDxe:TcpInput.obj
 0002:000025f8       ??_C@_0EI@NHICPLGK@TcpInput?3?5discard?5a?5segment?5beca@ 0002a5f8     TcpDxe:TcpInput.obj
 0002:00002640       ??_C@_0DC@PKFGNGH@TcpInput?3?5create?5a?5child?5for?5TCB@ 0002a640     TcpDxe:TcpInput.obj
 0002:00002674       ??_C@_0CP@OLCBPKPL@TcpInput?3?5discard?5a?5broken?5segme@ 0002a674     TcpDxe:TcpInput.obj
 0002:000026a8       ??_C@_0EL@EIANFNHO@TcpInput?3?5send?5reset?5because?5of?5@ 0002a6a8     TcpDxe:TcpInput.obj
 0002:000026f4       ??_C@_0DL@JJCDFPPD@TcpInput?3?5connection?5reset?5by?5pe@ 0002a6f4     TcpDxe:TcpInput.obj
 0002:00002730       ??_C@_0EM@NPDFBOKP@TcpInput?3?5discard?5a?5reset?5segmen@ 0002a730     TcpDxe:TcpInput.obj
 0002:0000277c       ??_C@_0DJ@CLCGNILB@TcpInput?3?5connection?5established@ 0002a77c     TcpDxe:TcpInput.obj
 0002:000027b8       ??_C@_0BM@PBBLGGK@Tcb?9?$DOSndNxt?5?$DN?$DN?5Tcb?9?$DOIss?5?$CL?51?$AA@ 0002a7b8     TcpDxe:TcpInput.obj
 0002:000027d4       ??_C@_0DE@HFEAJPAO@TcpInput?3?5simultaneous?5open?5for?5@ 0002a7d4     TcpDxe:TcpInput.obj
 0002:00002808       ??_C@_0EB@PEGFNLKM@TcpInput?3?5sequence?5acceptance?5te@ 0002a808     TcpDxe:TcpInput.obj
 0002:0000284c       ??_C@_0CH@LPGMAFBP@TcpInput?3?5connection?5reset?5for?5T@ 0002a84c     TcpDxe:TcpInput.obj
 0002:00002878       ??_C@_0EC@FOGKOBOK@TcpInput?3?5connection?5reset?5becau@ 0002a878     TcpDxe:TcpInput.obj
 0002:000028c0       ??_C@_0EC@IPOAEBBM@TcpInput?3?5segment?5discard?5becaus@ 0002a8c0     TcpDxe:TcpInput.obj
 0002:00002904       ??_C@_0DJ@OGLBCCLE@TcpInput?3?5connection?5established@ 0002a904     TcpDxe:TcpInput.obj
 0002:00002940       ??_C@_0EC@ICDNHGCN@TcpInput?3?5send?5reset?5because?5of?5@ 0002a940     TcpDxe:TcpInput.obj
 0002:00002984       ??_C@_0DL@GCAMCCOC@TcpInput?3?5ignore?5the?5out?9of?9data@ 0002a984     TcpDxe:TcpInput.obj
 0002:000029c0       ??_C@_0DP@CCOLDCLO@TcpInput?3?5discard?5segment?5for?5fu@ 0002a9c0     TcpDxe:TcpInput.obj
 0002:00002a00       ??_C@_0BH@EBHNKDEG@Tcb?9?$DOCongestState?5?$DN?$DN?53?$AA@ 0002aa00     TcpDxe:TcpInput.obj
 0002:00002a18       ??_C@_0DI@MNAPMKHC@TcpInput?3?5peer?5shrinks?5the?5windo@ 0002aa18     TcpDxe:TcpInput.obj
 0002:00002a50       ??_C@_0EE@LKMHLLLJ@TcpInput?3?5peer?5advise?5negative?5u@ 0002aa50     TcpDxe:TcpInput.obj
 0002:00002a98       ??_C@_0EI@JNOLIKAK@TcpInput?3?5SndNxt?5is?5out?5of?5windo@ 0002aa98     TcpDxe:TcpInput.obj
 0002:00002ae0       ??_C@_0DL@GBBFMMHP@TcpInput?3?5local?5FIN?5is?5ACKed?5by?5@ 0002aae0     TcpDxe:TcpInput.obj
 0002:00002b1c       ??_C@_0DP@LOFLCKON@TcpInput?3?5received?5urgent?5data?5f@ 0002ab1c     TcpDxe:TcpInput.obj
 0002:00002b60       ??_C@_0EG@FDPJIBIA@TcpInput?3?5connection?5reset?5becau@ 0002ab60     TcpDxe:TcpInput.obj
 0002:00002ba8       ??_C@_0BM@EEAAIEFJ@TcpInput?3?5Discard?5a?5packet?6?$AA@ 0002aba8     TcpDxe:TcpInput.obj
 0002:00002bc4       ??_C@_0BI@CADIBEOM@Tcb?9?$DOSk?5?$CB?$DN?5?$CI?$CIvoid?5?$CK?$CJ?50?$CJ?$AA@ 0002abc4     TcpDxe:TcpInput.obj
 0002:00002bdc       ??_C@_0CI@BGLNHBLM@?$CI?$CI?$CIUINTN?$CJ?5?$CIStartOfBuffer?$CJ?$CJ?5?$CG?50x0@ 0002abdc     BasePrintLib:PrintLib.obj
 0002:00002c08       ??_C@_0FP@HCMIGMKH@c?3?2users?2mliang2x?2workspace?2ming@ 0002ac08     BasePrintLib:PrintLib.obj
 0002:00002c68       ??_C@_0CH@KJLBGOBB@?$CI?$CI?$CIUINTN?$CJ?5?$CIFormatString?$CJ?$CJ?5?$CG?50x01@ 0002ac68     BasePrintLib:PrintLib.obj
 0002:00002c90       ??_C@_0BH@IACGKAP@Buffer?5?$CB?$DN?5?$CI?$CIvoid?5?$CK?$CJ?50?$CJ?$AA@ 0002ac90     BasePrintLib:PrintLibInternal.obj
 0002:00002ca8       ??_C@_0GH@MLMKDJJP@c?3?2users?2mliang2x?2workspace?2ming@ 0002aca8     BasePrintLib:PrintLibInternal.obj
 0002:00002d10       ??_C@_0BJ@CNKJJNE@?$CIBuffer?5?$CB?$DN?5?$CI?$CIvoid?5?$CK?$CJ?50?$CJ?$CJ?$AA@ 0002ad10     BasePrintLib:PrintLibInternal.obj
 0002:00002d30       ??_C@_0EB@HDGIDCIO@?$CIBufferSize?5?$DM?$DN?5?$CI_gPcd_FixedAtBui@ 0002ad30     BasePrintLib:PrintLibInternal.obj
 0002:00002d74       ??_C@_0BJ@PPAKKDJG@?$CIFormat?5?$CB?$DN?5?$CI?$CIvoid?5?$CK?$CJ?50?$CJ?$CJ?$AA@ 0002ad74     BasePrintLib:PrintLibInternal.obj
 0002:00002d90       ??_C@_0ED@LPDDCECB@?$CIBufferSize?5?$DM?$DN?5?$CI_gPcd_FixedAtBui@ 0002ad90     BasePrintLib:PrintLibInternal.obj
 0002:00002dd8       ??_C@_0IM@BFJJFLGB@?$CIStrnLenS?5?$CI?$CICHAR16?5?$CK?$CJFormat?0?5?$CI_g@ 0002add8     BasePrintLib:PrintLibInternal.obj
 0002:00002e68       ??_C@_0ID@PLGJGION@?$CIAsciiStrnLenS?5?$CIFormat?0?5?$CI_gPcd_F@ 0002ae68     BasePrintLib:PrintLibInternal.obj
 0002:00002eec       ??_C@_0O@MLOLIMFM@?$DMnull?5string?$DO?$AA@ 0002aeec     BasePrintLib:PrintLibInternal.obj
 0002:00002efc       ??_C@_0M@BJJDNPHK@?$DMnull?5guid?$DO?$AA@ 0002aefc     BasePrintLib:PrintLibInternal.obj
 0002:00002f08       ??_C@_0DB@PMLHLBMO@?$CF08x?9?$CF04x?9?$CF04x?9?$CF02x?$CF02x?9?$CF02x?$CF02x@ 0002af08     BasePrintLib:PrintLibInternal.obj
 0002:00002f3c       ??_C@_0M@LHGBCIKM@?$DMnull?5time?$DO?$AA@ 0002af3c     BasePrintLib:PrintLibInternal.obj
 0002:00002f48       ??_C@_0BK@FCPKCIDD@?$CF02d?1?$CF02d?1?$CF04d?5?5?$CF02d?3?$CF02d?$AA@ 0002af48     BasePrintLib:PrintLibInternal.obj
 0002:00002f64       ??_C@_04JIMNDDED@?$CF08X?$AA@ 0002af64     BasePrintLib:PrintLibInternal.obj
 0002:00002f6c       ??_C@_02PCIJFNDE@?$AN?6?$AA@ 0002af6c     BasePrintLib:PrintLibInternal.obj
 0002:00002f70       ??_C@_01LIIJDEN@?$AN?$AA@  0002af70     BasePrintLib:PrintLibInternal.obj
 0002:00002f78       _mWarningString            0002af78     BasePrintLib:PrintLibInternal.obj
 0002:00003040       _mErrorString              0002b040     BasePrintLib:PrintLibInternal.obj
 0002:00003320       _mHexStr                   0002b320     BasePrintLib:PrintLibInternal.obj
 0002:00003330       ??_C@_0HF@CMOOABOD@c?3?2users?2mliang2x?2workspace?2ming@ 0002b330     UefiMemoryAllocationLib:MemoryAllocationLib.obj
 0002:000033a8       ??_C@_0DD@HIGIPKGN@AllocationSize?5?$DM?$DN?5?$CI0xFFFFFFFF?5?9?5@ 0002b3a8     UefiMemoryAllocationLib:MemoryAllocationLib.obj
 0002:000033dc       ??_C@_0BH@LKMBFCBF@Format?5?$CB?$DN?5?$CI?$CIvoid?5?$CK?$CJ?50?$CJ?$AA@ 0002b3dc     PeiDxeDebugLibReportStatusCode:DebugLib.obj
 0002:000033f8       ??_C@_0HH@BLJPNBBN@c?3?2users?2mliang2x?2workspace?2ming@ 0002b3f8     PeiDxeDebugLibReportStatusCode:DebugLib.obj
 0002:00003470       ??_C@_0CP@EFCGCEBK@?$CICHAR8?5?$CK?$CJBaseListMarkerPointer?5?$DM@ 0002b470     PeiDxeDebugLibReportStatusCode:DebugLib.obj
 0002:000034a0       ??_C@_01OHGJGJJP@?$FL?$AA@ 0002b4a0     PeiDxeDebugLibReportStatusCode:DebugLib.obj
 0002:000034a4       ??_C@_02PBFOLPKM@?$FN?5?$AA@ 0002b4a4     PeiDxeDebugLibReportStatusCode:DebugLib.obj
 0002:000034a8       ??_C@_0BF@CBLMFKOC@Node?5?$CB?$DN?5?$CI?$CIvoid?5?$CK?$CJ?50?$CJ?$AA@ 0002b4a8     UefiDevicePathLib:DevicePathUtilities.obj
 0002:000034c0       ??_C@_0GP@HHJAOHCF@c?3?2users?2mliang2x?2workspace?2ming@ 0002b4c0     UefiDevicePathLib:DevicePathUtilities.obj
 0002:00003530       ??_C@_0EH@ENCEEKKL@?$CILength?5?$DO?$DN?5sizeof?5?$CIEFI_DEVICE_PA@ 0002b530     UefiDevicePathLib:DevicePathUtilities.obj
 0002:00003578       _mUefiDevicePathLibEndDevicePath 0002b578     UefiDevicePathLib:DevicePathUtilities.obj
 0002:0000357c       ??_C@_0DI@PHOMHDKH@?$CILength?5?9?51?$CJ?5?$DM?$DN?5?$CI0xFFFFFFFF?5?9?5?$CIU@ 0002b57c     BaseMemoryLib:CopyMemWrapper.obj
 0002:000035b8       ??_C@_0GG@HCOKHFCC@c?3?2users?2mliang2x?2workspace?2ming@ 0002b5b8     BaseMemoryLib:CopyMemWrapper.obj
 0002:00003620       ??_C@_0DD@DCDOHCDJ@?$CILength?5?9?51?$CJ?5?$DM?$DN?5?$CI0xFFFFFFFF?5?9?5?$CIU@ 0002b620     BaseMemoryLib:CopyMemWrapper.obj
 0002:00003658       ??_C@_0GG@MGEIBEOF@c?3?2users?2mliang2x?2workspace?2ming@ 0002b658     BaseMemoryLib:ZeroMemWrapper.obj
 0002:000036c0       ??_C@_0CL@OBMFBPED@Length?5?$DM?$DN?5?$CI0xFFFFFFFF?5?9?5?$CIUINTN?$CJB@ 0002b6c0     BaseMemoryLib:ZeroMemWrapper.obj
 0002:000036ec       ??_C@_0CC@JOEHDGKB@DestinationBuffer?5?$CB?$DN?5?$CI?$CIvoid?5?$CK?$CJ?50@ 0002b6ec     BaseMemoryLib:CompareMemWrapper.obj
 0002:00003710       ??_C@_0GJ@KBFGPLNL@c?3?2users?2mliang2x?2workspace?2ming@ 0002b710     BaseMemoryLib:CompareMemWrapper.obj
 0002:0000377c       ??_C@_0BN@MDMCNBCC@SourceBuffer?5?$CB?$DN?5?$CI?$CIvoid?5?$CK?$CJ?50?$CJ?$AA@ 0002b77c     BaseMemoryLib:CompareMemWrapper.obj
 0002:0000379c       ??_C@_0CN@BPIPMCPJ@?$CILength?5?9?51?$CJ?5?$DM?$DN?5?$CI0xFFFFFFFF?5?9?5?$CIU@ 0002b79c     BaseMemoryLib:SetMemWrapper.obj
 0002:000037d0       ??_C@_0GF@DIGHFKK@c?3?2users?2mliang2x?2workspace?2ming@ 0002b7d0     BaseMemoryLib:SetMemWrapper.obj
 0002:00003838       ??_C@_0BF@NJNGJMPC@List?5?$CB?$DN?5?$CI?$CIvoid?5?$CK?$CJ?50?$CJ?$AA@ 0002b838     BaseLib:LinkedList.obj
 0002:00003850       ??_C@_0FM@OPLAEOJM@c?3?2users?2mliang2x?2workspace?2ming@ 0002b850     BaseLib:LinkedList.obj
 0002:000038ac       ??_C@_0CC@KDLPLAED@List?9?$DOForwardLink?5?$CB?$DN?5?$CI?$CIvoid?5?$CK?$CJ?50@ 0002b8ac     BaseLib:LinkedList.obj
 0002:000038d0       ??_C@_0BP@IJJCCMAK@List?9?$DOBackLink?5?$CB?$DN?5?$CI?$CIvoid?5?$CK?$CJ?50?$CJ?$AA@ 0002b8d0     BaseLib:LinkedList.obj
 0002:000038f0       ??_C@_0CI@BMHOPIIO@InternalBaseLibIsListValid?5?$CIFirs@ 0002b8f0     BaseLib:LinkedList.obj
 0002:00003918       ??_C@_0BM@BAIHHOEP@SecondEntry?5?$CB?$DN?5?$CI?$CIvoid?5?$CK?$CJ?50?$CJ?$AA@ 0002b918     BaseLib:LinkedList.obj
 0002:00003934       ??_C@_0BJ@NJABNCDK@ListHead?5?$CB?$DN?5?$CI?$CIvoid?5?$CK?$CJ?50?$CJ?$AA@ 0002b934     BaseLib:LinkedList.obj
 0002:00003950       ??_C@_0DI@HOMAKAJD@?$CI?$CIBOOLEAN?$CJ?$CI0?$DN?$DN1?$CJ?$CJ?5?$DN?$DN?5IsNodeInLis@ 0002b950     BaseLib:LinkedList.obj
 0002:00003988       ??_C@_0CG@LGIALJFK@InternalBaseLibIsListValid?5?$CIList@ 0002b988     BaseLib:LinkedList.obj
 0002:000039b0       ??_C@_0CC@JLDICICM@InternalBaseLibIsListValid?5?$CIList@ 0002b9b0     BaseLib:LinkedList.obj
 0002:000039d4       ??_C@_0DD@OAAIDOJD@?$CI?$CIBOOLEAN?$CJ?$CI1?$DN?$DN1?$CJ?$CJ?5?$DN?$DN?5IsNodeInLis@ 0002b9d4     BaseLib:LinkedList.obj
 0002:00003a08       ??_C@_0BF@NMBJJECB@?$CBIsListEmpty?5?$CIEntry?$CJ?$AA@ 0002ba08     BaseLib:LinkedList.obj
 0002:00003a20       ??_C@_0FL@JMOEMBON@c?3?2users?2mliang2x?2workspace?2ming@ 0002ba20     BaseLib:Unaligned.obj
 0002:00003a7c       ??_C@_0N@KGHEHMDL@Divisor?5?$CB?$DN?50?$AA@ 0002ba7c     BaseLib:DivU64x32Remainder.obj
 0002:00003a90       ??_C@_0GE@LHLPIAGN@c?3?2users?2mliang2x?2workspace?2ming@ 0002ba90     BaseLib:DivU64x32Remainder.obj
 0002:00003af4       ??_C@_0CC@GFNLNIOC@?$CI?$CIUINTN?$CJString?5?$CG?50x00000001?$CJ?5?$DN?$DN?5@ 0002baf4     BaseLib:SafeString.obj
 0002:00003b18       ??_C@_0FM@NNNBGHEF@c?3?2users?2mliang2x?2workspace?2ming@ 0002bb18     BaseLib:SafeString.obj
 0002:00003b74       ??_C@_0BO@ECNIOIHG@?$CIDestination?5?$CB?$DN?5?$CI?$CIvoid?5?$CK?$CJ?50?$CJ?$CJ?$AA@ 0002bb74     BaseLib:SafeString.obj
 0002:00003b98       ??_C@_0EA@PDPDJJNN@?$CFa?$CI?$CFd?$CJ?5?$CFa?3?5SAFE_STRING_CONSTRAIN@ 0002bb98     BaseLib:SafeString.obj
 0002:00003bd8       ??_C@_0BJ@EAEEJIP@?$CISource?5?$CB?$DN?5?$CI?$CIvoid?5?$CK?$CJ?50?$CJ?$CJ?$AA@ 0002bbd8     BaseLib:SafeString.obj
 0002:00003bf4       ??_C@_0P@PMIMLIHM@?$CIDestMax?5?$CB?$DN?50?$CJ?$AA@ 0002bbf4     BaseLib:SafeString.obj
 0002:00003c04       ??_C@_0BG@EEGIIOKH@?$CIDestMax?5?$DO?5SourceLen?$CJ?$AA@ 0002bc04     BaseLib:SafeString.obj
 0002:00003c1c       ??_C@_0DO@LJFOOPII@?$CIDestMax?5?$DM?$DN?5?$CI_gPcd_FixedAtBuild_@ 0002bc1c     BaseLib:SafeString.obj
 0002:00003c60       ??_C@_0FL@CDANCHFO@InternalSafeStringNoAsciiStrOver@ 0002bc60     BaseLib:SafeString.obj
 0002:00003cbc       ??_C@_0O@DIHNCLLG@AsciiStrnCpyS?$AA@ 0002bcbc     BaseLib:SafeString.obj
 0002:00003ccc       ??_C@_0DN@DLAADCJE@?$CILength?5?$DM?$DN?5?$CI_gPcd_FixedAtBuild_P@ 0002bccc     BaseLib:SafeString.obj
 0002:00003d0c       ??_C@_0BH@MAAHKCPC@String?5?$CB?$DN?5?$CI?$CIvoid?5?$CK?$CJ?50?$CJ?$AA@ 0002bd0c     BaseLib:String.obj
 0002:00003d28       ??_C@_0FI@OLEMEIPM@c?3?2users?2mliang2x?2workspace?2ming@ 0002bd28     BaseLib:String.obj
 0002:00003d80       ??_C@_0DK@EOJCOAME@Length?5?$DM?5_gPcd_FixedAtBuild_PcdM@ 0002bd80     BaseLib:String.obj
 0002:00003dbc       ??_C@_0DI@MDIKFADO@Length?5?$DM?5_gPcd_FixedAtBuild_PcdM@ 0002bdbc     BaseLib:String.obj
 0002:00003df4       ??_C@_0BL@IKFBNFIL@AsciiStrSize?5?$CIFirstString?$CJ?$AA@ 0002bdf4     BaseLib:String.obj
 0002:00003e10       ??_C@_0BM@EDNOKLLE@AsciiStrSize?5?$CISecondString?$CJ?$AA@ 0002be10     BaseLib:String.obj
 0002:00003e2c       ??_C@_0DJ@JJHGIFMP@Length?5?$DM?$DN?5_gPcd_FixedAtBuild_Pcd@ 0002be2c     BaseLib:String.obj
 0002:00003e68       ??_C@_0L@MEMPDLHB@Count?5?$DM?564?$AA@ 0002be68     BaseLib:LShiftU64.obj
 0002:00003e78       ??_C@_0FL@NDMKHDG@c?3?2users?2mliang2x?2workspace?2ming@ 0002be78     BaseLib:LShiftU64.obj
 0002:00003ed4       ??_C@_0BN@COECPDCC@gImageHandle?5?$CB?$DN?5?$CI?$CIvoid?5?$CK?$CJ?50?$CJ?$AA@ 0002bed4     UefiBootServicesTableLib:UefiBootServicesTableLib.obj
 0002:00003ef8       ??_C@_0HL@PJCLKHFF@c?3?2users?2mliang2x?2workspace?2ming@ 0002bef8     UefiBootServicesTableLib:UefiBootServicesTableLib.obj
 0002:00003f74       ??_C@_0BE@DGNHAHIL@gST?5?$CB?$DN?5?$CI?$CIvoid?5?$CK?$CJ?50?$CJ?$AA@ 0002bf74     UefiBootServicesTableLib:UefiBootServicesTableLib.obj
 0002:00003f88       ??_C@_0BE@BDFJLGLN@gBS?5?$CB?$DN?5?$CI?$CIvoid?5?$CK?$CJ?50?$CJ?$AA@ 0002bf88     UefiBootServicesTableLib:UefiBootServicesTableLib.obj
 0002:00003f9c       ??_C@_0BE@OBDFIHND@gRT?5?$CB?$DN?5?$CI?$CIvoid?5?$CK?$CJ?50?$CJ?$AA@ 0002bf9c     UefiRuntimeServicesTableLib:UefiRuntimeServicesTableLib.obj
 0002:00003fb0       ??_C@_0IB@BKMJEAIL@c?3?2users?2mliang2x?2workspace?2ming@ 0002bfb0     UefiRuntimeServicesTableLib:UefiRuntimeServicesTableLib.obj
 0002:00004038       ??_C@_0FJ@INLOALCK@c?3?2users?2mliang2x?2workspace?2ming@ 0002c038     UefiLib:UefiLib.obj
 0002:00004094       ??_C@_0BN@HHGHCLME@ProtocolGuid?5?$CB?$DN?5?$CI?$CIvoid?5?$CK?$CJ?50?$CJ?$AA@ 0002c094     UefiLib:UefiLib.obj
 0002:000040b4       ??_C@_0BF@JGGLMCFN@Lock?5?$CB?$DN?5?$CI?$CIvoid?5?$CK?$CJ?50?$CJ?$AA@ 0002c0b4     UefiLib:UefiLib.obj
 0002:000040cc       ??_C@_0P@EOAOOBNP@Priority?5?$DM?$DN?531?$AA@ 0002c0cc     UefiLib:UefiLib.obj
 0002:000040dc       ??_C@_0CD@PGOFFOAH@Lock?9?$DOLock?5?$CB?$DN?5EfiLockUninitializ@ 0002c0dc     UefiLib:UefiLib.obj
 0002:00004100       ??_C@_0BO@FHNOFLFJ@Lock?9?$DOLock?5?$DN?$DN?5EfiLockAcquired?$AA@ 0002c100     UefiLib:UefiLib.obj
 0002:00004120       ??_C@_0BO@MHFMIIAE@DriverBinding?5?$CB?$DN?5?$CI?$CIvoid?5?$CK?$CJ?50?$CJ?$AA@ 0002c120     UefiLib:UefiDriverModel.obj
 0002:00004140       ??_C@_0GB@DBGGNAC@c?3?2users?2mliang2x?2workspace?2ming@ 0002c140     UefiLib:UefiDriverModel.obj
 0002:000041a8       ??_C@_0FO@DENKDMJI@c?3?2users?2mliang2x?2workspace?2ming@ 0002c1a8     DxeDpcLib:DpcLib.obj
 0002:00004208       ??_C@_0GB@EOFALHDN@c?3?2users?2mliang2x?2workspace?2ming@ 0002c208     DxeNetLib:DxeNetLib.obj
 0002:0000426c       ??_C@_0N@NMJPNKHJ@NetMask?5?$CB?$DN?50?$AA@ 0002c26c     DxeNetLib:DxeNetLib.obj
 0002:0000427c       ??_C@_0CI@KOOBFNBF@?$CIMaskLength?5?$DO?$DN?50?$CJ?5?$CG?$CG?5?$CIMaskLength@ 0002c27c     DxeNetLib:DxeNetLib.obj
 0002:000042a8       ??_C@_0EG@FMMHPKDI@?$CIServiceBindingGuid?5?$CB?$DN?5?$CI?$CIvoid?5?$CK?$CJ@ 0002c2a8     DxeNetLib:DxeNetLib.obj
 0002:000042f0       ??_C@_0CD@PCCGAHJM@ServiceBindingGuid?5?$CB?$DN?5?$CI?$CIvoid?5?$CK?$CJ?5@ 0002c2f0     DxeNetLib:DxeNetLib.obj
 0002:00004318       ??_C@_0EM@LGFDJDIA@Node?5?$CB?$DN?5?$CI?$CIvoid?5?$CK?$CJ?50?$CJ?5?$CG?$CG?5LocalIp?5@ 0002c318     DxeNetLib:DxeNetLib.obj
 0002:00004364       ??_C@_0BA@MDHFKOHH@BlockOpNum?5?$DO?$DN?51?$AA@ 0002c364     DxeNetLib:NetBuffer.obj
 0002:00004378       ??_C@_0GB@FAHJOPFA@c?3?2users?2mliang2x?2workspace?2ming@ 0002c378     DxeNetLib:NetBuffer.obj
 0002:000043dc       ??_C@_07DJKBCKNJ@Len?5?$DO?50?$AA@ 0002c3dc     DxeNetLib:NetBuffer.obj
 0002:000043e4       ??_C@_0BH@HKOFEGGJ@Vector?5?$CB?$DN?5?$CI?$CIvoid?5?$CK?$CJ?50?$CJ?$AA@ 0002c3e4     DxeNetLib:NetBuffer.obj
 0002:00004400       ??_C@_0GP@BJHFFKHJ@?$CI?$CIVector?$CJ?5?$CB?$DN?5?$CI?$CIvoid?5?$CK?$CJ?50?$CJ?$CJ?5?$CG?$CG?5?$CI?$CI@ 0002c400     DxeNetLib:NetBuffer.obj
 0002:00004470       ??_C@_0BD@DIPGLBBO@Vector?9?$DORefCnt?5?$DO?50?$AA@ 0002c470     DxeNetLib:NetBuffer.obj
 0002:00004484       ??_C@_0BF@LJMLDKHP@Nbuf?5?$CB?$DN?5?$CI?$CIvoid?5?$CK?$CJ?50?$CJ?$AA@ 0002c484     DxeNetLib:NetBuffer.obj
 0002:0000449c       ??_C@_0BB@DOGOGLPG@Nbuf?9?$DORefCnt?5?$DO?50?$AA@ 0002c49c     DxeNetLib:NetBuffer.obj
 0002:000044b0       ??_C@_0BD@CJPEEIBJ@IsListEmpty?5?$CIHead?$CJ?$AA@ 0002c4b0     DxeNetLib:NetBuffer.obj
 0002:000044c8       ??_C@_0HL@FGMBHKJG@?$CI?$CINbuf?9?$DOVector?$CJ?5?$CB?$DN?5?$CI?$CIvoid?5?$CK?$CJ?50?$CJ?$CJ@ 0002c4c8     DxeNetLib:NetBuffer.obj
 0002:00004544       ??_C@_0BJ@KIFBBHL@Index?5?$DM?5Nbuf?9?$DOBlockOpNum?$AA@ 0002c544     DxeNetLib:NetBuffer.obj
 0002:00004560       ??_C@_0EL@JHACLFKC@?$CIExtFragment?5?$CB?$DN?5?$CI?$CIvoid?5?$CK?$CJ?50?$CJ?$CJ?5?$CG?$CG@ 0002c560     DxeNetLib:NetBuffer.obj
 0002:000045ac       ??_C@_0DC@MGLKJFKO@?$CINbuf?9?$DOBlockOpNum?5?$DN?$DN?51?$CJ?5?$CG?$CG?5?$CINbuf@ 0002c5ac     DxeNetLib:NetBuffer.obj
 0002:000045e0       ??_C@_0ED@NCEEIHFB@?$CINbuf?9?$DOVector?9?$DOFree?5?$DN?$DN?5?$CI?$CIvoid?5?$CK?$CJ@ 0002c5e0     DxeNetLib:NetBuffer.obj
 0002:00004624       ??_C@_0DE@FGAADEGF@Nbuf?9?$DOBlockOp?$FL0?$FN?4Tail?5?$DM?$DN?5Nbuf?9?$DOB@ 0002c624     DxeNetLib:NetBuffer.obj
 0002:00004658       ??_C@_0DE@CILPCCFL@?$CIBlockOp?5?$CB?$DN?5?$CI?$CIvoid?5?$CK?$CJ?50?$CJ?$CJ?5?$CG?$CG?5?$CIBl@ 0002c658     DxeNetLib:NetBuffer.obj
 0002:0000468c       ??_C@_04IFLCJLKB@Dest?$AA@ 0002c68c     DxeNetLib:NetBuffer.obj
 0002:00004694       ??_C@_0BI@FINLCMGD@NbufQue?5?$CB?$DN?5?$CI?$CIvoid?5?$CK?$CJ?50?$CJ?$AA@ 0002c694     DxeNetLib:NetBuffer.obj
 0002:000046b0       ??_C@_0HB@ILKEBNKK@?$CI?$CINbufQue?$CJ?5?$CB?$DN?5?$CI?$CIvoid?5?$CK?$CJ?50?$CJ?$CJ?5?$CG?$CG?5?$CI@ 0002c6b0     DxeNetLib:NetBuffer.obj
 0002:00004724       ??_C@_0BF@CPBCKIGP@Dest?5?$CB?$DN?5?$CI?$CIvoid?5?$CK?$CJ?50?$CJ?$AA@ 0002c724     DxeNetLib:NetBuffer.obj
 0002:0000473c       ??_C@_0BF@NHCICEBK@IpIo?5?$CB?$DN?5?$CI?$CIvoid?5?$CK?$CJ?50?$CJ?$AA@ 0002c73c     DxeIpIoLib:DxeIpIoLib.obj
 0002:00004758       ??_C@_0GD@EGDMOGEI@c?3?2users?2mliang2x?2workspace?2ming@ 0002c758     DxeIpIoLib:DxeIpIoLib.obj
 0002:000047bc       ??_C@_0BE@EMIILCJN@Pkt?5?$CB?$DN?5?$CI?$CIvoid?5?$CK?$CJ?50?$CJ?$AA@ 0002c7bc     DxeIpIoLib:DxeIpIoLib.obj
 0002:000047d0       ??_C@_0BI@CLHALNPD@Session?5?$CB?$DN?5?$CI?$CIvoid?5?$CK?$CJ?50?$CJ?$AA@ 0002c7d0     DxeIpIoLib:DxeIpIoLib.obj
 0002:000047e8       ??_C@_0BF@FJHJDOEI@IpIo?9?$DOIpVersion?5?$DN?$DN?54?$AA@ 0002c7e8     DxeIpIoLib:DxeIpIoLib.obj
 0002:00004800       ??_C@_0BF@GLEPFMMK@IpIo?9?$DOIpVersion?5?$DN?$DN?56?$AA@ 0002c800     DxeIpIoLib:DxeIpIoLib.obj
 0002:00004818       ??_C@_0BN@KNIIEBKA@RecycleEvent?5?$CB?$DN?5?$CI?$CIvoid?5?$CK?$CJ?50?$CJ?$AA@ 0002c818     DxeIpIoLib:DxeIpIoLib.obj
 0002:00004838       ??_C@_0BH@GJHHIFJN@RxData?5?$CB?$DN?5?$CI?$CIvoid?5?$CK?$CJ?50?$CJ?$AA@ 0002c838     DxeIpIoLib:DxeIpIoLib.obj
 0002:00004850       ??_C@_0CJ@GPHCHMBF@RxData?9?$DOIp4RxData?4Header?5?$CB?$DN?5?$CI?$CIvo@ 0002c850     DxeIpIoLib:DxeIpIoLib.obj
 0002:0000487c       ??_C@_0CF@MGNJBJGP@RxData?9?$DOIp4RxData?4FragmentCount?5@ 0002c87c     DxeIpIoLib:DxeIpIoLib.obj
 0002:000048a4       ??_C@_0CJ@HCLNKNLH@RxData?9?$DOIp6RxData?4Header?5?$CB?$DN?5?$CI?$CIvo@ 0002c8a4     DxeIpIoLib:DxeIpIoLib.obj
 0002:000048d0       ??_C@_0CF@BLMBCPON@RxData?9?$DOIp6RxData?4FragmentCount?5@ 0002c8d0     DxeIpIoLib:DxeIpIoLib.obj
 0002:000048f8       ??_C@_0CL@JMFBKFN@?$CBOpenData?9?$DOIpConfigData?4Ip4CfgDa@ 0002c8f8     DxeIpIoLib:DxeIpIoLib.obj
 0002:00004924       ??_C@_0CE@LEAHDONK@IsListEmpty?5?$CI?$CGIpIo?9?$DOPendingSndLi@ 0002c924     DxeIpIoLib:DxeIpIoLib.obj
 0002:00004948       ??_C@_0DB@BMGANDMP@?$CIIpIo?9?$DOIpVersion?5?$DN?$DN?54?$CJ?5?$HM?$HM?5?$CIIpIo?9@ 0002c948     DxeIpIoLib:DxeIpIoLib.obj
 0002:0000497c       ??_C@_0BH@NIPIOMK@IpInfo?5?$CB?$DN?5?$CI?$CIvoid?5?$CK?$CJ?50?$CJ?$AA@ 0002c97c     DxeIpIoLib:DxeIpIoLib.obj
 0002:00004994       ??_C@_0BD@LFDBDGM@IpInfo?9?$DORefCnt?5?$DO?50?$AA@ 0002c994     DxeIpIoLib:DxeIpIoLib.obj
 0002:000049a8       ??_C@_0P@KHLDMCPF@IcmpError?5?$DM?$DN?59?$AA@ 0002c9a8     DxeIpIoLib:DxeIpIoLib.obj
 0002:000049b8       ??_C@_0BC@FEDIJHFF@?$CI?$CIBOOLEAN?$CJ?$CI0?$DN?$DN1?$CJ?$CJ?$AA@ 0002c9b8     DxeIpIoLib:DxeIpIoLib.obj
 0002:000049d0       ??_C@_0HK@HMGLMJLF@c?3?2users?2mliang2x?2workspace?2ming@ 0002c9d0     DxeReportStatusCodeLib:ReportStatusCodeLib.obj
 0002:00004a4c       ??_C@_0DN@HHIHPHHB@?$CB?$CI?$CIExtendedData?5?$DN?$DN?5?$CI?$CIvoid?5?$CK?$CJ?50?$CJ?$CJ@ 0002ca4c     DxeReportStatusCodeLib:ReportStatusCodeLib.obj
 0002:00004a8c       ??_C@_0DN@BBBIFINB@?$CB?$CI?$CIExtendedData?5?$CB?$DN?5?$CI?$CIvoid?5?$CK?$CJ?50?$CJ?$CJ@ 0002ca8c     DxeReportStatusCodeLib:ReportStatusCodeLib.obj
 0003:00000000       _gEfiLoadedImageProtocolGuid 0002d000     TcpDxe:AutoGen.obj
 0003:00000010       _gEfiStatusCodeSpecificDataGuid 0002d010     TcpDxe:AutoGen.obj
 0003:00000020       _gEfiStatusCodeRuntimeProtocolGuid 0002d020     TcpDxe:AutoGen.obj
 0003:00000030       _gEfiComponentName2ProtocolGuid 0002d030     TcpDxe:AutoGen.obj
 0003:00000040       _gEfiDevicePathProtocolGuid 0002d040     TcpDxe:AutoGen.obj
 0003:00000050       _gEfiCallerBaseName        0002d050     TcpDxe:AutoGen.obj
 0003:00000054       _gEfiStatusCodeDataTypeDebugGuid 0002d054     TcpDxe:AutoGen.obj
 0003:00000064       _gEfiIp4Config2ProtocolGuid 0002d064     TcpDxe:AutoGen.obj
 0003:00000074       _gEfiIp4ServiceBindingProtocolGuid 0002d074     TcpDxe:AutoGen.obj
 0003:00000084       _gEfiIp6ServiceBindingProtocolGuid 0002d084     TcpDxe:AutoGen.obj
 0003:00000094       _gEfiIp4ProtocolGuid       0002d094     TcpDxe:AutoGen.obj
 0003:000000a4       _gEfiDriverBindingProtocolGuid 0002d0a4     TcpDxe:AutoGen.obj
 0003:000000b4       _gEfiIp6ProtocolGuid       0002d0b4     TcpDxe:AutoGen.obj
 0003:000000c4       _gEfiTcp4ServiceBindingProtocolGuid 0002d0c4     TcpDxe:AutoGen.obj
 0003:000000d4       _gEfiComponentNameProtocolGuid 0002d0d4     TcpDxe:AutoGen.obj
 0003:000000e4       _gEfiDpcProtocolGuid       0002d0e4     TcpDxe:AutoGen.obj
 0003:000000f4       _gEfiCallerIdGuid          0002d0f4     TcpDxe:AutoGen.obj
 0003:00000104       _gEfiTcp6ServiceBindingProtocolGuid 0002d104     TcpDxe:AutoGen.obj
 0003:00000114       _gEfiTcp6ProtocolGuid      0002d114     TcpDxe:AutoGen.obj
 0003:00000124       _gEfiTcp4ProtocolGuid      0002d124     TcpDxe:AutoGen.obj
 0003:00000134       _gTcp6DriverBinding        0002d134     TcpDxe:TcpDriver.obj
 0003:0000014c       _gTcp6ProtocolTemplate     0002d14c     TcpDxe:TcpDriver.obj
 0003:00000170       _gTcpServiceBinding        0002d170     TcpDxe:TcpDriver.obj
 0003:00000178       _mTcpDefaultSockData       0002d178     TcpDxe:TcpDriver.obj
 0003:000001b4       _gTcp4ProtocolTemplate     0002d1b4     TcpDxe:TcpDriver.obj
 0003:000001dc       _gTcp4DriverBinding        0002d1dc     TcpDxe:TcpDriver.obj
 0003:000001f4       _mTcpGlobalIss             0002d1f4     TcpDxe:TcpMisc.obj
 0003:000001f8       _mTcpRunQue                0002d1f8     TcpDxe:TcpMisc.obj
 0003:00000200       _mTcpStateName             0002d200     TcpDxe:TcpMisc.obj
 0003:0000022c       _mTcpListenQue             0002d22c     TcpDxe:TcpMisc.obj
 0003:00000234       _gTcpComponentName         0002d234     TcpDxe:ComponentName.obj
 0003:00000240       _gTcpComponentName2        0002d240     TcpDxe:ComponentName.obj
 0003:0000024c       _mTcpDriverNameTable       0002d24c     TcpDxe:ComponentName.obj
 0003:0000025c       _mTcpTick                  0002d25c     TcpDxe:TcpTimer.obj
 0003:00000260       _mTcpTimerHandler          0002d260     TcpDxe:TcpTimer.obj
 0003:00000278       _mTcpOutFlag               0002d278     TcpDxe:TcpOutput.obj
 0003:00000288       _gIp4AllMasks              0002d288     DxeNetLib:DxeNetLib.obj
 0003:0000030c       _mIp4IoDefaultIpConfigData 0002d30c     DxeIpIoLib:DxeIpIoLib.obj
 0003:00000328       _mIp6IoDefaultIpConfigData 0002d328     DxeIpIoLib:DxeIpIoLib.obj
 0003:0000035c       _mIcmpErrMap               0002d35c     DxeIpIoLib:DxeIpIoLib.obj
 0003:00000370       _mActiveIpIoList           0002d370     DxeIpIoLib:DxeIpIoLib.obj
 0003:00000378       _mIcmp6ErrMap              0002d378     DxeIpIoLib:DxeIpIoLib.obj
 0003:0000038c       _mTcpTimer                 0002d38c     TcpDxe:TcpDriver.obj
 0003:00000394       _gTcpControllerNameTable   0002d394     TcpDxe:ComponentName.obj
 0003:00000398       _gST                       0002d398     UefiBootServicesTableLib:UefiBootServicesTableLib.obj
 0003:0000039c       _gBS                       0002d39c     UefiBootServicesTableLib:UefiBootServicesTableLib.obj
 0003:000003a0       _gImageHandle              0002d3a0     UefiBootServicesTableLib:UefiBootServicesTableLib.obj
 0003:000003a4       _gRT                       0002d3a4     UefiRuntimeServicesTableLib:UefiRuntimeServicesTableLib.obj
 0003:000003a8       _mZeroIp4Addr              0002d3a8     DxeNetLib:DxeNetLib.obj
 0003:000003ac       _mReportStatusCodeLibStatusCodeProtocol 0002d3ac     DxeReportStatusCodeLib:ReportStatusCodeLib.obj
 0003:000003b0       _mDpc                      0002d3b0     <common>
 0003:000003b4       _mTcp6RandomPort           0002d3b4     <common>
 0003:000003b6       _mTcp4RandomPort           0002d3b6     <common>

 entry point at        0001:00000040

 Static symbols

 0000:fffe0000       .debug$S                   00010000     TcpDxe.exp
 0001:0000440c       $LN25                      0001540c     TcpDxe:TcpMisc.obj
 0001:0000441c       $LN24                      0001541c     TcpDxe:TcpMisc.obj
 0001:00004480       $LN12                      00015480     TcpDxe:TcpMisc.obj
 0001:00004494       $LN11                      00015494     TcpDxe:TcpMisc.obj
 0001:0000615c       $LN46                      0001715c     TcpDxe:TcpDispatcher.obj
 0001:00008f58       $LN31                      00019f58     TcpDxe:TcpOption.obj
 0001:0000b504       $LN79                      0001c504     TcpDxe:TcpInput.obj
 0001:0000d328       $LN518                     0001e328     TcpDxe:TcpInput.obj
 0001:0000e728       $LN237                     0001f728     BasePrintLib:PrintLibInternal.obj
 0001:0000e754       $LN233                     0001f754     BasePrintLib:PrintLibInternal.obj
 0001:0000e7c4       $LN238                     0001f7c4     BasePrintLib:PrintLibInternal.obj
 0001:0000e7fc       $LN234                     0001f7fc     BasePrintLib:PrintLibInternal.obj
 0001:00014808       $LN45                      00025808     DxeIpIoLib:DxeIpIoLib.obj
 0001:0001481c       $LN43                      0002581c     DxeIpIoLib:DxeIpIoLib.obj
 0001:00014828       $LN46                      00025828     DxeIpIoLib:DxeIpIoLib.obj
 0001:00014838       $LN44                      00025838     DxeIpIoLib:DxeIpIoLib.obj
 0001:00014ad0       $LN51                      00025ad0     DxeIpIoLib:DxeIpIoLib.obj
 0001:00014ae0       $LN52                      00025ae0     DxeIpIoLib:DxeIpIoLib.obj
 0001:00014afc       $LN53                      00025afc     DxeIpIoLib:DxeIpIoLib.obj
 0001:00014b0c       $LN50                      00025b0c     DxeIpIoLib:DxeIpIoLib.obj
 0001:00016574       $LN52                      00027574     DxeIpIoLib:DxeIpIoLib.obj
 0001:0001659c       $LN53                      0002759c     DxeIpIoLib:DxeIpIoLib.obj
 0004:00000000       .edata                     0002e000     TcpDxe.exp
 0004:00000028       rgpv                       0002e028     TcpDxe.exp
 0004:0000002c       rgszName                   0002e02c     TcpDxe.exp
 0004:00000030       rgwOrd                     0002e030     TcpDxe.exp
 0004:00000032       szName                     0002e032     TcpDxe.exp
 0004:0000003d       $N00001                    0002e03d     TcpDxe.exp
