 ReportStatusCodeRouterPei

 Timestamp is 65376f9d (Tue Oct 24 15:17:49 2023)

 Preferred load address is 00010000

 Start         Length     Name                   Class
 0001:00000000 00001e96H .text$mn                CODE
 0002:00000000 000009e4H .rdata                  DATA
 0002:000009e4 0000015cH .rdata$zzzdbg           DATA
 0003:00000000 00000088H .data                   DATA
 0004:00000000 00000061H .edata                  DATA

  Address         Publics by Value              Rva+Base       Lib:Object

 0000:00000000       ___guard_longjmp_count     00000000     <absolute>
 0000:00000000       ___guard_fids_count        00000000     <absolute>
 0000:00000000       ___guard_flags             00000000     <absolute>
 0000:00000000       ___guard_longjmp_table     00000000     <absolute>
 0000:00000000       ___guard_iat_table         00000000     <absolute>
 0000:00000000       ___guard_iat_count         00000000     <absolute>
 0000:00000000       ___dynamic_value_reloc_table 00000000     <absolute>
 0000:00000000       ___guard_fids_table        00000000     <absolute>
 0001:00000000       __ModuleEntryPoint         00011000 f   PeimEntryPoint:PeimEntryPoint.obj
 0001:00000070       _ProcessLibraryConstructorList 00011070 f   ReportStatusCodeRouterPei:AutoGen.obj
 0001:00000080       _ProcessModuleEntryPointList 00011080 f   ReportStatusCodeRouterPei:AutoGen.obj
 0001:000000a0       _CreateRscHandlerCallbackPacket 000110a0 f   ReportStatusCodeRouterPei:ReportStatusCodeRouterPei.obj
 0001:00000100       _Register                  00011100 f   ReportStatusCodeRouterPei:ReportStatusCodeRouterPei.obj
 0001:00000230       _Unregister                00011230 f   ReportStatusCodeRouterPei:ReportStatusCodeRouterPei.obj
 0001:000002e0       _ReportDispatcher          000112e0 f   ReportStatusCodeRouterPei:ReportStatusCodeRouterPei.obj
 0001:00000390       _GenericStatusCodePeiEntry 00011390 f   ReportStatusCodeRouterPei:ReportStatusCodeRouterPei.obj
 0001:000004d0       _GetHobList                000114d0 f   PeiHobLib:HobLib.obj
 0001:00000580       _GetNextHob                00011580 f   PeiHobLib:HobLib.obj
 0001:000005f0       _GetNextGuidHob            000115f0 f   PeiHobLib:HobLib.obj
 0001:00000650       _GetFirstGuidHob           00011650 f   PeiHobLib:HobLib.obj
 0001:00000670       _InternalPeiCreateHob      00011670 f   PeiHobLib:HobLib.obj
 0001:000006d0       _BuildGuidHob              000116d0 f   PeiHobLib:HobLib.obj
 0001:00000770       _DebugPrint                00011770 f   PeiDxeDebugLibReportStatusCode:DebugLib.obj
 0001:000007a0       _DebugPrintMarker          000117a0 f   PeiDxeDebugLibReportStatusCode:DebugLib.obj
 0001:00000c80       _DebugVPrint               00011c80 f   PeiDxeDebugLibReportStatusCode:DebugLib.obj
 0001:00000ca0       _DebugAssert               00011ca0 f   PeiDxeDebugLibReportStatusCode:DebugLib.obj
 0001:00000f00       _DebugAssertEnabled        00011f00 f   PeiDxeDebugLibReportStatusCode:DebugLib.obj
 0001:00000f30       _DebugPrintEnabled         00011f30 f   PeiDxeDebugLibReportStatusCode:DebugLib.obj
 0001:00000f60       _DebugPrintLevelEnabled    00011f60 f   PeiDxeDebugLibReportStatusCode:DebugLib.obj
 0001:00000f80       _PeiServicesInstallPpi     00011f80 f   PeiServicesLib:PeiServicesLib.obj
 0001:00000fb0       _PeiServicesReInstallPpi   00011fb0 f   PeiServicesLib:PeiServicesLib.obj
 0001:00000fe0       _PeiServicesLocatePpi      00011fe0 f   PeiServicesLib:PeiServicesLib.obj
 0001:00001020       _PeiServicesGetHobList     00012020 f   PeiServicesLib:PeiServicesLib.obj
 0001:00001050       _PeiServicesCreateHob      00012050 f   PeiServicesLib:PeiServicesLib.obj
 0001:00001080       _GetPeiServicesTablePointer 00012080 f   EmulatorPkgPeiServicesTablePointerLib:PeiServicesTablePointer.obj
 0001:000010f0       _GetDebugPrintErrorLevel   000120f0 f   BaseDebugPrintErrorLevelLib:BaseDebugPrintErrorLevelLib.obj
 0001:00001100       _InternalReportStatusCode  00012100 f   PeiReportStatusCodeLib:ReportStatusCodeLib.obj
 0001:000011d0       _ReportStatusCodeEx        000121d0 f   PeiReportStatusCodeLib:ReportStatusCodeLib.obj
 0001:00001320       _ReportProgressCodeEnabled 00012320 f   PeiReportStatusCodeLib:ReportStatusCodeLib.obj
 0001:00001350       _ReportErrorCodeEnabled    00012350 f   PeiReportStatusCodeLib:ReportStatusCodeLib.obj
 0001:00001380       _ReportDebugCodeEnabled    00012380 f   PeiReportStatusCodeLib:ReportStatusCodeLib.obj
 0001:000013b0       _AsciiStrLen               000123b0 f   BaseLib:String.obj
 0001:00001450       _AsciiStrSize              00012450 f   BaseLib:String.obj
 0001:00001470       _InternalSafeStringIsOverlap 00012470 f   BaseLib:SafeString.obj
 0001:000014b0       _InternalSafeStringNoAsciiStrOverlap 000124b0 f   BaseLib:SafeString.obj
 0001:000014f0       _AsciiStrnLenS             000124f0 f   BaseLib:SafeString.obj
 0001:00001540       _AsciiStrnCpyS             00012540 f   BaseLib:SafeString.obj
 0001:000018d0       _CpuBreakpoint             000128d0 f   BaseLib:CpuBreakpoint.obj
 0001:000018e0       _CpuDeadLoop               000128e0 f   BaseLib:CpuDeadLoop.obj
 0001:00001900       _CpuPause                  00012900 f   BaseLib:CpuPause.obj
 0001:00001910       _CopyGuid                  00012910 f   BaseMemoryLib:MemLibGuid.obj
 0001:00001960       _CompareGuid               00012960 f   BaseMemoryLib:MemLibGuid.obj
 0001:000019f0       _CopyMem                   000129f0 f   BaseMemoryLib:CopyMemWrapper.obj
 0001:00001a90       _InternalMemCopyMem        00012a90 f   BaseMemoryLib:CopyMem.obj
 0001:00001e00       _OemHookStatusCodeReport   00012e00 f   OemHookStatusCodeLibNull:OemHookStatusCodeLibNull.obj
 0001:00001e00       _OemHookStatusCodeInitialize 00012e00 f   OemHookStatusCodeLibNull:OemHookStatusCodeLibNull.obj
 0001:00001e10       _ReadUnaligned64           00012e10 f   BaseLib:Unaligned.obj
 0001:00001e50       _WriteUnaligned64          00012e50 f   BaseLib:Unaligned.obj
 0002:00000000       ??_C@_0CP@KCAHKNFK@?$CI?$CKPeiServices?$CJ?9?$DOHdr?4Revision?5?$DO?$DN?5@ 00013000     PeimEntryPoint:PeimEntryPoint.obj
 0002:00000030       ??_C@_0GH@JDOJLHHM@c?3?2users?2mliang2x?2workspace?2ming@ 00013030     PeimEntryPoint:PeimEntryPoint.obj
 0002:00000098       __gPeimRevision            00013098     ReportStatusCodeRouterPei:AutoGen.obj
 0002:0000009c       ??_C@_0BK@CHMHFLPL@ReportStatusCodeRouterPei?$AA@ 0001309c     ReportStatusCodeRouterPei:AutoGen.obj
 0002:000000b6       __gPcd_FixedAtBuild_PcdReportStatusCodePropertyMask 000130b6     ReportStatusCodeRouterPei:AutoGen.obj
 0002:000000b8       __gPcd_FixedAtBuild_PcdDebugPrintErrorLevel 000130b8     ReportStatusCodeRouterPei:AutoGen.obj
 0002:000000c0       __gPcd_FixedAtBuild_PcdPeiServicesTablePage 000130c0     ReportStatusCodeRouterPei:AutoGen.obj
 0002:000000c8       __gPcd_FixedAtBuild_PcdFixedDebugPrintErrorLevel 000130c8     ReportStatusCodeRouterPei:AutoGen.obj
 0002:000000cc       __gPcd_FixedAtBuild_PcdMaximumAsciiStringLength 000130cc     ReportStatusCodeRouterPei:AutoGen.obj
 0002:000000d0       __gPcd_FixedAtBuild_PcdDebugPropertyMask 000130d0     ReportStatusCodeRouterPei:AutoGen.obj
 0002:000000d4       ??_C@_0CA@PMLNFAND@NumberOfEntries?5?$CB?$DN?5?$CI?$CIvoid?5?$CK?$CJ?50?$CJ?$AA@ 000130d4     ReportStatusCodeRouterPei:ReportStatusCodeRouterPei.obj
 0002:000000f8       ??_C@_0IG@MGEOHDHB@c?3?2users?2mliang2x?2workspace?2ming@ 000130f8     ReportStatusCodeRouterPei:ReportStatusCodeRouterPei.obj
 0002:00000180       ??_C@_0CB@DMEJJJHA@?6ASSERT_EFI_ERROR?5?$CIStatus?5?$DN?5?$CFr?$CJ?6@ 00013180     ReportStatusCodeRouterPei:ReportStatusCodeRouterPei.obj
 0002:000001a4       ??_C@_0CH@BBNBJKHK@?$CB?$CI?$CI?$CIINTN?$CJ?$CIRETURN_STATUS?$CJ?$CIStatus?$CJ@ 000131a4     ReportStatusCodeRouterPei:ReportStatusCodeRouterPei.obj
 0002:000001d0       ??_C@_0FK@MIHDMLPJ@c?3?2users?2mliang2x?2workspace?2ming@ 000131d0     PeiHobLib:HobLib.obj
 0002:0000022c       ??_C@_0BI@NCGMODPG@HobList?5?$CB?$DN?5?$CI?$CIvoid?5?$CK?$CJ?50?$CJ?$AA@ 0001322c     PeiHobLib:HobLib.obj
 0002:00000244       ??_C@_0BJ@NOLLDKJB@HobStart?5?$CB?$DN?5?$CI?$CIvoid?5?$CK?$CJ?50?$CJ?$AA@ 00013244     PeiHobLib:HobLib.obj
 0002:00000260       ??_C@_0BE@PICCCCHF@Hob?5?$CB?$DN?5?$CI?$CIvoid?5?$CK?$CJ?50?$CJ?$AA@ 00013260     PeiHobLib:HobLib.obj
 0002:00000274       ??_C@_0BF@PEDOPNMP@Guid?5?$CB?$DN?5?$CI?$CIvoid?5?$CK?$CJ?50?$CJ?$AA@ 00013274     PeiHobLib:HobLib.obj
 0002:0000028c       ??_C@_0DE@JLBHCAID@DataLength?5?$DM?$DN?5?$CI0xFFF8?5?9?5sizeof?5?$CI@ 0001328c     PeiHobLib:HobLib.obj
 0002:000002c0       ??_C@_0BH@LKMBFCBF@Format?5?$CB?$DN?5?$CI?$CIvoid?5?$CK?$CJ?50?$CJ?$AA@ 000132c0     PeiDxeDebugLibReportStatusCode:DebugLib.obj
 0002:000002d8       ??_C@_0HH@BLJPNBBN@c?3?2users?2mliang2x?2workspace?2ming@ 000132d8     PeiDxeDebugLibReportStatusCode:DebugLib.obj
 0002:00000350       ??_C@_0CP@EFCGCEBK@?$CICHAR8?5?$CK?$CJBaseListMarkerPointer?5?$DM@ 00013350     PeiDxeDebugLibReportStatusCode:DebugLib.obj
 0002:00000380       ??_C@_01OHGJGJJP@?$FL?$AA@ 00013380     PeiDxeDebugLibReportStatusCode:DebugLib.obj
 0002:00000384       ??_C@_02PBFOLPKM@?$FN?5?$AA@ 00013384     PeiDxeDebugLibReportStatusCode:DebugLib.obj
 0002:00000388       ??_C@_0BH@IACGKAP@Buffer?5?$CB?$DN?5?$CI?$CIvoid?5?$CK?$CJ?50?$CJ?$AA@ 00013388     PeiDxeDebugLibReportStatusCode:DebugLib.obj
 0002:000003a0       ??_C@_0CI@MDPGFIOC@PeiServicesTablePointer?5?$CB?$DN?5?$CI?$CIvoi@ 000133a0     EmulatorPkgPeiServicesTablePointerLib:PeiServicesTablePointer.obj
 0002:000003c8       ??_C@_0IK@EGBLLPEG@c?3?2users?2mliang2x?2workspace?2ming@ 000133c8     EmulatorPkgPeiServicesTablePointerLib:PeiServicesTablePointer.obj
 0002:00000454       ??_C@_0CJ@NHFDCOMG@?$CKPeiServicesTablePointer?5?$CB?$DN?5?$CI?$CIvo@ 00013454     EmulatorPkgPeiServicesTablePointerLib:PeiServicesTablePointer.obj
 0002:00000480       ??_C@_0HK@PDPGDBOG@c?3?2users?2mliang2x?2workspace?2ming@ 00013480     PeiReportStatusCodeLib:ReportStatusCodeLib.obj
 0002:000004fc       ??_C@_0DN@HHIHPHHB@?$CB?$CI?$CIExtendedData?5?$DN?$DN?5?$CI?$CIvoid?5?$CK?$CJ?50?$CJ?$CJ@ 000134fc     PeiReportStatusCodeLib:ReportStatusCodeLib.obj
 0002:0000053c       ??_C@_0DN@BBBIFINB@?$CB?$CI?$CIExtendedData?5?$CB?$DN?5?$CI?$CIvoid?5?$CK?$CJ?50?$CJ?$CJ@ 0001353c     PeiReportStatusCodeLib:ReportStatusCodeLib.obj
 0002:0000057c       ??_C@_0DI@MIEIGAOH@Status?5code?5extended?5data?5is?5too@ 0001357c     PeiReportStatusCodeLib:ReportStatusCodeLib.obj
 0002:000005b4       ??_C@_0BH@MAAHKCPC@String?5?$CB?$DN?5?$CI?$CIvoid?5?$CK?$CJ?50?$CJ?$AA@ 000135b4     BaseLib:String.obj
 0002:000005d0       ??_C@_0FI@OLEMEIPM@c?3?2users?2mliang2x?2workspace?2ming@ 000135d0     BaseLib:String.obj
 0002:00000628       ??_C@_0DI@MDIKFADO@Length?5?$DM?5_gPcd_FixedAtBuild_PcdM@ 00013628     BaseLib:String.obj
 0002:00000660       ??_C@_0FM@NNNBGHEF@c?3?2users?2mliang2x?2workspace?2ming@ 00013660     BaseLib:SafeString.obj
 0002:000006bc       ??_C@_0BO@ECNIOIHG@?$CIDestination?5?$CB?$DN?5?$CI?$CIvoid?5?$CK?$CJ?50?$CJ?$CJ?$AA@ 000136bc     BaseLib:SafeString.obj
 0002:000006e0       ??_C@_0EA@PDPDJJNN@?$CFa?$CI?$CFd?$CJ?5?$CFa?3?5SAFE_STRING_CONSTRAIN@ 000136e0     BaseLib:SafeString.obj
 0002:00000720       ??_C@_0BJ@EAEEJIP@?$CISource?5?$CB?$DN?5?$CI?$CIvoid?5?$CK?$CJ?50?$CJ?$CJ?$AA@ 00013720     BaseLib:SafeString.obj
 0002:0000073c       ??_C@_0P@PMIMLIHM@?$CIDestMax?5?$CB?$DN?50?$CJ?$AA@ 0001373c     BaseLib:SafeString.obj
 0002:0000074c       ??_C@_0BG@EEGIIOKH@?$CIDestMax?5?$DO?5SourceLen?$CJ?$AA@ 0001374c     BaseLib:SafeString.obj
 0002:00000764       ??_C@_0DO@LJFOOPII@?$CIDestMax?5?$DM?$DN?5?$CI_gPcd_FixedAtBuild_@ 00013764     BaseLib:SafeString.obj
 0002:000007a8       ??_C@_0FL@CDANCHFO@InternalSafeStringNoAsciiStrOver@ 000137a8     BaseLib:SafeString.obj
 0002:00000804       ??_C@_0O@DIHNCLLG@AsciiStrnCpyS?$AA@ 00013804     BaseLib:SafeString.obj
 0002:00000814       ??_C@_0DN@DLAADCJE@?$CILength?5?$DM?$DN?5?$CI_gPcd_FixedAtBuild_P@ 00013814     BaseLib:SafeString.obj
 0002:00000854       ??_C@_0DI@PHOMHDKH@?$CILength?5?9?51?$CJ?5?$DM?$DN?5?$CI0xFFFFFFFF?5?9?5?$CIU@ 00013854     BaseMemoryLib:CopyMemWrapper.obj
 0002:00000890       ??_C@_0GG@HCOKHFCC@c?3?2users?2mliang2x?2workspace?2ming@ 00013890     BaseMemoryLib:CopyMemWrapper.obj
 0002:000008f8       ??_C@_0DD@DCDOHCDJ@?$CILength?5?9?51?$CJ?5?$DM?$DN?5?$CI0xFFFFFFFF?5?9?5?$CIU@ 000138f8     BaseMemoryLib:CopyMemWrapper.obj
 0002:00000930       ??_C@_0FL@JMOEMBON@c?3?2users?2mliang2x?2workspace?2ming@ 00013930     BaseLib:Unaligned.obj
 0003:00000000       _gEfiStatusCodeSpecificDataGuid 00014000     ReportStatusCodeRouterPei:AutoGen.obj
 0003:00000010       _gEfiPeiRscHandlerPpiGuid  00014010     ReportStatusCodeRouterPei:AutoGen.obj
 0003:00000020       _gEfiPeiStatusCodePpiGuid  00014020     ReportStatusCodeRouterPei:AutoGen.obj
 0003:00000030       _gEfiCallerBaseName        00014030     ReportStatusCodeRouterPei:AutoGen.obj
 0003:00000034       _gEfiStatusCodeDataTypeDebugGuid 00014034     ReportStatusCodeRouterPei:AutoGen.obj
 0003:00000044       _gStatusCodeCallbackGuid   00014044     ReportStatusCodeRouterPei:AutoGen.obj
 0003:00000054       _gEfiCallerIdGuid          00014054     ReportStatusCodeRouterPei:AutoGen.obj
 0003:00000064       _mRscHandlerPpi            00014064     ReportStatusCodeRouterPei:ReportStatusCodeRouterPei.obj
 0003:0000006c       _mStatusCodePpi            0001406c     ReportStatusCodeRouterPei:ReportStatusCodeRouterPei.obj
 0003:00000070       _mRscHandlerPpiList        00014070     ReportStatusCodeRouterPei:ReportStatusCodeRouterPei.obj
 0003:0000007c       _mStatusCodePpiList        0001407c     ReportStatusCodeRouterPei:ReportStatusCodeRouterPei.obj

 entry point at        0001:00000000

 Static symbols

 0000:ffff9000       .debug$S                   00010000     ReportStatusCodeRouterPei.exp
 0004:00000000       .edata                     00015000     ReportStatusCodeRouterPei.exp
 0004:00000028       rgpv                       00015028     ReportStatusCodeRouterPei.exp
 0004:0000002c       rgszName                   0001502c     ReportStatusCodeRouterPei.exp
 0004:00000030       rgwOrd                     00015030     ReportStatusCodeRouterPei.exp
 0004:00000032       szName                     00015032     ReportStatusCodeRouterPei.exp
 0004:00000050       $N00001                    00015050     ReportStatusCodeRouterPei.exp
