 BootManagerMenuApp

 Timestamp is 65376f51 (Tue Oct 24 15:16:33 2023)

 Preferred load address is 00010000

 Start         Length     Name                   Class
 0001:00000000 00016293H .text$mn                CODE
 0002:00000000 00004b54H .rdata                  DATA
 0002:00004b54 00000158H .rdata$zzzdbg           DATA
 0003:00000000 000006c8H .data                   DATA
 0003:000006c8 0000006cH .bss                    DATA
 0004:00000000 0000005aH .edata                  DATA

  Address         Publics by Value              Rva+Base       Lib:Object

 0000:00000000       ___guard_longjmp_table     00000000     <absolute>
 0000:00000000       ___guard_iat_table         00000000     <absolute>
 0000:00000000       ___guard_iat_count         00000000     <absolute>
 0000:00000000       ___guard_fids_count        00000000     <absolute>
 0000:00000000       ___dynamic_value_reloc_table 00000000     <absolute>
 0000:00000000       ___guard_flags             00000000     <absolute>
 0000:00000000       ___guard_longjmp_count     00000000     <absolute>
 0000:00000000       ___guard_fids_table        00000000     <absolute>
 0001:00000000       __ModuleEntryPoint         00011000 f   UefiApplicationEntryPoint:ApplicationEntryPoint.obj
 0001:00000060       _ProcessLibraryConstructorList 00011060 f   BootManagerMenuApp:AutoGen.obj
 0001:00000360       _ProcessLibraryDestructorList 00011360 f   BootManagerMenuApp:AutoGen.obj
 0001:00000360       _EfiEventEmptyFunction     00011360 f   UefiLib:UefiLib.obj
 0001:00000370       _ProcessModuleEntryPointList 00011370 f   BootManagerMenuApp:AutoGen.obj
 0001:00000390       _PrintStringAt             00011390 f   BootManagerMenuApp:BootManagerMenu.obj
 0001:00000500       _PrintCharAt               00011500 f   BootManagerMenuApp:BootManagerMenu.obj
 0001:00000590       _GetLineWidth              00011590 f   BootManagerMenuApp:BootManagerMenu.obj
 0001:00000680       _InitializeBootMenuScreen  00011680 f   BootManagerMenuApp:BootManagerMenu.obj
 0001:000008a0       _IsBootManagerMenu         000118a0 f   BootManagerMenuApp:BootManagerMenu.obj
 0001:000008f0       _IgnoreBootOption          000118f0 f   BootManagerMenuApp:BootManagerMenu.obj
 0001:000009f0       _InitializeBootMenuData    000119f0 f   BootManagerMenuApp:BootManagerMenu.obj
 0001:00000b80       _BootMenuSelectItem        00011b80 f   BootManagerMenuApp:BootManagerMenu.obj
 0001:000010c0       _DrawBootPopupMenu         000120c0 f   BootManagerMenuApp:BootManagerMenu.obj
 0001:00001730       _BootFromSelectOption      00012730 f   BootManagerMenuApp:BootManagerMenu.obj
 0001:000017e0       _BdsSetConsoleMode         000127e0 f   BootManagerMenuApp:BootManagerMenu.obj
 0001:00001f30       _BootManagerMenuEntry      00012f30 f   BootManagerMenuApp:BootManagerMenu.obj
 0001:00002360       _GetDevicePathSize         00013360 f   UefiDevicePathLib:UefiDevicePathLib.obj
 0001:00002380       _DuplicateDevicePath       00013380 f   UefiDevicePathLib:UefiDevicePathLib.obj
 0001:000023a0       _AppendDevicePath          000133a0 f   UefiDevicePathLib:UefiDevicePathLib.obj
 0001:000023c0       _AppendDevicePathNode      000133c0 f   UefiDevicePathLib:UefiDevicePathLib.obj
 0001:000023e0       _AppendDevicePathInstance  000133e0 f   UefiDevicePathLib:UefiDevicePathLib.obj
 0001:00002400       _GetNextDevicePathInstance 00013400 f   UefiDevicePathLib:UefiDevicePathLib.obj
 0001:00002420       _ConvertDevicePathToText   00013420 f   UefiDevicePathLib:UefiDevicePathLib.obj
 0001:00002440       _IsDevicePathValid         00013440 f   UefiDevicePathLib:DevicePathUtilities.obj
 0001:00002570       _DevicePathType            00013570 f   UefiDevicePathLib:DevicePathUtilities.obj
 0001:000025b0       _DevicePathSubType         000135b0 f   UefiDevicePathLib:DevicePathUtilities.obj
 0001:000025f0       _DevicePathNodeLength      000135f0 f   UefiDevicePathLib:DevicePathUtilities.obj
 0001:00002640       _NextDevicePathNode        00013640 f   UefiDevicePathLib:DevicePathUtilities.obj
 0001:00002690       _IsDevicePathEndType       00013690 f   UefiDevicePathLib:DevicePathUtilities.obj
 0001:000026f0       _IsDevicePathEnd           000136f0 f   UefiDevicePathLib:DevicePathUtilities.obj
 0001:00002760       _SetDevicePathNodeLength   00013760 f   UefiDevicePathLib:DevicePathUtilities.obj
 0001:000027f0       _SetDevicePathEndNode      000137f0 f   UefiDevicePathLib:DevicePathUtilities.obj
 0001:00002840       _UefiDevicePathLibGetDevicePathSize 00013840 f   UefiDevicePathLib:DevicePathUtilities.obj
 0001:000028b0       _UefiDevicePathLibDuplicateDevicePath 000138b0 f   UefiDevicePathLib:DevicePathUtilities.obj
 0001:000028f0       _UefiDevicePathLibAppendDevicePath 000138f0 f   UefiDevicePathLib:DevicePathUtilities.obj
 0001:000029f0       _UefiDevicePathLibAppendDevicePathNode 000139f0 f   UefiDevicePathLib:DevicePathUtilities.obj
 0001:00002ab0       _UefiDevicePathLibAppendDevicePathInstance 00013ab0 f   UefiDevicePathLib:DevicePathUtilities.obj
 0001:00002bb0       _UefiDevicePathLibGetNextDevicePathInstance 00013bb0 f   UefiDevicePathLib:DevicePathUtilities.obj
 0001:00002cc0       _FileDevicePath            00013cc0 f   UefiDevicePathLib:DevicePathUtilities.obj
 0001:00002d90       _UefiDevicePathLibCatPrint 00013d90 f   UefiDevicePathLib:DevicePathToText.obj
 0001:00002e90       _DevPathToTextPci          00013e90 f   UefiDevicePathLib:DevicePathToText.obj
 0001:00002ec0       _DevPathToTextPccard       00013ec0 f   UefiDevicePathLib:DevicePathToText.obj
 0001:00002ef0       _DevPathToTextMemMap       00013ef0 f   UefiDevicePathLib:DevicePathToText.obj
 0001:00002f30       _DevPathToTextVendor       00013f30 f   UefiDevicePathLib:DevicePathToText.obj
 0001:00003350       _DevPathToTextController   00014350 f   UefiDevicePathLib:DevicePathToText.obj
 0001:00003380       _DevPathToTextBmc          00014380 f   UefiDevicePathLib:DevicePathToText.obj
 0001:000033c0       _DevPathToTextAcpi         000143c0 f   UefiDevicePathLib:DevicePathToText.obj
 0001:00003530       _DevPathToTextAcpiEx       00014530 f   UefiDevicePathLib:DevicePathToText.obj
 0001:00003960       _DevPathToTextAcpiAdr      00014960 f   UefiDevicePathLib:DevicePathToText.obj
 0001:00003a00       _DevPathToTextAtapi        00014a00 f   UefiDevicePathLib:DevicePathToText.obj
 0001:00003a90       _DevPathToTextScsi         00014a90 f   UefiDevicePathLib:DevicePathToText.obj
 0001:00003ac0       _DevPathToTextFibre        00014ac0 f   UefiDevicePathLib:DevicePathToText.obj
 0001:00003b00       _DevPathToTextFibreEx      00014b00 f   UefiDevicePathLib:DevicePathToText.obj
 0001:00003bb0       _DevPathToTextSasEx        00014bb0 f   UefiDevicePathLib:DevicePathToText.obj
 0001:00003db0       _DevPathToTextNVMe         00014db0 f   UefiDevicePathLib:DevicePathToText.obj
 0001:00003e60       _DevPathToTextUfs          00014e60 f   UefiDevicePathLib:DevicePathToText.obj
 0001:00003e90       _DevPathToTextSd           00014e90 f   UefiDevicePathLib:DevicePathToText.obj
 0001:00003ec0       _DevPathToTextEmmc         00014ec0 f   UefiDevicePathLib:DevicePathToText.obj
 0001:00003ef0       _DevPathToText1394         00014ef0 f   UefiDevicePathLib:DevicePathToText.obj
 0001:00003f20       _DevPathToTextUsb          00014f20 f   UefiDevicePathLib:DevicePathToText.obj
 0001:00003f50       _DevPathToTextUsbWWID      00014f50 f   UefiDevicePathLib:DevicePathToText.obj
 0001:00004020       _DevPathToTextLogicalUnit  00015020 f   UefiDevicePathLib:DevicePathToText.obj
 0001:00004050       _DevPathToTextUsbClass     00015050 f   UefiDevicePathLib:DevicePathToText.obj
 0001:000043e0       _DevPathToTextSata         000153e0 f   UefiDevicePathLib:DevicePathToText.obj
 0001:00004420       _DevPathToTextI2O          00015420 f   UefiDevicePathLib:DevicePathToText.obj
 0001:00004450       _DevPathToTextMacAddr      00015450 f   UefiDevicePathLib:DevicePathToText.obj
 0001:000044f0       _CatNetworkProtocol        000154f0 f   UefiDevicePathLib:DevicePathToText.obj
 0001:00004550       _CatIPv4Address            00015550 f   UefiDevicePathLib:DevicePathToText.obj
 0001:000045b0       _CatIPv6Address            000155b0 f   UefiDevicePathLib:DevicePathToText.obj
 0001:000046d0       _DevPathToTextIPv4         000156d0 f   UefiDevicePathLib:DevicePathToText.obj
 0001:00004800       _DevPathToTextIPv6         00015800 f   UefiDevicePathLib:DevicePathToText.obj
 0001:00004930       _DevPathToTextInfiniBand   00015930 f   UefiDevicePathLib:DevicePathToText.obj
 0001:00004980       _DevPathToTextUart         00015980 f   UefiDevicePathLib:DevicePathToText.obj
 0001:00004b10       _DevPathToTextiSCSI        00015b10 f   UefiDevicePathLib:DevicePathToText.obj
 0001:00004c70       _DevPathToTextVlan         00015c70 f   UefiDevicePathLib:DevicePathToText.obj
 0001:00004ca0       _DevPathToTextBluetooth    00015ca0 f   UefiDevicePathLib:DevicePathToText.obj
 0001:00004d30       _DevPathToTextWiFi         00015d30 f   UefiDevicePathLib:DevicePathToText.obj
 0001:00004d80       _DevPathToTextBluetoothLE  00015d80 f   UefiDevicePathLib:DevicePathToText.obj
 0001:00004e10       _DevPathToTextDns          00015e10 f   UefiDevicePathLib:DevicePathToText.obj
 0001:00004ed0       _DevPathToTextUri          00015ed0 f   UefiDevicePathLib:DevicePathToText.obj
 0001:00004f80       _DevPathToTextHardDrive    00015f80 f   UefiDevicePathLib:DevicePathToText.obj
 0001:00005050       _DevPathToTextCDROM        00016050 f   UefiDevicePathLib:DevicePathToText.obj
 0001:000050b0       _DevPathToTextFilePath     000160b0 f   UefiDevicePathLib:DevicePathToText.obj
 0001:000050e0       _DevPathToTextMediaProtocol 000160e0 f   UefiDevicePathLib:DevicePathToText.obj
 0001:00005110       _DevPathToTextFv           00016110 f   UefiDevicePathLib:DevicePathToText.obj
 0001:00005140       _DevPathToTextFvFile       00016140 f   UefiDevicePathLib:DevicePathToText.obj
 0001:00005170       _DevPathRelativeOffsetRange 00016170 f   UefiDevicePathLib:DevicePathToText.obj
 0001:000051b0       _DevPathToTextRamDisk      000161b0 f   UefiDevicePathLib:DevicePathToText.obj
 0001:000054d0       _DevPathToTextBBS          000164d0 f   UefiDevicePathLib:DevicePathToText.obj
 0001:000055d0       _DevPathToTextEndInstance  000165d0 f   UefiDevicePathLib:DevicePathToText.obj
 0001:000055f0       _DevPathToTextNodeGeneric  000165f0 f   UefiDevicePathLib:DevicePathToText.obj
 0001:00005720       _UefiDevicePathLibConvertDevicePathToText 00016720 f   UefiDevicePathLib:DevicePathToText.obj
 0001:00005870       _DevicePathFromHandle      00016870 f   UefiDevicePathLib:DevicePathUtilitiesDxeSmm.obj
 0001:000058b0       _CompareMem                000168b0 f   BaseMemoryLib:CompareMemWrapper.obj
 0001:000059a0       _CopyMem                   000169a0 f   BaseMemoryLib:CopyMemWrapper.obj
 0001:00005a40       _CopyGuid                  00016a40 f   BaseMemoryLib:MemLibGuid.obj
 0001:00005a90       _CompareGuid               00016a90 f   BaseMemoryLib:MemLibGuid.obj
 0001:00005b20       _IsZeroGuid                00016b20 f   BaseMemoryLib:MemLibGuid.obj
 0001:00005b70       _ZeroMem                   00016b70 f   BaseMemoryLib:ZeroMemWrapper.obj
 0001:00005bf0       _InternalMemZeroMem        00016bf0 f   BaseMemoryLib:MemLibGeneric.obj
 0001:00005c10       _InternalMemCompareMem     00016c10 f   BaseMemoryLib:MemLibGeneric.obj
 0001:00005c60       _InternalMemCopyMem        00016c60 f   BaseMemoryLib:CopyMem.obj
 0001:00005fd0       _InternalMemSetMem         00016fd0 f   BaseMemoryLib:SetMem.obj
 0001:000060f0       _UnicodeVSPrint            000170f0 f   BasePrintLib:PrintLib.obj
 0001:00006170       _UnicodeSPrint             00017170 f   BasePrintLib:PrintLib.obj
 0001:000061b0       _UnicodeValueToStringS     000171b0 f   BasePrintLib:PrintLib.obj
 0001:00006210       _SPrintLength              00017210 f   BasePrintLib:PrintLib.obj
 0001:00006260       _BasePrintLibFillBuffer    00017260 f   BasePrintLib:PrintLibInternal.obj
 0001:000062c0       _BasePrintLibValueToString 000172c0 f   BasePrintLib:PrintLibInternal.obj
 0001:00006310       _BasePrintLibConvertValueToStringS 00017310 f   BasePrintLib:PrintLibInternal.obj
 0001:000067d0       _BasePrintLibSPrintMarker  000177d0 f   BasePrintLib:PrintLibInternal.obj
 0001:00007a60       _BasePrintLibSPrint        00018a60 f   BasePrintLib:PrintLibInternal.obj
 0001:00007aa0       _InternalSafeStringIsOverlap 00018aa0 f   BaseLib:SafeString.obj
 0001:00007ae0       _InternalSafeStringNoStrOverlap 00018ae0 f   BaseLib:SafeString.obj
 0001:00007b20       _InternalSafeStringNoAsciiStrOverlap 00018b20 f   BaseLib:SafeString.obj
 0001:00007b60       _StrnLenS                  00018b60 f   BaseLib:SafeString.obj
 0001:00007be0       _StrnSizeS                 00018be0 f   BaseLib:SafeString.obj
 0001:00007c10       _StrCpyS                   00018c10 f   BaseLib:SafeString.obj
 0001:00007f50       _StrnCpyS                  00018f50 f   BaseLib:SafeString.obj
 0001:00008340       _StrCatS                   00019340 f   BaseLib:SafeString.obj
 0001:00008720       _AsciiStrnLenS             00019720 f   BaseLib:SafeString.obj
 0001:00008770       _AsciiStrnCpyS             00019770 f   BaseLib:SafeString.obj
 0001:00008b00       _AsciiStrToUnicodeStrS     00019b00 f   BaseLib:SafeString.obj
 0001:00008e90       _StrLen                    00019e90 f   BaseLib:String.obj
 0001:00008f50       _StrSize                   00019f50 f   BaseLib:String.obj
 0001:00008f70       _StrCmp                    00019f70 f   BaseLib:String.obj
 0001:00009020       _StrnCmp                   0001a020 f   BaseLib:String.obj
 0001:00009130       _AsciiStrLen               0001a130 f   BaseLib:String.obj
 0001:000091d0       _AsciiStrSize              0001a1d0 f   BaseLib:String.obj
 0001:000091f0       _AsciiStrnCmp              0001a1f0 f   BaseLib:String.obj
 0001:00009300       _ReadUnaligned16           0001a300 f   BaseLib:Unaligned.obj
 0001:00009340       _WriteUnaligned16          0001a340 f   BaseLib:Unaligned.obj
 0001:00009380       _ReadUnaligned32           0001a380 f   BaseLib:Unaligned.obj
 0001:000093c0       _WriteUnaligned32          0001a3c0 f   BaseLib:Unaligned.obj
 0001:00009400       _ReadUnaligned64           0001a400 f   BaseLib:Unaligned.obj
 0001:00009440       _WriteUnaligned64          0001a440 f   BaseLib:Unaligned.obj
 0001:00009490       _LShiftU64                 0001a490 f   BaseLib:LShiftU64.obj
 0001:000094e0       _DivU64x32Remainder        0001a4e0 f   BaseLib:DivU64x32Remainder.obj
 0001:00009530       _MultU64x32                0001a530 f   BaseLib:MultU64x32.obj
 0001:00009560       _InternalMathLShiftU64     0001a560 f   BaseLib:LShiftU64.obj
 0001:00009580       _InternalMathDivRemU64x32  0001a580 f   BaseLib:DivU64x32Remainder.obj
 0001:000095a0       _InternalMathMultU64x32    0001a5a0 f   BaseLib:MultU64x32.obj
 0001:000095c0       _GetPcdProtocol            0001a5c0 f   DxePcdLib:DxePcdLib.obj
 0001:00009690       _LibPcdSet32S              0001a690 f   DxePcdLib:DxePcdLib.obj
 0001:000096b0       _InternalAllocatePages     0001a6b0 f   UefiMemoryAllocationLib:MemoryAllocationLib.obj
 0001:000096f0       _AllocateReservedPages     0001a6f0 f   UefiMemoryAllocationLib:MemoryAllocationLib.obj
 0001:00009710       _FreePages                 0001a710 f   UefiMemoryAllocationLib:MemoryAllocationLib.obj
 0001:000097d0       _InternalAllocatePool      0001a7d0 f   UefiMemoryAllocationLib:MemoryAllocationLib.obj
 0001:00009810       _AllocatePool              0001a810 f   UefiMemoryAllocationLib:MemoryAllocationLib.obj
 0001:00009830       _InternalAllocateZeroPool  0001a830 f   UefiMemoryAllocationLib:MemoryAllocationLib.obj
 0001:00009870       _AllocateZeroPool          0001a870 f   UefiMemoryAllocationLib:MemoryAllocationLib.obj
 0001:00009890       _InternalAllocateCopyPool  0001a890 f   UefiMemoryAllocationLib:MemoryAllocationLib.obj
 0001:00009930       _AllocateCopyPool          0001a930 f   UefiMemoryAllocationLib:MemoryAllocationLib.obj
 0001:00009950       _InternalReallocatePool    0001a950 f   UefiMemoryAllocationLib:MemoryAllocationLib.obj
 0001:000099c0       _ReallocatePool            0001a9c0 f   UefiMemoryAllocationLib:MemoryAllocationLib.obj
 0001:000099e0       _FreePool                  0001a9e0 f   UefiMemoryAllocationLib:MemoryAllocationLib.obj
 0001:00009a70       _DebugPrint                0001aa70 f   PeiDxeDebugLibReportStatusCode:DebugLib.obj
 0001:00009aa0       _DebugPrintMarker          0001aaa0 f   PeiDxeDebugLibReportStatusCode:DebugLib.obj
 0001:00009f80       _DebugVPrint               0001af80 f   PeiDxeDebugLibReportStatusCode:DebugLib.obj
 0001:00009fa0       _DebugAssert               0001afa0 f   PeiDxeDebugLibReportStatusCode:DebugLib.obj
 0001:0000a200       _DebugAssertEnabled        0001b200 f   PeiDxeDebugLibReportStatusCode:DebugLib.obj
 0001:0000a230       _DebugPrintEnabled         0001b230 f   PeiDxeDebugLibReportStatusCode:DebugLib.obj
 0001:0000a260       _DebugCodeEnabled          0001b260 f   PeiDxeDebugLibReportStatusCode:DebugLib.obj
 0001:0000a290       _DebugPrintLevelEnabled    0001b290 f   PeiDxeDebugLibReportStatusCode:DebugLib.obj
 0001:0000a2b0       _UefiBootServicesTableLibConstructor 0001b2b0 f   UefiBootServicesTableLib:UefiBootServicesTableLib.obj
 0001:0000a360       _UefiRuntimeServicesTableLibConstructor 0001b360 f   UefiRuntimeServicesTableLib:UefiRuntimeServicesTableLib.obj
 0001:0000a3a0       _UefiLibConstructor        0001b3a0 f   UefiLib:UefiLib.obj
 0001:0000a3a0       _LogPerformanceMeasurement 0001b3a0 f   BasePerformanceLibNull:PerformanceLib.obj
 0001:0000a3a0       _StartPerformanceMeasurementEx 0001b3a0 f   BasePerformanceLibNull:PerformanceLib.obj
 0001:0000a3a0       _EndPerformanceMeasurementEx 0001b3a0 f   BasePerformanceLibNull:PerformanceLib.obj
 0001:0000a3b0       _EfiGetSystemConfigurationTable 0001b3b0 f   UefiLib:UefiLib.obj
 0001:0000a480       _EfiGetCurrentTpl          0001b480 f   UefiLib:UefiLib.obj
 0001:0000a4b0       _EfiAcquireLock            0001b4b0 f   UefiLib:UefiLib.obj
 0001:0000a540       _EfiReleaseLock            0001b540 f   UefiLib:UefiLib.obj
 0001:0000a5d0       _GetVariable2              0001b5d0 f   UefiLib:UefiLib.obj
 0001:0000a710       _GetEfiGlobalVariable2     0001b710 f   UefiLib:UefiLib.obj
 0001:0000a730       _GetBestLanguage           0001b730 f   UefiLib:UefiLib.obj
 0001:0000a920       _InternalPrint             0001b920 f   UefiLib:UefiLibPrint.obj
 0001:0000aa50       _Print                     0001ba50 f   UefiLib:UefiLibPrint.obj
 0001:0000aa90       _UefiHiiServicesLibConstructor 0001ba90 f   UefiHiiServicesLib:UefiHiiServicesLib.obj
 0001:0000ac70       _DxeServicesTableLibConstructor 0001bc70 f   DxeServicesTableLib:DxeServicesTableLib.obj
 0001:0000ad30       _GetHobList                0001bd30 f   DxeHobLib:HobLib.obj
 0001:0000ae00       _HobLibConstructor         0001be00 f   DxeHobLib:HobLib.obj
 0001:0000ae10       _GetNextHob                0001be10 f   DxeHobLib:HobLib.obj
 0001:0000ae80       _GetNextGuidHob            0001be80 f   DxeHobLib:HobLib.obj
 0001:0000aee0       _GetFirstGuidHob           0001bee0 f   DxeHobLib:HobLib.obj
 0001:0000af00       _GetBootModeHob            0001bf00 f   DxeHobLib:HobLib.obj
 0001:0000af20       _HiiSetString              0001bf20 f   UefiHiiLib:HiiString.obj
 0001:0000b0d0       _HiiGetString              0001c0d0 f   UefiHiiLib:HiiString.obj
 0001:0000b0f0       _HiiGetStringEx            0001c0f0 f   UefiHiiLib:HiiString.obj
 0001:0000b320       _InternalHiiExtractGuidFromHiiHandle 0001c320 f   UefiHiiLib:HiiLib.obj
 0001:0000b480       _HiiAddPackages            0001c480 f   UefiHiiLib:HiiLib.obj
 0001:0000b600       _HiiRemovePackages         0001c600 f   UefiHiiLib:HiiLib.obj
 0001:0000b6c0       _HiiGetHiiHandles          0001c6c0 f   UefiHiiLib:HiiLib.obj
 0001:0000b880       _HiiGetSupportedLanguages  0001c880 f   UefiHiiLib:HiiLanguage.obj
 0001:0000b940       _BmForEachVariable         0001c940 f   UefiBootManagerLib:BmLoadOption.obj
 0001:0000bac0       _BmGetFreeOptionNumber     0001cac0 f   UefiBootManagerLib:BmLoadOption.obj
 0001:0000bca0       _EfiBootManagerLoadOptionToVariable 0001cca0 f   UefiBootManagerLib:BmLoadOption.obj
 0001:0000bf50       _BmAddOptionNumberToOrderVariable 0001cf50 f   UefiBootManagerLib:BmLoadOption.obj
 0001:0000c0f0       _EfiBootManagerAddLoadOptionVariable 0001d0f0 f   UefiBootManagerLib:BmLoadOption.obj
 0001:0000c1d0       _EfiBootManagerInitializeLoadOption 0001d1d0 f   UefiBootManagerLib:BmLoadOption.obj
 0001:0000c2b0       _EfiBootManagerFindLoadOption 0001d2b0 f   UefiBootManagerLib:BmLoadOption.obj
 0001:0000c3a0       _EfiBootManagerDeleteLoadOptionVariable 0001d3a0 f   UefiBootManagerLib:BmLoadOption.obj
 0001:0000c510       _BmGetDevicePathSizeEx     0001d510 f   UefiBootManagerLib:BmLoadOption.obj
 0001:0000c5a0       _BmStrSizeEx               0001d5a0 f   UefiBootManagerLib:BmLoadOption.obj
 0001:0000c660       _BmValidateOption          0001d660 f   UefiBootManagerLib:BmLoadOption.obj
 0001:0000c710       _EfiBootManagerIsValidLoadOptionVariableName 0001d710 f   UefiBootManagerLib:BmLoadOption.obj
 0001:0000c830       _EfiBootManagerVariableToLoadOptionEx 0001d830 f   UefiBootManagerLib:BmLoadOption.obj
 0001:0000ca10       _EfiBootManagerVariableToLoadOption 0001da10 f   UefiBootManagerLib:BmLoadOption.obj
 0001:0000ca30       _BmCollectLoadOptions      0001da30 f   UefiBootManagerLib:BmLoadOption.obj
 0001:0000cba0       _EfiBootManagerGetLoadOptions 0001dba0 f   UefiBootManagerLib:BmLoadOption.obj
 0001:0000ce00       _EfiBootManagerFreeLoadOption 0001de00 f   UefiBootManagerLib:BmLoadOption.obj
 0001:0000ce60       _EfiBootManagerFreeLoadOptions 0001de60 f   UefiBootManagerLib:BmLoadOption.obj
 0001:0000ceb0       _BmIsLoadOptionPeHeaderValid 0001deb0 f   UefiBootManagerLib:BmLoadOption.obj
 0001:0000cfc0       _BmGetNextLoadOptionBuffer 0001dfc0 f   UefiBootManagerLib:BmLoadOption.obj
 0001:0000d180       _BmEndOfBdsPerfCode        0001e180 f   UefiBootManagerLib:BmBoot.obj
 0001:0000d1c0       _BmIsAutoCreateBootOption  0001e1c0 f   UefiBootManagerLib:BmBoot.obj
 0001:0000d200       _BmFindBootOptionInVariable 0001e200 f   UefiBootManagerLib:BmBoot.obj
 0001:0000d380       _BmAdjustFvFilePath        0001e380 f   UefiBootManagerLib:BmBoot.obj
 0001:0000d520       _BmIsFvFilePath            0001e520 f   UefiBootManagerLib:BmBoot.obj
 0001:0000d5d0       _BmMatchUsbClass           0001e5d0 f   UefiBootManagerLib:BmBoot.obj
 0001:0000d730       _BmMatchUsbWwid            0001e730 f   UefiBootManagerLib:BmBoot.obj
 0001:0000d940       _BmFindUsbDevice           0001e940 f   UefiBootManagerLib:BmBoot.obj
 0001:0000dac0       _BmExpandUsbDevicePath     0001eac0 f   UefiBootManagerLib:BmBoot.obj
 0001:0000dbf0       _BmExpandFileDevicePath    0001ebf0 f   UefiBootManagerLib:BmBoot.obj
 0001:0000dda0       _BmExpandUriDevicePath     0001eda0 f   UefiBootManagerLib:BmBoot.obj
 0001:0000dee0       _BmCachePartitionDevicePath 0001eee0 f   UefiBootManagerLib:BmBoot.obj
 0001:0000e000       _BmExpandPartitionDevicePath 0001f000 f   UefiBootManagerLib:BmBoot.obj
 0001:0000e350       _BmExpandMediaDevicePath   0001f350 f   UefiBootManagerLib:BmBoot.obj
 0001:0000e6c0       _BmMatchHttpBootDevicePath 0001f6c0 f   UefiBootManagerLib:BmBoot.obj
 0001:0000e870       _BmExpandNetworkFileSystem 0001f870 f   UefiBootManagerLib:BmBoot.obj
 0001:0000e9a0       _BmGetRamDiskDevicePath    0001f9a0 f   UefiBootManagerLib:BmBoot.obj
 0001:0000ea70       _BmGetRamDiskMemoryInfo    0001fa70 f   UefiBootManagerLib:BmBoot.obj
 0001:0000ec00       _BmDestroyRamDisk          0001fc00 f   UefiBootManagerLib:BmBoot.obj
 0001:0000ed80       _BmExpandLoadFile          0001fd80 f   UefiBootManagerLib:BmBoot.obj
 0001:0000f040       _BmExpandLoadFiles         00020040 f   UefiBootManagerLib:BmBoot.obj
 0001:0000f150       _BmGetNextLoadOptionDevicePath 00020150 f   UefiBootManagerLib:BmBoot.obj
 0001:0000f410       _BmIsBootManagerMenuFilePath 00020410 f   UefiBootManagerLib:BmBoot.obj
 0001:0000f470       _BmReportLoadFailure       00020470 f   UefiBootManagerLib:BmBoot.obj
 0001:0000f5a0       _EfiBootManagerBoot        000205a0 f   UefiBootManagerLib:BmBoot.obj
 0001:0000ff00       _BmMatchPartitionDevicePathNode 00020f00 f   UefiBootManagerLib:BmBoot.obj
 0001:0000ffd0       _BmEnumerateBootOptions    00020fd0 f   UefiBootManagerLib:BmBoot.obj
 0001:000105a0       _EfiBootManagerRefreshAllBootOption 000215a0 f   UefiBootManagerLib:BmBoot.obj
 0001:00010810       _BmRegisterBootManagerMenu 00021810 f   UefiBootManagerLib:BmBoot.obj
 0001:00010ae0       _EfiBootManagerGetBootManagerMenu 00021ae0 f   UefiBootManagerLib:BmBoot.obj
 0001:00010c40       _BmConnectAllDriversToAllControllers 00021c40 f   UefiBootManagerLib:BmConnect.obj
 0001:00010cd0       _EfiBootManagerConnectAll  00021cd0 f   UefiBootManagerLib:BmConnect.obj
 0001:00010cf0       _EfiBootManagerConnectDevicePath 00021cf0 f   UefiBootManagerLib:BmConnect.obj
 0001:00010e10       _BmConnectUsbShortFormDevicePath 00021e10 f   UefiBootManagerLib:BmConnect.obj
 0001:00010fa0       _BmDelPartMatchInstance    00021fa0 f   UefiBootManagerLib:BmMisc.obj
 0001:00011090       _BmMatchDevicePaths        00022090 f   UefiBootManagerLib:BmMisc.obj
 0001:00011120       _BmSetMemoryTypeInformationVariable 00022120 f   UefiBootManagerLib:BmMisc.obj
 0001:000114f0       _BmSetVariableAndReportStatusCodeOnError 000224f0 f   UefiBootManagerLib:BmMisc.obj
 0001:000116b0       _BmPrintDp                 000226b0 f   UefiBootManagerLib:BmMisc.obj
 0001:00011720       _BmCharToUint              00022720 f   UefiBootManagerLib:BmMisc.obj
 0001:00011760       _BmDevicePathType          00022760 f   UefiBootManagerLib:BmBootDescription.obj
 0001:00011910       _BmEliminateExtraSpaces    00022910 f   UefiBootManagerLib:BmBootDescription.obj
 0001:000119a0       _BmGetDescriptionFromDiskInfo 000229a0 f   UefiBootManagerLib:BmBootDescription.obj
 0001:00011df0       _BmGetUsbDescription       00022df0 f   UefiBootManagerLib:BmBootDescription.obj
 0001:00012020       _BmGetNetworkDescription   00023020 f   UefiBootManagerLib:BmBootDescription.obj
 0001:000123b0       _BmGetLoadFileDescription  000233b0 f   UefiBootManagerLib:BmBootDescription.obj
 0001:00012480       _BmGetNvmeDescription      00023480 f   UefiBootManagerLib:BmBootDescription.obj
 0001:00012720       _BmGetMiscDescription      00023720 f   UefiBootManagerLib:BmBootDescription.obj
 0001:000128f0       _BmGetBootDescription      000238f0 f   UefiBootManagerLib:BmBootDescription.obj
 0001:00012ad0       _BmMakeBootOptionDescriptionUnique 00023ad0 f   UefiBootManagerLib:BmBootDescription.obj
 0001:00012c90       _BmHotkeyCallback          00023c90 f   UefiBootManagerLib:BmHotkey.obj
 0001:00012fe0       _BmGetActiveConsoleIn      00023fe0 f   UefiBootManagerLib:BmHotkey.obj
 0001:00013090       _BmUnregisterHotkeyNotify  00024090 f   UefiBootManagerLib:BmHotkey.obj
 0001:00013230       _BmStopHotkeyService       00024230 f   UefiBootManagerLib:BmHotkey.obj
 0001:00013340       _BmGetControllerName       00024340 f   UefiBootManagerLib:BmDriverHealth.obj
 0001:000134b0       _BmDisplayMessages         000244b0 f   UefiBootManagerLib:BmDriverHealth.obj
 0001:00013610       _BmRepairNotify            00024610 f   UefiBootManagerLib:BmDriverHealth.obj
 0001:00013670       _BmGetSingleControllerHealthStatus 00024670 f   UefiBootManagerLib:BmDriverHealth.obj
 0001:00013930       _EfiBootManagerGetDriverHealthInfo 00024930 f   UefiBootManagerLib:BmDriverHealth.obj
 0001:00013c00       _EfiBootManagerFreeDriverHealthInfo 00024c00 f   UefiBootManagerLib:BmDriverHealth.obj
 0001:00013c60       _BmRepairAllControllers    00024c60 f   UefiBootManagerLib:BmDriverHealth.obj
 0001:00014160       _BmUpdateSystemTableConsole 00025160 f   UefiBootManagerLib:BmConsole.obj
 0001:000143c0       _EfiBootManagerUpdateConsoleVariable 000253c0 f   UefiBootManagerLib:BmConsole.obj
 0001:00014520       _EfiBootManagerConnectConsoleVariable 00025520 f   UefiBootManagerLib:BmConsole.obj
 0001:000147c0       _EfiBootManagerConnectAllDefaultConsoles 000257c0 f   UefiBootManagerLib:BmConsole.obj
 0001:00014990       _GetDebugPrintErrorLevel   00025990 f   BaseDebugPrintErrorLevelLib:BaseDebugPrintErrorLevelLib.obj
 0001:000149a0       _InternalGetReportStatusCode 000259a0 f   DxeReportStatusCodeLib:ReportStatusCodeLib.obj
 0001:00014a00       _InternalReportStatusCode  00025a00 f   DxeReportStatusCodeLib:ReportStatusCodeLib.obj
 0001:00014a90       _ReportStatusCode          00025a90 f   DxeReportStatusCodeLib:ReportStatusCodeLib.obj
 0001:00014ab0       _ReportStatusCodeEx        00025ab0 f   DxeReportStatusCodeLib:ReportStatusCodeLib.obj
 0001:00014c70       _ReportProgressCodeEnabled 00025c70 f   DxeReportStatusCodeLib:ReportStatusCodeLib.obj
 0001:00014ca0       _ReportErrorCodeEnabled    00025ca0 f   DxeReportStatusCodeLib:ReportStatusCodeLib.obj
 0001:00014cd0       _ReportDebugCodeEnabled    00025cd0 f   DxeReportStatusCodeLib:ReportStatusCodeLib.obj
 0001:00014d00       _CpuBreakpoint             00025d00 f   BaseLib:CpuBreakpoint.obj
 0001:00014d10       _CpuDeadLoop               00025d10 f   BaseLib:CpuDeadLoop.obj
 0001:00014d30       _InternalBaseLibIsListValid 00025d30 f   BaseLib:LinkedList.obj
 0001:00014e20       _IsNodeInList              00025e20 f   BaseLib:LinkedList.obj
 0001:00014ef0       _GetFirstNode              00025ef0 f   BaseLib:LinkedList.obj
 0001:00014f40       _GetNextNode               00025f40 f   BaseLib:LinkedList.obj
 0001:00014fe0       _IsListEmpty               00025fe0 f   BaseLib:LinkedList.obj
 0001:00015040       _IsNull                    00026040 f   BaseLib:LinkedList.obj
 0001:000150f0       _RemoveEntryList           000260f0 f   BaseLib:LinkedList.obj
 0001:00015150       _CpuPause                  00026150 f   BaseLib:CpuPause.obj
 0001:00015160       _EfiCreateEventLegacyBootEx 00026160 f   UefiLib:UefiNotTiano.obj
 0001:00015260       _EfiCreateEventReadyToBoot 00026260 f   UefiLib:UefiNotTiano.obj
 0001:00015280       _EfiCreateEventReadyToBootEx 00026280 f   UefiLib:UefiNotTiano.obj
 0001:00015380       _EfiSignalEventReadyToBoot 00026380 f   UefiLib:UefiNotTiano.obj
 0001:00015420       _EfiGetNameGuidFromFwVolDevicePathNode 00026420 f   UefiLib:UefiNotTiano.obj
 0001:00015490       _EfiInitializeFwVolDevicepathNode 00026490 f   UefiLib:UefiNotTiano.obj
 0001:00015590       _CreateBasicVariablePolicy 00026590 f   VariablePolicyHelperLib:VariablePolicyHelperLib.obj
 0001:000156e0       _RegisterBasicVariablePolicy 000266e0 f   VariablePolicyHelperLib:VariablePolicyHelperLib.obj
 0001:00015760       _InternalImageHandleToFvHandle 00026760 f   DxeServicesLib:DxeServicesLib.obj
 0001:00015820       _InternalGetSectionFromFv  00026820 f   DxeServicesLib:DxeServicesLib.obj
 0001:00015970       _GetSectionFromAnyFv       00026970 f   DxeServicesLib:DxeServicesLib.obj
 0001:00015a70       _GetFileBufferByFilePath   00026a70 f   DxeServicesLib:DxeServicesLib.obj
 0001:00016050       _GetFileDevicePathFromAnyFv 00027050 f   DxeServicesLib:DxeServicesLib.obj
 0001:00016240       _PerformanceMeasurementEnabled 00027240 f   BasePerformanceLibNull:PerformanceLib.obj
 0001:00016270       _LogPerformanceMeasurementEnabled 00027270 f   BasePerformanceLibNull:PerformanceLib.obj
 0002:00000000       ??_C@_0BD@HDMCIGFK@BootManagerMenuApp?$AA@ 00028000     BootManagerMenuApp:AutoGen.obj
 0002:00000014       ??_C@_0CB@DMEJJJHA@?6ASSERT_EFI_ERROR?5?$CIStatus?5?$DN?5?$CFr?$CJ?6@ 00028014     BootManagerMenuApp:AutoGen.obj
 0002:00000038       ??_C@_0CH@BBNBJKHK@?$CB?$CI?$CI?$CIINTN?$CJ?$CIRETURN_STATUS?$CJ?$CIStatus?$CJ@ 00028038     BootManagerMenuApp:AutoGen.obj
 0002:00000060       ??_C@_0KP@EJLDALKC@c?3?2users?2mliang2x?2workspace?2ming@ 00028060     BootManagerMenuApp:AutoGen.obj
 0002:00000110       __gPcd_FixedAtBuild_PcdDriverHealthConfigureForm 00028110     BootManagerMenuApp:AutoGen.obj
 0002:00000120       __gPcd_FixedAtBuild_PcdErrorCodeSetVariable 00028120     BootManagerMenuApp:AutoGen.obj
 0002:00000124       __gPcd_FixedAtBuild_PcdReportStatusCodePropertyMask 00028124     BootManagerMenuApp:AutoGen.obj
 0002:00000128       __gPcd_FixedAtBuild_PcdMaximumDevicePathNodeCount 00028128     BootManagerMenuApp:AutoGen.obj
 0002:00000128       __gUefiDriverRevision      00028128     BootManagerMenuApp:AutoGen.obj
 0002:00000128       __gPcd_FixedAtBuild_PcdMaxRepairCount 00028128     BootManagerMenuApp:AutoGen.obj
 0002:0000012c       __gPcd_FixedAtBuild_PcdDebugPrintErrorLevel 0002812c     BootManagerMenuApp:AutoGen.obj
 0002:00000130       __gPcd_FixedAtBuild_PcdUefiLibMaxPrintBufferSize 00028130     BootManagerMenuApp:AutoGen.obj
 0002:00000134       __gPcd_FixedAtBuild_PcdFixedDebugPrintErrorLevel 00028134     BootManagerMenuApp:AutoGen.obj
 0002:00000138       __gPcd_FixedAtBuild_PcdResetOnMemoryTypeInformationChange 00028138     BootManagerMenuApp:AutoGen.obj
 0002:00000138       __gPcd_FixedAtBuild_PcdPerformanceLibraryPropertyMask 00028138     BootManagerMenuApp:AutoGen.obj
 0002:00000138       __gPcd_FixedAtBuild_PcdVerifyNodeInList 00028138     BootManagerMenuApp:AutoGen.obj
 0002:0000013c       __gPcd_FixedAtBuild_PcdBootManagerMenuFile 0002813c     BootManagerMenuApp:AutoGen.obj
 0002:0000014c       __gPcd_FixedAtBuild_PcdMaximumUnicodeStringLength 0002814c     BootManagerMenuApp:AutoGen.obj
 0002:0000014c       __gPcd_FixedAtBuild_PcdMaximumAsciiStringLength 0002814c     BootManagerMenuApp:AutoGen.obj
 0002:0000014c       __gPcd_FixedAtBuild_PcdMaximumLinkedListLength 0002814c     BootManagerMenuApp:AutoGen.obj
 0002:00000150       __gPcd_FixedAtBuild_PcdDebugPropertyMask 00028150     BootManagerMenuApp:AutoGen.obj
 0002:00000154       __gPcd_FixedAtBuild_PcdProgressCodeOsLoaderLoad 00028154     BootManagerMenuApp:AutoGen.obj
 0002:00000158       __gPcd_FixedAtBuild_PcdProgressCodeOsLoaderStart 00028158     BootManagerMenuApp:AutoGen.obj
 0002:0000015c       ??_C@_15GANGMFKL@?$AA?$CF?$AAs?$AA?$AA@ 0002815c     BootManagerMenuApp:BootManagerMenu.obj
 0002:00000164       ??_C@_15DAMPJCDE@?$AA?$CF?$AAc?$AA?$AA@ 00028164     BootManagerMenuApp:BootManagerMenu.obj
 0002:00000170       ??_C@_0HG@MKDJADM@c?3?2users?2mliang2x?2workspace?2ming@ 00028170     BootManagerMenuApp:BootManagerMenu.obj
 0002:000001e8       ??_C@_0CI@FHPFKIBK@BootMenuData?9?$DOPtrTokens?5?$CB?$DN?5?$CI?$CIvoi@ 000281e8     BootManagerMenuApp:BootManagerMenu.obj
 0002:00000210       ??_C@_0CO@EBBHKDJM@BootOption?$FLIndex?$FN?4Description?5?$CB?$DN@ 00028210     BootManagerMenuApp:BootManagerMenu.obj
 0002:00000240       ??_C@_0BN@EELGKOAB@BootMenuData?9?$DOItemCount?5?$CB?$DN?50?$AA@ 00028240     BootManagerMenuApp:BootManagerMenu.obj
 0002:00000260       ??_C@_0BH@MAAHKCPC@String?5?$CB?$DN?5?$CI?$CIvoid?5?$CK?$CJ?50?$CJ?$AA@ 00028260     BootManagerMenuApp:BootManagerMenu.obj
 0002:00000278       ??_C@_0BM@DJHLFDEF@BootOptions?5?$CB?$DN?5?$CI?$CIvoid?5?$CK?$CJ?50?$CJ?$AA@ 00028278     BootManagerMenuApp:BootManagerMenu.obj
 0002:00000294       ??_C@_0CC@HFEIDHIP@gStringPackHandle?5?$CB?$DN?5?$CI?$CIvoid?5?$CK?$CJ?50@ 00028294     BootManagerMenuApp:BootManagerMenu.obj
 0002:000002b8       ??_C@_0BF@CBLMFKOC@Node?5?$CB?$DN?5?$CI?$CIvoid?5?$CK?$CJ?50?$CJ?$AA@ 000282b8     UefiDevicePathLib:DevicePathUtilities.obj
 0002:000002d0       ??_C@_0GP@HHJAOHCF@c?3?2users?2mliang2x?2workspace?2ming@ 000282d0     UefiDevicePathLib:DevicePathUtilities.obj
 0002:00000340       ??_C@_0EH@ENCEEKKL@?$CILength?5?$DO?$DN?5sizeof?5?$CIEFI_DEVICE_PA@ 00028340     UefiDevicePathLib:DevicePathUtilities.obj
 0002:00000388       ??_C@_0BF@MBJFHGBE@Size?5?$CB?$DN?5?$CI?$CIvoid?5?$CK?$CJ?50?$CJ?$AA@ 00028388     UefiDevicePathLib:DevicePathUtilities.obj
 0002:000003a0       _mUefiDevicePathLibEndDevicePath 000283a0     UefiDevicePathLib:DevicePathUtilities.obj
 0002:000003a4       ??_C@_1BA@NGCDBIG@?$AAP?$AAr?$AAi?$AAm?$AAa?$AAr?$AAy?$AA?$AA@ 000283a4     UefiDevicePathLib:DevicePathFromText.obj
 0002:000003b4       ??_C@_1BE@BGLPHBHD@?$AAS?$AAe?$AAc?$AAo?$AAn?$AAd?$AAa?$AAr?$AAy?$AA?$AA@ 000283b4     UefiDevicePathLib:DevicePathFromText.obj
 0002:000003c8       ??_C@_1O@MHJLHGPK@?$AAM?$AAa?$AAs?$AAt?$AAe?$AAr?$AA?$AA@ 000283c8     UefiDevicePathLib:DevicePathFromText.obj
 0002:000003d8       ??_C@_1M@MJNGBMFK@?$AAS?$AAl?$AAa?$AAv?$AAe?$AA?$AA@ 000283d8     UefiDevicePathLib:DevicePathFromText.obj
 0002:000003e4       ??_C@_1BA@NAMMFHHL@?$AAX?$AAo?$AAn?$AAX?$AAo?$AAf?$AAf?$AA?$AA@ 000283e4     UefiDevicePathLib:DevicePathFromText.obj
 0002:000003f4       ??_C@_1BC@MAICEHGI@?$AAH?$AAa?$AAr?$AAd?$AAw?$AAa?$AAr?$AAe?$AA?$AA@ 000283f4     UefiDevicePathLib:DevicePathFromText.obj
 0002:00000408       ??_C@_19BPNGBNAI@?$AAS?$AAA?$AAT?$AAA?$AA?$AA@ 00028408     UefiDevicePathLib:DevicePathFromText.obj
 0002:00000414       ??_C@_17FMMIKNDG@?$AAS?$AAA?$AAS?$AA?$AA@ 00028414     UefiDevicePathLib:DevicePathFromText.obj
 0002:0000041c       ??_C@_1BC@KMFBFJEN@?$AAE?$AAx?$AAt?$AAe?$AAr?$AAn?$AAa?$AAl?$AA?$AA@ 0002841c     UefiDevicePathLib:DevicePathFromText.obj
 0002:00000430       ??_C@_1BC@FBOHHDN@?$AAI?$AAn?$AAt?$AAe?$AAr?$AAn?$AAa?$AAl?$AA?$AA@ 00028430     UefiDevicePathLib:DevicePathFromText.obj
 0002:00000444       ??_C@_1BC@EEIMPKHO@?$AAE?$AAx?$AAp?$AAa?$AAn?$AAd?$AAe?$AAd?$AA?$AA@ 00028444     UefiDevicePathLib:DevicePathFromText.obj
 0002:00000458       ??_C@_1O@MDCABJAO@?$AAD?$AAi?$AAr?$AAe?$AAc?$AAt?$AA?$AA@ 00028458     UefiDevicePathLib:DevicePathFromText.obj
 0002:00000468       ??_C@_17NINPJKOM@?$AAU?$AAD?$AAP?$AA?$AA@ 00028468     UefiDevicePathLib:DevicePathFromText.obj
 0002:00000470       ??_C@_17JHAKKMK@?$AAT?$AAC?$AAP?$AA?$AA@ 00028470     UefiDevicePathLib:DevicePathFromText.obj
 0002:00000478       ??_C@_1O@ECDFCEKO@?$AAS?$AAt?$AAa?$AAt?$AAi?$AAc?$AA?$AA@ 00028478     UefiDevicePathLib:DevicePathFromText.obj
 0002:00000488       ??_C@_1O@HNAACJMJ@?$AAC?$AAR?$AAC?$AA3?$AA2?$AAC?$AA?$AA@ 00028488     UefiDevicePathLib:DevicePathFromText.obj
 0002:00000498       ??_C@_19KLMLHLJG@?$AAN?$AAo?$AAn?$AAe?$AA?$AA@ 00028498     UefiDevicePathLib:DevicePathFromText.obj
 0002:000004a4       ??_C@_1BC@PDNIOEEC@?$AAC?$AAH?$AAA?$AAP?$AA_?$AAU?$AAN?$AAI?$AA?$AA@ 000284a4     UefiDevicePathLib:DevicePathFromText.obj
 0002:000004b8       ??_C@_17LNBJLOE@?$AAM?$AAB?$AAR?$AA?$AA@ 000284b8     UefiDevicePathLib:DevicePathFromText.obj
 0002:000004c0       ??_C@_17PBGEHLGA@?$AAG?$AAP?$AAT?$AA?$AA@ 000284c0     UefiDevicePathLib:DevicePathFromText.obj
 0002:000004c8       ??_C@_1O@CLMODHEM@?$AAF?$AAl?$AAo?$AAp?$AAp?$AAy?$AA?$AA@ 000284c8     UefiDevicePathLib:DevicePathFromText.obj
 0002:000004d8       ??_C@_15LJEABJDH@?$AAH?$AAD?$AA?$AA@ 000284d8     UefiDevicePathLib:DevicePathFromText.obj
 0002:000004e0       ??_C@_1M@NEPFDHKI@?$AAC?$AAD?$AAR?$AAO?$AAM?$AA?$AA@ 000284e0     UefiDevicePathLib:DevicePathFromText.obj
 0002:000004ec       ??_C@_1O@IJBLAFEH@?$AAP?$AAC?$AAM?$AAC?$AAI?$AAA?$AA?$AA@ 000284ec     UefiDevicePathLib:DevicePathFromText.obj
 0002:000004fc       ??_C@_17DMBMDHNL@?$AAU?$AAS?$AAB?$AA?$AA@ 000284fc     UefiDevicePathLib:DevicePathFromText.obj
 0002:00000504       ??_C@_1BA@IFBJBPAK@?$AAN?$AAe?$AAt?$AAw?$AAo?$AAr?$AAk?$AA?$AA@ 00028504     UefiDevicePathLib:DevicePathFromText.obj
 0002:00000514       ??_C@_1BK@PDLLBLKH@?$AAH?$AAa?$AAr?$AAd?$AAw?$AAa?$AAr?$AAe?$AAP?$AAa?$AAt?$AAh?$AA?$AA@ 00028514     UefiDevicePathLib:DevicePathFromText.obj
 0002:00000530       ??_C@_1BC@EJFCJMMM@?$AAA?$AAc?$AAp?$AAi?$AAP?$AAa?$AAt?$AAh?$AA?$AA@ 00028530     UefiDevicePathLib:DevicePathFromText.obj
 0002:00000544       ??_C@_17DACEHHP@?$AAM?$AAs?$AAg?$AA?$AA@ 00028544     UefiDevicePathLib:DevicePathFromText.obj
 0002:0000054c       ??_C@_1BC@NAJEJDIH@?$AAU?$AAs?$AAb?$AAA?$AAu?$AAd?$AAi?$AAo?$AA?$AA@ 0002854c     UefiDevicePathLib:DevicePathFromText.obj
 0002:00000560       ??_C@_1BM@EBMHFGAN@?$AAU?$AAs?$AAb?$AAC?$AAD?$AAC?$AAC?$AAo?$AAn?$AAt?$AAr?$AAo?$AAl?$AA?$AA@ 00028560     UefiDevicePathLib:DevicePathFromText.obj
 0002:0000057c       ??_C@_1O@MNHDOJBH@?$AAU?$AAs?$AAb?$AAH?$AAI?$AAD?$AA?$AA@ 0002857c     UefiDevicePathLib:DevicePathFromText.obj
 0002:0000058c       ??_C@_1BC@PPLGKLBF@?$AAU?$AAs?$AAb?$AAI?$AAm?$AAa?$AAg?$AAe?$AA?$AA@ 0002858c     UefiDevicePathLib:DevicePathFromText.obj
 0002:000005a0       ??_C@_1BG@PFAKNBDK@?$AAU?$AAs?$AAb?$AAP?$AAr?$AAi?$AAn?$AAt?$AAe?$AAr?$AA?$AA@ 000285a0     UefiDevicePathLib:DevicePathFromText.obj
 0002:000005b8       ??_C@_1BO@PDNPADEO@?$AAU?$AAs?$AAb?$AAM?$AAa?$AAs?$AAs?$AAS?$AAt?$AAo?$AAr?$AAa?$AAg?$AAe?$AA?$AA@ 000285b8     UefiDevicePathLib:DevicePathFromText.obj
 0002:000005d8       ??_C@_1O@DLJCNOCD@?$AAU?$AAs?$AAb?$AAH?$AAu?$AAb?$AA?$AA@ 000285d8     UefiDevicePathLib:DevicePathFromText.obj
 0002:000005e8       ??_C@_1BG@HNPFOCNE@?$AAU?$AAs?$AAb?$AAC?$AAD?$AAC?$AAD?$AAa?$AAt?$AAa?$AA?$AA@ 000285e8     UefiDevicePathLib:DevicePathFromText.obj
 0002:00000600       ??_C@_1BK@COBNKHKO@?$AAU?$AAs?$AAb?$AAS?$AAm?$AAa?$AAr?$AAt?$AAC?$AAa?$AAr?$AAd?$AA?$AA@ 00028600     UefiDevicePathLib:DevicePathFromText.obj
 0002:0000061c       ??_C@_1BC@OCEEDGOJ@?$AAU?$AAs?$AAb?$AAV?$AAi?$AAd?$AAe?$AAo?$AA?$AA@ 0002861c     UefiDevicePathLib:DevicePathFromText.obj
 0002:00000630       ??_C@_1BM@LPAMJGAO@?$AAU?$AAs?$AAb?$AAD?$AAi?$AAa?$AAg?$AAn?$AAo?$AAs?$AAt?$AAi?$AAc?$AA?$AA@ 00028630     UefiDevicePathLib:DevicePathFromText.obj
 0002:0000064c       ??_C@_1BI@FHBIGIDC@?$AAU?$AAs?$AAb?$AAW?$AAi?$AAr?$AAe?$AAl?$AAe?$AAs?$AAs?$AA?$AA@ 0002864c     UefiDevicePathLib:DevicePathFromText.obj
 0002:00000664       ??_C@_1BE@MHMKEMCG@?$AAM?$AAe?$AAd?$AAi?$AAa?$AAP?$AAa?$AAt?$AAh?$AA?$AA@ 00028664     UefiDevicePathLib:DevicePathFromText.obj
 0002:00000678       ??_C@_1M@OFOICAAP@?$AAM?$AAe?$AAd?$AAi?$AAa?$AA?$AA@ 00028678     UefiDevicePathLib:DevicePathFromText.obj
 0002:00000684       ??_C@_1BA@EPIJMJOF@?$AAB?$AAb?$AAs?$AAP?$AAa?$AAt?$AAh?$AA?$AA@ 00028684     UefiDevicePathLib:DevicePathFromText.obj
 0002:00000694       ??_C@_0BL@JFODOCGB@DevicePath?5?$CB?$DN?5?$CI?$CIvoid?5?$CK?$CJ?50?$CJ?$AA@ 00028694     UefiDevicePathLib:DevicePathFromText.obj
 0002:000006b0       ??_C@_0BJ@NNFHKMPH@Str?9?$DOStr?5?$CB?$DN?5?$CI?$CIvoid?5?$CK?$CJ?50?$CJ?$AA@ 000286b0     UefiDevicePathLib:DevicePathToText.obj
 0002:000006d0       ??_C@_0GM@FMMHFPK@c?3?2users?2mliang2x?2workspace?2ming@ 000286d0     UefiDevicePathLib:DevicePathToText.obj
 0002:0000073c       ??_C@_1BO@OAGLMPIF@?$AAP?$AAc?$AAi?$AA?$CI?$AA0?$AAx?$AA?$CF?$AAx?$AA?0?$AA0?$AAx?$AA?$CF?$AAx?$AA?$CJ?$AA?$AA@ 0002873c     UefiDevicePathLib:DevicePathToText.obj
 0002:0000075c       ??_C@_1BK@KCEBDNMK@?$AAP?$AAc?$AAC?$AAa?$AAr?$AAd?$AA?$CI?$AA0?$AAx?$AA?$CF?$AAx?$AA?$CJ?$AA?$AA@ 0002875c     UefiDevicePathLib:DevicePathToText.obj
 0002:00000778       ??_C@_1DO@IFCJNKPC@?$AAM?$AAe?$AAm?$AAo?$AAr?$AAy?$AAM?$AAa?$AAp?$AAp?$AAe?$AAd?$AA?$CI?$AA0?$AAx?$AA?$CF?$AAx?$AA?0?$AA0?$AAx?$AA?$CF?$AAl?$AAx?$AA?0?$AA0?$AAx?$AA?$CF?$AAl?$AAx?$AA?$CJ?$AA?$AA@ 00028778     UefiDevicePathLib:DevicePathToText.obj
 0002:000007b8       ??_C@_15FLNOEOHI@?$AAH?$AAw?$AA?$AA@ 000287b8     UefiDevicePathLib:DevicePathToText.obj
 0002:000007c0       ??_C@_1BI@PHHNEBMB@?$AAV?$AAe?$AAn?$AAP?$AAc?$AAA?$AAn?$AAs?$AAi?$AA?$CI?$AA?$CJ?$AA?$AA@ 000287c0     UefiDevicePathLib:DevicePathToText.obj
 0002:000007d8       ??_C@_1BG@IAIKNGNN@?$AAV?$AAe?$AAn?$AAV?$AAt?$AA1?$AA0?$AA0?$AA?$CI?$AA?$CJ?$AA?$AA@ 000287d8     UefiDevicePathLib:DevicePathToText.obj
 0002:000007f0       ??_C@_1BO@COEKAAEN@?$AAV?$AAe?$AAn?$AAV?$AAt?$AA1?$AA0?$AA0?$AAP?$AAl?$AAu?$AAs?$AA?$CI?$AA?$CJ?$AA?$AA@ 000287f0     UefiDevicePathLib:DevicePathToText.obj
 0002:00000810       ??_C@_1BE@IDDFGEGE@?$AAV?$AAe?$AAn?$AAU?$AAt?$AAf?$AA8?$AA?$CI?$AA?$CJ?$AA?$AA@ 00028810     UefiDevicePathLib:DevicePathToText.obj
 0002:00000824       ??_C@_1CC@FKEHNDLA@?$AAU?$AAa?$AAr?$AAt?$AAF?$AAl?$AAo?$AAw?$AAC?$AAt?$AAr?$AAl?$AA?$CI?$AA?$CF?$AAs?$AA?$CJ?$AA?$AA@ 00028824     UefiDevicePathLib:DevicePathToText.obj
 0002:00000848       ??_C@_1CM@MBOKCKGI@?$AAS?$AAA?$AAS?$AA?$CI?$AA0?$AAx?$AA?$CF?$AAl?$AAx?$AA?0?$AA0?$AAx?$AA?$CF?$AAl?$AAx?$AA?0?$AA0?$AAx?$AA?$CF?$AAx?$AA?0?$AA?$AA@ 00028848     UefiDevicePathLib:DevicePathToText.obj
 0002:00000874       ??_C@_1CE@FDCOMKL@?$AAN?$AAo?$AAT?$AAo?$AAp?$AAo?$AAl?$AAo?$AAg?$AAy?$AA?0?$AA0?$AA?0?$AA0?$AA?0?$AA0?$AA?0?$AA?$AA@ 00028874     UefiDevicePathLib:DevicePathToText.obj
 0002:00000898       ??_C@_1BE@MLBJKAMN@?$AA?$CF?$AAs?$AA?0?$AA?$CF?$AAs?$AA?0?$AA?$CF?$AAs?$AA?0?$AA?$AA@ 00028898     UefiDevicePathLib:DevicePathToText.obj
 0002:000008ac       ??_C@_15KAKDEJHH@?$AA0?$AA?0?$AA?$AA@ 000288ac     UefiDevicePathLib:DevicePathToText.obj
 0002:000008b4       ??_C@_1M@MJJODJOA@?$AA0?$AAx?$AA?$CF?$AAx?$AA?0?$AA?$AA@ 000288b4     UefiDevicePathLib:DevicePathToText.obj
 0002:000008c0       ??_C@_1BI@EOONELPP@?$AA0?$AAx?$AA?$CF?$AAx?$AA?0?$AA0?$AA?0?$AA0?$AA?0?$AA0?$AA?0?$AA?$AA@ 000288c0     UefiDevicePathLib:DevicePathToText.obj
 0002:000008d8       ??_C@_1M@POEAMJNC@?$AA0?$AAx?$AA?$CF?$AAx?$AA?$CJ?$AA?$AA@ 000288d8     UefiDevicePathLib:DevicePathToText.obj
 0002:000008e4       ??_C@_1BI@IHPCIEPJ@?$AAD?$AAe?$AAb?$AAu?$AAg?$AAP?$AAo?$AAr?$AAt?$AA?$CI?$AA?$CJ?$AA?$AA@ 000288e4     UefiDevicePathLib:DevicePathToText.obj
 0002:000008fc       ??_C@_13HGPDMIBE@?$AA?$DP?$AA?$AA@ 000288fc     UefiDevicePathLib:DevicePathToText.obj
 0002:00000900       ??_C@_1BC@EAAHJKNI@?$AAV?$AAe?$AAn?$AA?$CF?$AAs?$AA?$CI?$AA?$CF?$AAg?$AA?$AA@ 00028900     UefiDevicePathLib:DevicePathToText.obj
 0002:00000914       ??_C@_13DEFPDAGF@?$AA?0?$AA?$AA@ 00028914     UefiDevicePathLib:DevicePathToText.obj
 0002:00000918       ??_C@_19NHPFCCLF@?$AA?$CF?$AA0?$AA2?$AAx?$AA?$AA@ 00028918     UefiDevicePathLib:DevicePathToText.obj
 0002:00000924       ??_C@_13DIBMAFH@?$AA?$CJ?$AA?$AA@ 00028924     UefiDevicePathLib:DevicePathToText.obj
 0002:00000928       ??_C@_1BG@PDEHEHNB@?$AAC?$AAt?$AAr?$AAl?$AA?$CI?$AA0?$AAx?$AA?$CF?$AAx?$AA?$CJ?$AA?$AA@ 00028928     UefiDevicePathLib:DevicePathToText.obj
 0002:00000940       ??_C@_1CA@OCDNKJMI@?$AAB?$AAM?$AAC?$AA?$CI?$AA0?$AAx?$AA?$CF?$AAx?$AA?0?$AA0?$AAx?$AA?$CF?$AAl?$AAx?$AA?$CJ?$AA?$AA@ 00028940     UefiDevicePathLib:DevicePathToText.obj
 0002:00000960       ??_C@_1BM@LLBDFMIK@?$AAP?$AAc?$AAi?$AAR?$AAo?$AAo?$AAt?$AA?$CI?$AA0?$AAx?$AA?$CF?$AAx?$AA?$CJ?$AA?$AA@ 00028960     UefiDevicePathLib:DevicePathToText.obj
 0002:0000097c       ??_C@_1BO@IHBMGOPI@?$AAP?$AAc?$AAi?$AAe?$AAR?$AAo?$AAo?$AAt?$AA?$CI?$AA0?$AAx?$AA?$CF?$AAx?$AA?$CJ?$AA?$AA@ 0002897c     UefiDevicePathLib:DevicePathToText.obj
 0002:0000099c       ??_C@_1BK@NGLNBACO@?$AAF?$AAl?$AAo?$AAp?$AAp?$AAy?$AA?$CI?$AA0?$AAx?$AA?$CF?$AAx?$AA?$CJ?$AA?$AA@ 0002899c     UefiDevicePathLib:DevicePathToText.obj
 0002:000009b8       ??_C@_1BO@OEKEOEOK@?$AAK?$AAe?$AAy?$AAb?$AAo?$AAa?$AAr?$AAd?$AA?$CI?$AA0?$AAx?$AA?$CF?$AAx?$AA?$CJ?$AA?$AA@ 000289b8     UefiDevicePathLib:DevicePathToText.obj
 0002:000009d8       ??_C@_1BK@PMIGPGKH@?$AAS?$AAe?$AAr?$AAi?$AAa?$AAl?$AA?$CI?$AA0?$AAx?$AA?$CF?$AAx?$AA?$CJ?$AA?$AA@ 000289d8     UefiDevicePathLib:DevicePathToText.obj
 0002:000009f4       ??_C@_1CG@CPMOJELH@?$AAP?$AAa?$AAr?$AAa?$AAl?$AAl?$AAe?$AAl?$AAP?$AAo?$AAr?$AAt?$AA?$CI?$AA0?$AAx?$AA?$CF?$AAx?$AA?$CJ?$AA?$AA@ 000289f4     UefiDevicePathLib:DevicePathToText.obj
 0002:00000a1c       ??_C@_1CG@JCMCADBM@?$AAA?$AAc?$AAp?$AAi?$AA?$CI?$AAP?$AAN?$AAP?$AA?$CF?$AA0?$AA4?$AAx?$AA?0?$AA0?$AAx?$AA?$CF?$AAx?$AA?$CJ?$AA?$AA@ 00028a1c     UefiDevicePathLib:DevicePathToText.obj
 0002:00000a44       ??_C@_1CE@CLIAMHCD@?$AAA?$AAc?$AAp?$AAi?$AA?$CI?$AA0?$AAx?$AA?$CF?$AA0?$AA8?$AAx?$AA?0?$AA0?$AAx?$AA?$CF?$AAx?$AA?$CJ?$AA?$AA@ 00028a44     UefiDevicePathLib:DevicePathToText.obj
 0002:00000a68       ??_C@_1BI@IBECIOLF@?$AAP?$AAc?$AAi?$AAR?$AAo?$AAo?$AAt?$AA?$CI?$AA?$CF?$AAa?$AA?$CJ?$AA?$AA@ 00028a68     UefiDevicePathLib:DevicePathToText.obj
 0002:00000a80       ??_C@_1BK@HOGBDMPI@?$AAP?$AAc?$AAi?$AAe?$AAR?$AAo?$AAo?$AAt?$AA?$CI?$AA?$CF?$AAa?$AA?$CJ?$AA?$AA@ 00028a80     UefiDevicePathLib:DevicePathToText.obj
 0002:00000a9c       ??_C@_1BG@BGLICHDL@?$AA?$CF?$AAc?$AA?$CF?$AAc?$AA?$CF?$AAc?$AA?$CF?$AA0?$AA4?$AAX?$AA?$AA@ 00028a9c     UefiDevicePathLib:DevicePathToText.obj
 0002:00000ab4       ??_C@_1CC@CMCFGMM@?$AAA?$AAc?$AAp?$AAi?$AAE?$AAx?$AAp?$AA?$CI?$AA?$CF?$AAs?$AA?0?$AA0?$AA?0?$AA?$CF?$AAa?$AA?$CJ?$AA?$AA@ 00028ab4     UefiDevicePathLib:DevicePathToText.obj
 0002:00000ad8       ??_C@_1CE@CGEKHGFF@?$AAA?$AAc?$AAp?$AAi?$AAE?$AAx?$AAp?$AA?$CI?$AA?$CF?$AAs?$AA?0?$AA?$CF?$AAs?$AA?0?$AA?$CF?$AAa?$AA?$CJ?$AA?$AA@ 00028ad8     UefiDevicePathLib:DevicePathToText.obj
 0002:00000afc       ??_C@_1BG@EEDCOCH@?$AAA?$AAc?$AAp?$AAi?$AAE?$AAx?$AA?$CI?$AA?$CF?$AAa?$AA?0?$AA?$AA@ 00028afc     UefiDevicePathLib:DevicePathToText.obj
 0002:00000b14       ??_C@_1BG@EKFNINLH@?$AAA?$AAc?$AAp?$AAi?$AAE?$AAx?$AA?$CI?$AA?$CF?$AAs?$AA?0?$AA?$AA@ 00028b14     UefiDevicePathLib:DevicePathToText.obj
 0002:00000b2c       ??_C@_17CAHIANN@?$AA?$CF?$AAa?$AA?0?$AA?$AA@ 00028b2c     UefiDevicePathLib:DevicePathToText.obj
 0002:00000b34       ??_C@_17EMBJCDEN@?$AA?$CF?$AAs?$AA?0?$AA?$AA@ 00028b34     UefiDevicePathLib:DevicePathToText.obj
 0002:00000b3c       ??_C@_17DFNJHAOP@?$AA?$CF?$AAa?$AA?$CJ?$AA?$AA@ 00028b3c     UefiDevicePathLib:DevicePathToText.obj
 0002:00000b44       ??_C@_1DI@HGKBPPFE@?$AAA?$AAc?$AAp?$AAi?$AAE?$AAx?$AA?$CI?$AA?$CF?$AAs?$AA?0?$AA?$CF?$AAs?$AA?0?$AA0?$AAx?$AA?$CF?$AAx?$AA?0?$AA?$CF?$AAa?$AA?0?$AA?$CF?$AAa?$AA?0?$AA?$CF?$AAa?$AA?$CJ?$AA?$AA@ 00028b44     UefiDevicePathLib:DevicePathToText.obj
 0002:00000b7c       ??_C@_1BK@IMGBACLG@?$AAA?$AAc?$AAp?$AAi?$AAA?$AAd?$AAr?$AA?$CI?$AA0?$AAx?$AA?$CF?$AAx?$AA?$AA@ 00028b7c     UefiDevicePathLib:DevicePathToText.obj
 0002:00000b98       ??_C@_1M@HHLNLLAC@?$AA?0?$AA0?$AAx?$AA?$CF?$AAx?$AA?$AA@ 00028b98     UefiDevicePathLib:DevicePathToText.obj
 0002:00000ba4       ??_C@_1BE@HBALDGNG@?$AAA?$AAt?$AAa?$AA?$CI?$AA0?$AAx?$AA?$CF?$AAx?$AA?$CJ?$AA?$AA@ 00028ba4     UefiDevicePathLib:DevicePathToText.obj
 0002:00000bb8       ??_C@_1CA@EFDNFHKP@?$AAA?$AAt?$AAa?$AA?$CI?$AA?$CF?$AAs?$AA?0?$AA?$CF?$AAs?$AA?0?$AA0?$AAx?$AA?$CF?$AAx?$AA?$CJ?$AA?$AA@ 00028bb8     UefiDevicePathLib:DevicePathToText.obj
 0002:00000bd8       ??_C@_1CA@JGIMMJKB@?$AAS?$AAc?$AAs?$AAi?$AA?$CI?$AA0?$AAx?$AA?$CF?$AAx?$AA?0?$AA0?$AAx?$AA?$CF?$AAx?$AA?$CJ?$AA?$AA@ 00028bd8     UefiDevicePathLib:DevicePathToText.obj
 0002:00000bf8       ??_C@_1CG@OFFLOOAD@?$AAF?$AAi?$AAb?$AAr?$AAe?$AA?$CI?$AA0?$AAx?$AA?$CF?$AAl?$AAx?$AA?0?$AA0?$AAx?$AA?$CF?$AAl?$AAx?$AA?$CJ?$AA?$AA@ 00028bf8     UefiDevicePathLib:DevicePathToText.obj
 0002:00000c20       ??_C@_1BG@EHEKANON@?$AAF?$AAi?$AAb?$AAr?$AAe?$AAE?$AAx?$AA?$CI?$AA0?$AAx?$AA?$AA@ 00028c20     UefiDevicePathLib:DevicePathToText.obj
 0002:00000c38       ??_C@_17JOPFNIFB@?$AA?0?$AA0?$AAx?$AA?$AA@ 00028c38     UefiDevicePathLib:DevicePathToText.obj
 0002:00000c40       ??_C@_1BC@CKFHLIJB@?$AAS?$AAa?$AAs?$AAE?$AAx?$AA?$CI?$AA0?$AAx?$AA?$AA@ 00028c40     UefiDevicePathLib:DevicePathToText.obj
 0002:00000c54       ??_C@_1O@IEGBGPLN@?$AA?0?$AA0?$AAx?$AA?$CF?$AAx?$AA?0?$AA?$AA@ 00028c54     UefiDevicePathLib:DevicePathToText.obj
 0002:00000c64       ??_C@_1CC@FKOFEPIC@?$AAN?$AAo?$AAT?$AAo?$AAp?$AAo?$AAl?$AAo?$AAg?$AAy?$AA?0?$AA0?$AA?0?$AA0?$AA?0?$AA0?$AA?$AA@ 00028c64     UefiDevicePathLib:DevicePathToText.obj
 0002:00000c88       ??_C@_13COJANIEC@?$AA0?$AA?$AA@ 00028c88     UefiDevicePathLib:DevicePathToText.obj
 0002:00000c8c       ??_C@_19PCNJIDGC@?$AA0?$AAx?$AA?$CF?$AAx?$AA?$AA@ 00028c8c     UefiDevicePathLib:DevicePathToText.obj
 0002:00000c98       ??_C@_1BG@JCDPLMKI@?$AA0?$AAx?$AA?$CF?$AAx?$AA?0?$AA0?$AA?0?$AA0?$AA?0?$AA0?$AA?$AA@ 00028c98     UefiDevicePathLib:DevicePathToText.obj
 0002:00000cb0       ??_C@_1GG@KPIKGINP@?$AAN?$AAV?$AAM?$AAe?$AA?$CI?$AA0?$AAx?$AA?$CF?$AAx?$AA?0?$AA?$CF?$AA0?$AA2?$AAx?$AA?9?$AA?$CF?$AA0?$AA2?$AAx?$AA?9?$AA?$CF?$AA0?$AA2?$AAx?$AA?9?$AA?$CF?$AA0?$AA2?$AAx?$AA?9?$AA?$CF?$AA0@ 00028cb0     UefiDevicePathLib:DevicePathToText.obj
 0002:00000d18       ??_C@_1BO@HJLBIHHO@?$AAU?$AAF?$AAS?$AA?$CI?$AA0?$AAx?$AA?$CF?$AAx?$AA?0?$AA0?$AAx?$AA?$CF?$AAx?$AA?$CJ?$AA?$AA@ 00028d18     UefiDevicePathLib:DevicePathToText.obj
 0002:00000d38       ??_C@_1BC@JIFEONHJ@?$AAS?$AAD?$AA?$CI?$AA0?$AAx?$AA?$CF?$AAx?$AA?$CJ?$AA?$AA@ 00028d38     UefiDevicePathLib:DevicePathToText.obj
 0002:00000d4c       ??_C@_1BG@BHOAMFEP@?$AAe?$AAM?$AAM?$AAC?$AA?$CI?$AA0?$AAx?$AA?$CF?$AAx?$AA?$CJ?$AA?$AA@ 00028d4c     UefiDevicePathLib:DevicePathToText.obj
 0002:00000d64       ??_C@_1BM@OFMOJDLM@?$AAI?$AA1?$AA3?$AA9?$AA4?$AA?$CI?$AA?$CF?$AA0?$AA1?$AA6?$AAl?$AAx?$AA?$CJ?$AA?$AA@ 00028d64     UefiDevicePathLib:DevicePathToText.obj
 0002:00000d80       ??_C@_1BO@CIMDKCCI@?$AAU?$AAS?$AAB?$AA?$CI?$AA0?$AAx?$AA?$CF?$AAx?$AA?0?$AA0?$AAx?$AA?$CF?$AAx?$AA?$CJ?$AA?$AA@ 00028d80     UefiDevicePathLib:DevicePathToText.obj
 0002:00000da0       ??_C@_0BH@GADOMDOK@NewStr?5?$CB?$DN?5?$CI?$CIvoid?5?$CK?$CJ?50?$CJ?$AA@ 00028da0     UefiDevicePathLib:DevicePathToText.obj
 0002:00000db8       ??_C@_1DK@IPDOPIPA@?$AAU?$AAs?$AAb?$AAW?$AAw?$AAi?$AAd?$AA?$CI?$AA0?$AAx?$AA?$CF?$AAx?$AA?0?$AA0?$AAx?$AA?$CF?$AAx?$AA?0?$AA0?$AAx?$AA?$CF?$AAx?$AA?0?$AA?$CC?$AA?$CF?$AAs?$AA?$CC?$AA?$CJ?$AA?$AA@ 00028db8     UefiDevicePathLib:DevicePathToText.obj
 0002:00000df4       ??_C@_1BG@NJNCNCKM@?$AAU?$AAn?$AAi?$AAt?$AA?$CI?$AA0?$AAx?$AA?$CF?$AAx?$AA?$CJ?$AA?$AA@ 00028df4     UefiDevicePathLib:DevicePathToText.obj
 0002:00000e0c       ??_C@_1CM@JDEAFCK@?$AA?$CI?$AA0?$AAx?$AA?$CF?$AAx?$AA?0?$AA0?$AAx?$AA?$CF?$AAx?$AA?0?$AA0?$AAx?$AA?$CF?$AAx?$AA?0?$AA0?$AAx?$AA?$CF?$AAx?$AA?$CJ?$AA?$AA@ 00028e0c     UefiDevicePathLib:DevicePathToText.obj
 0002:00000e38       ??_C@_1FA@DIDNHLOK@?$AAU?$AAs?$AAb?$AAD?$AAe?$AAv?$AAi?$AAc?$AAe?$AAF?$AAi?$AAr?$AAm?$AAw?$AAa?$AAr?$AAe?$AAU?$AAp?$AAd?$AAa?$AAt?$AAe?$AA?$CI?$AA0?$AAx?$AA?$CF?$AAx?$AA?0?$AA0?$AAx?$AA?$CF@ 00028e38     UefiDevicePathLib:DevicePathToText.obj
 0002:00000e88       ??_C@_1DM@JLMEALMP@?$AAU?$AAs?$AAb?$AAI?$AAr?$AAd?$AAa?$AAB?$AAr?$AAi?$AAd?$AAg?$AAe?$AA?$CI?$AA0?$AAx?$AA?$CF?$AAx?$AA?0?$AA0?$AAx?$AA?$CF?$AAx?$AA?0?$AA0?$AAx?$AA?$CF?$AAx?$AA?$CJ?$AA?$AA@ 00028e88     UefiDevicePathLib:DevicePathToText.obj
 0002:00000ec8       ??_C@_1EM@PFIODAIB@?$AAU?$AAs?$AAb?$AAT?$AAe?$AAs?$AAt?$AAA?$AAn?$AAd?$AAM?$AAe?$AAa?$AAs?$AAu?$AAr?$AAe?$AAm?$AAe?$AAn?$AAt?$AA?$CI?$AA0?$AAx?$AA?$CF?$AAx?$AA?0?$AA0?$AAx?$AA?$CF?$AAx?$AA?0@ 00028ec8     UefiDevicePathLib:DevicePathToText.obj
 0002:00000f18       ??_C@_1EG@NMOJJABI@?$AAU?$AAs?$AAb?$AAC?$AAl?$AAa?$AAs?$AAs?$AA?$CI?$AA0?$AAx?$AA?$CF?$AAx?$AA?0?$AA0?$AAx?$AA?$CF?$AAx?$AA?0?$AA0?$AAx?$AA?$CF?$AAx?$AA?0?$AA0?$AAx?$AA?$CF?$AAx?$AA?0?$AA0?$AAx?$AA?$CF@ 00028f18     UefiDevicePathLib:DevicePathToText.obj
 0002:00000f60       ??_C@_1CK@MHLLPHIN@?$AAS?$AAa?$AAt?$AAa?$AA?$CI?$AA0?$AAx?$AA?$CF?$AAx?$AA?0?$AA0?$AAx?$AA?$CF?$AAx?$AA?0?$AA0?$AAx?$AA?$CF?$AAx?$AA?$CJ?$AA?$AA@ 00028f60     UefiDevicePathLib:DevicePathToText.obj
 0002:00000f8c       ??_C@_1BE@GPJMKBFH@?$AAI?$AA2?$AAO?$AA?$CI?$AA0?$AAx?$AA?$CF?$AAx?$AA?$CJ?$AA?$AA@ 00028f8c     UefiDevicePathLib:DevicePathToText.obj
 0002:00000fa0       ??_C@_19HOEMCGPJ@?$AAM?$AAA?$AAC?$AA?$CI?$AA?$AA@ 00028fa0     UefiDevicePathLib:DevicePathToText.obj
 0002:00000fac       ??_C@_1O@LDLPJPIP@?$AA?0?$AA0?$AAx?$AA?$CF?$AAx?$AA?$CJ?$AA?$AA@ 00028fac     UefiDevicePathLib:DevicePathToText.obj
 0002:00000fbc       ??_C@_1BI@FCMLLAGN@?$AA?$CF?$AAd?$AA?4?$AA?$CF?$AAd?$AA?4?$AA?$CF?$AAd?$AA?4?$AA?$CF?$AAd?$AA?$AA@ 00028fbc     UefiDevicePathLib:DevicePathToText.obj
 0002:00000fd8       ??_C@_1JA@HKGNNMMG@?$AA?$CF?$AA0?$AA2?$AAx?$AA?$CF?$AA0?$AA2?$AAx?$AA?3?$AA?$CF?$AA0?$AA2?$AAx?$AA?$CF?$AA0?$AA2?$AAx?$AA?3?$AA?$CF?$AA0?$AA2?$AAx?$AA?$CF?$AA0?$AA2?$AAx?$AA?3?$AA?$CF?$AA0?$AA2?$AAx?$AA?$CF@ 00028fd8     UefiDevicePathLib:DevicePathToText.obj
 0002:00001068       ??_C@_1M@KGGIME@?$AAI?$AAP?$AAv?$AA4?$AA?$CI?$AA?$AA@ 00029068     UefiDevicePathLib:DevicePathToText.obj
 0002:00001074       ??_C@_19DDJNJOGL@?$AAD?$AAH?$AAC?$AAP?$AA?$AA@ 00029074     UefiDevicePathLib:DevicePathToText.obj
 0002:00001080       ??_C@_19JPNAHHAM@?$AA?0?$AA?$CF?$AAs?$AA?0?$AA?$AA@ 00029080     UefiDevicePathLib:DevicePathToText.obj
 0002:0000108c       ??_C@_1M@ENGOMJMP@?$AAI?$AAP?$AAv?$AA6?$AA?$CI?$AA?$AA@ 0002908c     UefiDevicePathLib:DevicePathToText.obj
 0002:00001098       ??_C@_1BC@CMHMGCCH@?$AA?0?$AAS?$AAt?$AAa?$AAt?$AAi?$AAc?$AA?0?$AA?$AA@ 00029098     UefiDevicePathLib:DevicePathToText.obj
 0002:000010ac       ??_C@_1DC@LOFPJEEL@?$AA?0?$AAS?$AAt?$AAa?$AAt?$AAe?$AAl?$AAe?$AAs?$AAs?$AAA?$AAu?$AAt?$AAo?$AAC?$AAo?$AAn?$AAf?$AAi?$AAg?$AAu?$AAr?$AAe?$AA?0?$AA?$AA@ 000290ac     UefiDevicePathLib:DevicePathToText.obj
 0002:000010e0       ??_C@_1DA@HMGEOIF@?$AA?0?$AAS?$AAt?$AAa?$AAt?$AAe?$AAf?$AAu?$AAl?$AAA?$AAu?$AAt?$AAo?$AAC?$AAo?$AAn?$AAf?$AAi?$AAg?$AAu?$AAr?$AAe?$AA?0?$AA?$AA@ 000290e0     UefiDevicePathLib:DevicePathToText.obj
 0002:00001110       ??_C@_1EM@IPHLFBGI@?$AAI?$AAn?$AAf?$AAi?$AAn?$AAi?$AAb?$AAa?$AAn?$AAd?$AA?$CI?$AA0?$AAx?$AA?$CF?$AAx?$AA?0?$AA?$CF?$AAg?$AA?0?$AA0?$AAx?$AA?$CF?$AAl?$AAx?$AA?0?$AA0?$AAx?$AA?$CF?$AAl?$AAx?$AA?0?$AA0@ 00029110     UefiDevicePathLib:DevicePathToText.obj
 0002:0000115c       ??_C@_1BM@EHGODEHA@?$AAU?$AAa?$AAr?$AAt?$AA?$CI?$AAD?$AAE?$AAF?$AAA?$AAU?$AAL?$AAT?$AA?0?$AA?$AA@ 0002915c     UefiDevicePathLib:DevicePathToText.obj
 0002:00001178       ??_C@_1BE@OEIOOGGH@?$AAU?$AAa?$AAr?$AAt?$AA?$CI?$AA?$CF?$AAl?$AAd?$AA?0?$AA?$AA@ 00029178     UefiDevicePathLib:DevicePathToText.obj
 0002:0000118c       ??_C@_1BC@DDKPDLCJ@?$AAD?$AAE?$AAF?$AAA?$AAU?$AAL?$AAT?$AA?0?$AA?$AA@ 0002918c     UefiDevicePathLib:DevicePathToText.obj
 0002:000011a0       ??_C@_17FCMKBBGO@?$AA?$CF?$AAd?$AA?0?$AA?$AA@ 000291a0     UefiDevicePathLib:DevicePathToText.obj
 0002:000011a8       ??_C@_17EPMPCBNG@?$AA?$CF?$AAc?$AA?0?$AA?$AA@ 000291a8     UefiDevicePathLib:DevicePathToText.obj
 0002:000011b0       ??_C@_15HMOPGJC@?$AAD?$AA?$CJ?$AA?$AA@ 000291b0     UefiDevicePathLib:DevicePathToText.obj
 0002:000011b8       ??_C@_15FMCBGKOA@?$AA1?$AA?$CJ?$AA?$AA@ 000291b8     UefiDevicePathLib:DevicePathToText.obj
 0002:000011c0       ??_C@_19PODFHIEB@?$AA1?$AA?4?$AA5?$AA?$CJ?$AA?$AA@ 000291c0     UefiDevicePathLib:DevicePathToText.obj
 0002:000011cc       ??_C@_15NKLFBIEO@?$AA2?$AA?$CJ?$AA?$AA@ 000291cc     UefiDevicePathLib:DevicePathToText.obj
 0002:000011d4       ??_C@_15HEHGDBEE@?$AAx?$AA?$CJ?$AA?$AA@ 000291d4     UefiDevicePathLib:DevicePathToText.obj
 0002:000011dc       ??_C@_1CC@OKJDLPLB@?$AAi?$AAS?$AAC?$AAS?$AAI?$AA?$CI?$AA?$CF?$AAa?$AA?0?$AA0?$AAx?$AA?$CF?$AAx?$AA?0?$AA0?$AAx?$AA?$AA@ 000291dc     UefiDevicePathLib:DevicePathToText.obj
 0002:00001200       ??_C@_1BA@FMEKDPAI@?$AAC?$AAH?$AAA?$AAP?$AA_?$AAB?$AAI?$AA?$AA@ 00029200     UefiDevicePathLib:DevicePathToText.obj
 0002:00001210       ??_C@_1BC@EFEBCBGB@?$AAr?$AAe?$AAs?$AAe?$AAr?$AAv?$AAe?$AAd?$AA?$AA@ 00029210     UefiDevicePathLib:DevicePathToText.obj
 0002:00001224       ??_C@_17HLMHNDHP@?$AA?$CF?$AAs?$AA?$CJ?$AA?$AA@ 00029224     UefiDevicePathLib:DevicePathToText.obj
 0002:0000122c       ??_C@_1BC@OPCHKNKH@?$AAV?$AAl?$AAa?$AAn?$AA?$CI?$AA?$CF?$AAd?$AA?$CJ?$AA?$AA@ 0002922c     UefiDevicePathLib:DevicePathToText.obj
 0002:00001240       ??_C@_1EI@EPMFLBAJ@?$AAB?$AAl?$AAu?$AAe?$AAt?$AAo?$AAo?$AAt?$AAh?$AA?$CI?$AA?$CF?$AA0?$AA2?$AAx?$AA?$CF?$AA0?$AA2?$AAx?$AA?$CF?$AA0?$AA2?$AAx?$AA?$CF?$AA0?$AA2?$AAx?$AA?$CF?$AA0?$AA2?$AAx?$AA?$CF?$AA0@ 00029240     UefiDevicePathLib:DevicePathToText.obj
 0002:00001288       ??_C@_1BE@DKODNJMI@?$AAW?$AAi?$AA?9?$AAF?$AAi?$AA?$CI?$AA?$CF?$AAa?$AA?$CJ?$AA?$AA@ 00029288     UefiDevicePathLib:DevicePathToText.obj
 0002:000012a0       ??_C@_1FK@LABBEHKJ@?$AAB?$AAl?$AAu?$AAe?$AAt?$AAo?$AAo?$AAt?$AAh?$AAL?$AAE?$AA?$CI?$AA?$CF?$AA0?$AA2?$AAx?$AA?$CF?$AA0?$AA2?$AAx?$AA?$CF?$AA0?$AA2?$AAx?$AA?$CF?$AA0?$AA2?$AAx?$AA?$CF?$AA0?$AA2?$AAx@ 000292a0     UefiDevicePathLib:DevicePathToText.obj
 0002:000012fc       ??_C@_19KGHFHKGE@?$AAD?$AAn?$AAs?$AA?$CI?$AA?$AA@ 000292fc     UefiDevicePathLib:DevicePathToText.obj
 0002:00001308       ??_C@_0BH@EDBFFFOA@UriStr?5?$CB?$DN?5?$CI?$CIvoid?5?$CK?$CJ?50?$CJ?$AA@ 00029308     UefiDevicePathLib:DevicePathToText.obj
 0002:00001320       ??_C@_1BA@OMDAJDPE@?$AAU?$AAr?$AAi?$AA?$CI?$AA?$CF?$AAa?$AA?$CJ?$AA?$AA@ 00029320     UefiDevicePathLib:DevicePathToText.obj
 0002:00001330       ??_C@_1CC@GGNPKJFE@?$AAH?$AAD?$AA?$CI?$AA?$CF?$AAd?$AA?0?$AA?$CF?$AAs?$AA?0?$AA0?$AAx?$AA?$CF?$AA0?$AA8?$AAx?$AA?0?$AA?$AA@ 00029330     UefiDevicePathLib:DevicePathToText.obj
 0002:00001354       ??_C@_1BK@NDBPAJDF@?$AAH?$AAD?$AA?$CI?$AA?$CF?$AAd?$AA?0?$AA?$CF?$AAs?$AA?0?$AA?$CF?$AAg?$AA?0?$AA?$AA@ 00029354     UefiDevicePathLib:DevicePathToText.obj
 0002:00001370       ??_C@_1BI@BCKDFMFI@?$AAH?$AAD?$AA?$CI?$AA?$CF?$AAd?$AA?0?$AA?$CF?$AAd?$AA?0?$AA0?$AA?0?$AA?$AA@ 00029370     UefiDevicePathLib:DevicePathToText.obj
 0002:00001388       ??_C@_1BK@MMBDHGIK@?$AA0?$AAx?$AA?$CF?$AAl?$AAx?$AA?0?$AA0?$AAx?$AA?$CF?$AAl?$AAx?$AA?$CJ?$AA?$AA@ 00029388     UefiDevicePathLib:DevicePathToText.obj
 0002:000013a4       ??_C@_1BI@EEHCFNDN@?$AAC?$AAD?$AAR?$AAO?$AAM?$AA?$CI?$AA0?$AAx?$AA?$CF?$AAx?$AA?$CJ?$AA?$AA@ 000293a4     UefiDevicePathLib:DevicePathToText.obj
 0002:000013bc       ??_C@_1DA@JMLBJEDN@?$AAC?$AAD?$AAR?$AAO?$AAM?$AA?$CI?$AA0?$AAx?$AA?$CF?$AAx?$AA?0?$AA0?$AAx?$AA?$CF?$AAl?$AAx?$AA?0?$AA0?$AAx?$AA?$CF?$AAl?$AAx?$AA?$CJ?$AA?$AA@ 000293bc     UefiDevicePathLib:DevicePathToText.obj
 0002:000013ec       ??_C@_1BE@CJGJAKDA@?$AAM?$AAe?$AAd?$AAi?$AAa?$AA?$CI?$AA?$CF?$AAg?$AA?$CJ?$AA?$AA@ 000293ec     UefiDevicePathLib:DevicePathToText.obj
 0002:00001400       ??_C@_1O@HJJPOOCL@?$AAF?$AAv?$AA?$CI?$AA?$CF?$AAg?$AA?$CJ?$AA?$AA@ 00029400     UefiDevicePathLib:DevicePathToText.obj
 0002:00001410       ??_C@_1BG@MHENELFF@?$AAF?$AAv?$AAF?$AAi?$AAl?$AAe?$AA?$CI?$AA?$CF?$AAg?$AA?$CJ?$AA?$AA@ 00029410     UefiDevicePathLib:DevicePathToText.obj
 0002:00001428       ??_C@_1CI@FAOKAOM@?$AAO?$AAf?$AAf?$AAs?$AAe?$AAt?$AA?$CI?$AA0?$AAx?$AA?$CF?$AAl?$AAx?$AA?0?$AA0?$AAx?$AA?$CF?$AAl?$AAx?$AA?$CJ?$AA?$AA@ 00029428     UefiDevicePathLib:DevicePathToText.obj
 0002:00001450       ??_C@_1DI@GJAGNPCG@?$AAV?$AAi?$AAr?$AAt?$AAu?$AAa?$AAl?$AAD?$AAi?$AAs?$AAk?$AA?$CI?$AA0?$AAx?$AA?$CF?$AAl?$AAx?$AA?0?$AA0?$AAx?$AA?$CF?$AAl?$AAx?$AA?0?$AA?$CF?$AAd?$AA?$CJ?$AA?$AA@ 00029450     UefiDevicePathLib:DevicePathToText.obj
 0002:00001488       ??_C@_1DE@FBEBFJJD@?$AAV?$AAi?$AAr?$AAt?$AAu?$AAa?$AAl?$AAC?$AAD?$AA?$CI?$AA0?$AAx?$AA?$CF?$AAl?$AAx?$AA?0?$AA0?$AAx?$AA?$CF?$AAl?$AAx?$AA?0?$AA?$CF?$AAd?$AA?$CJ?$AA?$AA@ 00029488     UefiDevicePathLib:DevicePathToText.obj
 0002:000014c0       ??_C@_1EM@PFGFJDCD@?$AAP?$AAe?$AAr?$AAs?$AAi?$AAs?$AAt?$AAe?$AAn?$AAt?$AAV?$AAi?$AAr?$AAt?$AAu?$AAa?$AAl?$AAD?$AAi?$AAs?$AAk?$AA?$CI?$AA0?$AAx?$AA?$CF?$AAl?$AAx?$AA?0?$AA0?$AAx?$AA?$CF?$AAl@ 000294c0     UefiDevicePathLib:DevicePathToText.obj
 0002:00001510       ??_C@_1EI@IJLGIAIE@?$AAP?$AAe?$AAr?$AAs?$AAi?$AAs?$AAt?$AAe?$AAn?$AAt?$AAV?$AAi?$AAr?$AAt?$AAu?$AAa?$AAl?$AAC?$AAD?$AA?$CI?$AA0?$AAx?$AA?$CF?$AAl?$AAx?$AA?0?$AA0?$AAx?$AA?$CF?$AAl?$AAx?$AA?0@ 00029510     UefiDevicePathLib:DevicePathToText.obj
 0002:00001558       ??_C@_1DG@IFGHOPEL@?$AAR?$AAa?$AAm?$AAD?$AAi?$AAs?$AAk?$AA?$CI?$AA0?$AAx?$AA?$CF?$AAl?$AAx?$AA?0?$AA0?$AAx?$AA?$CF?$AAl?$AAx?$AA?0?$AA?$CF?$AAd?$AA?0?$AA?$CF?$AAg?$AA?$CJ?$AA?$AA@ 00029558     UefiDevicePathLib:DevicePathToText.obj
 0002:00001590       ??_C@_1BE@EICHFCPK@?$AAB?$AAB?$AAS?$AA?$CI?$AA?$CF?$AAs?$AA?0?$AA?$CF?$AAa?$AA?$AA@ 00029590     UefiDevicePathLib:DevicePathToText.obj
 0002:000015a4       ??_C@_1BI@EAEHELAJ@?$AAB?$AAB?$AAS?$AA?$CI?$AA0?$AAx?$AA?$CF?$AAx?$AA?0?$AA?$CF?$AAa?$AA?$AA@ 000295a4     UefiDevicePathLib:DevicePathToText.obj
 0002:000015bc       ??_C@_1BG@BNMBFAIA@?$AAP?$AAa?$AAt?$AAh?$AA?$CI?$AA?$CF?$AAd?$AA?0?$AA?$CF?$AAd?$AA?$AA@ 000295bc     UefiDevicePathLib:DevicePathToText.obj
 0002:000015d4       ??_C@_1M@NAHACGNB@?$AA?$CF?$AAs?$AA?$CI?$AA?$CF?$AAd?$AA?$AA@ 000295d4     UefiDevicePathLib:DevicePathToText.obj
 0002:000015e0       ??_C@_13CGOKJPIL@?$AA?1?$AA?$AA@ 000295e0     UefiDevicePathLib:DevicePathToText.obj
 0002:000015e4       _mUefiDevicePathLibToTextTableGeneric 000295e4     UefiDevicePathLib:DevicePathToText.obj
 0002:00001618       _mUefiDevicePathLibToTextTable 00029618     UefiDevicePathLib:DevicePathToText.obj
 0002:000017a8       ??_C@_0CC@JOEHDGKB@DestinationBuffer?5?$CB?$DN?5?$CI?$CIvoid?5?$CK?$CJ?50@ 000297a8     BaseMemoryLib:CompareMemWrapper.obj
 0002:000017d0       ??_C@_0GJ@KBFGPLNL@c?3?2users?2mliang2x?2workspace?2ming@ 000297d0     BaseMemoryLib:CompareMemWrapper.obj
 0002:0000183c       ??_C@_0BN@MDMCNBCC@SourceBuffer?5?$CB?$DN?5?$CI?$CIvoid?5?$CK?$CJ?50?$CJ?$AA@ 0002983c     BaseMemoryLib:CompareMemWrapper.obj
 0002:0000185c       ??_C@_0DI@PHOMHDKH@?$CILength?5?9?51?$CJ?5?$DM?$DN?5?$CI0xFFFFFFFF?5?9?5?$CIU@ 0002985c     BaseMemoryLib:CompareMemWrapper.obj
 0002:00001894       ??_C@_0DD@DCDOHCDJ@?$CILength?5?9?51?$CJ?5?$DM?$DN?5?$CI0xFFFFFFFF?5?9?5?$CIU@ 00029894     BaseMemoryLib:CompareMemWrapper.obj
 0002:000018c8       ??_C@_0GG@HCOKHFCC@c?3?2users?2mliang2x?2workspace?2ming@ 000298c8     BaseMemoryLib:CopyMemWrapper.obj
 0002:00001930       ??_C@_0CL@OBMFBPED@Length?5?$DM?$DN?5?$CI0xFFFFFFFF?5?9?5?$CIUINTN?$CJB@ 00029930     BaseMemoryLib:MemLibGuid.obj
 0002:0000195c       ??_C@_0BH@IACGKAP@Buffer?5?$CB?$DN?5?$CI?$CIvoid?5?$CK?$CJ?50?$CJ?$AA@ 0002995c     BaseMemoryLib:ZeroMemWrapper.obj
 0002:00001978       ??_C@_0GG@MGEIBEOF@c?3?2users?2mliang2x?2workspace?2ming@ 00029978     BaseMemoryLib:ZeroMemWrapper.obj
 0002:000019e0       ??_C@_0CI@BGLNHBLM@?$CI?$CI?$CIUINTN?$CJ?5?$CIStartOfBuffer?$CJ?$CJ?5?$CG?50x0@ 000299e0     BasePrintLib:PrintLib.obj
 0002:00001a08       ??_C@_0FP@HCMIGMKH@c?3?2users?2mliang2x?2workspace?2ming@ 00029a08     BasePrintLib:PrintLib.obj
 0002:00001a68       ??_C@_0CH@KJLBGOBB@?$CI?$CI?$CIUINTN?$CJ?5?$CIFormatString?$CJ?$CJ?5?$CG?50x01@ 00029a68     BasePrintLib:PrintLib.obj
 0002:00001a90       ??_C@_0CB@LDBAOPMG@?$CI?$CI?$CIUINTN?$CJ?5?$CIBuffer?$CJ?$CJ?5?$CG?50x01?$CJ?5?$DN?$DN?50@ 00029a90     BasePrintLib:PrintLib.obj
 0002:00001ab8       ??_C@_0GH@MLMKDJJP@c?3?2users?2mliang2x?2workspace?2ming@ 00029ab8     BasePrintLib:PrintLibInternal.obj
 0002:00001b20       ??_C@_0BJ@CNKJJNE@?$CIBuffer?5?$CB?$DN?5?$CI?$CIvoid?5?$CK?$CJ?50?$CJ?$CJ?$AA@ 00029b20     BasePrintLib:PrintLibInternal.obj
 0002:00001b40       ??_C@_0EB@HDGIDCIO@?$CIBufferSize?5?$DM?$DN?5?$CI_gPcd_FixedAtBui@ 00029b40     BasePrintLib:PrintLibInternal.obj
 0002:00001b88       ??_C@_0FJ@HAEMOBLP@?$CIBufferSize?5?$DM?$DN?5?$CI_gPcd_FixedAtBui@ 00029b88     BasePrintLib:PrintLibInternal.obj
 0002:00001be4       ??_C@_0CO@OJNGHNJG@?$CI?$CIFlags?5?$CG?5?$HO?$CI0x01?5?$HM?50x08?5?$HM?50x20?5?$HM@ 00029be4     BasePrintLib:PrintLibInternal.obj
 0002:00001c14       ??_C@_0DB@HIDPIAGP@?$CI?$CI?$CIFlags?5?$CG?50x08?$CJ?5?$DN?$DN?50?$CJ?5?$HM?$HM?5?$CI?$CIFlag@ 00029c14     BasePrintLib:PrintLibInternal.obj
 0002:00001c48       ??_C@_0N@PNKFBKME@?$CIWidth?5?$DM?538?$CJ?$AA@ 00029c48     BasePrintLib:PrintLibInternal.obj
 0002:00001c58       ??_C@_0CI@HPJOGFNE@?$CIBufferSize?5?$DO?$DN?5?$CIWidth?5?$CL?51?$CJ?5?$CK?5Inc@ 00029c58     BasePrintLib:PrintLibInternal.obj
 0002:00001c80       ??_C@_0BJ@PPAKKDJG@?$CIFormat?5?$CB?$DN?5?$CI?$CIvoid?5?$CK?$CJ?50?$CJ?$CJ?$AA@ 00029c80     BasePrintLib:PrintLibInternal.obj
 0002:00001ca0       ??_C@_0ED@LPDDCECB@?$CIBufferSize?5?$DM?$DN?5?$CI_gPcd_FixedAtBui@ 00029ca0     BasePrintLib:PrintLibInternal.obj
 0002:00001ce8       ??_C@_0IM@BFJJFLGB@?$CIStrnLenS?5?$CI?$CICHAR16?5?$CK?$CJFormat?0?5?$CI_g@ 00029ce8     BasePrintLib:PrintLibInternal.obj
 0002:00001d78       ??_C@_0ID@PLGJGION@?$CIAsciiStrnLenS?5?$CIFormat?0?5?$CI_gPcd_F@ 00029d78     BasePrintLib:PrintLibInternal.obj
 0002:00001dfc       ??_C@_0O@MLOLIMFM@?$DMnull?5string?$DO?$AA@ 00029dfc     BasePrintLib:PrintLibInternal.obj
 0002:00001e0c       ??_C@_0M@BJJDNPHK@?$DMnull?5guid?$DO?$AA@ 00029e0c     BasePrintLib:PrintLibInternal.obj
 0002:00001e18       ??_C@_0DB@PMLHLBMO@?$CF08x?9?$CF04x?9?$CF04x?9?$CF02x?$CF02x?9?$CF02x?$CF02x@ 00029e18     BasePrintLib:PrintLibInternal.obj
 0002:00001e4c       ??_C@_0M@LHGBCIKM@?$DMnull?5time?$DO?$AA@ 00029e4c     BasePrintLib:PrintLibInternal.obj
 0002:00001e58       ??_C@_0BK@FCPKCIDD@?$CF02d?1?$CF02d?1?$CF04d?5?5?$CF02d?3?$CF02d?$AA@ 00029e58     BasePrintLib:PrintLibInternal.obj
 0002:00001e74       ??_C@_04JIMNDDED@?$CF08X?$AA@ 00029e74     BasePrintLib:PrintLibInternal.obj
 0002:00001e7c       ??_C@_02PCIJFNDE@?$AN?6?$AA@ 00029e7c     BasePrintLib:PrintLibInternal.obj
 0002:00001e80       ??_C@_01LIIJDEN@?$AN?$AA@  00029e80     BasePrintLib:PrintLibInternal.obj
 0002:00001e88       _mWarningString            00029e88     BasePrintLib:PrintLibInternal.obj
 0002:00001f50       _mErrorString              00029f50     BasePrintLib:PrintLibInternal.obj
 0002:00002230       _mHexStr                   0002a230     BasePrintLib:PrintLibInternal.obj
 0002:00002240       ??_C@_0CC@GFNLNIOC@?$CI?$CIUINTN?$CJString?5?$CG?50x00000001?$CJ?5?$DN?$DN?5@ 0002a240     BaseLib:SafeString.obj
 0002:00002268       ??_C@_0FM@NNNBGHEF@c?3?2users?2mliang2x?2workspace?2ming@ 0002a268     BaseLib:SafeString.obj
 0002:000022c4       ??_C@_0CH@LALFPBMC@?$CI?$CIUINTN?$CJDestination?5?$CG?50x00000001@ 0002a2c4     BaseLib:SafeString.obj
 0002:000022ec       ??_C@_0CC@HEBCMBPF@?$CI?$CIUINTN?$CJSource?5?$CG?50x00000001?$CJ?5?$DN?$DN?5@ 0002a2ec     BaseLib:SafeString.obj
 0002:00002310       ??_C@_0BO@ECNIOIHG@?$CIDestination?5?$CB?$DN?5?$CI?$CIvoid?5?$CK?$CJ?50?$CJ?$CJ?$AA@ 0002a310     BaseLib:SafeString.obj
 0002:00002330       ??_C@_07KBGDFDAM@StrCpyS?$AA@ 0002a330     BaseLib:SafeString.obj
 0002:00002338       ??_C@_0EA@PDPDJJNN@?$CFa?$CI?$CFd?$CJ?5?$CFa?3?5SAFE_STRING_CONSTRAIN@ 0002a338     BaseLib:SafeString.obj
 0002:00002378       ??_C@_0BJ@EAEEJIP@?$CISource?5?$CB?$DN?5?$CI?$CIvoid?5?$CK?$CJ?50?$CJ?$CJ?$AA@ 0002a378     BaseLib:SafeString.obj
 0002:00002398       ??_C@_0EA@BBALOHPI@?$CIDestMax?5?$DM?$DN?5?$CI_gPcd_FixedAtBuild_@ 0002a398     BaseLib:SafeString.obj
 0002:000023d8       ??_C@_0P@PMIMLIHM@?$CIDestMax?5?$CB?$DN?50?$CJ?$AA@ 0002a3d8     BaseLib:SafeString.obj
 0002:000023e8       ??_C@_0BG@EEGIIOKH@?$CIDestMax?5?$DO?5SourceLen?$CJ?$AA@ 0002a3e8     BaseLib:SafeString.obj
 0002:00002400       ??_C@_0FH@PPBLBDBJ@InternalSafeStringNoStrOverlap?5?$CI@ 0002a400     BaseLib:SafeString.obj
 0002:00002458       ??_C@_08INOAHJON@StrnCpyS?$AA@ 0002a458     BaseLib:SafeString.obj
 0002:00002464       ??_C@_0DP@PBOJGJC@?$CILength?5?$DM?$DN?5?$CI_gPcd_FixedAtBuild_P@ 0002a464     BaseLib:SafeString.obj
 0002:000024a4       ??_C@_07EBBOPAKF@StrCatS?$AA@ 0002a4a4     BaseLib:SafeString.obj
 0002:000024ac       ??_C@_0P@BHOOOJPD@?$CICopyLen?5?$CB?$DN?50?$CJ?$AA@ 0002a4ac     BaseLib:SafeString.obj
 0002:000024bc       ??_C@_0BG@BPGICNPK@?$CICopyLen?5?$DO?5SourceLen?$CJ?$AA@ 0002a4bc     BaseLib:SafeString.obj
 0002:000024d4       ??_C@_0DO@LJFOOPII@?$CIDestMax?5?$DM?$DN?5?$CI_gPcd_FixedAtBuild_@ 0002a4d4     BaseLib:SafeString.obj
 0002:00002518       ??_C@_0FL@CDANCHFO@InternalSafeStringNoAsciiStrOver@ 0002a518     BaseLib:SafeString.obj
 0002:00002574       ??_C@_0O@DIHNCLLG@AsciiStrnCpyS?$AA@ 0002a574     BaseLib:SafeString.obj
 0002:00002584       ??_C@_0DN@DLAADCJE@?$CILength?5?$DM?$DN?5?$CI_gPcd_FixedAtBuild_P@ 0002a584     BaseLib:SafeString.obj
 0002:000025c4       ??_C@_0BG@MFINJFHO@AsciiStrToUnicodeStrS?$AA@ 0002a5c4     BaseLib:SafeString.obj
 0002:000025e0       ??_C@_0GF@GCLJAOAI@?$CBInternalSafeStringIsOverlap?5?$CIDe@ 0002a5e0     BaseLib:SafeString.obj
 0002:00002648       ??_C@_0FI@OLEMEIPM@c?3?2users?2mliang2x?2workspace?2ming@ 0002a648     BaseLib:String.obj
 0002:000026a0       ??_C@_0DK@EOJCOAME@Length?5?$DM?5_gPcd_FixedAtBuild_PcdM@ 0002a6a0     BaseLib:String.obj
 0002:000026dc       ??_C@_0BL@JAAMOCAJ@StrSize?5?$CIFirstString?$CJ?5?$CB?$DN?50?$AA@ 0002a6dc     BaseLib:String.obj
 0002:000026f8       ??_C@_0BM@DALBOILC@StrSize?5?$CISecondString?$CJ?5?$CB?$DN?50?$AA@ 0002a6f8     BaseLib:String.obj
 0002:00002714       ??_C@_0DL@LFIMEMJP@Length?5?$DM?$DN?5_gPcd_FixedAtBuild_Pcd@ 0002a714     BaseLib:String.obj
 0002:00002750       ??_C@_0DI@MDIKFADO@Length?5?$DM?5_gPcd_FixedAtBuild_PcdM@ 0002a750     BaseLib:String.obj
 0002:00002788       ??_C@_0BL@IKFBNFIL@AsciiStrSize?5?$CIFirstString?$CJ?$AA@ 0002a788     BaseLib:String.obj
 0002:000027a4       ??_C@_0BM@EDNOKLLE@AsciiStrSize?5?$CISecondString?$CJ?$AA@ 0002a7a4     BaseLib:String.obj
 0002:000027c0       ??_C@_0DJ@JJHGIFMP@Length?5?$DM?$DN?5_gPcd_FixedAtBuild_Pcd@ 0002a7c0     BaseLib:String.obj
 0002:00002800       ??_C@_0FL@JMOEMBON@c?3?2users?2mliang2x?2workspace?2ming@ 0002a800     BaseLib:Unaligned.obj
 0002:0000285c       ??_C@_0L@MEMPDLHB@Count?5?$DM?564?$AA@ 0002a85c     BaseLib:LShiftU64.obj
 0002:00002868       ??_C@_0FL@NDMKHDG@c?3?2users?2mliang2x?2workspace?2ming@ 0002a868     BaseLib:LShiftU64.obj
 0002:000028c4       ??_C@_0N@KGHEHMDL@Divisor?5?$CB?$DN?50?$AA@ 0002a8c4     BaseLib:DivU64x32Remainder.obj
 0002:000028d8       ??_C@_0GE@LHLPIAGN@c?3?2users?2mliang2x?2workspace?2ming@ 0002a8d8     BaseLib:DivU64x32Remainder.obj
 0002:00002940       ??_C@_0FN@FDDDDNN@c?3?2users?2mliang2x?2workspace?2ming@ 0002a940     DxePcdLib:DxePcdLib.obj
 0002:000029a0       ??_C@_0BF@OOKDELHM@mPcd?5?$CB?$DN?5?$CI?$CIvoid?5?$CK?$CJ?50?$CJ?$AA@ 0002a9a0     DxePcdLib:DxePcdLib.obj
 0002:000029b8       ??_C@_0BF@PEDOPNMP@Guid?5?$CB?$DN?5?$CI?$CIvoid?5?$CK?$CJ?50?$CJ?$AA@ 0002a9b8     DxePcdLib:DxePcdLib.obj
 0002:000029d0       ??_C@_0L@LBCNCHJA@Pages?5?$CB?$DN?50?$AA@ 0002a9d0     UefiMemoryAllocationLib:MemoryAllocationLib.obj
 0002:000029e0       ??_C@_0HF@CMOOABOD@c?3?2users?2mliang2x?2workspace?2ming@ 0002a9e0     UefiMemoryAllocationLib:MemoryAllocationLib.obj
 0002:00002a58       ??_C@_0DD@HIGIPKGN@AllocationSize?5?$DM?$DN?5?$CI0xFFFFFFFF?5?9?5@ 0002aa58     UefiMemoryAllocationLib:MemoryAllocationLib.obj
 0002:00002a8c       ??_C@_0BH@LKMBFCBF@Format?5?$CB?$DN?5?$CI?$CIvoid?5?$CK?$CJ?50?$CJ?$AA@ 0002aa8c     PeiDxeDebugLibReportStatusCode:DebugLib.obj
 0002:00002aa8       ??_C@_0HH@BLJPNBBN@c?3?2users?2mliang2x?2workspace?2ming@ 0002aaa8     PeiDxeDebugLibReportStatusCode:DebugLib.obj
 0002:00002b20       ??_C@_0CP@EFCGCEBK@?$CICHAR8?5?$CK?$CJBaseListMarkerPointer?5?$DM@ 0002ab20     PeiDxeDebugLibReportStatusCode:DebugLib.obj
 0002:00002b50       ??_C@_01OHGJGJJP@?$FL?$AA@ 0002ab50     PeiDxeDebugLibReportStatusCode:DebugLib.obj
 0002:00002b54       ??_C@_02PBFOLPKM@?$FN?5?$AA@ 0002ab54     PeiDxeDebugLibReportStatusCode:DebugLib.obj
 0002:00002b58       ??_C@_0BN@COECPDCC@gImageHandle?5?$CB?$DN?5?$CI?$CIvoid?5?$CK?$CJ?50?$CJ?$AA@ 0002ab58     UefiBootServicesTableLib:UefiBootServicesTableLib.obj
 0002:00002b78       ??_C@_0HL@PJCLKHFF@c?3?2users?2mliang2x?2workspace?2ming@ 0002ab78     UefiBootServicesTableLib:UefiBootServicesTableLib.obj
 0002:00002bf4       ??_C@_0BE@DGNHAHIL@gST?5?$CB?$DN?5?$CI?$CIvoid?5?$CK?$CJ?50?$CJ?$AA@ 0002abf4     UefiBootServicesTableLib:UefiBootServicesTableLib.obj
 0002:00002c08       ??_C@_0BE@BDFJLGLN@gBS?5?$CB?$DN?5?$CI?$CIvoid?5?$CK?$CJ?50?$CJ?$AA@ 0002ac08     UefiBootServicesTableLib:UefiBootServicesTableLib.obj
 0002:00002c1c       ??_C@_0BE@OBDFIHND@gRT?5?$CB?$DN?5?$CI?$CIvoid?5?$CK?$CJ?50?$CJ?$AA@ 0002ac1c     UefiRuntimeServicesTableLib:UefiRuntimeServicesTableLib.obj
 0002:00002c30       ??_C@_0IB@BKMJEAIL@c?3?2users?2mliang2x?2workspace?2ming@ 0002ac30     UefiRuntimeServicesTableLib:UefiRuntimeServicesTableLib.obj
 0002:00002cb4       ??_C@_0BK@PPOBBAMB@TableGuid?5?$CB?$DN?5?$CI?$CIvoid?5?$CK?$CJ?50?$CJ?$AA@ 0002acb4     UefiLib:UefiLib.obj
 0002:00002cd0       ??_C@_0FJ@INLOALCK@c?3?2users?2mliang2x?2workspace?2ming@ 0002acd0     UefiLib:UefiLib.obj
 0002:00002d2c       ??_C@_0BG@JDKEGFNB@Table?5?$CB?$DN?5?$CI?$CIvoid?5?$CK?$CJ?50?$CJ?$AA@ 0002ad2c     UefiLib:UefiLib.obj
 0002:00002d44       ??_C@_0BF@OGAHIMFI@Name?5?$CB?$DN?5?$CI?$CIvoid?5?$CK?$CJ?50?$CJ?$AA@ 0002ad44     UefiLib:UefiLib.obj
 0002:00002d5c       ??_C@_0BF@JGGLMCFN@Lock?5?$CB?$DN?5?$CI?$CIvoid?5?$CK?$CJ?50?$CJ?$AA@ 0002ad5c     UefiLib:UefiLib.obj
 0002:00002d74       ??_C@_0BO@IJOPPPFL@Lock?9?$DOLock?5?$DN?$DN?5EfiLockReleased?$AA@ 0002ad74     UefiLib:UefiLib.obj
 0002:00002d94       ??_C@_0BO@FHNOFLFJ@Lock?9?$DOLock?5?$DN?$DN?5EfiLockAcquired?$AA@ 0002ad94     UefiLib:UefiLib.obj
 0002:00002db8       ??_C@_0EG@GOBFPEEP@Name?5?$CB?$DN?5?$CI?$CIvoid?5?$CK?$CJ?50?$CJ?5?$CG?$CG?5Guid?5?$CB?$DN?5@ 0002adb8     UefiLib:UefiLib.obj
 0002:00002e00       ??_C@_0BH@FMEOEIBC@?$CKValue?5?$CB?$DN?5?$CI?$CIvoid?5?$CK?$CJ?50?$CJ?$AA@ 0002ae00     UefiLib:UefiLib.obj
 0002:00002e18       ??_C@_0CD@OLFKAJF@SupportedLanguages?5?$CB?$DN?5?$CI?$CIvoid?5?$CK?$CJ?5@ 0002ae18     UefiLib:UefiLib.obj
 0002:00002e40       ??_C@_0FO@PEEJGCJL@c?3?2users?2mliang2x?2workspace?2ming@ 0002ae40     UefiLib:UefiLibPrint.obj
 0002:00002ea0       ??_C@_0CC@KPMNJIIF@?$CI?$CIUINTN?$CJFormat?5?$CG?50x00000001?$CJ?5?$DN?$DN?5@ 0002aea0     UefiLib:UefiLibPrint.obj
 0002:00002ec4       ??_C@_0BI@DIKLKBJC@Console?5?$CB?$DN?5?$CI?$CIvoid?5?$CK?$CJ?50?$CJ?$AA@ 0002aec4     UefiLib:UefiLibPrint.obj
 0002:00002edc       ??_C@_0BO@LGKGLLEA@ConsoleHandle?5?$CB?$DN?5?$CI?$CIvoid?5?$CK?$CJ?50?$CJ?$AA@ 0002aedc     UefiLib:UefiLibPrint.obj
 0002:00002f00       ??_C@_0HF@EFJBFICC@c?3?2users?2mliang2x?2workspace?2ming@ 0002af00     UefiHiiServicesLib:UefiHiiServicesLib.obj
 0002:00002f78       ??_C@_0HB@JNIOGKBD@c?3?2users?2mliang2x?2workspace?2ming@ 0002af78     DxeServicesTableLib:DxeServicesTableLib.obj
 0002:00002fec       ??_C@_0BE@IOIFLNKO@gDS?5?$CB?$DN?5?$CI?$CIvoid?5?$CK?$CJ?50?$CJ?$AA@ 0002afec     DxeServicesTableLib:DxeServicesTableLib.obj
 0002:00003000       ??_C@_0FK@HKEJAGLD@c?3?2users?2mliang2x?2workspace?2ming@ 0002b000     DxeHobLib:HobLib.obj
 0002:0000305c       ??_C@_0BJ@OBFMLLDO@mHobList?5?$CB?$DN?5?$CI?$CIvoid?5?$CK?$CJ?50?$CJ?$AA@ 0002b05c     DxeHobLib:HobLib.obj
 0002:00003078       ??_C@_0BJ@NOLLDKJB@HobStart?5?$CB?$DN?5?$CI?$CIvoid?5?$CK?$CJ?50?$CJ?$AA@ 0002b078     DxeHobLib:HobLib.obj
 0002:00003094       ??_C@_0BC@FEDIJHFF@?$CI?$CIBOOLEAN?$CJ?$CI0?$DN?$DN1?$CJ?$CJ?$AA@ 0002b094     DxeHobLib:HobLib.obj
 0002:000030a8       ??_C@_0BK@KLJHMMPJ@HiiHandle?5?$CB?$DN?5?$CI?$CIvoid?5?$CK?$CJ?50?$CJ?$AA@ 0002b0a8     UefiHiiLib:HiiString.obj
 0002:000030c8       ??_C@_0GE@MMMOFKGD@c?3?2users?2mliang2x?2workspace?2ming@ 0002b0c8     UefiHiiLib:HiiString.obj
 0002:0000312c       ??_C@_06PLDEFKP@x?9UEFI?$AA@ 0002b12c     UefiHiiLib:HiiString.obj
 0002:00003134       ??_C@_0CA@OEKIMLLB@PackageListGuid?5?$CB?$DN?5?$CI?$CIvoid?5?$CK?$CJ?50?$CJ?$AA@ 0002b134     UefiHiiLib:HiiString.obj
 0002:00003154       ??_C@_0O@EMMLPDMJ@StringId?5?$CB?$DN?50?$AA@ 0002b154     UefiHiiLib:HiiString.obj
 0002:00003164       ??_C@_0DA@MAJHLAPK@?$CB?$CI?$CBTryBestLanguage?5?$CG?$CG?5Language?5?$DN@ 0002b164     UefiHiiLib:HiiString.obj
 0002:00003194       ??_C@_1BK@GGGENMOA@?$AAP?$AAl?$AAa?$AAt?$AAf?$AAo?$AAr?$AAm?$AAL?$AAa?$AAn?$AAg?$AA?$AA@ 0002b194     UefiHiiLib:HiiString.obj
 0002:000031ae       ??_C@_00CNPNBAHC@?$AA@     0002b1ae     UefiHiiLib:HiiString.obj
 0002:000031b0       ??_C@_0GB@CPGKBJCB@c?3?2users?2mliang2x?2workspace?2ming@ 0002b1b0     UefiHiiLib:HiiLib.obj
 0002:00003214       ??_C@_0BH@OOIJJHNK@Handle?5?$CB?$DN?5?$CI?$CIvoid?5?$CK?$CJ?50?$CJ?$AA@ 0002b214     UefiHiiLib:HiiLib.obj
 0002:0000322c       ??_C@_0CP@EPIFHCKP@Status?5?$CB?$DN?5?$CI?$CIRETURN_STATUS?$CJ?$CI0x800@ 0002b22c     UefiHiiLib:HiiLib.obj
 0002:0000325c       ??_C@_0BP@JFMDNGDC@HiiPackageList?5?$CB?$DN?5?$CI?$CIvoid?5?$CK?$CJ?50?$CJ?$AA@ 0002b25c     UefiHiiLib:HiiLib.obj
 0002:0000327c       _mEndOfPakageList          0002b27c     UefiHiiLib:HiiLib.obj
[...]
 0002:0000420c       ??_C@_1CG@MFKNOOC@?$AAR?$AAe?$AAc?$AAo?$AAn?$AAn?$AAe?$AAc?$AAt?$AA?5?$AAR?$AAe?$AAq?$AAu?$AAi?$AAr?$AAe?$AAd?$AA?$AA@ 0002c20c     UefiBootManagerLib:BmDriverHealth.obj
 0002:00004234       ??_C@_1CA@LMENMPKC@?$AAR?$AAe?$AAb?$AAo?$AAo?$AAt?$AA?5?$AAR?$AAe?$AAq?$AAu?$AAi?$AAr?$AAe?$AAd?$AA?$AA@ 0002c234     UefiBootManagerLib:BmDriverHealth.obj
 0002:00004254       ??_C@_19BALNHBBC@?$AAL?$AAa?$AAn?$AAg?$AA?$AA@ 0002c254     UefiBootManagerLib:BmDriverHealth.obj
 0002:00004260       ??_C@_03LKLGDMJI@eng?$AA@  0002c260     UefiBootManagerLib:BmDriverHealth.obj
 0002:00004264       ??_C@_05JJLPJMLG@en?9US?$AA@ 0002c264     UefiBootManagerLib:BmDriverHealth.obj
 0002:0000426c       ??_C@_0BA@PJPGFCCB@Controller?3?5?$CFs?6?$AA@ 0002c26c     UefiBootManagerLib:BmDriverHealth.obj
 0002:0000427c       ??_C@_1CA@PLAOFDKP@?$AAC?$AAo?$AAn?$AAt?$AAr?$AAo?$AAl?$AAl?$AAe?$AAr?$AA?3?$AA?5?$AA?$CF?$AAs?$AA?6?$AA?$AA@ 0002c27c     UefiBootManagerLib:BmDriverHealth.obj
 0002:0000429c       ??_C@_1M@IANLBCIB@?$AA?5?$AA?5?$AA?$CF?$AAs?$AA?6?$AA?$AA@ 0002c29c     UefiBootManagerLib:BmDriverHealth.obj
 0002:000042a8       ??_C@_05LDOEBFOB@?5?5?$CFs?6?$AA@ 0002c2a8     UefiBootManagerLib:BmDriverHealth.obj
 0002:000042b0       ??_C@_0BK@NGFIGLGA@?$FLBDS?$FNRepairNotify?3?5?$CFd?1?$CFd?6?$AA@ 0002c2b0     UefiBootManagerLib:BmDriverHealth.obj
 0002:000042cc       ??_C@_1DE@KPAEMAID@?$AA?$FL?$AAB?$AAD?$AAS?$AA?$FN?$AAR?$AAe?$AAp?$AAa?$AAi?$AAr?$AAN?$AAo?$AAt?$AAi?$AAf?$AAy?$AA?3?$AA?5?$AA?$CF?$AAd?$AA?1?$AA?$CF?$AAd?$AA?6?$AA?$AA@ 0002c2cc     UefiBootManagerLib:BmDriverHealth.obj
 0002:00004300       ??_C@_0CD@BOOHEENM@DriverHealthHandle?5?$CB?$DN?5?$CI?$CIvoid?5?$CK?$CJ?5@ 0002c300     UefiBootManagerLib:BmDriverHealth.obj
 0002:00004328       ??_C@_0HB@ILGKEDHJ@c?3?2users?2mliang2x?2workspace?2ming@ 0002c328     UefiBootManagerLib:BmDriverHealth.obj
 0002:0000439c       ??_C@_0CC@KGLGCPCA@?$CKDriverHealthInfo?5?$CB?$DN?5?$CI?$CIvoid?5?$CK?$CJ?50@ 0002c39c     UefiBootManagerLib:BmDriverHealth.obj
 0002:000043c0       ??_C@_0CE@MFGOGKIA@DriverHealthHandles?5?$CB?$DN?5?$CI?$CIvoid?5?$CK?$CJ@ 0002c3c0     UefiBootManagerLib:BmDriverHealth.obj
 0002:000043e4       ??_C@_0P@JFBCBHIC@?$CF02d?3?5?$CFs?5?9?5?$CFs?6?$AA@ 0002c3e4     UefiBootManagerLib:BmDriverHealth.obj
 0002:000043f4       ??_C@_0BH@PIKEIHIM@BmRepairAllControllers?$AA@ 0002c3f4     UefiBootManagerLib:BmDriverHealth.obj
 0002:0000440c       ??_C@_0CJ@OPCGBII@?$FL?$CFa?3?$CFd?$FN?5Repair?5failed?5after?5?$CFd?5r@ 0002c40c     UefiBootManagerLib:BmDriverHealth.obj
 0002:00004438       ??_C@_0DO@HEBFPBBH@?$FLBDS?$FN?5One?5of?5the?5Driver?5Health?5i@ 0002c438     UefiBootManagerLib:BmDriverHealth.obj
 0002:00004478       ??_C@_1M@NFPEGKHA@?$AAC?$AAo?$AAn?$AAI?$AAn?$AA?$AA@ 0002c478     UefiBootManagerLib:BmConsole.obj
 0002:00004484       ??_C@_1O@MJHLOIFA@?$AAC?$AAo?$AAn?$AAO?$AAu?$AAt?$AA?$AA@ 0002c484     UefiBootManagerLib:BmConsole.obj
 0002:00004494       ??_C@_1O@JOJMCOJC@?$AAE?$AAr?$AAr?$AAO?$AAu?$AAt?$AA?$AA@ 0002c494     UefiBootManagerLib:BmConsole.obj
 0002:000044a4       ??_C@_1BC@OBFMLJLI@?$AAC?$AAo?$AAn?$AAI?$AAn?$AAD?$AAe?$AAv?$AA?$AA@ 0002c4a4     UefiBootManagerLib:BmConsole.obj
 0002:000044b8       ??_C@_1BE@INNAKDAF@?$AAC?$AAo?$AAn?$AAO?$AAu?$AAt?$AAD?$AAe?$AAv?$AA?$AA@ 0002c4b8     UefiBootManagerLib:BmConsole.obj
 0002:000044cc       ??_C@_1BE@JFPOEAHF@?$AAE?$AAr?$AAr?$AAO?$AAu?$AAt?$AAD?$AAe?$AAv?$AA?$AA@ 0002c4cc     UefiBootManagerLib:BmConsole.obj
 0002:000044e0       ??_C@_0GM@PIEEIPPF@c?3?2users?2mliang2x?2workspace?2ming@ 0002c4e0     UefiBootManagerLib:BmConsole.obj
 0002:0000454c       ??_C@_0BI@LEGCJJJC@VarName?5?$CB?$DN?5?$CI?$CIvoid?5?$CK?$CJ?50?$CJ?$AA@ 0002c54c     UefiBootManagerLib:BmConsole.obj
 0002:00004564       ??_C@_0BM@CGHKLPCB@ConsoleGuid?5?$CB?$DN?5?$CI?$CIvoid?5?$CK?$CJ?50?$CJ?$AA@ 0002c564     UefiBootManagerLib:BmConsole.obj
 0002:00004580       ??_C@_0CC@IEKIILIB@ProtocolInterface?5?$CB?$DN?5?$CI?$CIvoid?5?$CK?$CJ?50@ 0002c580     UefiBootManagerLib:BmConsole.obj
 0002:000045a4       ??_C@_0DC@IFPPFOCH@?$FLBds?$FN?5No?5valid?5console?5instance?5@ 0002c5a4     UefiBootManagerLib:BmConsole.obj
 0002:000045d8       ??_C@_0M@BAEEMNFD@ConOutReady?$AA@ 0002c5d8     UefiBootManagerLib:BmConsole.obj
 0002:000045e4       ??_C@_0L@KAOJLKKM@ConInReady?$AA@ 0002c5e4     UefiBootManagerLib:BmConsole.obj
 0002:000045f0       ??_C@_0M@KHIJIABJ@ErrOutReady?$AA@ 0002c5f0     UefiBootManagerLib:BmConsole.obj
 0002:00004600       ??_C@_0HK@HMGLMJLF@c?3?2users?2mliang2x?2workspace?2ming@ 0002c600     DxeReportStatusCodeLib:ReportStatusCodeLib.obj
 0002:0000467c       ??_C@_0DN@HHIHPHHB@?$CB?$CI?$CIExtendedData?5?$DN?$DN?5?$CI?$CIvoid?5?$CK?$CJ?50?$CJ?$CJ@ 0002c67c     DxeReportStatusCodeLib:ReportStatusCodeLib.obj
 0002:000046bc       ??_C@_0DN@BBBIFINB@?$CB?$CI?$CIExtendedData?5?$CB?$DN?5?$CI?$CIvoid?5?$CK?$CJ?50?$CJ?$CJ@ 0002c6bc     DxeReportStatusCodeLib:ReportStatusCodeLib.obj
 0002:000046fc       ??_C@_0BF@NJNGJMPC@List?5?$CB?$DN?5?$CI?$CIvoid?5?$CK?$CJ?50?$CJ?$AA@ 0002c6fc     BaseLib:LinkedList.obj
 0002:00004718       ??_C@_0FM@OPLAEOJM@c?3?2users?2mliang2x?2workspace?2ming@ 0002c718     BaseLib:LinkedList.obj
 0002:00004774       ??_C@_0CC@KDLPLAED@List?9?$DOForwardLink?5?$CB?$DN?5?$CI?$CIvoid?5?$CK?$CJ?50@ 0002c774     BaseLib:LinkedList.obj
 0002:00004798       ??_C@_0BP@IJJCCMAK@List?9?$DOBackLink?5?$CB?$DN?5?$CI?$CIvoid?5?$CK?$CJ?50?$CJ?$AA@ 0002c798     BaseLib:LinkedList.obj
 0002:000047b8       ??_C@_0CI@BMHOPIIO@InternalBaseLibIsListValid?5?$CIFirs@ 0002c7b8     BaseLib:LinkedList.obj
 0002:000047e0       ??_C@_0BM@BAIHHOEP@SecondEntry?5?$CB?$DN?5?$CI?$CIvoid?5?$CK?$CJ?50?$CJ?$AA@ 0002c7e0     BaseLib:LinkedList.obj
 0002:000047fc       ??_C@_0CG@LGIALJFK@InternalBaseLibIsListValid?5?$CIList@ 0002c7fc     BaseLib:LinkedList.obj
 0002:00004824       ??_C@_0CC@JLDICICM@InternalBaseLibIsListValid?5?$CIList@ 0002c824     BaseLib:LinkedList.obj
 0002:00004848       ??_C@_0DD@OAAIDOJD@?$CI?$CIBOOLEAN?$CJ?$CI1?$DN?$DN1?$CJ?$CJ?5?$DN?$DN?5IsNodeInLis@ 0002c848     BaseLib:LinkedList.obj
 0002:0000487c       ??_C@_0BF@NMBJJECB@?$CBIsListEmpty?5?$CIEntry?$CJ?$AA@ 0002c87c     BaseLib:LinkedList.obj
 0002:00004894       ??_C@_0CA@PNIIEPC@LegacyBootEvent?5?$CB?$DN?5?$CI?$CIvoid?5?$CK?$CJ?50?$CJ?$AA@ 0002c894     UefiLib:UefiNotTiano.obj
 0002:000048b8       ??_C@_0FO@PEDJAENL@c?3?2users?2mliang2x?2workspace?2ming@ 0002c8b8     UefiLib:UefiNotTiano.obj
 0002:00004918       ??_C@_0CG@NLLFCMHO@EFI1?41?5can?8t?5support?5LegacyBootE@ 0002c918     UefiLib:UefiNotTiano.obj
 0002:00004940       ??_C@_0CB@LNNMJOKK@ReadyToBootEvent?5?$CB?$DN?5?$CI?$CIvoid?5?$CK?$CJ?50?$CJ@ 0002c940     UefiLib:UefiNotTiano.obj
 0002:00004964       ??_C@_0CH@LOBIJKLE@EFI1?41?5can?8t?5support?5ReadyToBoot@ 0002c964     UefiLib:UefiNotTiano.obj
 0002:0000498c       ??_C@_0CB@OKGFGBHJ@FvDevicePathNode?5?$CB?$DN?5?$CI?$CIvoid?5?$CK?$CJ?50?$CJ@ 0002c98c     UefiLib:UefiNotTiano.obj
 0002:000049b0       ??_C@_0BJ@GMMGGIMG@NameGuid?5?$CB?$DN?5?$CI?$CIvoid?5?$CK?$CJ?50?$CJ?$AA@ 0002c9b0     UefiLib:UefiNotTiano.obj
 0002:000049cc       ??_C@_0BO@DIMHDDCF@TotalSize?5?$DM?$DN?5?$CI?$CIUINT16?$CJ0xFFFF?$CJ?$AA@ 0002c9cc     VariablePolicyHelperLib:VariablePolicyHelperLib.obj
 0002:000049f0       ??_C@_0HP@NOEGDDMJ@c?3?2users?2mliang2x?2workspace?2ming@ 0002c9f0     VariablePolicyHelperLib:VariablePolicyHelperLib.obj
 0002:00004a70       ??_C@_0BM@PHFBGKMM@ImageHandle?5?$CB?$DN?5?$CI?$CIvoid?5?$CK?$CJ?50?$CJ?$AA@ 0002ca70     DxeServicesLib:DxeServicesLib.obj
 0002:00004a90       ??_C@_0GH@OIFNFNHJ@c?3?2users?2mliang2x?2workspace?2ming@ 0002ca90     DxeServicesLib:DxeServicesLib.obj
 0003:00000000       _gEfiStatusCodeSpecificDataGuid 0002d000     BootManagerMenuApp:AutoGen.obj
 0003:00000010       _gEfiDriverHealthProtocolGuid 0002d010     BootManagerMenuApp:AutoGen.obj
 0003:00000020       _gEfiMemoryTypeInformationGuid 0002d020     BootManagerMenuApp:AutoGen.obj
 0003:00000030       _gEfiGlobalVariableGuid    0002d030     BootManagerMenuApp:AutoGen.obj
 0003:00000040       _gEfiVirtualCdGuid         0002d040     BootManagerMenuApp:AutoGen.obj
 0003:00000050       _gEfiStatusCodeRuntimeProtocolGuid 0002d050     BootManagerMenuApp:AutoGen.obj
 0003:00000060       _gEfiDiskInfoProtocolGuid  0002d060     BootManagerMenuApp:AutoGen.obj
 0003:00000070       _gEfiDiskInfoUfsInterfaceGuid 0002d070     BootManagerMenuApp:AutoGen.obj
 0003:00000080       _gEfiRamDiskProtocolGuid   0002d080     BootManagerMenuApp:AutoGen.obj
 0003:00000090       _gEfiLoadedImageDevicePathProtocolGuid 0002d090     BootManagerMenuApp:AutoGen.obj
 0003:000000a0       _gEfiEventReadyToBootGuid  0002d0a0     BootManagerMenuApp:AutoGen.obj
 0003:000000b0       _gEfiDiskInfoScsiInterfaceGuid 0002d0b0     BootManagerMenuApp:AutoGen.obj
 0003:000000c0       _gEfiEventLegacyBootGuid   0002d0c0     BootManagerMenuApp:AutoGen.obj
 0003:000000d0       __gPcd_BinaryPatch_PcdSetupConOutColumn 0002d0d0     BootManagerMenuApp:AutoGen.obj
 0003:000000d4       _gEfiComponentName2ProtocolGuid 0002d0d4     BootManagerMenuApp:AutoGen.obj
 0003:000000e4       _gEfiPersistentVirtualDiskGuid 0002d0e4     BootManagerMenuApp:AutoGen.obj
 0003:000000f4       _gEfiDiskInfoIdeInterfaceGuid 0002d0f4     BootManagerMenuApp:AutoGen.obj
 0003:00000104       _gPcdProtocolGuid          0002d104     BootManagerMenuApp:AutoGen.obj
 0003:00000114       _gEfiSimpleTextOutProtocolGuid 0002d114     BootManagerMenuApp:AutoGen.obj
 0003:00000124       _gEfiVTUTF8Guid            0002d124     BootManagerMenuApp:AutoGen.obj
 0003:00000134       _gEfiLoadFileProtocolGuid  0002d134     BootManagerMenuApp:AutoGen.obj
 0003:00000144       _gEfiDiskInfoSdMmcInterfaceGuid 0002d144     BootManagerMenuApp:AutoGen.obj
 0003:00000154       _gEdkiiPlatformBootManagerProtocolGuid 0002d154     BootManagerMenuApp:AutoGen.obj
 0003:00000164       _gEfiFileInfoGuid          0002d164     BootManagerMenuApp:AutoGen.obj
 0003:00000174       _gEfiUartDevicePathGuid    0002d174     BootManagerMenuApp:AutoGen.obj
 0003:00000184       _gEfiNvmExpressPassThruProtocolGuid 0002d184     BootManagerMenuApp:AutoGen.obj
 0003:00000194       _gEfiVT100Guid             0002d194     BootManagerMenuApp:AutoGen.obj
 0003:000001a4       _gEfiDevicePathProtocolGuid 0002d1a4     BootManagerMenuApp:AutoGen.obj
 0003:000001b4       _gEfiPciIoProtocolGuid     0002d1b4     BootManagerMenuApp:AutoGen.obj
 0003:000001c4       _gEfiLoadedImageProtocolGuid 0002d1c4     BootManagerMenuApp:AutoGen.obj
 0003:000001d4       _gEfiFirmwareVolume2ProtocolGuid 0002d1d4     BootManagerMenuApp:AutoGen.obj
 0003:000001e4       _gEfiEventAfterReadyToBootGuid 0002d1e4     BootManagerMenuApp:AutoGen.obj
 0003:000001f4       _gEfiCallerBaseName        0002d1f4     BootManagerMenuApp:AutoGen.obj
 0003:000001f8       _gEfiHiiConfigRoutingProtocolGuid 0002d1f8     BootManagerMenuApp:AutoGen.obj
 0003:00000208       _gEfiDiskInfoAhciInterfaceGuid 0002d208     BootManagerMenuApp:AutoGen.obj
 0003:00000218       _gEfiSimpleTextInputExProtocolGuid 0002d218     BootManagerMenuApp:AutoGen.obj
 0003:00000228       _gEfiSimpleTextInProtocolGuid 0002d228     BootManagerMenuApp:AutoGen.obj
 0003:00000238       _gEfiStatusCodeDataTypeDebugGuid 0002d238     BootManagerMenuApp:AutoGen.obj
 0003:00000248       _gEfiUsbIoProtocolGuid     0002d248     BootManagerMenuApp:AutoGen.obj
 0003:00000258       _gEfiHiiImageProtocolGuid  0002d258     BootManagerMenuApp:AutoGen.obj
 0003:00000268       _gEfiGraphicsOutputProtocolGuid 0002d268     BootManagerMenuApp:AutoGen.obj
 0003:00000278       __gPcd_BinaryPatch_PcdSetupVideoVerticalResolution 0002d278     BootManagerMenuApp:AutoGen.obj
 0003:0000027c       _gEfiHiiDatabaseProtocolGuid 0002d27c     BootManagerMenuApp:AutoGen.obj
 0003:0000028c       _gEfiSimpleFileSystemProtocolGuid 0002d28c     BootManagerMenuApp:AutoGen.obj
 0003:0000029c       _gEfiHiiStringProtocolGuid 0002d29c     BootManagerMenuApp:AutoGen.obj
 0003:000002ac       _gEfiVT100PlusGuid         0002d2ac     BootManagerMenuApp:AutoGen.obj
 0003:000002c0       _BootManagerMenuAppStrings 0002d2c0     BootManagerMenuApp:AutoGen.obj
 0003:000004d0       _gEfiHobListGuid           0002d4d0     BootManagerMenuApp:AutoGen.obj
 0003:000004e0       _gEfiDebugPortProtocolGuid 0002d4e0     BootManagerMenuApp:AutoGen.obj
 0003:000004f0       __gPcd_BinaryPatch_PcdSetupVideoHorizontalResolution 0002d4f0     BootManagerMenuApp:AutoGen.obj
 0003:000004f4       _gEdkiiStatusCodeDataTypeVariableGuid 0002d4f4     BootManagerMenuApp:AutoGen.obj
 0003:00000504       _gEfiBootLogoProtocolGuid  0002d504     BootManagerMenuApp:AutoGen.obj
 0003:00000514       _gEfiFormBrowser2ProtocolGuid 0002d514     BootManagerMenuApp:AutoGen.obj
 0003:00000524       _gEfiVirtualDiskGuid       0002d524     BootManagerMenuApp:AutoGen.obj
 0003:00000534       __gPcd_BinaryPatch_PcdVideoVerticalResolution 0002d534     BootManagerMenuApp:AutoGen.obj
 0003:00000538       _gEfiComponentNameProtocolGuid 0002d538     BootManagerMenuApp:AutoGen.obj
 0003:00000548       _gEfiBlockIoProtocolGuid   0002d548     BootManagerMenuApp:AutoGen.obj
 0003:00000558       _gEfiDxeServicesTableGuid  0002d558     BootManagerMenuApp:AutoGen.obj
 0003:00000568       _gEfiSasDevicePathGuid     0002d568     BootManagerMenuApp:AutoGen.obj
 0003:00000578       __gPcd_BinaryPatch_PcdVideoHorizontalResolution 0002d578     BootManagerMenuApp:AutoGen.obj
 0003:0000057c       _gEfiPersistentVirtualCdGuid 0002d57c     BootManagerMenuApp:AutoGen.obj
 0003:0000058c       _gEfiCallerIdGuid          0002d58c     BootManagerMenuApp:AutoGen.obj
 0003:0000059c       _gEfiPcAnsiGuid            0002d59c     BootManagerMenuApp:AutoGen.obj
 0003:000005ac       _gEdkiiVariablePolicyProtocolGuid 0002d5ac     BootManagerMenuApp:AutoGen.obj
 0003:000005bc       _gEfiHiiFontProtocolGuid   0002d5bc     BootManagerMenuApp:AutoGen.obj
 0003:000005cc       _gEfiLoadFile2ProtocolGuid 0002d5cc     BootManagerMenuApp:AutoGen.obj
 0003:000005dc       __gPcd_BinaryPatch_PcdSetupConOutRow 0002d5dc     BootManagerMenuApp:AutoGen.obj
 0003:000005e0       _mBmLoadOptionOrderName    0002d5e0     UefiBootManagerLib:BmLoadOption.obj
 0003:000005f0       _mBmLoadOptionName         0002d5f0     UefiBootManagerLib:BmLoadOption.obj
 0003:00000600       _mBmHardDriveBootVariableGuid 0002d600     UefiBootManagerLib:BmBoot.obj
 0003:00000610       _mBmAutoCreateBootOptionGuid 0002d610     UefiBootManagerLib:BmBoot.obj
 0003:00000620       _mPlatformBootDescriptionHandlers 0002d620     UefiBootManagerLib:BmBootDescription.obj
 0003:00000628       _mBmBootDescriptionHandlers 0002d628     UefiBootManagerLib:BmBootDescription.obj
 0003:00000640       _mBmUefiPrefix             0002d640     UefiBootManagerLib:BmBootDescription.obj
 0003:0000064c       _mBmHotkeyList             0002d64c     UefiBootManagerLib:BmHotkey.obj
 0003:00000654       _mBmHotkeyBootOption       0002d654     UefiBootManagerLib:BmHotkey.obj
 0003:0000068c       _mBmHotkeyLock             0002d68c     UefiBootManagerLib:BmHotkey.obj
 0003:00000698       _mBmHealthStatusText       0002d698     UefiBootManagerLib:BmDriverHealth.obj
 0003:000006b0       _mConVarName               0002d6b0     UefiBootManagerLib:BmConsole.obj
 0003:000006c8       _mSetupTextModeRow         0002d6c8     BootManagerMenuApp:BootManagerMenu.obj
 0003:000006cc       _mBootVerticalResolution   0002d6cc     BootManagerMenuApp:BootManagerMenu.obj
 0003:000006d0       _mBootTextModeColumn       0002d6d0     BootManagerMenuApp:BootManagerMenu.obj
 0003:000006d4       _mSetupTextModeColumn      0002d6d4     BootManagerMenuApp:BootManagerMenu.obj
 0003:000006d8       _mBootTextModeRow          0002d6d8     BootManagerMenuApp:BootManagerMenu.obj
 0003:000006dc       _mModeInitialized          0002d6dc     BootManagerMenuApp:BootManagerMenu.obj
 0003:000006e0       _mSetupHorizontalResolution 0002d6e0     BootManagerMenuApp:BootManagerMenu.obj
 0003:000006e4       _mBootHorizontalResolution 0002d6e4     BootManagerMenuApp:BootManagerMenu.obj
 0003:000006e8       _mSetupVerticalResolution  0002d6e8     BootManagerMenuApp:BootManagerMenu.obj
 0003:000006ec       _mPcd                      0002d6ec     DxePcdLib:DxePcdLib.obj
 0003:000006f0       _gST                       0002d6f0     UefiBootServicesTableLib:UefiBootServicesTableLib.obj
 0003:000006f4       _gImageHandle              0002d6f4     UefiBootServicesTableLib:UefiBootServicesTableLib.obj
 0003:000006f8       _gBS                       0002d6f8     UefiBootServicesTableLib:UefiBootServicesTableLib.obj
 0003:000006fc       _gRT                       0002d6fc     UefiRuntimeServicesTableLib:UefiRuntimeServicesTableLib.obj
 0003:00000700       _gHiiString                0002d700     UefiHiiServicesLib:UefiHiiServicesLib.obj
 0003:00000704       _gHiiFont                  0002d704     UefiHiiServicesLib:UefiHiiServicesLib.obj
 0003:00000708       _gHiiConfigRouting         0002d708     UefiHiiServicesLib:UefiHiiServicesLib.obj
 0003:0000070c       _gHiiImage                 0002d70c     UefiHiiServicesLib:UefiHiiServicesLib.obj
 0003:00000710       _gHiiDatabase              0002d710     UefiHiiServicesLib:UefiHiiServicesLib.obj
 0003:00000714       _gDS                       0002d714     DxeServicesTableLib:DxeServicesTableLib.obj
 0003:00000718       _mHobList                  0002d718     DxeHobLib:HobLib.obj
 0003:0000071c       _mBmLegacyBoot             0002d71c     UefiBootManagerLib:BmBoot.obj
 0003:00000720       _mRamDisk                  0002d720     UefiBootManagerLib:BmBoot.obj
 0003:00000724       _mBmRefreshLegacyBootOption 0002d724     UefiBootManagerLib:BmBoot.obj
 0003:00000728       _mBmHotkeyTriggered        0002d728     UefiBootManagerLib:BmHotkey.obj
 0003:0000072c       _mReportStatusCodeLibStatusCodeProtocol 0002d72c     DxeReportStatusCodeLib:ReportStatusCodeLib.obj
 0003:00000730       _gStringPackHandle         0002d730     <common>

 entry point at        0001:00000000

 Static symbols

 0000:fffe0000       .debug$S                   00010000     BootManagerMenuApp.exp
 0001:000042c4       $LN26                      000152c4     UefiDevicePathLib:DevicePathToText.obj
 0001:000042f8       $LN25                      000152f8     UefiDevicePathLib:DevicePathToText.obj
 0001:00004adc       $LN23                      00015adc     UefiDevicePathLib:DevicePathToText.obj
 0001:00004af4       $LN24                      00015af4     UefiDevicePathLib:DevicePathToText.obj
 0001:000055b8       $LN15                      000165b8     UefiDevicePathLib:DevicePathToText.obj
 0001:00007918       $LN237                     00018918     BasePrintLib:PrintLibInternal.obj
 0001:00007944       $LN233                     00018944     BasePrintLib:PrintLibInternal.obj
 0001:000079b4       $LN238                     000189b4     BasePrintLib:PrintLibInternal.obj
 0001:000079ec       $LN234                     000189ec     BasePrintLib:PrintLibInternal.obj
 0001:000118dc       $LN30                      000228dc     UefiBootManagerLib:BmBootDescription.obj
 0001:000118f0       $LN29                      000228f0     UefiBootManagerLib:BmBootDescription.obj
 0001:000128cc       $LN32                      000238cc     UefiBootManagerLib:BmBootDescription.obj
 0001:00015520       _PopulateCommonData        00026520 f   VariablePolicyHelperLib:VariablePolicyHelperLib.obj
 0004:00000000       .edata                     0002e000     BootManagerMenuApp.exp
 0004:00000028       rgpv                       0002e028     BootManagerMenuApp.exp
 0004:0000002c       rgszName                   0002e02c     BootManagerMenuApp.exp
 0004:00000030       rgwOrd                     0002e030     BootManagerMenuApp.exp
 0004:00000032       szName                     0002e032     BootManagerMenuApp.exp
 0004:00000049       $N00001                    0002e049     BootManagerMenuApp.exp
