 BdsDxe

 Timestamp is 65376f95 (Tue Oct 24 15:17:41 2023)

 Preferred load address is 00010000

 Start         Length     Name                   Class
 0001:00000000 00019356H .text$mn                CODE
 0002:00000000 000059d4H .rdata                  DATA
 0002:000059d4 00000134H .rdata$zzzdbg           DATA
 0003:00000000 00000618H .data                   DATA
 0003:00000618 00000058H .bss                    DATA
 0004:00000000 0000004eH .edata                  DATA

  Address         Publics by Value              Rva+Base       Lib:Object

 0000:00000000       ___guard_flags             00000000     <absolute>
 0000:00000000       ___guard_fids_count        00000000     <absolute>
 0000:00000000       ___dynamic_value_reloc_table 00000000     <absolute>
 0000:00000000       ___guard_longjmp_count     00000000     <absolute>
 0000:00000000       ___guard_longjmp_table     00000000     <absolute>
 0000:00000000       ___guard_iat_table         00000000     <absolute>
 0000:00000000       ___guard_iat_count         00000000     <absolute>
 0000:00000000       ___guard_fids_table        00000000     <absolute>
 0001:00000000       __DriverUnloadHandler      00011000 f   UefiDriverEntryPoint:DriverEntryPoint.obj
 0001:00000040       __ModuleEntryPoint         00011040 f   UefiDriverEntryPoint:DriverEntryPoint.obj
 0001:00000150       _ProcessLibraryConstructorList 00011150 f   BdsDxe:AutoGen.obj
 0001:00000450       _ProcessLibraryDestructorList 00011450 f   BdsDxe:AutoGen.obj
 0001:00000450       _PlatformBootManagerUnableToBoot 00011450 f   PlatformBmLib:PlatformBm.obj
 0001:00000450       _EfiEventEmptyFunction     00011450 f   UefiLib:UefiLib.obj
 0001:00000460       _ProcessModuleEntryPointList 00011460 f   BdsDxe:AutoGen.obj
 0001:00000480       _LogPerformanceMeasurement 00011480 f   BasePerformanceLibNull:PerformanceLib.obj
 0001:00000480       _UefiLibConstructor        00011480 f   UefiLib:UefiLib.obj
 0001:00000480       _ProcessModuleUnloadList   00011480 f   BdsDxe:AutoGen.obj
 0001:00000480       _StartPerformanceMeasurementEx 00011480 f   BasePerformanceLibNull:PerformanceLib.obj
 0001:00000480       _EndPerformanceMeasurementEx 00011480 f   BasePerformanceLibNull:PerformanceLib.obj
 0001:00000490       _BdsDxeOnConnectConInCallBack 00011490 f   BdsDxe:BdsEntry.obj
 0001:000004f0       _CheckDeferredLoadImageOnReadyToBoot 000114f0 f   BdsDxe:BdsEntry.obj
 0001:00000640       _BdsInitialize             00011640 f   BdsDxe:BdsEntry.obj
 0001:000007a0       _BdsWaitForSingleEvent     000117a0 f   BdsDxe:BdsEntry.obj
 0001:00000940       _BdsReadKeys               00011940 f   BdsDxe:BdsEntry.obj
 0001:00000990       _BdsWait                   00011990 f   BdsDxe:BdsEntry.obj
 0001:00000af0       _BootBootOptions           00011af0 f   BdsDxe:BdsEntry.obj
 0001:00000c10       _ProcessLoadOptions        00011c10 f   BdsDxe:BdsEntry.obj
 0001:00000d30       _BdsFormalizeConsoleVariable 00011d30 f   BdsDxe:BdsEntry.obj
 0001:00000e10       _BdsFormalizeOSIndicationVariable 00011e10 f   BdsDxe:BdsEntry.obj
 0001:00001060       _BdsFormalizeEfiGlobalVariable 00012060 f   BdsDxe:BdsEntry.obj
 0001:000010a0       _BdsEntry                  000120a0 f   BdsDxe:BdsEntry.obj
 0001:00001f90       _BmSetVariableAndReportStatusCodeOnError 00012f90 f   UefiBootManagerLib:BmMisc.obj
 0001:00001f90       _BdsDxeSetVariableAndReportStatusCodeOnError 00012f90 f   BdsDxe:BdsEntry.obj
 0001:00002150       _InitializeHwErrRecSupport 00013150 f   BdsDxe:HwErrRecSupport.obj
 0001:00002200       _IsLangInSupportedLangCodes 00013200 f   BdsDxe:Language.obj
 0001:00002320       _InitializeLangVariable    00013320 f   BdsDxe:Language.obj
 0001:000023e0       _InitializeLanguage        000133e0 f   BdsDxe:Language.obj
 0001:00002580       _UnicodeVSPrint            00013580 f   BasePrintLib:PrintLib.obj
 0001:00002600       _UnicodeSPrint             00013600 f   BasePrintLib:PrintLib.obj
 0001:00002640       _UnicodeValueToStringS     00013640 f   BasePrintLib:PrintLib.obj
 0001:000026a0       _SPrintLength              000136a0 f   BasePrintLib:PrintLib.obj
 0001:000026f0       _BasePrintLibFillBuffer    000136f0 f   BasePrintLib:PrintLibInternal.obj
 0001:00002750       _BasePrintLibValueToString 00013750 f   BasePrintLib:PrintLibInternal.obj
 0001:000027a0       _BasePrintLibConvertValueToStringS 000137a0 f   BasePrintLib:PrintLibInternal.obj
 0001:00002c60       _BasePrintLibSPrintMarker  00013c60 f   BasePrintLib:PrintLibInternal.obj
 0001:00003ef0       _BasePrintLibSPrint        00014ef0 f   BasePrintLib:PrintLibInternal.obj
 0001:00003f30       _GetPcdProtocol            00014f30 f   DxePcdLib:DxePcdLib.obj
 0001:00004000       _LibPcdGet16               00015000 f   DxePcdLib:DxePcdLib.obj
 0001:00004020       _LibPcdGet32               00015020 f   DxePcdLib:DxePcdLib.obj
 0001:00004040       _LibPcdGetBool             00015040 f   DxePcdLib:DxePcdLib.obj
 0001:00004060       _DebugPrint                00015060 f   PeiDxeDebugLibReportStatusCode:DebugLib.obj
 0001:00004090       _DebugPrintMarker          00015090 f   PeiDxeDebugLibReportStatusCode:DebugLib.obj
 0001:00004570       _DebugVPrint               00015570 f   PeiDxeDebugLibReportStatusCode:DebugLib.obj
 0001:00004590       _DebugAssert               00015590 f   PeiDxeDebugLibReportStatusCode:DebugLib.obj
 0001:000047f0       _DebugAssertEnabled        000157f0 f   PeiDxeDebugLibReportStatusCode:DebugLib.obj
 0001:00004820       _DebugPrintEnabled         00015820 f   PeiDxeDebugLibReportStatusCode:DebugLib.obj
 0001:00004850       _DebugCodeEnabled          00015850 f   PeiDxeDebugLibReportStatusCode:DebugLib.obj
 0001:00004880       _DebugPrintLevelEnabled    00015880 f   PeiDxeDebugLibReportStatusCode:DebugLib.obj
 0001:000048a0       _CopyGuid                  000158a0 f   BaseMemoryLib:MemLibGuid.obj
 0001:000048f0       _CompareGuid               000158f0 f   BaseMemoryLib:MemLibGuid.obj
 0001:00004980       _IsZeroGuid                00015980 f   BaseMemoryLib:MemLibGuid.obj
 0001:000049d0       _CopyMem                   000159d0 f   BaseMemoryLib:CopyMemWrapper.obj
 0001:00004a70       _SetMem                    00015a70 f   BaseMemoryLib:SetMemWrapper.obj
 0001:00004ad0       _InternalMemCopyMem        00015ad0 f   BaseMemoryLib:CopyMem.obj
 0001:00004e40       _InternalMemSetMem         00015e40 f   BaseMemoryLib:SetMem.obj
 0001:00004f60       _InternalMemZeroMem        00015f60 f   BaseMemoryLib:MemLibGeneric.obj
 0001:00004f80       _InternalMemCompareMem     00015f80 f   BaseMemoryLib:MemLibGeneric.obj
 0001:00004fe0       _InternalGetReportStatusCode 00015fe0 f   DxeReportStatusCodeLib:ReportStatusCodeLib.obj
 0001:00005040       _InternalReportStatusCode  00016040 f   DxeReportStatusCodeLib:ReportStatusCodeLib.obj
 0001:000050d0       _ReportStatusCode          000160d0 f   DxeReportStatusCodeLib:ReportStatusCodeLib.obj
 0001:000050f0       _ReportStatusCodeEx        000160f0 f   DxeReportStatusCodeLib:ReportStatusCodeLib.obj
 0001:000052b0       _ReportProgressCodeEnabled 000162b0 f   DxeReportStatusCodeLib:ReportStatusCodeLib.obj
 0001:000052e0       _ReportErrorCodeEnabled    000162e0 f   DxeReportStatusCodeLib:ReportStatusCodeLib.obj
 0001:00005310       _ReportDebugCodeEnabled    00016310 f   DxeReportStatusCodeLib:ReportStatusCodeLib.obj
 0001:00005340       _InternalAllocatePages     00016340 f   UefiMemoryAllocationLib:MemoryAllocationLib.obj
 0001:00005380       _AllocateReservedPages     00016380 f   UefiMemoryAllocationLib:MemoryAllocationLib.obj
 0001:000053a0       _FreePages                 000163a0 f   UefiMemoryAllocationLib:MemoryAllocationLib.obj
 0001:00005460       _InternalAllocatePool      00016460 f   UefiMemoryAllocationLib:MemoryAllocationLib.obj
 0001:000054a0       _AllocatePool              000164a0 f   UefiMemoryAllocationLib:MemoryAllocationLib.obj
 0001:000054c0       _InternalAllocateZeroPool  000164c0 f   UefiMemoryAllocationLib:MemoryAllocationLib.obj
 0001:00005500       _AllocateZeroPool          00016500 f   UefiMemoryAllocationLib:MemoryAllocationLib.obj
 0001:00005520       _InternalAllocateCopyPool  00016520 f   UefiMemoryAllocationLib:MemoryAllocationLib.obj
 0001:000055c0       _AllocateCopyPool          000165c0 f   UefiMemoryAllocationLib:MemoryAllocationLib.obj
 0001:000055e0       _AllocateRuntimeCopyPool   000165e0 f   UefiMemoryAllocationLib:MemoryAllocationLib.obj
 0001:00005600       _InternalReallocatePool    00016600 f   UefiMemoryAllocationLib:MemoryAllocationLib.obj
 0001:00005670       _ReallocatePool            00016670 f   UefiMemoryAllocationLib:MemoryAllocationLib.obj
 0001:00005690       _FreePool                  00016690 f   UefiMemoryAllocationLib:MemoryAllocationLib.obj
 0001:00005720       _StrLen                    00016720 f   BaseLib:String.obj
 0001:000057e0       _StrSize                   000167e0 f   BaseLib:String.obj
 0001:00005800       _StrCmp                    00016800 f   BaseLib:String.obj
 0001:000058b0       _StrnCmp                   000168b0 f   BaseLib:String.obj
 0001:000059c0       _AsciiStrLen               000169c0 f   BaseLib:String.obj
 0001:00005a60       _AsciiStrSize              00016a60 f   BaseLib:String.obj
 0001:00005a80       _AsciiStrnCmp              00016a80 f   BaseLib:String.obj
 0001:00005b90       _LowBitSet32               00016b90 f   BaseLib:LowBitSet32.obj
 0001:00005bd0       _MultU64x32                00016bd0 f   BaseLib:MultU64x32.obj
 0001:00005c00       _CpuDeadLoop               00016c00 f   BaseLib:CpuDeadLoop.obj
 0001:00005c20       _ReadUnaligned16           00016c20 f   BaseLib:Unaligned.obj
 0001:00005c60       _WriteUnaligned16          00016c60 f   BaseLib:Unaligned.obj
 0001:00005ca0       _ReadUnaligned32           00016ca0 f   BaseLib:Unaligned.obj
 0001:00005ce0       _WriteUnaligned32          00016ce0 f   BaseLib:Unaligned.obj
 0001:00005d20       _ReadUnaligned64           00016d20 f   BaseLib:Unaligned.obj
 0001:00005d60       _WriteUnaligned64          00016d60 f   BaseLib:Unaligned.obj
 0001:00005db0       _DivU64x32Remainder        00016db0 f   BaseLib:DivU64x32Remainder.obj
 0001:00005e00       _InternalSafeStringIsOverlap 00016e00 f   BaseLib:SafeString.obj
 0001:00005e40       _InternalSafeStringNoStrOverlap 00016e40 f   BaseLib:SafeString.obj
 0001:00005e80       _InternalSafeStringNoAsciiStrOverlap 00016e80 f   BaseLib:SafeString.obj
 0001:00005ec0       _StrnLenS                  00016ec0 f   BaseLib:SafeString.obj
 0001:00005f40       _StrnSizeS                 00016f40 f   BaseLib:SafeString.obj
 0001:00005f80       _StrCpyS                   00016f80 f   BaseLib:SafeString.obj
 0001:000062c0       _StrCatS                   000172c0 f   BaseLib:SafeString.obj
 0001:000066a0       _AsciiStrnLenS             000176a0 f   BaseLib:SafeString.obj
 0001:000066f0       _AsciiStrnCpyS             000176f0 f   BaseLib:SafeString.obj
 0001:00006a80       _AsciiStrToUnicodeStrS     00017a80 f   BaseLib:SafeString.obj
 0001:00006e10       _CpuBreakpoint             00017e10 f   BaseLib:CpuBreakpoint.obj
 0001:00006e20       _LShiftU64                 00017e20 f   BaseLib:LShiftU64.obj
 0001:00006e70       _InternalMathMultU64x32    00017e70 f   BaseLib:MultU64x32.obj
 0001:00006e90       _CpuPause                  00017e90 f   BaseLib:CpuPause.obj
 0001:00006ea0       _InternalMathDivRemU64x32  00017ea0 f   BaseLib:DivU64x32Remainder.obj
 0001:00006ec0       _DivU64x32                 00017ec0 f   BaseLib:DivU64x32.obj
 0001:00006f10       _InternalMathLShiftU64     00017f10 f   BaseLib:LShiftU64.obj
 0001:00006f30       _InternalMathDivU64x32     00017f30 f   BaseLib:DivU64x32.obj
 0001:00006f50       _GetDevicePathSize         00017f50 f   UefiDevicePathLib:UefiDevicePathLib.obj
 0001:00006f70       _DuplicateDevicePath       00017f70 f   UefiDevicePathLib:UefiDevicePathLib.obj
 0001:00006f90       _AppendDevicePath          00017f90 f   UefiDevicePathLib:UefiDevicePathLib.obj
 0001:00006fb0       _AppendDevicePathNode      00017fb0 f   UefiDevicePathLib:UefiDevicePathLib.obj
 0001:00006fd0       _AppendDevicePathInstance  00017fd0 f   UefiDevicePathLib:UefiDevicePathLib.obj
 0001:00006ff0       _GetNextDevicePathInstance 00017ff0 f   UefiDevicePathLib:UefiDevicePathLib.obj
 0001:00007010       _ConvertDevicePathToText   00018010 f   UefiDevicePathLib:UefiDevicePathLib.obj
 0001:00007030       _IsDevicePathValid         00018030 f   UefiDevicePathLib:DevicePathUtilities.obj
 0001:00007160       _DevicePathType            00018160 f   UefiDevicePathLib:DevicePathUtilities.obj
 0001:000071a0       _DevicePathSubType         000181a0 f   UefiDevicePathLib:DevicePathUtilities.obj
 0001:000071e0       _DevicePathNodeLength      000181e0 f   UefiDevicePathLib:DevicePathUtilities.obj
 0001:00007230       _NextDevicePathNode        00018230 f   UefiDevicePathLib:DevicePathUtilities.obj
 0001:00007280       _IsDevicePathEndType       00018280 f   UefiDevicePathLib:DevicePathUtilities.obj
 0001:000072e0       _IsDevicePathEnd           000182e0 f   UefiDevicePathLib:DevicePathUtilities.obj
 0001:00007350       _SetDevicePathNodeLength   00018350 f   UefiDevicePathLib:DevicePathUtilities.obj
 0001:000073e0       _SetDevicePathEndNode      000183e0 f   UefiDevicePathLib:DevicePathUtilities.obj
 0001:00007430       _UefiDevicePathLibGetDevicePathSize 00018430 f   UefiDevicePathLib:DevicePathUtilities.obj
 0001:000074a0       _UefiDevicePathLibDuplicateDevicePath 000184a0 f   UefiDevicePathLib:DevicePathUtilities.obj
 0001:000074e0       _UefiDevicePathLibAppendDevicePath 000184e0 f   UefiDevicePathLib:DevicePathUtilities.obj
 0001:000075e0       _UefiDevicePathLibAppendDevicePathNode 000185e0 f   UefiDevicePathLib:DevicePathUtilities.obj
 0001:000076a0       _UefiDevicePathLibAppendDevicePathInstance 000186a0 f   UefiDevicePathLib:DevicePathUtilities.obj
 0001:000077a0       _UefiDevicePathLibGetNextDevicePathInstance 000187a0 f   UefiDevicePathLib:DevicePathUtilities.obj
 0001:000078b0       _FileDevicePath            000188b0 f   UefiDevicePathLib:DevicePathUtilities.obj
 0001:00007980       _UefiDevicePathLibCatPrint 00018980 f   UefiDevicePathLib:DevicePathToText.obj
 0001:00007a80       _DevPathToTextPci          00018a80 f   UefiDevicePathLib:DevicePathToText.obj
 0001:00007ab0       _DevPathToTextPccard       00018ab0 f   UefiDevicePathLib:DevicePathToText.obj
 0001:00007ae0       _DevPathToTextMemMap       00018ae0 f   UefiDevicePathLib:DevicePathToText.obj
 0001:00007b20       _DevPathToTextVendor       00018b20 f   UefiDevicePathLib:DevicePathToText.obj
 0001:00007f40       _DevPathToTextController   00018f40 f   UefiDevicePathLib:DevicePathToText.obj
 0001:00007f70       _DevPathToTextBmc          00018f70 f   UefiDevicePathLib:DevicePathToText.obj
 0001:00007fb0       _DevPathToTextAcpi         00018fb0 f   UefiDevicePathLib:DevicePathToText.obj
 0001:00008120       _DevPathToTextAcpiEx       00019120 f   UefiDevicePathLib:DevicePathToText.obj
 0001:00008550       _DevPathToTextAcpiAdr      00019550 f   UefiDevicePathLib:DevicePathToText.obj
 0001:000085f0       _DevPathToTextAtapi        000195f0 f   UefiDevicePathLib:DevicePathToText.obj
 0001:00008680       _DevPathToTextScsi         00019680 f   UefiDevicePathLib:DevicePathToText.obj
 0001:000086b0       _DevPathToTextFibre        000196b0 f   UefiDevicePathLib:DevicePathToText.obj
 0001:000086f0       _DevPathToTextFibreEx      000196f0 f   UefiDevicePathLib:DevicePathToText.obj
 0001:000087a0       _DevPathToTextSasEx        000197a0 f   UefiDevicePathLib:DevicePathToText.obj
 0001:000089a0       _DevPathToTextNVMe         000199a0 f   UefiDevicePathLib:DevicePathToText.obj
 0001:00008a50       _DevPathToTextUfs          00019a50 f   UefiDevicePathLib:DevicePathToText.obj
 0001:00008a80       _DevPathToTextSd           00019a80 f   UefiDevicePathLib:DevicePathToText.obj
 0001:00008ab0       _DevPathToTextEmmc         00019ab0 f   UefiDevicePathLib:DevicePathToText.obj
 0001:00008ae0       _DevPathToText1394         00019ae0 f   UefiDevicePathLib:DevicePathToText.obj
 0001:00008b10       _DevPathToTextUsb          00019b10 f   UefiDevicePathLib:DevicePathToText.obj
 0001:00008b40       _DevPathToTextUsbWWID      00019b40 f   UefiDevicePathLib:DevicePathToText.obj
 0001:00008c10       _DevPathToTextLogicalUnit  00019c10 f   UefiDevicePathLib:DevicePathToText.obj
 0001:00008c40       _DevPathToTextUsbClass     00019c40 f   UefiDevicePathLib:DevicePathToText.obj
 0001:00008fd0       _DevPathToTextSata         00019fd0 f   UefiDevicePathLib:DevicePathToText.obj
 0001:00009010       _DevPathToTextI2O          0001a010 f   UefiDevicePathLib:DevicePathToText.obj
 0001:00009040       _DevPathToTextMacAddr      0001a040 f   UefiDevicePathLib:DevicePathToText.obj
 0001:000090e0       _CatNetworkProtocol        0001a0e0 f   UefiDevicePathLib:DevicePathToText.obj
 0001:00009140       _CatIPv4Address            0001a140 f   UefiDevicePathLib:DevicePathToText.obj
 0001:000091a0       _CatIPv6Address            0001a1a0 f   UefiDevicePathLib:DevicePathToText.obj
 0001:000092c0       _DevPathToTextIPv4         0001a2c0 f   UefiDevicePathLib:DevicePathToText.obj
 0001:000093f0       _DevPathToTextIPv6         0001a3f0 f   UefiDevicePathLib:DevicePathToText.obj
 0001:00009520       _DevPathToTextInfiniBand   0001a520 f   UefiDevicePathLib:DevicePathToText.obj
 0001:00009570       _DevPathToTextUart         0001a570 f   UefiDevicePathLib:DevicePathToText.obj
 0001:00009700       _DevPathToTextiSCSI        0001a700 f   UefiDevicePathLib:DevicePathToText.obj
 0001:00009860       _DevPathToTextVlan         0001a860 f   UefiDevicePathLib:DevicePathToText.obj
 0001:00009890       _DevPathToTextBluetooth    0001a890 f   UefiDevicePathLib:DevicePathToText.obj
 0001:00009920       _DevPathToTextWiFi         0001a920 f   UefiDevicePathLib:DevicePathToText.obj
 0001:00009970       _DevPathToTextBluetoothLE  0001a970 f   UefiDevicePathLib:DevicePathToText.obj
 0001:00009a00       _DevPathToTextDns          0001aa00 f   UefiDevicePathLib:DevicePathToText.obj
 0001:00009ac0       _DevPathToTextUri          0001aac0 f   UefiDevicePathLib:DevicePathToText.obj
 0001:00009b70       _DevPathToTextHardDrive    0001ab70 f   UefiDevicePathLib:DevicePathToText.obj
 0001:00009c40       _DevPathToTextCDROM        0001ac40 f   UefiDevicePathLib:DevicePathToText.obj
 0001:00009ca0       _DevPathToTextFilePath     0001aca0 f   UefiDevicePathLib:DevicePathToText.obj
 0001:00009cd0       _DevPathToTextMediaProtocol 0001acd0 f   UefiDevicePathLib:DevicePathToText.obj
 0001:00009d00       _DevPathToTextFv           0001ad00 f   UefiDevicePathLib:DevicePathToText.obj
 0001:00009d30       _DevPathToTextFvFile       0001ad30 f   UefiDevicePathLib:DevicePathToText.obj
 0001:00009d60       _DevPathRelativeOffsetRange 0001ad60 f   UefiDevicePathLib:DevicePathToText.obj
 0001:00009da0       _DevPathToTextRamDisk      0001ada0 f   UefiDevicePathLib:DevicePathToText.obj
 0001:0000a0c0       _DevPathToTextBBS          0001b0c0 f   UefiDevicePathLib:DevicePathToText.obj
 0001:0000a1c0       _DevPathToTextEndInstance  0001b1c0 f   UefiDevicePathLib:DevicePathToText.obj
 0001:0000a1e0       _DevPathToTextNodeGeneric  0001b1e0 f   UefiDevicePathLib:DevicePathToText.obj
 0001:0000a310       _UefiDevicePathLibConvertDevicePathToText 0001b310 f   UefiDevicePathLib:DevicePathToText.obj
 0001:0000a460       _DevicePathFromHandle      0001b460 f   UefiDevicePathLib:DevicePathUtilitiesDxeSmm.obj
 0001:0000a4a0       _UefiBootServicesTableLibConstructor 0001b4a0 f   UefiBootServicesTableLib:UefiBootServicesTableLib.obj
 0001:0000a550       _UefiRuntimeServicesTableLibConstructor 0001b550 f   UefiRuntimeServicesTableLib:UefiRuntimeServicesTableLib.obj
 0001:0000a590       _EfiGetSystemConfigurationTable 0001b590 f   UefiLib:UefiLib.obj
 0001:0000a660       _EfiCreateProtocolNotifyEvent 0001b660 f   UefiLib:UefiLib.obj
 0001:0000a820       _EfiEventGroupSignal       0001b820 f   UefiLib:UefiLib.obj
 0001:0000a8a0       _EfiGetCurrentTpl          0001b8a0 f   UefiLib:UefiLib.obj
 0001:0000a8d0       _EfiAcquireLock            0001b8d0 f   UefiLib:UefiLib.obj
 0001:0000a960       _EfiReleaseLock            0001b960 f   UefiLib:UefiLib.obj
 0001:0000a9f0       _GetVariable2              0001b9f0 f   UefiLib:UefiLib.obj
 0001:0000ab30       _GetEfiGlobalVariable2     0001bb30 f   UefiLib:UefiLib.obj
 0001:0000ab50       _GetBestLanguage           0001bb50 f   UefiLib:UefiLib.obj
 0001:0000ad40       _InternalPrint             0001bd40 f   UefiLib:UefiLibPrint.obj
 0001:0000ae70       _Print                     0001be70 f   UefiLib:UefiLibPrint.obj
 0001:0000aeb0       _InternalPrintGraphic      0001beb0 f   UefiLib:UefiLibPrint.obj
 0001:0000b3f0       _PrintXY                   0001c3f0 f   UefiLib:UefiLibPrint.obj
 0001:0000b500       _UefiHiiServicesLibConstructor 0001c500 f   UefiHiiServicesLib:UefiHiiServicesLib.obj
 0001:0000b6e0       _DxeServicesTableLibConstructor 0001c6e0 f   DxeServicesTableLib:DxeServicesTableLib.obj
 0001:0000b7a0       _PerformanceMeasurementEnabled 0001c7a0 f   BasePerformanceLibNull:PerformanceLib.obj
 0001:0000b7d0       _LogPerformanceMeasurementEnabled 0001c7d0 f   BasePerformanceLibNull:PerformanceLib.obj
 0001:0000b800       _GetHobList                0001c800 f   DxeHobLib:HobLib.obj
 0001:0000b8d0       _HobLibConstructor         0001c8d0 f   DxeHobLib:HobLib.obj
 0001:0000b8e0       _GetNextHob                0001c8e0 f   DxeHobLib:HobLib.obj
 0001:0000b950       _GetNextGuidHob            0001c950 f   DxeHobLib:HobLib.obj
 0001:0000b9b0       _GetFirstGuidHob           0001c9b0 f   DxeHobLib:HobLib.obj
 0001:0000b9d0       _GetBootModeHob            0001c9d0 f   DxeHobLib:HobLib.obj
 0001:0000ba60       _CreateBasicVariablePolicy 0001ca60 f   VariablePolicyHelperLib:VariablePolicyHelperLib.obj
 0001:0000bbb0       _RegisterBasicVariablePolicy 0001cbb0 f   VariablePolicyHelperLib:VariablePolicyHelperLib.obj
 0001:0000bc30       _BmForEachVariable         0001cc30 f   UefiBootManagerLib:BmLoadOption.obj
 0001:0000bdb0       _BmGetFreeOptionNumber     0001cdb0 f   UefiBootManagerLib:BmLoadOption.obj
 0001:0000bf90       _EfiBootManagerLoadOptionToVariable 0001cf90 f   UefiBootManagerLib:BmLoadOption.obj
 0001:0000c240       _BmAddOptionNumberToOrderVariable 0001d240 f   UefiBootManagerLib:BmLoadOption.obj
 0001:0000c3e0       _EfiBootManagerAddLoadOptionVariable 0001d3e0 f   UefiBootManagerLib:BmLoadOption.obj
 0001:0000c4c0       _EfiBootManagerSortLoadOptionVariable 0001d4c0 f   UefiBootManagerLib:BmLoadOption.obj
 0001:0000c620       _EfiBootManagerInitializeLoadOption 0001d620 f   UefiBootManagerLib:BmLoadOption.obj
 0001:0000c700       _EfiBootManagerFindLoadOption 0001d700 f   UefiBootManagerLib:BmLoadOption.obj
 0001:0000c7f0       _EfiBootManagerDeleteLoadOptionVariable 0001d7f0 f   UefiBootManagerLib:BmLoadOption.obj
 0001:0000c960       _BmGetDevicePathSizeEx     0001d960 f   UefiBootManagerLib:BmLoadOption.obj
 0001:0000c9f0       _BmStrSizeEx               0001d9f0 f   UefiBootManagerLib:BmLoadOption.obj
 0001:0000cab0       _BmValidateOption          0001dab0 f   UefiBootManagerLib:BmLoadOption.obj
 0001:0000cb60       _EfiBootManagerIsValidLoadOptionVariableName 0001db60 f   UefiBootManagerLib:BmLoadOption.obj
 0001:0000cc80       _EfiBootManagerVariableToLoadOptionEx 0001dc80 f   UefiBootManagerLib:BmLoadOption.obj
 0001:0000ce60       _EfiBootManagerVariableToLoadOption 0001de60 f   UefiBootManagerLib:BmLoadOption.obj
 0001:0000ce80       _BmCollectLoadOptions      0001de80 f   UefiBootManagerLib:BmLoadOption.obj
 0001:0000cff0       _EfiBootManagerGetLoadOptions 0001dff0 f   UefiBootManagerLib:BmLoadOption.obj
 0001:0000d250       _EfiBootManagerFreeLoadOption 0001e250 f   UefiBootManagerLib:BmLoadOption.obj
 0001:0000d2b0       _EfiBootManagerFreeLoadOptions 0001e2b0 f   UefiBootManagerLib:BmLoadOption.obj
 0001:0000d300       _BmIsLoadOptionPeHeaderValid 0001e300 f   UefiBootManagerLib:BmLoadOption.obj
 0001:0000d410       _BmGetNextLoadOptionBuffer 0001e410 f   UefiBootManagerLib:BmLoadOption.obj
 0001:0000d5d0       _EfiBootManagerProcessLoadOption 0001e5d0 f   UefiBootManagerLib:BmLoadOption.obj
 0001:0000d8b0       _BmSizeOfKeyOption         0001e8b0 f   UefiBootManagerLib:BmHotkey.obj
 0001:0000d8d0       _BmIsKeyOptionValid        0001e8d0 f   UefiBootManagerLib:BmHotkey.obj
 0001:0000d980       _BmIsKeyOptionVariable     0001e980 f   UefiBootManagerLib:BmHotkey.obj
 0001:0000da30       _BmCollectKeyOptions       0001ea30 f   UefiBootManagerLib:BmHotkey.obj
 0001:0000dbc0       _BmGetKeyOptions           0001ebc0 f   UefiBootManagerLib:BmHotkey.obj
 0001:0000dc00       _BmBitSet                  0001ec00 f   UefiBootManagerLib:BmHotkey.obj
 0001:0000dc20       _BmInitializeKeyFields     0001ec20 f   UefiBootManagerLib:BmHotkey.obj
 0001:0000ddc0       _EfiBootManagerHotkeyBoot  0001edc0 f   UefiBootManagerLib:BmHotkey.obj
 0001:0000de00       _BmHotkeyCallback          0001ee00 f   UefiBootManagerLib:BmHotkey.obj
 0001:0000e150       _BmGetActiveConsoleIn      0001f150 f   UefiBootManagerLib:BmHotkey.obj
 0001:0000e200       _BmUnregisterHotkeyNotify  0001f200 f   UefiBootManagerLib:BmHotkey.obj
 0001:0000e3a0       _BmRegisterHotkeyNotify    0001f3a0 f   UefiBootManagerLib:BmHotkey.obj
 0001:0000e470       _BmGenerateKeyShiftState   0001f470 f   UefiBootManagerLib:BmHotkey.obj
 0001:0000e6d0       _BmProcessKeyOption        0001f6d0 f   UefiBootManagerLib:BmHotkey.obj
 0001:0000e950       _BmTxtInExCallback         0001f950 f   UefiBootManagerLib:BmHotkey.obj
 0001:0000eae0       _BmFreeKeyOptions          0001fae0 f   UefiBootManagerLib:BmHotkey.obj
 0001:0000eb10       _EfiBootManagerRegisterContinueKeyOption 0001fb10 f   UefiBootManagerLib:BmHotkey.obj
 0001:0000ebd0       _BmStopHotkeyService       0001fbd0 f   UefiBootManagerLib:BmHotkey.obj
 0001:0000ece0       _EfiBootManagerStartHotkeyService 0001fce0 f   UefiBootManagerLib:BmHotkey.obj
 0001:0000ef40       _EfiBootManagerAddKeyOptionVariable 0001ff40 f   UefiBootManagerLib:BmHotkey.obj
 0001:0000f1b0       _BmEndOfBdsPerfCode        000201b0 f   UefiBootManagerLib:BmBoot.obj
 0001:0000f1f0       _BmIsAutoCreateBootOption  000201f0 f   UefiBootManagerLib:BmBoot.obj
 0001:0000f230       _BmFindBootOptionInVariable 00020230 f   UefiBootManagerLib:BmBoot.obj
 0001:0000f3b0       _BmAdjustFvFilePath        000203b0 f   UefiBootManagerLib:BmBoot.obj
 0001:0000f550       _BmIsFvFilePath            00020550 f   UefiBootManagerLib:BmBoot.obj
 0001:0000f600       _BmMatchUsbClass           00020600 f   UefiBootManagerLib:BmBoot.obj
 0001:0000f760       _BmMatchUsbWwid            00020760 f   UefiBootManagerLib:BmBoot.obj
 0001:0000f970       _BmFindUsbDevice           00020970 f   UefiBootManagerLib:BmBoot.obj
 0001:0000faf0       _BmExpandUsbDevicePath     00020af0 f   UefiBootManagerLib:BmBoot.obj
 0001:0000fc20       _BmExpandFileDevicePath    00020c20 f   UefiBootManagerLib:BmBoot.obj
 0001:0000fdd0       _BmExpandUriDevicePath     00020dd0 f   UefiBootManagerLib:BmBoot.obj
 0001:0000ff10       _BmCachePartitionDevicePath 00020f10 f   UefiBootManagerLib:BmBoot.obj
 0001:00010030       _BmExpandPartitionDevicePath 00021030 f   UefiBootManagerLib:BmBoot.obj
 0001:00010380       _BmExpandMediaDevicePath   00021380 f   UefiBootManagerLib:BmBoot.obj
 0001:000106f0       _BmMatchHttpBootDevicePath 000216f0 f   UefiBootManagerLib:BmBoot.obj
 0001:000108a0       _BmExpandNetworkFileSystem 000218a0 f   UefiBootManagerLib:BmBoot.obj
 0001:000109d0       _BmGetRamDiskDevicePath    000219d0 f   UefiBootManagerLib:BmBoot.obj
 0001:00010aa0       _BmGetRamDiskMemoryInfo    00021aa0 f   UefiBootManagerLib:BmBoot.obj
 0001:00010c30       _BmDestroyRamDisk          00021c30 f   UefiBootManagerLib:BmBoot.obj
 0001:00010db0       _BmExpandLoadFile          00021db0 f   UefiBootManagerLib:BmBoot.obj
 0001:00011070       _BmExpandLoadFiles         00022070 f   UefiBootManagerLib:BmBoot.obj
 0001:00011180       _BmGetNextLoadOptionDevicePath 00022180 f   UefiBootManagerLib:BmBoot.obj
 0001:00011440       _BmIsBootManagerMenuFilePath 00022440 f   UefiBootManagerLib:BmBoot.obj
 0001:000114a0       _BmReportLoadFailure       000224a0 f   UefiBootManagerLib:BmBoot.obj
 0001:000115d0       _EfiBootManagerBoot        000225d0 f   UefiBootManagerLib:BmBoot.obj
 0001:00011f30       _BmMatchPartitionDevicePathNode 00022f30 f   UefiBootManagerLib:BmBoot.obj
 0001:00012000       _BmEnumerateBootOptions    00023000 f   UefiBootManagerLib:BmBoot.obj
 0001:000125d0       _EfiBootManagerRefreshAllBootOption 000235d0 f   UefiBootManagerLib:BmBoot.obj
 0001:00012840       _BmRegisterBootManagerMenu 00023840 f   UefiBootManagerLib:BmBoot.obj
 0001:00012b10       _EfiBootManagerGetBootManagerMenu 00023b10 f   UefiBootManagerLib:BmBoot.obj
 0001:00012c70       _BmConnectAllDriversToAllControllers 00023c70 f   UefiBootManagerLib:BmConnect.obj
 0001:00012d00       _EfiBootManagerConnectAll  00023d00 f   UefiBootManagerLib:BmConnect.obj
 0001:00012d20       _EfiBootManagerConnectDevicePath 00023d20 f   UefiBootManagerLib:BmConnect.obj
 0001:00012e40       _EfiBootManagerDisconnectAll 00023e40 f   UefiBootManagerLib:BmConnect.obj
 0001:00012ec0       _BmConnectUsbShortFormDevicePath 00023ec0 f   UefiBootManagerLib:BmConnect.obj
 0001:00013050       _BmUpdateSystemTableConsole 00024050 f   UefiBootManagerLib:BmConsole.obj
 0001:000132b0       _EfiBootManagerUpdateConsoleVariable 000242b0 f   UefiBootManagerLib:BmConsole.obj
 0001:00013410       _EfiBootManagerConnectConsoleVariable 00024410 f   UefiBootManagerLib:BmConsole.obj
 0001:000136b0       _EfiBootManagerConnectAllDefaultConsoles 000246b0 f   UefiBootManagerLib:BmConsole.obj
 0001:00013880       _BmDelPartMatchInstance    00024880 f   UefiBootManagerLib:BmMisc.obj
 0001:00013970       _BmMatchDevicePaths        00024970 f   UefiBootManagerLib:BmMisc.obj
 0001:00013a00       _BmSetMemoryTypeInformationVariable 00024a00 f   UefiBootManagerLib:BmMisc.obj
 0001:00013dd0       _BmPrintDp                 00024dd0 f   UefiBootManagerLib:BmMisc.obj
 0001:00013e40       _BmCharToUint              00024e40 f   UefiBootManagerLib:BmMisc.obj
 0001:00013e80       _BmDevicePathType          00024e80 f   UefiBootManagerLib:BmBootDescription.obj
 0001:00014030       _BmEliminateExtraSpaces    00025030 f   UefiBootManagerLib:BmBootDescription.obj
 0001:000140c0       _BmGetDescriptionFromDiskInfo 000250c0 f   UefiBootManagerLib:BmBootDescription.obj
 0001:00014510       _BmGetUsbDescription       00025510 f   UefiBootManagerLib:BmBootDescription.obj
 0001:00014740       _BmGetNetworkDescription   00025740 f   UefiBootManagerLib:BmBootDescription.obj
 0001:00014ad0       _BmGetLoadFileDescription  00025ad0 f   UefiBootManagerLib:BmBootDescription.obj
 0001:00014ba0       _BmGetNvmeDescription      00025ba0 f   UefiBootManagerLib:BmBootDescription.obj
 0001:00014e40       _BmGetMiscDescription      00025e40 f   UefiBootManagerLib:BmBootDescription.obj
 0001:00015010       _BmGetBootDescription      00026010 f   UefiBootManagerLib:BmBootDescription.obj
 0001:000151f0       _BmMakeBootOptionDescriptionUnique 000261f0 f   UefiBootManagerLib:BmBootDescription.obj
 0001:000153b0       _BmGetControllerName       000263b0 f   UefiBootManagerLib:BmDriverHealth.obj
 0001:00015520       _BmDisplayMessages         00026520 f   UefiBootManagerLib:BmDriverHealth.obj
 0001:00015680       _BmRepairNotify            00026680 f   UefiBootManagerLib:BmDriverHealth.obj
 0001:000156e0       _BmGetSingleControllerHealthStatus 000266e0 f   UefiBootManagerLib:BmDriverHealth.obj
 0001:000159a0       _EfiBootManagerGetDriverHealthInfo 000269a0 f   UefiBootManagerLib:BmDriverHealth.obj
 0001:00015c70       _EfiBootManagerFreeDriverHealthInfo 00026c70 f   UefiBootManagerLib:BmDriverHealth.obj
 0001:00015cd0       _BmRepairAllControllers    00026cd0 f   UefiBootManagerLib:BmDriverHealth.obj
 0001:000161d0       _SetupVariableInit         000271d0 f   PlatformBmLib:PlatformBm.obj
 0001:000162a0       _FvFilePath                000272a0 f   PlatformBmLib:PlatformBm.obj
 0001:00016360       _RegisterBootManagerMenuAppBootOption 00027360 f   PlatformBmLib:PlatformBm.obj
 0001:000164c0       _IsBootManagerMenuAppFilePath 000274c0 f   PlatformBmLib:PlatformBm.obj
 0001:00016520       _GetBootManagerMenuAppOption 00027520 f   PlatformBmLib:PlatformBm.obj
 0001:000165c0       _PlatformBootManagerBeforeConsole 000275c0 f   PlatformBmLib:PlatformBm.obj
 0001:00016680       _PlatformBdsConnectSequence 00027680 f   PlatformBmLib:PlatformBm.obj
 0001:00016690       _PlatformBdsDiagnostics    00027690 f   PlatformBmLib:PlatformBm.obj
 0001:000166d0       _PlatformBdsRegisterStaticBootOptions 000276d0 f   PlatformBmLib:PlatformBm.obj
 0001:000167d0       _BootOptionPriority        000277d0 f   PlatformBmLib:PlatformBm.obj
 0001:00016800       _CompareBootOption         00027800 f   PlatformBmLib:PlatformBm.obj
 0001:00016830       _PlatformBootManagerAfterConsole 00027830 f   PlatformBmLib:PlatformBm.obj
 0001:000168a0       _PlatformBootManagerWaitCallback 000278a0 f   PlatformBmLib:PlatformBm.obj
 0001:00016900       _PlatformBootManagerMemoryTest 00027900 f   PlatformBmLib:PlatformBmMemoryTest.obj
 0001:00016b40       _GetDebugPrintErrorLevel   00027b40 f   BaseDebugPrintErrorLevelLib:BaseDebugPrintErrorLevelLib.obj
 0001:00016b50       _ZeroMem                   00027b50 f   BaseMemoryLib:ZeroMemWrapper.obj
 0001:00016bd0       _CompareMem                00027bd0 f   BaseMemoryLib:CompareMemWrapper.obj
 0001:00016cc0       _InternalBaseLibIsListValid 00027cc0 f   BaseLib:LinkedList.obj
 0001:00016db0       _IsNodeInList              00027db0 f   BaseLib:LinkedList.obj
 0001:00016e80       _InsertTailList            00027e80 f   BaseLib:LinkedList.obj
 0001:00016f40       _GetFirstNode              00027f40 f   BaseLib:LinkedList.obj
 0001:00016fa0       _GetNextNode               00027fa0 f   BaseLib:LinkedList.obj
 0001:00017040       _IsListEmpty               00028040 f   BaseLib:LinkedList.obj
 0001:000170a0       _IsNull                    000280a0 f   BaseLib:LinkedList.obj
 0001:00017150       _RemoveEntryList           00028150 f   BaseLib:LinkedList.obj
 0001:000171b0       _EfiCreateEventLegacyBootEx 000281b0 f   UefiLib:UefiNotTiano.obj
 0001:000172b0       _EfiCreateEventReadyToBoot 000282b0 f   UefiLib:UefiNotTiano.obj
 0001:000172d0       _EfiCreateEventReadyToBootEx 000282d0 f   UefiLib:UefiNotTiano.obj
 0001:000173d0       _EfiSignalEventReadyToBoot 000283d0 f   UefiLib:UefiNotTiano.obj
 0001:00017470       _EfiGetNameGuidFromFwVolDevicePathNode 00028470 f   UefiLib:UefiNotTiano.obj
 0001:000174e0       _EfiInitializeFwVolDevicepathNode 000284e0 f   UefiLib:UefiNotTiano.obj
 0001:00017570       _PerformQuickSort          00028570 f   BaseSortLib:BaseSortLib.obj
 0001:00017630       _InternalImageHandleToFvHandle 00028630 f   DxeServicesLib:DxeServicesLib.obj
 0001:000176f0       _InternalGetSectionFromFv  000286f0 f   DxeServicesLib:DxeServicesLib.obj
 0001:00017840       _GetSectionFromAnyFv       00028840 f   DxeServicesLib:DxeServicesLib.obj
 0001:00017940       _GetFileBufferByFilePath   00028940 f   DxeServicesLib:DxeServicesLib.obj
 0001:00017f20       _GetFileDevicePathFromAnyFv 00028f20 f   DxeServicesLib:DxeServicesLib.obj
 0001:00018110       _HiiGetString              00029110 f   UefiHiiLib:HiiString.obj
 0001:00018130       _HiiGetStringEx            00029130 f   UefiHiiLib:HiiString.obj
 0001:00018360       _InternalHiiExtractGuidFromHiiHandle 00029360 f   UefiHiiLib:HiiLib.obj
 0001:000184c0       _HiiGetHiiHandles          000294c0 f   UefiHiiLib:HiiLib.obj
 0001:00018680       _HiiGetSupportedLanguages  00029680 f   UefiHiiLib:HiiLanguage.obj
 0001:00018740       _BootLogoEnableLogo        00029740 f   BootLogoLib:BootLogoLib.obj
 0001:00018e20       _BootLogoDisableLogo       00029e20 f   BootLogoLib:BootLogoLib.obj
 0001:00018e50       _BootLogoUpdateProgress    00029e50 f   BootLogoLib:BootLogoLib.obj
 0001:00019140       _QuickSort                 0002a140 f   BaseLib:QuickSort.obj
 0002:00000000       ??_C@_0CB@DMEJJJHA@?6ASSERT_EFI_ERROR?5?$CIStatus?5?$DN?5?$CFr?$CJ?6@ 0002b000     UefiDriverEntryPoint:DriverEntryPoint.obj
 0002:00000024       ??_C@_0CH@BBNBJKHK@?$CB?$CI?$CI?$CIINTN?$CJ?$CIRETURN_STATUS?$CJ?$CIStatus?$CJ@ 0002b024     UefiDriverEntryPoint:DriverEntryPoint.obj
 0002:00000050       ??_C@_0GP@GHNHPFLI@c?3?2users?2mliang2x?2workspace?2ming@ 0002b050     UefiDriverEntryPoint:DriverEntryPoint.obj
 0002:000000c0       ??_C@_06MKAOPKOC@BdsDxe?$AA@ 0002b0c0     BdsDxe:AutoGen.obj
 0002:000000c8       ??_C@_0JF@IHNHIBIJ@c?3?2users?2mliang2x?2workspace?2ming@ 0002b0c8     BdsDxe:AutoGen.obj
 0002:00000160       __gPcd_FixedAtBuild_PcdDriverHealthConfigureForm 0002b160     BdsDxe:AutoGen.obj
 0002:00000170       __gPcd_FixedAtBuild_PcdErrorCodeSetVariable 0002b170     BdsDxe:AutoGen.obj
 0002:00000174       __gPcd_FixedAtBuild_PcdReportStatusCodePropertyMask 0002b174     BdsDxe:AutoGen.obj
 0002:00000178       __gPcd_FixedAtBuild_PcdUefiVariableDefaultPlatformLang 0002b178     BdsDxe:AutoGen.obj
 0002:00000180       __gPcd_FixedAtBuild_PcdFirmwareRevision 0002b180     BdsDxe:AutoGen.obj
 0002:00000184       __gPcd_FixedAtBuild_PcdFirmwareVendor 0002b184     BdsDxe:AutoGen.obj
 0002:00000194       __gPcd_FixedAtBuild_PcdUefiVariableDefaultLangCodes 0002b194     BdsDxe:AutoGen.obj
 0002:000001a4       __gPcd_FixedAtBuild_PcdMaximumDevicePathNodeCount 0002b1a4     BdsDxe:AutoGen.obj
 0002:000001a4       __gPcd_FixedAtBuild_PcdMaxRepairCount 0002b1a4     BdsDxe:AutoGen.obj
 0002:000001a4       __gUefiDriverRevision      0002b1a4     BdsDxe:AutoGen.obj
 0002:000001a8       __gPcd_FixedAtBuild_PcdDebugPrintErrorLevel 0002b1a8     BdsDxe:AutoGen.obj
 0002:000001ac       __gPcd_FixedAtBuild_PcdUefiLibMaxPrintBufferSize 0002b1ac     BdsDxe:AutoGen.obj
 0002:000001b0       __gPcd_FixedAtBuild_PcdFixedDebugPrintErrorLevel 0002b1b0     BdsDxe:AutoGen.obj
 0002:000001b4       __gPcd_FixedAtBuild_PcdResetOnMemoryTypeInformationChange 0002b1b4     BdsDxe:AutoGen.obj
 0002:000001b4       __gPcd_FixedAtBuild_PcdVerifyNodeInList 0002b1b4     BdsDxe:AutoGen.obj
 0002:000001b4       __gPcd_FixedAtBuild_PcdPerformanceLibraryPropertyMask 0002b1b4     BdsDxe:AutoGen.obj
 0002:000001b4       __gPcd_FixedAtBuild_PcdCapsuleOnDiskSupport 0002b1b4     BdsDxe:AutoGen.obj
 0002:000001b4       __gPcd_FixedAtBuild_PcdUefiVariableDefaultLangDeprecate 0002b1b4     BdsDxe:AutoGen.obj
 0002:000001b4       __gPcd_FixedAtBuild_PcdConInConnectOnDemand 0002b1b4     BdsDxe:AutoGen.obj
 0002:000001b4       __gDriverUnloadImageCount  0002b1b4     BdsDxe:AutoGen.obj
 0002:000001b8       __gPcd_FixedAtBuild_PcdBootManagerMenuFile 0002b1b8     BdsDxe:AutoGen.obj
 0002:000001c8       __gPcd_FixedAtBuild_PcdMaximumAsciiStringLength 0002b1c8     BdsDxe:AutoGen.obj
 0002:000001c8       __gPcd_FixedAtBuild_PcdMaximumLinkedListLength 0002b1c8     BdsDxe:AutoGen.obj
 0002:000001c8       __gPcd_FixedAtBuild_PcdMaximumUnicodeStringLength 0002b1c8     BdsDxe:AutoGen.obj
 0002:000001cc       __gPcd_FixedAtBuild_PcdDebugPropertyMask 0002b1cc     BdsDxe:AutoGen.obj
 0002:000001cd       __gPcd_FixedAtBuild_PcdPlatformRecoverySupport 0002b1cd     BdsDxe:AutoGen.obj
 0002:000001cd       __gPcd_FixedAtBuild_PcdUgaConsumeSupport 0002b1cd     BdsDxe:AutoGen.obj
 0002:000001d0       __gPcd_FixedAtBuild_PcdUefiVariableDefaultPlatformLangCodes 0002b1d0     BdsDxe:AutoGen.obj
 0002:000001e4       __gPcd_FixedAtBuild_PcdProgressCodeOsLoaderLoad 0002b1e4     BdsDxe:AutoGen.obj
 0002:000001e8       __gPcd_FixedAtBuild_PcdProgressCodeOsLoaderStart 0002b1e8     BdsDxe:AutoGen.obj
 0002:000001ec       __gPcd_FixedAtBuild_PcdUefiVariableDefaultLang 0002b1ec     BdsDxe:AutoGen.obj
 0002:000001f0       __gPcd_FixedAtBuild_PcdHardwareErrorRecordLevel 0002b1f0     BdsDxe:AutoGen.obj
 0002:000001f4       ??_C@_1CE@GLBFGNOF@?$AAP?$AAl?$AAa?$AAt?$AAf?$AAo?$AAr?$AAm?$AAL?$AAa?$AAn?$AAg?$AAC?$AAo?$AAd?$AAe?$AAs?$AA?$AA@ 0002b1f4     BdsDxe:BdsEntry.obj
 0002:00000218       ??_C@_1BE@PMKNNMNM@?$AAL?$AAa?$AAn?$AAg?$AAC?$AAo?$AAd?$AAe?$AAs?$AA?$AA@ 0002b218     BdsDxe:BdsEntry.obj
 0002:0000022c       ??_C@_1CE@BKEAGEIL@?$AAB?$AAo?$AAo?$AAt?$AAO?$AAp?$AAt?$AAi?$AAo?$AAn?$AAS?$AAu?$AAp?$AAp?$AAo?$AAr?$AAt?$AA?$AA@ 0002b22c     BdsDxe:BdsEntry.obj
 0002:00000250       ??_C@_1CA@BOALBJHG@?$AAH?$AAw?$AAE?$AAr?$AAr?$AAR?$AAe?$AAc?$AAS?$AAu?$AAp?$AAp?$AAo?$AAr?$AAt?$AA?$AA@ 0002b250     BdsDxe:BdsEntry.obj
 0002:00000270       ??_C@_1CO@MENFEBKM@?$AAO?$AAs?$AAI?$AAn?$AAd?$AAi?$AAc?$AAa?$AAt?$AAi?$AAo?$AAn?$AAs?$AAS?$AAu?$AAp?$AAp?$AAo?$AAr?$AAt?$AAe?$AAd?$AA?$AA@ 0002b270     BdsDxe:BdsEntry.obj
 0002:000002a0       ??_C@_1O@GAOCKAOK@?$AAD?$AAr?$AAi?$AAv?$AAe?$AAr?$AA?$AA@ 0002b2a0     BdsDxe:BdsEntry.obj
 0002:000002b0       ??_C@_1BA@IBFPPJON@?$AAS?$AAy?$AAs?$AAP?$AAr?$AAe?$AAp?$AA?$AA@ 0002b2b0     BdsDxe:BdsEntry.obj
 0002:000002c0       ??_C@_19JCAOHIEH@?$AAB?$AAo?$AAo?$AAt?$AA?$AA@ 0002b2c0     BdsDxe:BdsEntry.obj
 0002:000002cc       ??_C@_1CC@LGMJPJO@?$AAP?$AAl?$AAa?$AAt?$AAf?$AAo?$AAr?$AAm?$AAR?$AAe?$AAc?$AAo?$AAv?$AAe?$AAr?$AAy?$AA?$AA@ 0002b2cc     BdsDxe:BdsEntry.obj
 0002:000002f0       ??_C@_0CE@ILIDFACP@?$FLBds?$FN?5Connect?5ConIn?5failed?5?9?5?$CFr?$CB@ 0002b2f0     BdsDxe:BdsEntry.obj
 0002:00000314       ??_C@_0CO@NDPLJGND@?$FLBds?$FN?5Image?5was?5deferred?5but?5not@ 0002b314     BdsDxe:BdsEntry.obj
 0002:00000348       ??_C@_0GB@EPPFIFCJ@c?3?2users?2mliang2x?2workspace?2ming@ 0002b348     BdsDxe:BdsEntry.obj
 0002:000003ac       ??_C@_0L@LAHJEOP@Index?5?$DN?$DN?50?$AA@ 0002b3ac     BdsDxe:BdsEntry.obj
 0002:000003b8       ??_C@_0CB@KJGCPDFO@?$FLBds?$FNBdsWait?5?4?4?4Zzzzzzzzzzzz?4?4?4?6@ 0002b3b8     BdsDxe:BdsEntry.obj
 0002:000003dc       ??_C@_0BL@NHDNDBGH@?$FLBds?$FNBdsWait?$CI?$CFd?$CJ?4?4Zzzz?4?4?4?6?$AA@ 0002b3dc     BdsDxe:BdsEntry.obj
 0002:000003f8       ??_C@_0BI@EIAIPE@?$FLBds?$FNExit?5the?5waiting?$CB?6?$AA@ 0002b3f8     BdsDxe:BdsEntry.obj
 0002:00000410       ??_C@_0DA@LBMBPMFK@LoadOptionType?5?$DN?$DN?5LoadOptions?$FLIn@ 0002b410     BdsDxe:BdsEntry.obj
 0002:00000440       ??_C@_0CF@KALAFFH@LoadOptionType?5?$CB?$DN?5LoadOptionType@ 0002b440     BdsDxe:BdsEntry.obj
 0002:00000468       ??_C@_1BM@MDLAABPK@?$AAO?$AAs?$AAI?$AAn?$AAd?$AAi?$AAc?$AAa?$AAt?$AAi?$AAo?$AAn?$AAs?$AA?$AA@ 0002b468     BdsDxe:BdsEntry.obj
 0002:00000484       ??_C@_0DN@IBLJEIDN@?$FLBds?$FN?5Unformalized?5OsIndications@ 0002b484     BdsDxe:BdsEntry.obj
 0002:000004c4       ??_C@_1M@NFPEGKHA@?$AAC?$AAo?$AAn?$AAI?$AAn?$AA?$AA@ 0002b4c4     BdsDxe:BdsEntry.obj
 0002:000004d0       ??_C@_1O@MJHLOIFA@?$AAC?$AAo?$AAn?$AAO?$AAu?$AAt?$AA?$AA@ 0002b4d0     BdsDxe:BdsEntry.obj
 0002:000004e0       ??_C@_1O@JOJMCOJC@?$AAE?$AAr?$AAr?$AAO?$AAu?$AAt?$AA?$AA@ 0002b4e0     BdsDxe:BdsEntry.obj
 0002:000004f0       ??_C@_03CFGMCLMB@DXE?$AA@  0002b4f0     BdsDxe:BdsEntry.obj
 0002:000004f4       ??_C@_03JKDJLNO@BDS?$AA@   0002b4f4     BdsDxe:BdsEntry.obj
 0002:000004f8       ??_C@_0BA@DAGOAHGJ@?$FLBds?$FN?5Entry?4?4?4?6?$AA@ 0002b4f8     BdsDxe:BdsEntry.obj
 0002:00000508       ??_C@_0CE@JBGCGPKP@gST?9?$DOFirmwareVendor?5?$CB?$DN?5?$CI?$CIvoid?5?$CK?$CJ@ 0002b508     BdsDxe:BdsEntry.obj
 0002:0000052c       ??_C@_0CP@JFKGJHME@?$FLBdsDxe?$FN?5Locate?5Variable?5Policy?5@ 0002b52c     BdsDxe:BdsEntry.obj
 0002:0000055c       ??_C@_1BA@BKONPLFM@?$AAT?$AAi?$AAm?$AAe?$AAo?$AAu?$AAt?$AA?$AA@ 0002b55c     BdsDxe:BdsEntry.obj
 0002:0000056c       ??_C@_1BC@HGEHGBBD@?$AAB?$AAo?$AAo?$AAt?$AAN?$AAe?$AAx?$AAt?$AA?$AA@ 0002b56c     BdsDxe:BdsEntry.obj
 0002:00000580       ??_C@_1CO@KKPDPHBM@?$AA?2?$AAE?$AAF?$AAI?$AA?2?$AAB?$AAO?$AAO?$AAT?$AA?2?$AAB?$AAO?$AAO?$AAT?$AAI?$AAA?$AA3?$AA2?$AA?4?$AAE?$AAF?$AAI?$AA?$AA@ 0002b580     BdsDxe:BdsEntry.obj
 0002:000005b0       ??_C@_0EF@NENHEPIM@Fail?5to?5allocate?5memory?5for?5defa@ 0002b5b0     BdsDxe:BdsEntry.obj
 0002:000005f8       ??_C@_1DC@DDAANGAJ@?$AAD?$AAe?$AAf?$AAa?$AAu?$AAl?$AAt?$AA?5?$AAP?$AAl?$AAa?$AAt?$AAf?$AAo?$AAr?$AAm?$AAR?$AAe?$AAc?$AAo?$AAv?$AAe?$AAr?$AAy?$AA?$AA@ 0002b5f8     BdsDxe:BdsEntry.obj
 0002:0000062c       ??_C@_0DE@MLIBCMGL@PlatformDefaultBootOptionValid?5?$DN@ 0002b62c     BdsDxe:BdsEntry.obj
 0002:00000660       ??_C@_0CB@LFAFAAIP@PlatformBootManagerBeforeConsole@ 0002b660     BdsDxe:BdsEntry.obj
 0002:00000684       ??_C@_0CI@GLAEEIOA@EfiBootManagerConnectAllDefaultC@ 0002b684     BdsDxe:BdsEntry.obj
 0002:000006ac       ??_C@_0CA@GOJICNAP@PlatformBootManagerAfterConsole?$AA@ 0002b6ac     BdsDxe:BdsEntry.obj
 0002:000006cc       ??_C@_0CE@DIGOHAEA@?$CK?$CK?$CK?$CK?$CK?$CK?$CK?$CK?$CK?$CK?$CK?$CK?$CK?$CK?$CK?$CK?$CK?$CK?$CK?$CK?$CK?$CK?$CK?$CK?$CK?$CK?$CK?$CK?$CK?$CK?$CK?$CK@ 0002b6cc     BdsDxe:BdsEntry.obj
 0002:000006f0       ??_C@_0CE@LLEPLPOC@?$CK?$CK?5?5WARNING?3?5Test?5Key?5is?5used?4?5?5@ 0002b6f0     BdsDxe:BdsEntry.obj
 0002:00000718       ??_C@_1EI@LNDJNEI@?$AA?$CK?$AA?$CK?$AA?5?$AA?5?$AAW?$AAA?$AAR?$AAN?$AAI?$AAN?$AAG?$AA?3?$AA?5?$AAT?$AAe?$AAs?$AAt?$AA?5?$AAK?$AAe?$AAy?$AA?5?$AAi?$AAs?$AA?5?$AAu?$AAs?$AAe?$AAd?$AA?4?$AA?5?$AA?5@ 0002b718     BdsDxe:BdsEntry.obj
 0002:00000760       ??_C@_0BK@DDINDG@?$FLBds?$FNOsIndication?3?5?$CF016x?6?$AA@ 0002b760     BdsDxe:BdsEntry.obj
 0002:0000077c       ??_C@_0DP@HABAMBOC@?$FLBds?$FN?$DN?$DN?$DN?$DN?$DN?$DN?$DN?$DN?$DN?$DN?$DN?$DN?$DNBegin?5Load?5Opt@ 0002b77c     BdsDxe:BdsEntry.obj
 0002:000007bc       ??_C@_0P@MKILGENC@?5?5?$CFs?5Options?3?6?$AA@ 0002b7bc     BdsDxe:BdsEntry.obj
 0002:000007cc       ??_C@_0BK@FAAGHLLC@?5?5?5?5?$CFs?$CF04x?3?5?$CFs?5?7?7?50x?$CF04x?6?$AA@ 0002b7cc     BdsDxe:BdsEntry.obj
 0002:000007e8       ??_C@_0DJ@IJDHGBDL@?$FLBds?$FN?$DN?$DN?$DN?$DN?$DN?$DN?$DN?$DN?$DN?$DN?$DN?$DN?$DNEnd?5Load?5Optio@ 0002b7e8     BdsDxe:BdsEntry.obj
 0002:00000824       ??_C@_07GNGDNHP@BdsWait?$AA@ 0002b824     BdsDxe:BdsEntry.obj
 0002:00000830       ??_C@_0EP@INLDHADK@Status?5?$DN?$DN?5?$CIRETURN_STATUS?$CJ?$CI0?$CJ?5?$HM?$HM?5@ 0002b830     BdsDxe:BdsEntry.obj
 0002:00000880       ??_C@_1BC@HAMKBGJJ@?$AAB?$AAo?$AAo?$AAt?$AA?$CF?$AA0?$AA4?$AAx?$AA?$AA@ 0002b880     BdsDxe:BdsEntry.obj
 0002:00000894       ??_C@_0BH@PBMLOCJC@?$FLBds?$FN?5Unable?5to?5boot?$CB?6?$AA@ 0002b894     BdsDxe:BdsEntry.obj
 0002:000008b0       ??_C@_0GI@OBCEFEIA@c?3?2users?2mliang2x?2workspace?2ming@ 0002b8b0     BdsDxe:HwErrRecSupport.obj
 0002:00000918       ??_C@_0EI@BDPJBIIK@IsLangInSupportedLangCodes?5?$CISupp@ 0002b918     BdsDxe:Language.obj
 0002:00000960       ??_C@_0GB@JJHLAOKP@c?3?2users?2mliang2x?2workspace?2ming@ 0002b960     BdsDxe:Language.obj
 0002:000009c4       ??_C@_19BALNHBBC@?$AAL?$AAa?$AAn?$AAg?$AA?$AA@ 0002b9c4     BdsDxe:Language.obj
 0002:000009d0       ??_C@_1BK@GGGENMOA@?$AAP?$AAl?$AAa?$AAt?$AAf?$AAo?$AAr?$AAm?$AAL?$AAa?$AAn?$AAg?$AA?$AA@ 0002b9d0     BdsDxe:Language.obj
 0002:000009ec       ??_C@_0CI@BGLNHBLM@?$CI?$CI?$CIUINTN?$CJ?5?$CIStartOfBuffer?$CJ?$CJ?5?$CG?50x0@ 0002b9ec     BasePrintLib:PrintLib.obj
 0002:00000a18       ??_C@_0FP@HCMIGMKH@c?3?2users?2mliang2x?2workspace?2ming@ 0002ba18     BasePrintLib:PrintLib.obj
 0002:00000a78       ??_C@_0CH@KJLBGOBB@?$CI?$CI?$CIUINTN?$CJ?5?$CIFormatString?$CJ?$CJ?5?$CG?50x01@ 0002ba78     BasePrintLib:PrintLib.obj
 0002:00000aa0       ??_C@_0CB@LDBAOPMG@?$CI?$CI?$CIUINTN?$CJ?5?$CIBuffer?$CJ?$CJ?5?$CG?50x01?$CJ?5?$DN?$DN?50@ 0002baa0     BasePrintLib:PrintLib.obj
 0002:00000ac4       ??_C@_0BH@IACGKAP@Buffer?5?$CB?$DN?5?$CI?$CIvoid?5?$CK?$CJ?50?$CJ?$AA@ 0002bac4     BasePrintLib:PrintLibInternal.obj
 0002:00000ae0       ??_C@_0GH@MLMKDJJP@c?3?2users?2mliang2x?2workspace?2ming@ 0002bae0     BasePrintLib:PrintLibInternal.obj
 0002:00000b48       ??_C@_0BJ@CNKJJNE@?$CIBuffer?5?$CB?$DN?5?$CI?$CIvoid?5?$CK?$CJ?50?$CJ?$CJ?$AA@ 0002bb48     BasePrintLib:PrintLibInternal.obj
 0002:00000b68       ??_C@_0EB@HDGIDCIO@?$CIBufferSize?5?$DM?$DN?5?$CI_gPcd_FixedAtBui@ 0002bb68     BasePrintLib:PrintLibInternal.obj
 0002:00000bb0       ??_C@_0FJ@HAEMOBLP@?$CIBufferSize?5?$DM?$DN?5?$CI_gPcd_FixedAtBui@ 0002bbb0     BasePrintLib:PrintLibInternal.obj
 0002:00000c0c       ??_C@_0CO@OJNGHNJG@?$CI?$CIFlags?5?$CG?5?$HO?$CI0x01?5?$HM?50x08?5?$HM?50x20?5?$HM@ 0002bc0c     BasePrintLib:PrintLibInternal.obj
 0002:00000c3c       ??_C@_0DB@HIDPIAGP@?$CI?$CI?$CIFlags?5?$CG?50x08?$CJ?5?$DN?$DN?50?$CJ?5?$HM?$HM?5?$CI?$CIFlag@ 0002bc3c     BasePrintLib:PrintLibInternal.obj
 0002:00000c70       ??_C@_0N@PNKFBKME@?$CIWidth?5?$DM?538?$CJ?$AA@ 0002bc70     BasePrintLib:PrintLibInternal.obj
 0002:00000c80       ??_C@_0CI@HPJOGFNE@?$CIBufferSize?5?$DO?$DN?5?$CIWidth?5?$CL?51?$CJ?5?$CK?5Inc@ 0002bc80     BasePrintLib:PrintLibInternal.obj
 0002:00000ca8       ??_C@_0BJ@PPAKKDJG@?$CIFormat?5?$CB?$DN?5?$CI?$CIvoid?5?$CK?$CJ?50?$CJ?$CJ?$AA@ 0002bca8     BasePrintLib:PrintLibInternal.obj
 0002:00000cc8       ??_C@_0ED@LPDDCECB@?$CIBufferSize?5?$DM?$DN?5?$CI_gPcd_FixedAtBui@ 0002bcc8     BasePrintLib:PrintLibInternal.obj
 0002:00000d10       ??_C@_0IM@BFJJFLGB@?$CIStrnLenS?5?$CI?$CICHAR16?5?$CK?$CJFormat?0?5?$CI_g@ 0002bd10     BasePrintLib:PrintLibInternal.obj
 0002:00000da0       ??_C@_0ID@PLGJGION@?$CIAsciiStrnLenS?5?$CIFormat?0?5?$CI_gPcd_F@ 0002bda0     BasePrintLib:PrintLibInternal.obj
 0002:00000e24       ??_C@_0O@MLOLIMFM@?$DMnull?5string?$DO?$AA@ 0002be24     BasePrintLib:PrintLibInternal.obj
 0002:00000e34       ??_C@_0M@BJJDNPHK@?$DMnull?5guid?$DO?$AA@ 0002be34     BasePrintLib:PrintLibInternal.obj
 0002:00000e40       ??_C@_0DB@PMLHLBMO@?$CF08x?9?$CF04x?9?$CF04x?9?$CF02x?$CF02x?9?$CF02x?$CF02x@ 0002be40     BasePrintLib:PrintLibInternal.obj
 0002:00000e74       ??_C@_0M@LHGBCIKM@?$DMnull?5time?$DO?$AA@ 0002be74     BasePrintLib:PrintLibInternal.obj
 0002:00000e80       ??_C@_0BK@FCPKCIDD@?$CF02d?1?$CF02d?1?$CF04d?5?5?$CF02d?3?$CF02d?$AA@ 0002be80     BasePrintLib:PrintLibInternal.obj
 0002:00000e9c       ??_C@_04JIMNDDED@?$CF08X?$AA@ 0002be9c     BasePrintLib:PrintLibInternal.obj
 0002:00000ea4       ??_C@_02PCIJFNDE@?$AN?6?$AA@ 0002bea4     BasePrintLib:PrintLibInternal.obj
 0002:00000ea8       ??_C@_01LIIJDEN@?$AN?$AA@  0002bea8     BasePrintLib:PrintLibInternal.obj
 0002:00000eb0       _mWarningString            0002beb0     BasePrintLib:PrintLibInternal.obj
 0002:00000f78       _mErrorString              0002bf78     BasePrintLib:PrintLibInternal.obj
 0002:00001258       _mHexStr                   0002c258     BasePrintLib:PrintLibInternal.obj
 0002:00001268       ??_C@_0FN@FDDDDNN@c?3?2users?2mliang2x?2workspace?2ming@ 0002c268     DxePcdLib:DxePcdLib.obj
 0002:000012c8       ??_C@_0BF@OOKDELHM@mPcd?5?$CB?$DN?5?$CI?$CIvoid?5?$CK?$CJ?50?$CJ?$AA@ 0002c2c8     DxePcdLib:DxePcdLib.obj
 0002:000012e0       ??_C@_0BF@PEDOPNMP@Guid?5?$CB?$DN?5?$CI?$CIvoid?5?$CK?$CJ?50?$CJ?$AA@ 0002c2e0     DxePcdLib:DxePcdLib.obj
 0002:000012f8       ??_C@_0BH@LKMBFCBF@Format?5?$CB?$DN?5?$CI?$CIvoid?5?$CK?$CJ?50?$CJ?$AA@ 0002c2f8     PeiDxeDebugLibReportStatusCode:DebugLib.obj
 0002:00001310       ??_C@_0HH@BLJPNBBN@c?3?2users?2mliang2x?2workspace?2ming@ 0002c310     PeiDxeDebugLibReportStatusCode:DebugLib.obj
 0002:00001388       ??_C@_0CP@EFCGCEBK@?$CICHAR8?5?$CK?$CJBaseListMarkerPointer?5?$DM@ 0002c388     PeiDxeDebugLibReportStatusCode:DebugLib.obj
 0002:000013b8       ??_C@_01OHGJGJJP@?$FL?$AA@ 0002c3b8     PeiDxeDebugLibReportStatusCode:DebugLib.obj
 0002:000013bc       ??_C@_02PBFOLPKM@?$FN?5?$AA@ 0002c3bc     PeiDxeDebugLibReportStatusCode:DebugLib.obj
 0002:000013c0       ??_C@_0CL@OBMFBPED@Length?5?$DM?$DN?5?$CI0xFFFFFFFF?5?9?5?$CIUINTN?$CJB@ 0002c3c0     BaseMemoryLib:MemLibGuid.obj
 0002:000013ec       ??_C@_0DI@PHOMHDKH@?$CILength?5?9?51?$CJ?5?$DM?$DN?5?$CI0xFFFFFFFF?5?9?5?$CIU@ 0002c3ec     BaseMemoryLib:CopyMemWrapper.obj
 0002:00001428       ??_C@_0GG@HCOKHFCC@c?3?2users?2mliang2x?2workspace?2ming@ 0002c428     BaseMemoryLib:CopyMemWrapper.obj
 0002:00001490       ??_C@_0DD@DCDOHCDJ@?$CILength?5?9?51?$CJ?5?$DM?$DN?5?$CI0xFFFFFFFF?5?9?5?$CIU@ 0002c490     BaseMemoryLib:CopyMemWrapper.obj
 0002:000014c4       ??_C@_0CN@BPIPMCPJ@?$CILength?5?9?51?$CJ?5?$DM?$DN?5?$CI0xFFFFFFFF?5?9?5?$CIU@ 0002c4c4     BaseMemoryLib:SetMemWrapper.obj
 0002:000014f8       ??_C@_0GF@DIGHFKK@c?3?2users?2mliang2x?2workspace?2ming@ 0002c4f8     BaseMemoryLib:SetMemWrapper.obj
 0002:00001560       ??_C@_0HK@HMGLMJLF@c?3?2users?2mliang2x?2workspace?2ming@ 0002c560     DxeReportStatusCodeLib:ReportStatusCodeLib.obj
 0002:000015dc       ??_C@_0BM@HAIDGOCB@Description?5?$CB?$DN?5?$CI?$CIvoid?5?$CK?$CJ?50?$CJ?$AA@ 0002c5dc     DxeReportStatusCodeLib:ReportStatusCodeLib.obj
 0002:000015f8       ??_C@_0BL@JFODOCGB@DevicePath?5?$CB?$DN?5?$CI?$CIvoid?5?$CK?$CJ?50?$CJ?$AA@ 0002c5f8     DxeReportStatusCodeLib:ReportStatusCodeLib.obj
 0002:00001614       ??_C@_0DN@HHIHPHHB@?$CB?$CI?$CIExtendedData?5?$DN?$DN?5?$CI?$CIvoid?5?$CK?$CJ?50?$CJ?$CJ@ 0002c614     DxeReportStatusCodeLib:ReportStatusCodeLib.obj
 0002:00001654       ??_C@_0DN@BBBIFINB@?$CB?$CI?$CIExtendedData?5?$CB?$DN?5?$CI?$CIvoid?5?$CK?$CJ?50?$CJ?$CJ@ 0002c654     DxeReportStatusCodeLib:ReportStatusCodeLib.obj
 0002:00001694       ??_C@_0L@LBCNCHJA@Pages?5?$CB?$DN?50?$AA@ 0002c694     UefiMemoryAllocationLib:MemoryAllocationLib.obj
 0002:000016a0       ??_C@_0HF@CMOOABOD@c?3?2users?2mliang2x?2workspace?2ming@ 0002c6a0     UefiMemoryAllocationLib:MemoryAllocationLib.obj
 0002:00001718       ??_C@_0DD@HIGIPKGN@AllocationSize?5?$DM?$DN?5?$CI0xFFFFFFFF?5?9?5@ 0002c718     UefiMemoryAllocationLib:MemoryAllocationLib.obj
 0002:0000174c       ??_C@_0BH@MAAHKCPC@String?5?$CB?$DN?5?$CI?$CIvoid?5?$CK?$CJ?50?$CJ?$AA@ 0002c74c     BaseLib:String.obj
 0002:00001768       ??_C@_0FI@OLEMEIPM@c?3?2users?2mliang2x?2workspace?2ming@ 0002c768     BaseLib:String.obj
 0002:000017c0       ??_C@_0CC@GFNLNIOC@?$CI?$CIUINTN?$CJString?5?$CG?50x00000001?$CJ?5?$DN?$DN?5@ 0002c7c0     BaseLib:String.obj
 0002:000017e4       ??_C@_0DK@EOJCOAME@Length?5?$DM?5_gPcd_FixedAtBuild_PcdM@ 0002c7e4     BaseLib:String.obj
 0002:00001820       ??_C@_0BL@JAAMOCAJ@StrSize?5?$CIFirstString?$CJ?5?$CB?$DN?50?$AA@ 0002c820     BaseLib:String.obj
 0002:0000183c       ??_C@_0BM@DALBOILC@StrSize?5?$CISecondString?$CJ?5?$CB?$DN?50?$AA@ 0002c83c     BaseLib:String.obj
 0002:00001858       ??_C@_0DL@LFIMEMJP@Length?5?$DM?$DN?5_gPcd_FixedAtBuild_Pcd@ 0002c858     BaseLib:String.obj
 0002:00001894       ??_C@_0DI@MDIKFADO@Length?5?$DM?5_gPcd_FixedAtBuild_PcdM@ 0002c894     BaseLib:String.obj
 0002:000018cc       ??_C@_0BL@IKFBNFIL@AsciiStrSize?5?$CIFirstString?$CJ?$AA@ 0002c8cc     BaseLib:String.obj
 0002:000018e8       ??_C@_0BM@EDNOKLLE@AsciiStrSize?5?$CISecondString?$CJ?$AA@ 0002c8e8     BaseLib:String.obj
 0002:00001904       ??_C@_0DJ@JJHGIFMP@Length?5?$DM?$DN?5_gPcd_FixedAtBuild_Pcd@ 0002c904     BaseLib:String.obj
 0002:00001940       ??_C@_0FL@JMOEMBON@c?3?2users?2mliang2x?2workspace?2ming@ 0002c940     BaseLib:Unaligned.obj
 0002:0000199c       ??_C@_0N@KGHEHMDL@Divisor?5?$CB?$DN?50?$AA@ 0002c99c     BaseLib:DivU64x32Remainder.obj
 0002:000019b0       ??_C@_0GE@LHLPIAGN@c?3?2users?2mliang2x?2workspace?2ming@ 0002c9b0     BaseLib:DivU64x32Remainder.obj
 0002:00001a18       ??_C@_0FM@NNNBGHEF@c?3?2users?2mliang2x?2workspace?2ming@ 0002ca18     BaseLib:SafeString.obj
 0002:00001a74       ??_C@_0CH@LALFPBMC@?$CI?$CIUINTN?$CJDestination?5?$CG?50x00000001@ 0002ca74     BaseLib:SafeString.obj
 0002:00001a9c       ??_C@_0CC@HEBCMBPF@?$CI?$CIUINTN?$CJSource?5?$CG?50x00000001?$CJ?5?$DN?$DN?5@ 0002ca9c     BaseLib:SafeString.obj
 0002:00001ac0       ??_C@_0BO@ECNIOIHG@?$CIDestination?5?$CB?$DN?5?$CI?$CIvoid?5?$CK?$CJ?50?$CJ?$CJ?$AA@ 0002cac0     BaseLib:SafeString.obj
 0002:00001ae0       ??_C@_07KBGDFDAM@StrCpyS?$AA@ 0002cae0     BaseLib:SafeString.obj
 0002:00001ae8       ??_C@_0EA@PDPDJJNN@?$CFa?$CI?$CFd?$CJ?5?$CFa?3?5SAFE_STRING_CONSTRAIN@ 0002cae8     BaseLib:SafeString.obj
 0002:00001b28       ??_C@_0BJ@EAEEJIP@?$CISource?5?$CB?$DN?5?$CI?$CIvoid?5?$CK?$CJ?50?$CJ?$CJ?$AA@ 0002cb28     BaseLib:SafeString.obj
 0002:00001b48       ??_C@_0EA@BBALOHPI@?$CIDestMax?5?$DM?$DN?5?$CI_gPcd_FixedAtBuild_@ 0002cb48     BaseLib:SafeString.obj
 0002:00001b88       ??_C@_0P@PMIMLIHM@?$CIDestMax?5?$CB?$DN?50?$CJ?$AA@ 0002cb88     BaseLib:SafeString.obj
 0002:00001b98       ??_C@_0BG@EEGIIOKH@?$CIDestMax?5?$DO?5SourceLen?$CJ?$AA@ 0002cb98     BaseLib:SafeString.obj
 0002:00001bb0       ??_C@_0FH@PPBLBDBJ@InternalSafeStringNoStrOverlap?5?$CI@ 0002cbb0     BaseLib:SafeString.obj
 0002:00001c08       ??_C@_07EBBOPAKF@StrCatS?$AA@ 0002cc08     BaseLib:SafeString.obj
 0002:00001c10       ??_C@_0P@BHOOOJPD@?$CICopyLen?5?$CB?$DN?50?$CJ?$AA@ 0002cc10     BaseLib:SafeString.obj
 0002:00001c20       ??_C@_0BG@BPGICNPK@?$CICopyLen?5?$DO?5SourceLen?$CJ?$AA@ 0002cc20     BaseLib:SafeString.obj
 0002:00001c38       ??_C@_0DO@LJFOOPII@?$CIDestMax?5?$DM?$DN?5?$CI_gPcd_FixedAtBuild_@ 0002cc38     BaseLib:SafeString.obj
 0002:00001c78       ??_C@_0FL@CDANCHFO@InternalSafeStringNoAsciiStrOver@ 0002cc78     BaseLib:SafeString.obj
 0002:00001cd4       ??_C@_0O@DIHNCLLG@AsciiStrnCpyS?$AA@ 0002ccd4     BaseLib:SafeString.obj
 0002:00001ce4       ??_C@_0DN@DLAADCJE@?$CILength?5?$DM?$DN?5?$CI_gPcd_FixedAtBuild_P@ 0002cce4     BaseLib:SafeString.obj
 0002:00001d24       ??_C@_0BG@MFINJFHO@AsciiStrToUnicodeStrS?$AA@ 0002cd24     BaseLib:SafeString.obj
 0002:00001d40       ??_C@_0GF@GCLJAOAI@?$CBInternalSafeStringIsOverlap?5?$CIDe@ 0002cd40     BaseLib:SafeString.obj
 0002:00001da8       ??_C@_0L@MEMPDLHB@Count?5?$DM?564?$AA@ 0002cda8     BaseLib:LShiftU64.obj
 0002:00001db8       ??_C@_0FL@NDMKHDG@c?3?2users?2mliang2x?2workspace?2ming@ 0002cdb8     BaseLib:LShiftU64.obj
 0002:00001e18       ??_C@_0FL@HHADAADG@c?3?2users?2mliang2x?2workspace?2ming@ 0002ce18     BaseLib:DivU64x32.obj
 0002:00001e74       ??_C@_0BF@CBLMFKOC@Node?5?$CB?$DN?5?$CI?$CIvoid?5?$CK?$CJ?50?$CJ?$AA@ 0002ce74     UefiDevicePathLib:DevicePathUtilities.obj
 0002:00001e90       ??_C@_0GP@HHJAOHCF@c?3?2users?2mliang2x?2workspace?2ming@ 0002ce90     UefiDevicePathLib:DevicePathUtilities.obj
 0002:00001f00       ??_C@_0EH@ENCEEKKL@?$CILength?5?$DO?$DN?5sizeof?5?$CIEFI_DEVICE_PA@ 0002cf00     UefiDevicePathLib:DevicePathUtilities.obj
 0002:00001f48       ??_C@_0BF@MBJFHGBE@Size?5?$CB?$DN?5?$CI?$CIvoid?5?$CK?$CJ?50?$CJ?$AA@ 0002cf48     UefiDevicePathLib:DevicePathUtilities.obj
 0002:00001f60       _mUefiDevicePathLibEndDevicePath 0002cf60     UefiDevicePathLib:DevicePathUtilities.obj
 0002:00001f64       ??_C@_1BA@NGCDBIG@?$AAP?$AAr?$AAi?$AAm?$AAa?$AAr?$AAy?$AA?$AA@ 0002cf64     UefiDevicePathLib:DevicePathFromText.obj
 0002:00001f74       ??_C@_1BE@BGLPHBHD@?$AAS?$AAe?$AAc?$AAo?$AAn?$AAd?$AAa?$AAr?$AAy?$AA?$AA@ 0002cf74     UefiDevicePathLib:DevicePathFromText.obj
 0002:00001f88       ??_C@_1O@MHJLHGPK@?$AAM?$AAa?$AAs?$AAt?$AAe?$AAr?$AA?$AA@ 0002cf88     UefiDevicePathLib:DevicePathFromText.obj
 0002:00001f98       ??_C@_1M@MJNGBMFK@?$AAS?$AAl?$AAa?$AAv?$AAe?$AA?$AA@ 0002cf98     UefiDevicePathLib:DevicePathFromText.obj
 0002:00001fa4       ??_C@_1BA@NAMMFHHL@?$AAX?$AAo?$AAn?$AAX?$AAo?$AAf?$AAf?$AA?$AA@ 0002cfa4     UefiDevicePathLib:DevicePathFromText.obj
 0002:00001fb4       ??_C@_1BC@MAICEHGI@?$AAH?$AAa?$AAr?$AAd?$AAw?$AAa?$AAr?$AAe?$AA?$AA@ 0002cfb4     UefiDevicePathLib:DevicePathFromText.obj
 0002:00001fc8       ??_C@_19BPNGBNAI@?$AAS?$AAA?$AAT?$AAA?$AA?$AA@ 0002cfc8     UefiDevicePathLib:DevicePathFromText.obj
 0002:00001fd4       ??_C@_17FMMIKNDG@?$AAS?$AAA?$AAS?$AA?$AA@ 0002cfd4     UefiDevicePathLib:DevicePathFromText.obj
 0002:00001fdc       ??_C@_1BC@KMFBFJEN@?$AAE?$AAx?$AAt?$AAe?$AAr?$AAn?$AAa?$AAl?$AA?$AA@ 0002cfdc     UefiDevicePathLib:DevicePathFromText.obj
 0002:00001ff0       ??_C@_1BC@FBOHHDN@?$AAI?$AAn?$AAt?$AAe?$AAr?$AAn?$AAa?$AAl?$AA?$AA@ 0002cff0     UefiDevicePathLib:DevicePathFromText.obj
 0002:00002004       ??_C@_1BC@EEIMPKHO@?$AAE?$AAx?$AAp?$AAa?$AAn?$AAd?$AAe?$AAd?$AA?$AA@ 0002d004     UefiDevicePathLib:DevicePathFromText.obj
 0002:00002018       ??_C@_1O@MDCABJAO@?$AAD?$AAi?$AAr?$AAe?$AAc?$AAt?$AA?$AA@ 0002d018     UefiDevicePathLib:DevicePathFromText.obj
 0002:00002028       ??_C@_17NINPJKOM@?$AAU?$AAD?$AAP?$AA?$AA@ 0002d028     UefiDevicePathLib:DevicePathFromText.obj
 0002:00002030       ??_C@_17JHAKKMK@?$AAT?$AAC?$AAP?$AA?$AA@ 0002d030     UefiDevicePathLib:DevicePathFromText.obj
 0002:00002038       ??_C@_1O@ECDFCEKO@?$AAS?$AAt?$AAa?$AAt?$AAi?$AAc?$AA?$AA@ 0002d038     UefiDevicePathLib:DevicePathFromText.obj
 0002:00002048       ??_C@_1O@HNAACJMJ@?$AAC?$AAR?$AAC?$AA3?$AA2?$AAC?$AA?$AA@ 0002d048     UefiDevicePathLib:DevicePathFromText.obj
 0002:00002058       ??_C@_19KLMLHLJG@?$AAN?$AAo?$AAn?$AAe?$AA?$AA@ 0002d058     UefiDevicePathLib:DevicePathFromText.obj
 0002:00002064       ??_C@_1BC@PDNIOEEC@?$AAC?$AAH?$AAA?$AAP?$AA_?$AAU?$AAN?$AAI?$AA?$AA@ 0002d064     UefiDevicePathLib:DevicePathFromText.obj
 0002:00002078       ??_C@_17LNBJLOE@?$AAM?$AAB?$AAR?$AA?$AA@ 0002d078     UefiDevicePathLib:DevicePathFromText.obj
 0002:00002080       ??_C@_17PBGEHLGA@?$AAG?$AAP?$AAT?$AA?$AA@ 0002d080     UefiDevicePathLib:DevicePathFromText.obj
 0002:00002088       ??_C@_1O@CLMODHEM@?$AAF?$AAl?$AAo?$AAp?$AAp?$AAy?$AA?$AA@ 0002d088     UefiDevicePathLib:DevicePathFromText.obj
 0002:00002098       ??_C@_15LJEABJDH@?$AAH?$AAD?$AA?$AA@ 0002d098     UefiDevicePathLib:DevicePathFromText.obj
 0002:000020a0       ??_C@_1M@NEPFDHKI@?$AAC?$AAD?$AAR?$AAO?$AAM?$AA?$AA@ 0002d0a0     UefiDevicePathLib:DevicePathFromText.obj
 0002:000020ac       ??_C@_1O@IJBLAFEH@?$AAP?$AAC?$AAM?$AAC?$AAI?$AAA?$AA?$AA@ 0002d0ac     UefiDevicePathLib:DevicePathFromText.obj
 0002:000020bc       ??_C@_17DMBMDHNL@?$AAU?$AAS?$AAB?$AA?$AA@ 0002d0bc     UefiDevicePathLib:DevicePathFromText.obj
 0002:000020c4       ??_C@_1BA@IFBJBPAK@?$AAN?$AAe?$AAt?$AAw?$AAo?$AAr?$AAk?$AA?$AA@ 0002d0c4     UefiDevicePathLib:DevicePathFromText.obj
 0002:000020d4       ??_C@_1BK@PDLLBLKH@?$AAH?$AAa?$AAr?$AAd?$AAw?$AAa?$AAr?$AAe?$AAP?$AAa?$AAt?$AAh?$AA?$AA@ 0002d0d4     UefiDevicePathLib:DevicePathFromText.obj
 0002:000020f0       ??_C@_1BC@EJFCJMMM@?$AAA?$AAc?$AAp?$AAi?$AAP?$AAa?$AAt?$AAh?$AA?$AA@ 0002d0f0     UefiDevicePathLib:DevicePathFromText.obj
 0002:00002104       ??_C@_17DACEHHP@?$AAM?$AAs?$AAg?$AA?$AA@ 0002d104     UefiDevicePathLib:DevicePathFromText.obj
 0002:0000210c       ??_C@_1BC@NAJEJDIH@?$AAU?$AAs?$AAb?$AAA?$AAu?$AAd?$AAi?$AAo?$AA?$AA@ 0002d10c     UefiDevicePathLib:DevicePathFromText.obj
 0002:00002120       ??_C@_1BM@EBMHFGAN@?$AAU?$AAs?$AAb?$AAC?$AAD?$AAC?$AAC?$AAo?$AAn?$AAt?$AAr?$AAo?$AAl?$AA?$AA@ 0002d120     UefiDevicePathLib:DevicePathFromText.obj
 0002:0000213c       ??_C@_1O@MNHDOJBH@?$AAU?$AAs?$AAb?$AAH?$AAI?$AAD?$AA?$AA@ 0002d13c     UefiDevicePathLib:DevicePathFromText.obj
 0002:0000214c       ??_C@_1BC@PPLGKLBF@?$AAU?$AAs?$AAb?$AAI?$AAm?$AAa?$AAg?$AAe?$AA?$AA@ 0002d14c     UefiDevicePathLib:DevicePathFromText.obj
 0002:00002160       ??_C@_1BG@PFAKNBDK@?$AAU?$AAs?$AAb?$AAP?$AAr?$AAi?$AAn?$AAt?$AAe?$AAr?$AA?$AA@ 0002d160     UefiDevicePathLib:DevicePathFromText.obj
 0002:00002178       ??_C@_1BO@PDNPADEO@?$AAU?$AAs?$AAb?$AAM?$AAa?$AAs?$AAs?$AAS?$AAt?$AAo?$AAr?$AAa?$AAg?$AAe?$AA?$AA@ 0002d178     UefiDevicePathLib:DevicePathFromText.obj
 0002:00002198       ??_C@_1O@DLJCNOCD@?$AAU?$AAs?$AAb?$AAH?$AAu?$AAb?$AA?$AA@ 0002d198     UefiDevicePathLib:DevicePathFromText.obj
 0002:000021a8       ??_C@_1BG@HNPFOCNE@?$AAU?$AAs?$AAb?$AAC?$AAD?$AAC?$AAD?$AAa?$AAt?$AAa?$AA?$AA@ 0002d1a8     UefiDevicePathLib:DevicePathFromText.obj
 0002:000021c0       ??_C@_1BK@COBNKHKO@?$AAU?$AAs?$AAb?$AAS?$AAm?$AAa?$AAr?$AAt?$AAC?$AAa?$AAr?$AAd?$AA?$AA@ 0002d1c0     UefiDevicePathLib:DevicePathFromText.obj
 0002:000021dc       ??_C@_1BC@OCEEDGOJ@?$AAU?$AAs?$AAb?$AAV?$AAi?$AAd?$AAe?$AAo?$AA?$AA@ 0002d1dc     UefiDevicePathLib:DevicePathFromText.obj
 0002:000021f0       ??_C@_1BM@LPAMJGAO@?$AAU?$AAs?$AAb?$AAD?$AAi?$AAa?$AAg?$AAn?$AAo?$AAs?$AAt?$AAi?$AAc?$AA?$AA@ 0002d1f0     UefiDevicePathLib:DevicePathFromText.obj
 0002:0000220c       ??_C@_1BI@FHBIGIDC@?$AAU?$AAs?$AAb?$AAW?$AAi?$AAr?$AAe?$AAl?$AAe?$AAs?$AAs?$AA?$AA@ 0002d20c     UefiDevicePathLib:DevicePathFromText.obj
 0002:00002224       ??_C@_1BE@MHMKEMCG@?$AAM?$AAe?$AAd?$AAi?$AAa?$AAP?$AAa?$AAt?$AAh?$AA?$AA@ 0002d224     UefiDevicePathLib:DevicePathFromText.obj
 0002:00002238       ??_C@_1M@OFOICAAP@?$AAM?$AAe?$AAd?$AAi?$AAa?$AA?$AA@ 0002d238     UefiDevicePathLib:DevicePathFromText.obj
 0002:00002244       ??_C@_1BA@EPIJMJOF@?$AAB?$AAb?$AAs?$AAP?$AAa?$AAt?$AAh?$AA?$AA@ 0002d244     UefiDevicePathLib:DevicePathFromText.obj
 0002:00002254       ??_C@_0BJ@NNFHKMPH@Str?9?$DOStr?5?$CB?$DN?5?$CI?$CIvoid?5?$CK?$CJ?50?$CJ?$AA@ 0002d254     UefiDevicePathLib:DevicePathToText.obj
 0002:00002270       ??_C@_0GM@FMMHFPK@c?3?2users?2mliang2x?2workspace?2ming@ 0002d270     UefiDevicePathLib:DevicePathToText.obj
 0002:000022dc       ??_C@_1BO@OAGLMPIF@?$AAP?$AAc?$AAi?$AA?$CI?$AA0?$AAx?$AA?$CF?$AAx?$AA?0?$AA0?$AAx?$AA?$CF?$AAx?$AA?$CJ?$AA?$AA@ 0002d2dc     UefiDevicePathLib:DevicePathToText.obj
 0002:000022fc       ??_C@_1BK@KCEBDNMK@?$AAP?$AAc?$AAC?$AAa?$AAr?$AAd?$AA?$CI?$AA0?$AAx?$AA?$CF?$AAx?$AA?$CJ?$AA?$AA@ 0002d2fc     UefiDevicePathLib:DevicePathToText.obj
 0002:00002318       ??_C@_1DO@IFCJNKPC@?$AAM?$AAe?$AAm?$AAo?$AAr?$AAy?$AAM?$AAa?$AAp?$AAp?$AAe?$AAd?$AA?$CI?$AA0?$AAx?$AA?$CF?$AAx?$AA?0?$AA0?$AAx?$AA?$CF?$AAl?$AAx?$AA?0?$AA0?$AAx?$AA?$CF?$AAl?$AAx?$AA?$CJ?$AA?$AA@ 0002d318     UefiDevicePathLib:DevicePathToText.obj
 0002:00002358       ??_C@_15FLNOEOHI@?$AAH?$AAw?$AA?$AA@ 0002d358     UefiDevicePathLib:DevicePathToText.obj
 0002:00002360       ??_C@_1BI@PHHNEBMB@?$AAV?$AAe?$AAn?$AAP?$AAc?$AAA?$AAn?$AAs?$AAi?$AA?$CI?$AA?$CJ?$AA?$AA@ 0002d360     UefiDevicePathLib:DevicePathToText.obj
 0002:00002378       ??_C@_1BG@IAIKNGNN@?$AAV?$AAe?$AAn?$AAV?$AAt?$AA1?$AA0?$AA0?$AA?$CI?$AA?$CJ?$AA?$AA@ 0002d378     UefiDevicePathLib:DevicePathToText.obj
 0002:00002390       ??_C@_1BO@COEKAAEN@?$AAV?$AAe?$AAn?$AAV?$AAt?$AA1?$AA0?$AA0?$AAP?$AAl?$AAu?$AAs?$AA?$CI?$AA?$CJ?$AA?$AA@ 0002d390     UefiDevicePathLib:DevicePathToText.obj
 0002:000023b0       ??_C@_1BE@IDDFGEGE@?$AAV?$AAe?$AAn?$AAU?$AAt?$AAf?$AA8?$AA?$CI?$AA?$CJ?$AA?$AA@ 0002d3b0     UefiDevicePathLib:DevicePathToText.obj
 0002:000023c4       ??_C@_1CC@FKEHNDLA@?$AAU?$AAa?$AAr?$AAt?$AAF?$AAl?$AAo?$AAw?$AAC?$AAt?$AAr?$AAl?$AA?$CI?$AA?$CF?$AAs?$AA?$CJ?$AA?$AA@ 0002d3c4     UefiDevicePathLib:DevicePathToText.obj
 0002:000023e8       ??_C@_1CM@MBOKCKGI@?$AAS?$AAA?$AAS?$AA?$CI?$AA0?$AAx?$AA?$CF?$AAl?$AAx?$AA?0?$AA0?$AAx?$AA?$CF?$AAl?$AAx?$AA?0?$AA0?$AAx?$AA?$CF?$AAx?$AA?0?$AA?$AA@ 0002d3e8     UefiDevicePathLib:DevicePathToText.obj
 0002:00002414       ??_C@_1CE@FDCOMKL@?$AAN?$AAo?$AAT?$AAo?$AAp?$AAo?$AAl?$AAo?$AAg?$AAy?$AA?0?$AA0?$AA?0?$AA0?$AA?0?$AA0?$AA?0?$AA?$AA@ 0002d414     UefiDevicePathLib:DevicePathToText.obj
 0002:00002438       ??_C@_1BE@MLBJKAMN@?$AA?$CF?$AAs?$AA?0?$AA?$CF?$AAs?$AA?0?$AA?$CF?$AAs?$AA?0?$AA?$AA@ 0002d438     UefiDevicePathLib:DevicePathToText.obj
 0002:0000244c       ??_C@_15KAKDEJHH@?$AA0?$AA?0?$AA?$AA@ 0002d44c     UefiDevicePathLib:DevicePathToText.obj
 0002:00002454       ??_C@_1M@MJJODJOA@?$AA0?$AAx?$AA?$CF?$AAx?$AA?0?$AA?$AA@ 0002d454     UefiDevicePathLib:DevicePathToText.obj
 0002:00002460       ??_C@_1BI@EOONELPP@?$AA0?$AAx?$AA?$CF?$AAx?$AA?0?$AA0?$AA?0?$AA0?$AA?0?$AA0?$AA?0?$AA?$AA@ 0002d460     UefiDevicePathLib:DevicePathToText.obj
 0002:00002478       ??_C@_1M@POEAMJNC@?$AA0?$AAx?$AA?$CF?$AAx?$AA?$CJ?$AA?$AA@ 0002d478     UefiDevicePathLib:DevicePathToText.obj
 0002:00002484       ??_C@_1BI@IHPCIEPJ@?$AAD?$AAe?$AAb?$AAu?$AAg?$AAP?$AAo?$AAr?$AAt?$AA?$CI?$AA?$CJ?$AA?$AA@ 0002d484     UefiDevicePathLib:DevicePathToText.obj
 0002:0000249c       ??_C@_13HGPDMIBE@?$AA?$DP?$AA?$AA@ 0002d49c     UefiDevicePathLib:DevicePathToText.obj
 0002:000024a0       ??_C@_1BC@EAAHJKNI@?$AAV?$AAe?$AAn?$AA?$CF?$AAs?$AA?$CI?$AA?$CF?$AAg?$AA?$AA@ 0002d4a0     UefiDevicePathLib:DevicePathToText.obj
 0002:000024b4       ??_C@_13DEFPDAGF@?$AA?0?$AA?$AA@ 0002d4b4     UefiDevicePathLib:DevicePathToText.obj
 0002:000024b8       ??_C@_19NHPFCCLF@?$AA?$CF?$AA0?$AA2?$AAx?$AA?$AA@ 0002d4b8     UefiDevicePathLib:DevicePathToText.obj
 0002:000024c4       ??_C@_13DIBMAFH@?$AA?$CJ?$AA?$AA@ 0002d4c4     UefiDevicePathLib:DevicePathToText.obj
 0002:000024c8       ??_C@_1BG@PDEHEHNB@?$AAC?$AAt?$AAr?$AAl?$AA?$CI?$AA0?$AAx?$AA?$CF?$AAx?$AA?$CJ?$AA?$AA@ 0002d4c8     UefiDevicePathLib:DevicePathToText.obj
 0002:000024e0       ??_C@_1CA@OCDNKJMI@?$AAB?$AAM?$AAC?$AA?$CI?$AA0?$AAx?$AA?$CF?$AAx?$AA?0?$AA0?$AAx?$AA?$CF?$AAl?$AAx?$AA?$CJ?$AA?$AA@ 0002d4e0     UefiDevicePathLib:DevicePathToText.obj
 0002:00002500       ??_C@_1BM@LLBDFMIK@?$AAP?$AAc?$AAi?$AAR?$AAo?$AAo?$AAt?$AA?$CI?$AA0?$AAx?$AA?$CF?$AAx?$AA?$CJ?$AA?$AA@ 0002d500     UefiDevicePathLib:DevicePathToText.obj
 0002:0000251c       ??_C@_1BO@IHBMGOPI@?$AAP?$AAc?$AAi?$AAe?$AAR?$AAo?$AAo?$AAt?$AA?$CI?$AA0?$AAx?$AA?$CF?$AAx?$AA?$CJ?$AA?$AA@ 0002d51c     UefiDevicePathLib:DevicePathToText.obj
 0002:0000253c       ??_C@_1BK@NGLNBACO@?$AAF?$AAl?$AAo?$AAp?$AAp?$AAy?$AA?$CI?$AA0?$AAx?$AA?$CF?$AAx?$AA?$CJ?$AA?$AA@ 0002d53c     UefiDevicePathLib:DevicePathToText.obj
 0002:00002558       ??_C@_1BO@OEKEOEOK@?$AAK?$AAe?$AAy?$AAb?$AAo?$AAa?$AAr?$AAd?$AA?$CI?$AA0?$AAx?$AA?$CF?$AAx?$AA?$CJ?$AA?$AA@ 0002d558     UefiDevicePathLib:DevicePathToText.obj
 0002:00002578       ??_C@_1BK@PMIGPGKH@?$AAS?$AAe?$AAr?$AAi?$AAa?$AAl?$AA?$CI?$AA0?$AAx?$AA?$CF?$AAx?$AA?$CJ?$AA?$AA@ 0002d578     UefiDevicePathLib:DevicePathToText.obj
 0002:00002594       ??_C@_1CG@CPMOJELH@?$AAP?$AAa?$AAr?$AAa?$AAl?$AAl?$AAe?$AAl?$AAP?$AAo?$AAr?$AAt?$AA?$CI?$AA0?$AAx?$AA?$CF?$AAx?$AA?$CJ?$AA?$AA@ 0002d594     UefiDevicePathLib:DevicePathToText.obj
 0002:000025bc       ??_C@_1CG@JCMCADBM@?$AAA?$AAc?$AAp?$AAi?$AA?$CI?$AAP?$AAN?$AAP?$AA?$CF?$AA0?$AA4?$AAx?$AA?0?$AA0?$AAx?$AA?$CF?$AAx?$AA?$CJ?$AA?$AA@ 0002d5bc     UefiDevicePathLib:DevicePathToText.obj
 0002:000025e4       ??_C@_1CE@CLIAMHCD@?$AAA?$AAc?$AAp?$AAi?$AA?$CI?$AA0?$AAx?$AA?$CF?$AA0?$AA8?$AAx?$AA?0?$AA0?$AAx?$AA?$CF?$AAx?$AA?$CJ?$AA?$AA@ 0002d5e4     UefiDevicePathLib:DevicePathToText.obj
 0002:00002608       ??_C@_1BI@IBECIOLF@?$AAP?$AAc?$AAi?$AAR?$AAo?$AAo?$AAt?$AA?$CI?$AA?$CF?$AAa?$AA?$CJ?$AA?$AA@ 0002d608     UefiDevicePathLib:DevicePathToText.obj
 0002:00002620       ??_C@_1BK@HOGBDMPI@?$AAP?$AAc?$AAi?$AAe?$AAR?$AAo?$AAo?$AAt?$AA?$CI?$AA?$CF?$AAa?$AA?$CJ?$AA?$AA@ 0002d620     UefiDevicePathLib:DevicePathToText.obj
 0002:0000263c       ??_C@_1BG@BGLICHDL@?$AA?$CF?$AAc?$AA?$CF?$AAc?$AA?$CF?$AAc?$AA?$CF?$AA0?$AA4?$AAX?$AA?$AA@ 0002d63c     UefiDevicePathLib:DevicePathToText.obj
 0002:00002654       ??_C@_1CC@CMCFGMM@?$AAA?$AAc?$AAp?$AAi?$AAE?$AAx?$AAp?$AA?$CI?$AA?$CF?$AAs?$AA?0?$AA0?$AA?0?$AA?$CF?$AAa?$AA?$CJ?$AA?$AA@ 0002d654     UefiDevicePathLib:DevicePathToText.obj
 0002:00002678       ??_C@_1CE@CGEKHGFF@?$AAA?$AAc?$AAp?$AAi?$AAE?$AAx?$AAp?$AA?$CI?$AA?$CF?$AAs?$AA?0?$AA?$CF?$AAs?$AA?0?$AA?$CF?$AAa?$AA?$CJ?$AA?$AA@ 0002d678     UefiDevicePathLib:DevicePathToText.obj
 0002:0000269c       ??_C@_1BG@EEDCOCH@?$AAA?$AAc?$AAp?$AAi?$AAE?$AAx?$AA?$CI?$AA?$CF?$AAa?$AA?0?$AA?$AA@ 0002d69c     UefiDevicePathLib:DevicePathToText.obj
 0002:000026b4       ??_C@_1BG@EKFNINLH@?$AAA?$AAc?$AAp?$AAi?$AAE?$AAx?$AA?$CI?$AA?$CF?$AAs?$AA?0?$AA?$AA@ 0002d6b4     UefiDevicePathLib:DevicePathToText.obj
 0002:000026cc       ??_C@_17CAHIANN@?$AA?$CF?$AAa?$AA?0?$AA?$AA@ 0002d6cc     UefiDevicePathLib:DevicePathToText.obj
 0002:000026d4       ??_C@_17EMBJCDEN@?$AA?$CF?$AAs?$AA?0?$AA?$AA@ 0002d6d4     UefiDevicePathLib:DevicePathToText.obj
 0002:000026dc       ??_C@_17DFNJHAOP@?$AA?$CF?$AAa?$AA?$CJ?$AA?$AA@ 0002d6dc     UefiDevicePathLib:DevicePathToText.obj
 0002:000026e4       ??_C@_1DI@HGKBPPFE@?$AAA?$AAc?$AAp?$AAi?$AAE?$AAx?$AA?$CI?$AA?$CF?$AAs?$AA?0?$AA?$CF?$AAs?$AA?0?$AA0?$AAx?$AA?$CF?$AAx?$AA?0?$AA?$CF?$AAa?$AA?0?$AA?$CF?$AAa?$AA?0?$AA?$CF?$AAa?$AA?$CJ?$AA?$AA@ 0002d6e4     UefiDevicePathLib:DevicePathToText.obj
 0002:0000271c       ??_C@_1BK@IMGBACLG@?$AAA?$AAc?$AAp?$AAi?$AAA?$AAd?$AAr?$AA?$CI?$AA0?$AAx?$AA?$CF?$AAx?$AA?$AA@ 0002d71c     UefiDevicePathLib:DevicePathToText.obj
 0002:00002738       ??_C@_1M@HHLNLLAC@?$AA?0?$AA0?$AAx?$AA?$CF?$AAx?$AA?$AA@ 0002d738     UefiDevicePathLib:DevicePathToText.obj
 0002:00002744       ??_C@_1BE@HBALDGNG@?$AAA?$AAt?$AAa?$AA?$CI?$AA0?$AAx?$AA?$CF?$AAx?$AA?$CJ?$AA?$AA@ 0002d744     UefiDevicePathLib:DevicePathToText.obj
 0002:00002758       ??_C@_1CA@EFDNFHKP@?$AAA?$AAt?$AAa?$AA?$CI?$AA?$CF?$AAs?$AA?0?$AA?$CF?$AAs?$AA?0?$AA0?$AAx?$AA?$CF?$AAx?$AA?$CJ?$AA?$AA@ 0002d758     UefiDevicePathLib:DevicePathToText.obj
 0002:00002778       ??_C@_1CA@JGIMMJKB@?$AAS?$AAc?$AAs?$AAi?$AA?$CI?$AA0?$AAx?$AA?$CF?$AAx?$AA?0?$AA0?$AAx?$AA?$CF?$AAx?$AA?$CJ?$AA?$AA@ 0002d778     UefiDevicePathLib:DevicePathToText.obj
 0002:00002798       ??_C@_1CG@OFFLOOAD@?$AAF?$AAi?$AAb?$AAr?$AAe?$AA?$CI?$AA0?$AAx?$AA?$CF?$AAl?$AAx?$AA?0?$AA0?$AAx?$AA?$CF?$AAl?$AAx?$AA?$CJ?$AA?$AA@ 0002d798     UefiDevicePathLib:DevicePathToText.obj
 0002:000027c0       ??_C@_1BG@EHEKANON@?$AAF?$AAi?$AAb?$AAr?$AAe?$AAE?$AAx?$AA?$CI?$AA0?$AAx?$AA?$AA@ 0002d7c0     UefiDevicePathLib:DevicePathToText.obj
 0002:000027d8       ??_C@_17JOPFNIFB@?$AA?0?$AA0?$AAx?$AA?$AA@ 0002d7d8     UefiDevicePathLib:DevicePathToText.obj
 0002:000027e0       ??_C@_1BC@CKFHLIJB@?$AAS?$AAa?$AAs?$AAE?$AAx?$AA?$CI?$AA0?$AAx?$AA?$AA@ 0002d7e0     UefiDevicePathLib:DevicePathToText.obj
 0002:000027f4       ??_C@_1O@IEGBGPLN@?$AA?0?$AA0?$AAx?$AA?$CF?$AAx?$AA?0?$AA?$AA@ 0002d7f4     UefiDevicePathLib:DevicePathToText.obj
 0002:00002804       ??_C@_1CC@FKOFEPIC@?$AAN?$AAo?$AAT?$AAo?$AAp?$AAo?$AAl?$AAo?$AAg?$AAy?$AA?0?$AA0?$AA?0?$AA0?$AA?0?$AA0?$AA?$AA@ 0002d804     UefiDevicePathLib:DevicePathToText.obj
 0002:00002828       ??_C@_13COJANIEC@?$AA0?$AA?$AA@ 0002d828     UefiDevicePathLib:DevicePathToText.obj
 0002:0000282c       ??_C@_19PCNJIDGC@?$AA0?$AAx?$AA?$CF?$AAx?$AA?$AA@ 0002d82c     UefiDevicePathLib:DevicePathToText.obj
 0002:00002838       ??_C@_1BG@JCDPLMKI@?$AA0?$AAx?$AA?$CF?$AAx?$AA?0?$AA0?$AA?0?$AA0?$AA?0?$AA0?$AA?$AA@ 0002d838     UefiDevicePathLib:DevicePathToText.obj
 0002:00002850       ??_C@_1GG@KPIKGINP@?$AAN?$AAV?$AAM?$AAe?$AA?$CI?$AA0?$AAx?$AA?$CF?$AAx?$AA?0?$AA?$CF?$AA0?$AA2?$AAx?$AA?9?$AA?$CF?$AA0?$AA2?$AAx?$AA?9?$AA?$CF?$AA0?$AA2?$AAx?$AA?9?$AA?$CF?$AA0?$AA2?$AAx?$AA?9?$AA?$CF?$AA0@ 0002d850     UefiDevicePathLib:DevicePathToText.obj
 0002:000028b8       ??_C@_1BO@HJLBIHHO@?$AAU?$AAF?$AAS?$AA?$CI?$AA0?$AAx?$AA?$CF?$AAx?$AA?0?$AA0?$AAx?$AA?$CF?$AAx?$AA?$CJ?$AA?$AA@ 0002d8b8     UefiDevicePathLib:DevicePathToText.obj
 0002:000028d8       ??_C@_1BC@JIFEONHJ@?$AAS?$AAD?$AA?$CI?$AA0?$AAx?$AA?$CF?$AAx?$AA?$CJ?$AA?$AA@ 0002d8d8     UefiDevicePathLib:DevicePathToText.obj
 0002:000028ec       ??_C@_1BG@BHOAMFEP@?$AAe?$AAM?$AAM?$AAC?$AA?$CI?$AA0?$AAx?$AA?$CF?$AAx?$AA?$CJ?$AA?$AA@ 0002d8ec     UefiDevicePathLib:DevicePathToText.obj
 0002:00002904       ??_C@_1BM@OFMOJDLM@?$AAI?$AA1?$AA3?$AA9?$AA4?$AA?$CI?$AA?$CF?$AA0?$AA1?$AA6?$AAl?$AAx?$AA?$CJ?$AA?$AA@ 0002d904     UefiDevicePathLib:DevicePathToText.obj
 0002:00002920       ??_C@_1BO@CIMDKCCI@?$AAU?$AAS?$AAB?$AA?$CI?$AA0?$AAx?$AA?$CF?$AAx?$AA?0?$AA0?$AAx?$AA?$CF?$AAx?$AA?$CJ?$AA?$AA@ 0002d920     UefiDevicePathLib:DevicePathToText.obj
 0002:00002940       ??_C@_0BH@GADOMDOK@NewStr?5?$CB?$DN?5?$CI?$CIvoid?5?$CK?$CJ?50?$CJ?$AA@ 0002d940     UefiDevicePathLib:DevicePathToText.obj
 0002:00002958       ??_C@_1DK@IPDOPIPA@?$AAU?$AAs?$AAb?$AAW?$AAw?$AAi?$AAd?$AA?$CI?$AA0?$AAx?$AA?$CF?$AAx?$AA?0?$AA0?$AAx?$AA?$CF?$AAx?$AA?0?$AA0?$AAx?$AA?$CF?$AAx?$AA?0?$AA?$CC?$AA?$CF?$AAs?$AA?$CC?$AA?$CJ?$AA?$AA@ 0002d958     UefiDevicePathLib:DevicePathToText.obj
 0002:00002994       ??_C@_1BG@NJNCNCKM@?$AAU?$AAn?$AAi?$AAt?$AA?$CI?$AA0?$AAx?$AA?$CF?$AAx?$AA?$CJ?$AA?$AA@ 0002d994     UefiDevicePathLib:DevicePathToText.obj
 0002:000029ac       ??_C@_1CM@JDEAFCK@?$AA?$CI?$AA0?$AAx?$AA?$CF?$AAx?$AA?0?$AA0?$AAx?$AA?$CF?$AAx?$AA?0?$AA0?$AAx?$AA?$CF?$AAx?$AA?0?$AA0?$AAx?$AA?$CF?$AAx?$AA?$CJ?$AA?$AA@ 0002d9ac     UefiDevicePathLib:DevicePathToText.obj
 0002:000029d8       ??_C@_1FA@DIDNHLOK@?$AAU?$AAs?$AAb?$AAD?$AAe?$AAv?$AAi?$AAc?$AAe?$AAF?$AAi?$AAr?$AAm?$AAw?$AAa?$AAr?$AAe?$AAU?$AAp?$AAd?$AAa?$AAt?$AAe?$AA?$CI?$AA0?$AAx?$AA?$CF?$AAx?$AA?0?$AA0?$AAx?$AA?$CF@ 0002d9d8     UefiDevicePathLib:DevicePathToText.obj
 0002:00002a28       ??_C@_1DM@JLMEALMP@?$AAU?$AAs?$AAb?$AAI?$AAr?$AAd?$AAa?$AAB?$AAr?$AAi?$AAd?$AAg?$AAe?$AA?$CI?$AA0?$AAx?$AA?$CF?$AAx?$AA?0?$AA0?$AAx?$AA?$CF?$AAx?$AA?0?$AA0?$AAx?$AA?$CF?$AAx?$AA?$CJ?$AA?$AA@ 0002da28     UefiDevicePathLib:DevicePathToText.obj
 0002:00002a68       ??_C@_1EM@PFIODAIB@?$AAU?$AAs?$AAb?$AAT?$AAe?$AAs?$AAt?$AAA?$AAn?$AAd?$AAM?$AAe?$AAa?$AAs?$AAu?$AAr?$AAe?$AAm?$AAe?$AAn?$AAt?$AA?$CI?$AA0?$AAx?$AA?$CF?$AAx?$AA?0?$AA0?$AAx?$AA?$CF?$AAx?$AA?0@ 0002da68     UefiDevicePathLib:DevicePathToText.obj
 0002:00002ab8       ??_C@_1EG@NMOJJABI@?$AAU?$AAs?$AAb?$AAC?$AAl?$AAa?$AAs?$AAs?$AA?$CI?$AA0?$AAx?$AA?$CF?$AAx?$AA?0?$AA0?$AAx?$AA?$CF?$AAx?$AA?0?$AA0?$AAx?$AA?$CF?$AAx?$AA?0?$AA0?$AAx?$AA?$CF?$AAx?$AA?0?$AA0?$AAx?$AA?$CF@ 0002dab8     UefiDevicePathLib:DevicePathToText.obj
 0002:00002b00       ??_C@_1CK@MHLLPHIN@?$AAS?$AAa?$AAt?$AAa?$AA?$CI?$AA0?$AAx?$AA?$CF?$AAx?$AA?0?$AA0?$AAx?$AA?$CF?$AAx?$AA?0?$AA0?$AAx?$AA?$CF?$AAx?$AA?$CJ?$AA?$AA@ 0002db00     UefiDevicePathLib:DevicePathToText.obj
 0002:00002b2c       ??_C@_1BE@GPJMKBFH@?$AAI?$AA2?$AAO?$AA?$CI?$AA0?$AAx?$AA?$CF?$AAx?$AA?$CJ?$AA?$AA@ 0002db2c     UefiDevicePathLib:DevicePathToText.obj
 0002:00002b40       ??_C@_19HOEMCGPJ@?$AAM?$AAA?$AAC?$AA?$CI?$AA?$AA@ 0002db40     UefiDevicePathLib:DevicePathToText.obj
 0002:00002b4c       ??_C@_1O@LDLPJPIP@?$AA?0?$AA0?$AAx?$AA?$CF?$AAx?$AA?$CJ?$AA?$AA@ 0002db4c     UefiDevicePathLib:DevicePathToText.obj
 0002:00002b5c       ??_C@_1BI@FCMLLAGN@?$AA?$CF?$AAd?$AA?4?$AA?$CF?$AAd?$AA?4?$AA?$CF?$AAd?$AA?4?$AA?$CF?$AAd?$AA?$AA@ 0002db5c     UefiDevicePathLib:DevicePathToText.obj
 0002:00002b78       ??_C@_1JA@HKGNNMMG@?$AA?$CF?$AA0?$AA2?$AAx?$AA?$CF?$AA0?$AA2?$AAx?$AA?3?$AA?$CF?$AA0?$AA2?$AAx?$AA?$CF?$AA0?$AA2?$AAx?$AA?3?$AA?$CF?$AA0?$AA2?$AAx?$AA?$CF?$AA0?$AA2?$AAx?$AA?3?$AA?$CF?$AA0?$AA2?$AAx?$AA?$CF@ 0002db78     UefiDevicePathLib:DevicePathToText.obj
 0002:00002c08       ??_C@_1M@KGGIME@?$AAI?$AAP?$AAv?$AA4?$AA?$CI?$AA?$AA@ 0002dc08     UefiDevicePathLib:DevicePathToText.obj
 0002:00002c14       ??_C@_19DDJNJOGL@?$AAD?$AAH?$AAC?$AAP?$AA?$AA@ 0002dc14     UefiDevicePathLib:DevicePathToText.obj
 0002:00002c20       ??_C@_19JPNAHHAM@?$AA?0?$AA?$CF?$AAs?$AA?0?$AA?$AA@ 0002dc20     UefiDevicePathLib:DevicePathToText.obj
 0002:00002c2c       ??_C@_1M@ENGOMJMP@?$AAI?$AAP?$AAv?$AA6?$AA?$CI?$AA?$AA@ 0002dc2c     UefiDevicePathLib:DevicePathToText.obj
 0002:00002c38       ??_C@_1BC@CMHMGCCH@?$AA?0?$AAS?$AAt?$AAa?$AAt?$AAi?$AAc?$AA?0?$AA?$AA@ 0002dc38     UefiDevicePathLib:DevicePathToText.obj
 0002:00002c4c       ??_C@_1DC@LOFPJEEL@?$AA?0?$AAS?$AAt?$AAa?$AAt?$AAe?$AAl?$AAe?$AAs?$AAs?$AAA?$AAu?$AAt?$AAo?$AAC?$AAo?$AAn?$AAf?$AAi?$AAg?$AAu?$AAr?$AAe?$AA?0?$AA?$AA@ 0002dc4c     UefiDevicePathLib:DevicePathToText.obj
 0002:00002c80       ??_C@_1DA@HMGEOIF@?$AA?0?$AAS?$AAt?$AAa?$AAt?$AAe?$AAf?$AAu?$AAl?$AAA?$AAu?$AAt?$AAo?$AAC?$AAo?$AAn?$AAf?$AAi?$AAg?$AAu?$AAr?$AAe?$AA?0?$AA?$AA@ 0002dc80     UefiDevicePathLib:DevicePathToText.obj
 0002:00002cb0       ??_C@_1EM@IPHLFBGI@?$AAI?$AAn?$AAf?$AAi?$AAn?$AAi?$AAb?$AAa?$AAn?$AAd?$AA?$CI?$AA0?$AAx?$AA?$CF?$AAx?$AA?0?$AA?$CF?$AAg?$AA?0?$AA0?$AAx?$AA?$CF?$AAl?$AAx?$AA?0?$AA0?$AAx?$AA?$CF?$AAl?$AAx?$AA?0?$AA0@ 0002dcb0     UefiDevicePathLib:DevicePathToText.obj
 0002:00002cfc       ??_C@_1BM@EHGODEHA@?$AAU?$AAa?$AAr?$AAt?$AA?$CI?$AAD?$AAE?$AAF?$AAA?$AAU?$AAL?$AAT?$AA?0?$AA?$AA@ 0002dcfc     UefiDevicePathLib:DevicePathToText.obj
 0002:00002d18       ??_C@_1BE@OEIOOGGH@?$AAU?$AAa?$AAr?$AAt?$AA?$CI?$AA?$CF?$AAl?$AAd?$AA?0?$AA?$AA@ 0002dd18     UefiDevicePathLib:DevicePathToText.obj
[...]
 0002:00004d4c       ??_C@_0CC@KGLGCPCA@?$CKDriverHealthInfo?5?$CB?$DN?5?$CI?$CIvoid?5?$CK?$CJ?50@ 0002fd4c     UefiBootManagerLib:BmDriverHealth.obj
 0002:00004d70       ??_C@_0CE@MFGOGKIA@DriverHealthHandles?5?$CB?$DN?5?$CI?$CIvoid?5?$CK?$CJ@ 0002fd70     UefiBootManagerLib:BmDriverHealth.obj
 0002:00004d94       ??_C@_0P@JFBCBHIC@?$CF02d?3?5?$CFs?5?9?5?$CFs?6?$AA@ 0002fd94     UefiBootManagerLib:BmDriverHealth.obj
 0002:00004da4       ??_C@_0BH@PIKEIHIM@BmRepairAllControllers?$AA@ 0002fda4     UefiBootManagerLib:BmDriverHealth.obj
 0002:00004dbc       ??_C@_0CJ@OPCGBII@?$FL?$CFa?3?$CFd?$FN?5Repair?5failed?5after?5?$CFd?5r@ 0002fdbc     UefiBootManagerLib:BmDriverHealth.obj
 0002:00004de8       ??_C@_0DO@HEBFPBBH@?$FLBDS?$FN?5One?5of?5the?5Driver?5Health?5i@ 0002fde8     UefiBootManagerLib:BmDriverHealth.obj
 0002:00004e28       ??_C@_1M@OAMLNNNM@?$AAS?$AAe?$AAt?$AAu?$AAp?$AA?$AA@ 0002fe28     PlatformBmLib:PlatformBm.obj
 0002:00004e38       ??_C@_0EE@CCALNFPL@Failed?5to?5save?5Setup?5Variable?5to@ 0002fe38     PlatformBmLib:PlatformBm.obj
 0002:00004e80       ??_C@_0GH@LDNJPPOK@c?3?2users?2mliang2x?2workspace?2ming@ 0002fe80     PlatformBmLib:PlatformBm.obj
 0002:00004ee8       ??_C@_1DA@MMFPMBII@?$AAU?$AAE?$AAF?$AAI?$AA?5?$AAB?$AAo?$AAo?$AAt?$AAM?$AAa?$AAn?$AAa?$AAg?$AAe?$AAr?$AAM?$AAe?$AAn?$AAu?$AAA?$AAp?$AAp?$AA?$AA@ 0002fee8     PlatformBmLib:PlatformBm.obj
 0002:00004f18       ??_C@_1GI@EHBHNNLD@?$AAF?$AA2?$AA?5?$AA?5?$AA?5?$AA?5?$AAt?$AAo?$AA?5?$AAe?$AAn?$AAt?$AAe?$AAr?$AA?5?$AAS?$AAe?$AAt?$AAu?$AAp?$AA?4?$AA?5?$AA?5?$AA?5?$AA?5?$AA?5?$AA?5?$AA?5?$AA?5?$AA?5?$AA?5?$AA?5@ 0002ff18     PlatformBmLib:PlatformBm.obj
 0002:00004f80       ??_C@_1EE@PKDGNBOE@?$AAF?$AA7?$AA?5?$AA?5?$AA?5?$AA?5?$AAt?$AAo?$AA?5?$AAe?$AAn?$AAt?$AAe?$AAr?$AA?5?$AAB?$AAo?$AAo?$AAt?$AA?5?$AAM?$AAa?$AAn?$AAa?$AAg?$AAe?$AAr?$AA?5?$AAM?$AAe?$AAn?$AAu@ 0002ff80     PlatformBmLib:PlatformBm.obj
 0002:00004fc4       ??_C@_1DA@NGIKKNBM@?$AAE?$AAn?$AAt?$AAe?$AAr?$AA?5?$AAt?$AAo?$AA?5?$AAb?$AAo?$AAo?$AAt?$AA?5?$AAd?$AAi?$AAr?$AAe?$AAc?$AAt?$AAl?$AAy?$AA?4?$AA?$AA@ 0002ffc4     PlatformBmLib:PlatformBm.obj
 0002:00004ff4       ??_C@_1BG@PEBMAJHE@?$AAU?$AAE?$AAF?$AAI?$AA?5?$AAS?$AAh?$AAe?$AAl?$AAl?$AA?$AA@ 0002fff4     PlatformBmLib:PlatformBm.obj
 0002:0000500c       ??_C@_1CE@DKOAHPNA@?$AAS?$AAt?$AAa?$AAr?$AAt?$AA?5?$AAb?$AAo?$AAo?$AAt?$AA?5?$AAo?$AAp?$AAt?$AAi?$AAo?$AAn?$AA?$AA@ 0003000c     PlatformBmLib:PlatformBm.obj
 0002:00005030       ??_C@_0BE@FMMMFHMG@Enter?5memory?5test?4?6?$AA@ 00030030     PlatformBmLib:PlatformBmMemoryTest.obj
 0002:00005044       ??_C@_1CO@EOPGDILJ@?$AAM?$AAe?$AAm?$AAo?$AAr?$AAy?$AA?5?$AAT?$AAe?$AAs?$AAt?$AAi?$AAn?$AAg?$AA?5?$AAf?$AAa?$AAi?$AAl?$AAe?$AAd?$AA?$CB?$AA?$AA@ 00030044     PlatformBmLib:PlatformBmMemoryTest.obj
 0002:00005074       ??_C@_01GBGANLPD@0?$AA@    00030074     PlatformBmLib:PlatformBmMemoryTest.obj
 0002:00005078       ??_C@_0HB@ECCNPCLE@c?3?2users?2mliang2x?2workspace?2ming@ 00030078     PlatformBmLib:PlatformBmMemoryTest.obj
 0002:000050ec       ??_C@_0CE@LCBNIMPB@Perform?5memory?5test?5?$CIESC?5to?5skip@ 000300ec     PlatformBmLib:PlatformBmMemoryTest.obj
 0002:00005110       ??_C@_0CG@IJBNKMCG@?$CFd?5bytes?5of?5system?5memory?5tested@ 00030110     PlatformBmLib:PlatformBmMemoryTest.obj
 0002:00005138       ??_C@_0GG@MGEIBEOF@c?3?2users?2mliang2x?2workspace?2ming@ 00030138     BaseMemoryLib:ZeroMemWrapper.obj
 0002:000051a0       ??_C@_0CC@JOEHDGKB@DestinationBuffer?5?$CB?$DN?5?$CI?$CIvoid?5?$CK?$CJ?50@ 000301a0     BaseMemoryLib:CompareMemWrapper.obj
 0002:000051c8       ??_C@_0GJ@KBFGPLNL@c?3?2users?2mliang2x?2workspace?2ming@ 000301c8     BaseMemoryLib:CompareMemWrapper.obj
 0002:00005234       ??_C@_0BN@MDMCNBCC@SourceBuffer?5?$CB?$DN?5?$CI?$CIvoid?5?$CK?$CJ?50?$CJ?$AA@ 00030234     BaseMemoryLib:CompareMemWrapper.obj
 0002:00005254       ??_C@_0BF@NJNGJMPC@List?5?$CB?$DN?5?$CI?$CIvoid?5?$CK?$CJ?50?$CJ?$AA@ 00030254     BaseLib:LinkedList.obj
 0002:00005270       ??_C@_0FM@OPLAEOJM@c?3?2users?2mliang2x?2workspace?2ming@ 00030270     BaseLib:LinkedList.obj
 0002:000052cc       ??_C@_0CC@KDLPLAED@List?9?$DOForwardLink?5?$CB?$DN?5?$CI?$CIvoid?5?$CK?$CJ?50@ 000302cc     BaseLib:LinkedList.obj
 0002:000052f0       ??_C@_0BP@IJJCCMAK@List?9?$DOBackLink?5?$CB?$DN?5?$CI?$CIvoid?5?$CK?$CJ?50?$CJ?$AA@ 000302f0     BaseLib:LinkedList.obj
 0002:00005310       ??_C@_0CI@BMHOPIIO@InternalBaseLibIsListValid?5?$CIFirs@ 00030310     BaseLib:LinkedList.obj
 0002:00005338       ??_C@_0BM@BAIHHOEP@SecondEntry?5?$CB?$DN?5?$CI?$CIvoid?5?$CK?$CJ?50?$CJ?$AA@ 00030338     BaseLib:LinkedList.obj
 0002:00005354       ??_C@_0DI@HOMAKAJD@?$CI?$CIBOOLEAN?$CJ?$CI0?$DN?$DN1?$CJ?$CJ?5?$DN?$DN?5IsNodeInLis@ 00030354     BaseLib:LinkedList.obj
 0002:0000538c       ??_C@_0CG@LGIALJFK@InternalBaseLibIsListValid?5?$CIList@ 0003038c     BaseLib:LinkedList.obj
 0002:000053b4       ??_C@_0CC@JLDICICM@InternalBaseLibIsListValid?5?$CIList@ 000303b4     BaseLib:LinkedList.obj
 0002:000053d8       ??_C@_0DD@OAAIDOJD@?$CI?$CIBOOLEAN?$CJ?$CI1?$DN?$DN1?$CJ?$CJ?5?$DN?$DN?5IsNodeInLis@ 000303d8     BaseLib:LinkedList.obj
 0002:0000540c       ??_C@_0BF@NMBJJECB@?$CBIsListEmpty?5?$CIEntry?$CJ?$AA@ 0003040c     BaseLib:LinkedList.obj
 0002:00005424       ??_C@_0CA@PNIIEPC@LegacyBootEvent?5?$CB?$DN?5?$CI?$CIvoid?5?$CK?$CJ?50?$CJ?$AA@ 00030424     UefiLib:UefiNotTiano.obj
 0002:00005448       ??_C@_0FO@PEDJAENL@c?3?2users?2mliang2x?2workspace?2ming@ 00030448     UefiLib:UefiNotTiano.obj
 0002:000054a8       ??_C@_0CG@NLLFCMHO@EFI1?41?5can?8t?5support?5LegacyBootE@ 000304a8     UefiLib:UefiNotTiano.obj
 0002:000054d0       ??_C@_0CB@LNNMJOKK@ReadyToBootEvent?5?$CB?$DN?5?$CI?$CIvoid?5?$CK?$CJ?50?$CJ@ 000304d0     UefiLib:UefiNotTiano.obj
 0002:000054f4       ??_C@_0CH@LOBIJKLE@EFI1?41?5can?8t?5support?5ReadyToBoot@ 000304f4     UefiLib:UefiNotTiano.obj
 0002:0000551c       ??_C@_0CB@OKGFGBHJ@FvDevicePathNode?5?$CB?$DN?5?$CI?$CIvoid?5?$CK?$CJ?50?$CJ@ 0003051c     UefiLib:UefiNotTiano.obj
 0002:00005540       ??_C@_0BJ@GMMGGIMG@NameGuid?5?$CB?$DN?5?$CI?$CIvoid?5?$CK?$CJ?50?$CJ?$AA@ 00030540     UefiLib:UefiNotTiano.obj
 0002:0000555c       ??_C@_0BN@FHPHCJAL@BufferToSort?5?$CB?$DN?5?$CI?$CIvoid?5?$CK?$CJ?50?$CJ?$AA@ 0003055c     BaseSortLib:BaseSortLib.obj
 0002:00005580       ??_C@_0GH@KJBJDKCP@c?3?2users?2mliang2x?2workspace?2ming@ 00030580     BaseSortLib:BaseSortLib.obj
 0002:000055e8       ??_C@_0CA@DJEMEKLN@CompareFunction?5?$CB?$DN?5?$CI?$CIvoid?5?$CK?$CJ?50?$CJ?$AA@ 000305e8     BaseSortLib:BaseSortLib.obj
 0002:00005608       ??_C@_0BM@PHFBGKMM@ImageHandle?5?$CB?$DN?5?$CI?$CIvoid?5?$CK?$CJ?50?$CJ?$AA@ 00030608     DxeServicesLib:DxeServicesLib.obj
 0002:00005628       ??_C@_0GH@OIFNFNHJ@c?3?2users?2mliang2x?2workspace?2ming@ 00030628     DxeServicesLib:DxeServicesLib.obj
 0002:00005690       ??_C@_0BK@KLJHMMPJ@HiiHandle?5?$CB?$DN?5?$CI?$CIvoid?5?$CK?$CJ?50?$CJ?$AA@ 00030690     UefiHiiLib:HiiString.obj
 0002:000056b0       ??_C@_0GE@MMMOFKGD@c?3?2users?2mliang2x?2workspace?2ming@ 000306b0     UefiHiiLib:HiiString.obj
 0002:00005714       ??_C@_0O@EMMLPDMJ@StringId?5?$CB?$DN?50?$AA@ 00030714     UefiHiiLib:HiiString.obj
 0002:00005724       ??_C@_0DA@MAJHLAPK@?$CB?$CI?$CBTryBestLanguage?5?$CG?$CG?5Language?5?$DN@ 00030724     UefiHiiLib:HiiString.obj
 0002:00005758       ??_C@_0GB@CPGKBJCB@c?3?2users?2mliang2x?2workspace?2ming@ 00030758     UefiHiiLib:HiiLib.obj
 0002:000057bc       ??_C@_0CP@EPIFHCKP@Status?5?$CB?$DN?5?$CI?$CIRETURN_STATUS?$CJ?$CI0x800@ 000307bc     UefiHiiLib:HiiLib.obj
 0002:000057ec       ??_C@_0BP@JFMDNGDC@HiiPackageList?5?$CB?$DN?5?$CI?$CIvoid?5?$CK?$CJ?50?$CJ?$AA@ 000307ec     UefiHiiLib:HiiLib.obj
 0002:00005810       ??_C@_0GG@NJJCIIPF@c?3?2users?2mliang2x?2workspace?2ming@ 00030810     UefiHiiLib:HiiLanguage.obj
 0002:00005878       ??_C@_0GH@KMJHGHLP@c?3?2users?2mliang2x?2workspace?2ming@ 00030878     BootLogoLib:BootLogoLib.obj
 0002:000058e0       ??_C@_0FL@IJNHHPKM@c?3?2users?2mliang2x?2workspace?2ming@ 000308e0     BaseLib:QuickSort.obj
 0002:0000593c       ??_C@_0CB@PMBBAAMG@BufferOneElement?5?$CB?$DN?5?$CI?$CIvoid?5?$CK?$CJ?50?$CJ@ 0003093c     BaseLib:QuickSort.obj
 0002:00005960       ??_C@_0BB@HEFAKMBE@ElementSize?5?$DO?$DN?51?$AA@ 00030960     BaseLib:QuickSort.obj
 0003:00000000       _gEfiLoadedImageProtocolGuid 00031000     BdsDxe:AutoGen.obj
 0003:00000010       _gEfiStatusCodeSpecificDataGuid 00031010     BdsDxe:AutoGen.obj
 0003:00000020       _gEdkiiPlatformLogoProtocolGuid 00031020     BdsDxe:AutoGen.obj
 0003:00000030       _gEfiDriverHealthProtocolGuid 00031030     BdsDxe:AutoGen.obj
 0003:00000040       _gEfiMemoryTypeInformationGuid 00031040     BdsDxe:AutoGen.obj
 0003:00000050       _gEfiGlobalVariableGuid    00031050     BdsDxe:AutoGen.obj
 0003:00000060       _gEfiVirtualCdGuid         00031060     BdsDxe:AutoGen.obj
 0003:00000070       _gEfiStatusCodeRuntimeProtocolGuid 00031070     BdsDxe:AutoGen.obj
 0003:00000080       _gEfiDiskInfoProtocolGuid  00031080     BdsDxe:AutoGen.obj
 0003:00000090       _gEfiDiskInfoUfsInterfaceGuid 00031090     BdsDxe:AutoGen.obj
 0003:000000a0       _gEfiRamDiskProtocolGuid   000310a0     BdsDxe:AutoGen.obj
 0003:000000b0       _gEdkiiBootLogo2ProtocolGuid 000310b0     BdsDxe:AutoGen.obj
 0003:000000c0       _gEfiEventReadyToBootGuid  000310c0     BdsDxe:AutoGen.obj
 0003:000000d0       _gEfiDiskInfoScsiInterfaceGuid 000310d0     BdsDxe:AutoGen.obj
 0003:000000e0       _gEfiEventLegacyBootGuid   000310e0     BdsDxe:AutoGen.obj
 0003:000000f0       _gEfiBdsArchProtocolGuid   000310f0     BdsDxe:AutoGen.obj
 0003:00000100       _gEfiComponentName2ProtocolGuid 00031100     BdsDxe:AutoGen.obj
 0003:00000110       _gEfiPersistentVirtualDiskGuid 00031110     BdsDxe:AutoGen.obj
 0003:00000120       _gEfiDiskInfoIdeInterfaceGuid 00031120     BdsDxe:AutoGen.obj
 0003:00000130       _gPcdProtocolGuid          00031130     BdsDxe:AutoGen.obj
 0003:00000140       _gEfiSimpleTextOutProtocolGuid 00031140     BdsDxe:AutoGen.obj
 0003:00000150       _gEfiVTUTF8Guid            00031150     BdsDxe:AutoGen.obj
 0003:00000160       _gEfiLoadFileProtocolGuid  00031160     BdsDxe:AutoGen.obj
 0003:00000170       _gEfiDiskInfoSdMmcInterfaceGuid 00031170     BdsDxe:AutoGen.obj
 0003:00000180       _gEfiDeferredImageLoadProtocolGuid 00031180     BdsDxe:AutoGen.obj
 0003:00000190       _gEdkiiPlatformBootManagerProtocolGuid 00031190     BdsDxe:AutoGen.obj
 0003:000001a0       _gEfiFileInfoGuid          000311a0     BdsDxe:AutoGen.obj
 0003:000001b0       _gEfiUartDevicePathGuid    000311b0     BdsDxe:AutoGen.obj
 0003:000001c0       _gEfiNvmExpressPassThruProtocolGuid 000311c0     BdsDxe:AutoGen.obj
 0003:000001d0       _gEfiVT100Guid             000311d0     BdsDxe:AutoGen.obj
 0003:000001e0       _gEfiDevicePathProtocolGuid 000311e0     BdsDxe:AutoGen.obj
 0003:000001f0       _gEfiPciIoProtocolGuid     000311f0     BdsDxe:AutoGen.obj
 0003:00000200       _gEfiFirmwareVolume2ProtocolGuid 00031200     BdsDxe:AutoGen.obj
 0003:00000210       _gEfiEventAfterReadyToBootGuid 00031210     BdsDxe:AutoGen.obj
 0003:00000220       _gEfiCallerBaseName        00031220     BdsDxe:AutoGen.obj
 0003:00000224       _gEfiHiiConfigRoutingProtocolGuid 00031224     BdsDxe:AutoGen.obj
 0003:00000234       _gEfiDiskInfoAhciInterfaceGuid 00031234     BdsDxe:AutoGen.obj
 0003:00000244       _gEfiSimpleTextInputExProtocolGuid 00031244     BdsDxe:AutoGen.obj
 0003:00000254       _gEfiSimpleTextInProtocolGuid 00031254     BdsDxe:AutoGen.obj
 0003:00000264       _gEfiStatusCodeDataTypeDebugGuid 00031264     BdsDxe:AutoGen.obj
 0003:00000274       _gEfiUsbIoProtocolGuid     00031274     BdsDxe:AutoGen.obj
 0003:00000284       _gEfiHiiImageProtocolGuid  00031284     BdsDxe:AutoGen.obj
 0003:00000294       _gEfiGenericMemTestProtocolGuid 00031294     BdsDxe:AutoGen.obj
 0003:000002a4       _gEfiGraphicsOutputProtocolGuid 000312a4     BdsDxe:AutoGen.obj
 0003:000002b4       _gEfiHiiDatabaseProtocolGuid 000312b4     BdsDxe:AutoGen.obj
 0003:000002c4       _gEfiSimpleFileSystemProtocolGuid 000312c4     BdsDxe:AutoGen.obj
 0003:000002d4       _gEmuSystemConfigGuid      000312d4     BdsDxe:AutoGen.obj
 0003:000002e4       _gEfiHiiStringProtocolGuid 000312e4     BdsDxe:AutoGen.obj
 0003:000002f4       _gEfiUgaDrawProtocolGuid   000312f4     BdsDxe:AutoGen.obj
 0003:00000304       _gEfiVT100PlusGuid         00031304     BdsDxe:AutoGen.obj
 0003:00000314       _gEfiHobListGuid           00031314     BdsDxe:AutoGen.obj
 0003:00000324       _gEfiDebugPortProtocolGuid 00031324     BdsDxe:AutoGen.obj
 0003:00000334       _gEdkiiStatusCodeDataTypeVariableGuid 00031334     BdsDxe:AutoGen.obj
 0003:00000344       _gEfiBootLogoProtocolGuid  00031344     BdsDxe:AutoGen.obj
 0003:00000354       _gEfiFormBrowser2ProtocolGuid 00031354     BdsDxe:AutoGen.obj
 0003:00000364       _gConnectConInEventGuid    00031364     BdsDxe:AutoGen.obj
 0003:00000374       _gEfiVirtualDiskGuid       00031374     BdsDxe:AutoGen.obj
 0003:00000384       _gEfiComponentNameProtocolGuid 00031384     BdsDxe:AutoGen.obj
 0003:00000394       _gEfiEndOfDxeEventGroupGuid 00031394     BdsDxe:AutoGen.obj
 0003:000003a4       _gEfiBlockIoProtocolGuid   000313a4     BdsDxe:AutoGen.obj
 0003:000003b4       _gEfiDxeServicesTableGuid  000313b4     BdsDxe:AutoGen.obj
 0003:000003c4       _gEfiSasDevicePathGuid     000313c4     BdsDxe:AutoGen.obj
 0003:000003d4       _gEfiPersistentVirtualCdGuid 000313d4     BdsDxe:AutoGen.obj
 0003:000003e4       _gEfiCallerIdGuid          000313e4     BdsDxe:AutoGen.obj
 0003:000003f4       _gEfiPcAnsiGuid            000313f4     BdsDxe:AutoGen.obj
 0003:00000404       _gEdkiiVariablePolicyProtocolGuid 00031404     BdsDxe:AutoGen.obj
 0003:00000414       _gEfiHiiFontProtocolGuid   00031414     BdsDxe:AutoGen.obj
 0003:00000424       _gEfiLoadFile2ProtocolGuid 00031424     BdsDxe:AutoGen.obj
 0003:00000434       _gBds                      00031434     BdsDxe:BdsEntry.obj
 0003:00000438       _mReadOnlyVariables        00031438     BdsDxe:BdsEntry.obj
 0003:0000044c       _mBdsLoadOptionName        0003144c     BdsDxe:BdsEntry.obj
 0003:00000460       _mEfiColors                00031460     UefiLib:UefiLibPrint.obj
 0003:000004a0       _mBmLoadOptionOrderName    000314a0     UefiBootManagerLib:BmLoadOption.obj
 0003:000004b0       _mBmLoadOptionName         000314b0     UefiBootManagerLib:BmLoadOption.obj
 0003:000004c0       _mBmHotkeyList             000314c0     UefiBootManagerLib:BmHotkey.obj
 0003:000004c8       _mBmHotkeyBootOption       000314c8     UefiBootManagerLib:BmHotkey.obj
 0003:00000500       _mBmHotkeyLock             00031500     UefiBootManagerLib:BmHotkey.obj
 0003:0000050c       _mBmHardDriveBootVariableGuid 0003150c     UefiBootManagerLib:BmBoot.obj
 0003:0000051c       _mBmAutoCreateBootOptionGuid 0003151c     UefiBootManagerLib:BmBoot.obj
 0003:0000052c       _mConVarName               0003152c     UefiBootManagerLib:BmConsole.obj
 0003:00000544       _mPlatformBootDescriptionHandlers 00031544     UefiBootManagerLib:BmBootDescription.obj
 0003:0000054c       _mBmBootDescriptionHandlers 0003154c     UefiBootManagerLib:BmBootDescription.obj
 0003:00000564       _mBmUefiPrefix             00031564     UefiBootManagerLib:BmBootDescription.obj
 0003:00000570       _mBmHealthStatusText       00031570     UefiBootManagerLib:BmDriverHealth.obj
 0003:00000588       _mBootMenuFile             00031588     PlatformBmLib:PlatformBm.obj
 0003:00000598       _gPlatformConsole          00031598     PlatformBmLib:PlatformBmData.obj
 0003:000005b0       _gGopDevicePath2           000315b0     PlatformBmLib:PlatformBmData.obj
 0003:000005e4       _gGopDevicePath            000315e4     PlatformBmLib:PlatformBmData.obj
 0003:00000618       _gConnectConInEvent        00031618     BdsDxe:BdsEntry.obj
 0003:0000061c       _mPcd                      0003161c     DxePcdLib:DxePcdLib.obj
 0003:00000620       _mReportStatusCodeLibStatusCodeProtocol 00031620     DxeReportStatusCodeLib:ReportStatusCodeLib.obj
 0003:00000624       _gST                       00031624     UefiBootServicesTableLib:UefiBootServicesTableLib.obj
 0003:00000628       _gBS                       00031628     UefiBootServicesTableLib:UefiBootServicesTableLib.obj
 0003:0000062c       _gImageHandle              0003162c     UefiBootServicesTableLib:UefiBootServicesTableLib.obj
 0003:00000630       _gRT                       00031630     UefiRuntimeServicesTableLib:UefiRuntimeServicesTableLib.obj
 0003:00000634       _gHiiString                00031634     UefiHiiServicesLib:UefiHiiServicesLib.obj
 0003:00000638       _gHiiFont                  00031638     UefiHiiServicesLib:UefiHiiServicesLib.obj
 0003:0000063c       _gHiiConfigRouting         0003163c     UefiHiiServicesLib:UefiHiiServicesLib.obj
 0003:00000640       _gHiiImage                 00031640     UefiHiiServicesLib:UefiHiiServicesLib.obj
 0003:00000644       _gHiiDatabase              00031644     UefiHiiServicesLib:UefiHiiServicesLib.obj
 0003:00000648       _gDS                       00031648     DxeServicesTableLib:DxeServicesTableLib.obj
 0003:0000064c       _mHobList                  0003164c     DxeHobLib:HobLib.obj
 0003:00000650       _mBmHotkeyTriggered        00031650     UefiBootManagerLib:BmHotkey.obj
 0003:00000654       _mBmHotkeySupportCount     00031654     UefiBootManagerLib:BmHotkey.obj
 0003:00000658       _mBmTxtInExRegistration    00031658     UefiBootManagerLib:BmHotkey.obj
 0003:0000065c       _mBmHotkeyServiceStarted   0003165c     UefiBootManagerLib:BmHotkey.obj
 0003:00000660       _mBmContinueKeyOption      00031660     UefiBootManagerLib:BmHotkey.obj
 0003:00000664       _mBmLegacyBoot             00031664     UefiBootManagerLib:BmBoot.obj
 0003:00000668       _mRamDisk                  00031668     UefiBootManagerLib:BmBoot.obj
 0003:0000066c       _mBmRefreshLegacyBootOption 0003166c     UefiBootManagerLib:BmBoot.obj

 entry point at        0001:00000040

 Static symbols

 0000:fffdb000       .debug$S                   00010000     BdsDxe.exp
 0001:00003da8       $LN237                     00014da8     BasePrintLib:PrintLibInternal.obj
 0001:00003dd4       $LN233                     00014dd4     BasePrintLib:PrintLibInternal.obj
 0001:00003e44       $LN238                     00014e44     BasePrintLib:PrintLibInternal.obj
 0001:00003e7c       $LN234                     00014e7c     BasePrintLib:PrintLibInternal.obj
 0001:00008eb4       $LN26                      00019eb4     UefiDevicePathLib:DevicePathToText.obj
 0001:00008ee8       $LN25                      00019ee8     UefiDevicePathLib:DevicePathToText.obj
 0001:000096cc       $LN23                      0001a6cc     UefiDevicePathLib:DevicePathToText.obj
 0001:000096e4       $LN24                      0001a6e4     UefiDevicePathLib:DevicePathToText.obj
 0001:0000a1a8       $LN15                      0001b1a8     UefiDevicePathLib:DevicePathToText.obj
 0001:0000b9f0       _PopulateCommonData        0001c9f0 f   VariablePolicyHelperLib:VariablePolicyHelperLib.obj
 0001:0000e6bc       $LN20                      0001f6bc     UefiBootManagerLib:BmHotkey.obj
 0001:00013ffc       $LN30                      00024ffc     UefiBootManagerLib:BmBootDescription.obj
 0001:00014010       $LN29                      00025010     UefiBootManagerLib:BmBootDescription.obj
 0001:00014fec       $LN32                      00025fec     UefiBootManagerLib:BmBootDescription.obj
 0001:00018dfc       $LN72                      00029dfc     BootLogoLib:BootLogoLib.obj
 0004:00000000       .edata                     00032000     BdsDxe.exp
 0004:00000028       rgpv                       00032028     BdsDxe.exp
 0004:0000002c       rgszName                   0003202c     BdsDxe.exp
 0004:00000030       rgwOrd                     00032030     BdsDxe.exp
 0004:00000032       szName                     00032032     BdsDxe.exp
 0004:0000003d       $N00001                    0003203d     BdsDxe.exp
